retailaagetix_mvp-main/data/Historic Sales data giant_perishables_365_with_units.csv
date,store_id,sku_id,sku_name,category,units_sold,price_per_unit_usd,revenue_usd,promotion_flag,unit_of_measure
18-03-2025,Giant_Store_001,1001,Banana,Fruit,104,1.74,180.96,0,lb
19-03-2025,Giant_Store_001,1001,Banana,Fruit,141,1.74,245.34,0,lb
20-03-2025,Giant_Store_001,1001,Banana,Fruit,129,1.74,224.46,0,lb
21-03-2025,Giant_Store_001,1001,Banana,Fruit,128,1.74,222.72,0,lb
22-03-2025,Giant_Store_001,1001,Banana,Fruit,151,1.74,262.74,0,lb
23-03-2025,Giant_Store_001,1001,Banana,Fruit,181,1.74,314.94,0,lb
24-03-2025,Giant_Store_001,1001,Banana,Fruit,102,1.74,177.48,0,lb
25-03-2025,Giant_Store_001,1001,Banana,Fruit,101,1.74,175.74,0,lb
26-03-2025,Giant_Store_001,1001,Banana,Fruit,143,1.74,248.82,0,lb
27-03-2025,Giant_Store_001,1001,Banana,Fruit,82,1.53,125.56,1,lb
28-03-2025,Giant_Store_001,1001,Banana,Fruit,121,1.74,210.54,0,lb
29-03-2025,Giant_Store_001,1001,Banana,Fruit,132,1.74,229.68,0,lb
30-03-2025,Giant_Store_001,1001,Banana,Fruit,179,1.74,311.46,0,lb
31-03-2025,Giant_Store_001,1001,Banana,Fruit,140,1.74,243.6,0,lb
01-04-2025,Giant_Store_001,1001,Banana,Fruit,99,1.74,172.26,0,lb
02-04-2025,Giant_Store_001,1001,Banana,Fruit,101,1.74,175.74,0,lb
03-04-2025,Giant_Store_001,1001,Banana,Fruit,81,1.74,140.94,0,lb
04-04-2025,Giant_Store_001,1001,Banana,Fruit,150,1.74,261,0,lb
05-04-2025,Giant_Store_001,1001,Banana,Fruit,187,1.74,325.38,0,lb
06-04-2025,Giant_Store_001,1001,Banana,Fruit,129,1.74,224.46,0,lb
07-04-2025,Giant_Store_001,1001,Banana,Fruit,129,1.74,224.46,0,lb
08-04-2025,Giant_Store_001,1001,Banana,Fruit,136,1.74,236.64,0,lb
09-04-2025,Giant_Store_001,1001,Banana,Fruit,116,1.74,201.84,0,lb
10-04-2025,Giant_Store_001,1001,Banana,Fruit,120,1.74,208.8,0,lb
11-04-2025,Giant_Store_001,1001,Banana,Fruit,114,1.74,198.36,0,lb
12-04-2025,Giant_Store_001,1001,Banana,Fruit,156,1.53,238.87,1,lb
13-04-2025,Giant_Store_001,1001,Banana,Fruit,123,1.74,214.02,0,lb
14-04-2025,Giant_Store_001,1001,Banana,Fruit,88,1.74,153.12,0,lb
15-04-2025,Giant_Store_001,1001,Banana,Fruit,112,1.74,194.88,0,lb
16-04-2025,Giant_Store_001,1001,Banana,Fruit,95,1.74,165.3,0,lb
17-04-2025,Giant_Store_001,1001,Banana,Fruit,101,1.74,175.74,0,lb
18-04-2025,Giant_Store_001,1001,Banana,Fruit,132,1.74,229.68,0,lb
19-04-2025,Giant_Store_001,1001,Banana,Fruit,154,1.74,267.96,0,lb
20-04-2025,Giant_Store_001,1001,Banana,Fruit,114,1.74,198.36,0,lb
21-04-2025,Giant_Store_001,1001,Banana,Fruit,159,1.53,243.46,1,lb
22-04-2025,Giant_Store_001,1001,Banana,Fruit,113,1.74,196.62,0,lb
23-04-2025,Giant_Store_001,1001,Banana,Fruit,144,1.74,250.56,0,lb
24-04-2025,Giant_Store_001,1001,Banana,Fruit,138,1.74,240.12,0,lb
25-04-2025,Giant_Store_001,1001,Banana,Fruit,136,1.74,236.64,0,lb
26-04-2025,Giant_Store_001,1001,Banana,Fruit,152,1.74,264.48,0,lb
27-04-2025,Giant_Store_001,1001,Banana,Fruit,155,1.74,269.7,0,lb
28-04-2025,Giant_Store_001,1001,Banana,Fruit,150,1.74,261,0,lb
29-04-2025,Giant_Store_001,1001,Banana,Fruit,99,1.74,172.26,0,lb
30-04-2025,Giant_Store_001,1001,Banana,Fruit,110,1.74,191.4,0,lb
01-05-2025,Giant_Store_001,1001,Banana,Fruit,123,1.74,214.02,0,lb
02-05-2025,Giant_Store_001,1001,Banana,Fruit,142,1.74,247.08,0,lb
03-05-2025,Giant_Store_001,1001,Banana,Fruit,99,1.74,172.26,0,lb
04-05-2025,Giant_Store_001,1001,Banana,Fruit,165,1.74,287.1,0,lb
05-05-2025,Giant_Store_001,1001,Banana,Fruit,107,1.74,186.18,0,lb
06-05-2025,Giant_Store_001,1001,Banana,Fruit,177,1.53,271.02,1,lb
07-05-2025,Giant_Store_001,1001,Banana,Fruit,121,1.74,210.54,0,lb
08-05-2025,Giant_Store_001,1001,Banana,Fruit,71,1.74,123.54,0,lb
09-05-2025,Giant_Store_001,1001,Banana,Fruit,83,1.74,144.42,0,lb
10-05-2025,Giant_Store_001,1001,Banana,Fruit,126,1.74,219.24,0,lb
11-05-2025,Giant_Store_001,1001,Banana,Fruit,130,1.74,226.2,0,lb
12-05-2025,Giant_Store_001,1001,Banana,Fruit,118,1.74,205.32,0,lb
13-05-2025,Giant_Store_001,1001,Banana,Fruit,118,1.74,205.32,0,lb
14-05-2025,Giant_Store_001,1001,Banana,Fruit,131,1.74,227.94,0,lb
15-05-2025,Giant_Store_001,1001,Banana,Fruit,173,1.74,301.02,0,lb
16-05-2025,Giant_Store_001,1001,Banana,Fruit,117,1.74,203.58,0,lb
17-05-2025,Giant_Store_001,1001,Banana,Fruit,136,1.74,236.64,0,lb
18-05-2025,Giant_Store_001,1001,Banana,Fruit,129,1.74,224.46,0,lb
19-05-2025,Giant_Store_001,1001,Banana,Fruit,122,1.74,212.28,0,lb
20-05-2025,Giant_Store_001,1001,Banana,Fruit,133,1.74,231.42,0,lb
21-05-2025,Giant_Store_001,1001,Banana,Fruit,85,1.74,147.9,0,lb
22-05-2025,Giant_Store_001,1001,Banana,Fruit,80,1.74,139.2,0,lb
23-05-2025,Giant_Store_001,1001,Banana,Fruit,125,1.74,217.5,0,lb
24-05-2025,Giant_Store_001,1001,Banana,Fruit,120,1.74,208.8,0,lb
25-05-2025,Giant_Store_001,1001,Banana,Fruit,104,1.74,180.96,0,lb
26-05-2025,Giant_Store_001,1001,Banana,Fruit,139,1.74,241.86,0,lb
27-05-2025,Giant_Store_001,1001,Banana,Fruit,108,1.74,187.92,0,lb
28-05-2025,Giant_Store_001,1001,Banana,Fruit,96,1.74,167.04,0,lb
29-05-2025,Giant_Store_001,1001,Banana,Fruit,141,1.74,245.34,0,lb
30-05-2025,Giant_Store_001,1001,Banana,Fruit,147,1.74,255.78,0,lb
31-05-2025,Giant_Store_001,1001,Banana,Fruit,105,1.74,182.7,0,lb
01-06-2025,Giant_Store_001,1001,Banana,Fruit,190,1.74,330.6,0,lb
02-06-2025,Giant_Store_001,1001,Banana,Fruit,128,1.74,222.72,0,lb
03-06-2025,Giant_Store_001,1001,Banana,Fruit,125,1.74,217.5,0,lb
04-06-2025,Giant_Store_001,1001,Banana,Fruit,110,1.74,191.4,0,lb
05-06-2025,Giant_Store_001,1001,Banana,Fruit,110,1.74,191.4,0,lb
06-06-2025,Giant_Store_001,1001,Banana,Fruit,114,1.74,198.36,0,lb
07-06-2025,Giant_Store_001,1001,Banana,Fruit,103,1.74,179.22,0,lb
08-06-2025,Giant_Store_001,1001,Banana,Fruit,222,1.74,386.28,0,lb
09-06-2025,Giant_Store_001,1001,Banana,Fruit,98,1.74,170.52,0,lb
10-06-2025,Giant_Store_001,1001,Banana,Fruit,97,1.74,168.78,0,lb
11-06-2025,Giant_Store_001,1001,Banana,Fruit,92,1.74,160.08,0,lb
12-06-2025,Giant_Store_001,1001,Banana,Fruit,161,1.74,280.14,0,lb
13-06-2025,Giant_Store_001,1001,Banana,Fruit,131,1.74,227.94,0,lb
14-06-2025,Giant_Store_001,1001,Banana,Fruit,164,1.74,285.36,0,lb
15-06-2025,Giant_Store_001,1001,Banana,Fruit,190,1.74,330.6,0,lb
16-06-2025,Giant_Store_001,1001,Banana,Fruit,133,1.53,203.65,1,lb
17-06-2025,Giant_Store_001,1001,Banana,Fruit,142,1.74,247.08,0,lb
18-06-2025,Giant_Store_001,1001,Banana,Fruit,132,1.74,229.68,0,lb
19-06-2025,Giant_Store_001,1001,Banana,Fruit,107,1.74,186.18,0,lb
20-06-2025,Giant_Store_001,1001,Banana,Fruit,172,1.74,299.28,0,lb
21-06-2025,Giant_Store_001,1001,Banana,Fruit,207,1.53,316.96,1,lb
22-06-2025,Giant_Store_001,1001,Banana,Fruit,161,1.74,280.14,0,lb
23-06-2025,Giant_Store_001,1001,Banana,Fruit,136,1.74,236.64,0,lb
24-06-2025,Giant_Store_001,1001,Banana,Fruit,137,1.74,238.38,0,lb
25-06-2025,Giant_Store_001,1001,Banana,Fruit,79,1.74,137.46,0,lb
26-06-2025,Giant_Store_001,1001,Banana,Fruit,110,1.74,191.4,0,lb
27-06-2025,Giant_Store_001,1001,Banana,Fruit,139,1.74,241.86,0,lb
28-06-2025,Giant_Store_001,1001,Banana,Fruit,146,1.74,254.04,0,lb
29-06-2025,Giant_Store_001,1001,Banana,Fruit,142,1.74,247.08,0,lb
30-06-2025,Giant_Store_001,1001,Banana,Fruit,125,1.74,217.5,0,lb
01-07-2025,Giant_Store_001,1001,Banana,Fruit,127,1.74,220.98,0,lb
02-07-2025,Giant_Store_001,1001,Banana,Fruit,136,1.74,236.64,0,lb
03-07-2025,Giant_Store_001,1001,Banana,Fruit,139,1.74,241.86,0,lb
04-07-2025,Giant_Store_001,1001,Banana,Fruit,131,1.74,227.94,0,lb
05-07-2025,Giant_Store_001,1001,Banana,Fruit,181,1.74,314.94,0,lb
06-07-2025,Giant_Store_001,1001,Banana,Fruit,183,1.74,318.42,0,lb
07-07-2025,Giant_Store_001,1001,Banana,Fruit,169,1.74,294.06,0,lb
08-07-2025,Giant_Store_001,1001,Banana,Fruit,90,1.74,156.6,0,lb
09-07-2025,Giant_Store_001,1001,Banana,Fruit,149,1.74,259.26,0,lb
10-07-2025,Giant_Store_001,1001,Banana,Fruit,119,1.74,207.06,0,lb
11-07-2025,Giant_Store_001,1001,Banana,Fruit,132,1.74,229.68,0,lb
12-07-2025,Giant_Store_001,1001,Banana,Fruit,194,1.74,337.56,0,lb
13-07-2025,Giant_Store_001,1001,Banana,Fruit,179,1.74,311.46,0,lb
14-07-2025,Giant_Store_001,1001,Banana,Fruit,145,1.74,252.3,0,lb
15-07-2025,Giant_Store_001,1001,Banana,Fruit,118,1.74,205.32,0,lb
16-07-2025,Giant_Store_001,1001,Banana,Fruit,96,1.74,167.04,0,lb
17-07-2025,Giant_Store_001,1001,Banana,Fruit,154,1.74,267.96,0,lb
18-07-2025,Giant_Store_001,1001,Banana,Fruit,81,1.74,140.94,0,lb
19-07-2025,Giant_Store_001,1001,Banana,Fruit,190,1.74,330.6,0,lb
20-07-2025,Giant_Store_001,1001,Banana,Fruit,97,1.74,168.78,0,lb
21-07-2025,Giant_Store_001,1001,Banana,Fruit,227,1.53,347.58,1,lb
22-07-2025,Giant_Store_001,1001,Banana,Fruit,138,1.74,240.12,0,lb
23-07-2025,Giant_Store_001,1001,Banana,Fruit,103,1.74,179.22,0,lb
24-07-2025,Giant_Store_001,1001,Banana,Fruit,141,1.74,245.34,0,lb
25-07-2025,Giant_Store_001,1001,Banana,Fruit,128,1.74,222.72,0,lb
26-07-2025,Giant_Store_001,1001,Banana,Fruit,162,1.74,281.88,0,lb
27-07-2025,Giant_Store_001,1001,Banana,Fruit,125,1.74,217.5,0,lb
28-07-2025,Giant_Store_001,1001,Banana,Fruit,151,1.74,262.74,0,lb
29-07-2025,Giant_Store_001,1001,Banana,Fruit,77,1.74,133.98,0,lb
30-07-2025,Giant_Store_001,1001,Banana,Fruit,157,1.74,273.18,0,lb
31-07-2025,Giant_Store_001,1001,Banana,Fruit,129,1.74,224.46,0,lb
01-08-2025,Giant_Store_001,1001,Banana,Fruit,100,1.74,174,0,lb
02-08-2025,Giant_Store_001,1001,Banana,Fruit,203,1.74,353.22,0,lb
03-08-2025,Giant_Store_001,1001,Banana,Fruit,146,1.74,254.04,0,lb
04-08-2025,Giant_Store_001,1001,Banana,Fruit,117,1.74,203.58,0,lb
05-08-2025,Giant_Store_001,1001,Banana,Fruit,139,1.74,241.86,0,lb
06-08-2025,Giant_Store_001,1001,Banana,Fruit,132,1.74,229.68,0,lb
07-08-2025,Giant_Store_001,1001,Banana,Fruit,133,1.74,231.42,0,lb
08-08-2025,Giant_Store_001,1001,Banana,Fruit,116,1.74,201.84,0,lb
09-08-2025,Giant_Store_001,1001,Banana,Fruit,162,1.74,281.88,0,lb
10-08-2025,Giant_Store_001,1001,Banana,Fruit,197,1.74,342.78,0,lb
11-08-2025,Giant_Store_001,1001,Banana,Fruit,115,1.74,200.1,0,lb
12-08-2025,Giant_Store_001,1001,Banana,Fruit,139,1.74,241.86,0,lb
13-08-2025,Giant_Store_001,1001,Banana,Fruit,108,1.74,187.92,0,lb
14-08-2025,Giant_Store_001,1001,Banana,Fruit,124,1.74,215.76,0,lb
15-08-2025,Giant_Store_001,1001,Banana,Fruit,104,1.74,180.96,0,lb
16-08-2025,Giant_Store_001,1001,Banana,Fruit,218,1.53,333.8,1,lb
17-08-2025,Giant_Store_001,1001,Banana,Fruit,232,1.74,403.68,0,lb
18-08-2025,Giant_Store_001,1001,Banana,Fruit,137,1.74,238.38,0,lb
19-08-2025,Giant_Store_001,1001,Banana,Fruit,117,1.74,203.58,0,lb
20-08-2025,Giant_Store_001,1001,Banana,Fruit,102,1.74,177.48,0,lb
21-08-2025,Giant_Store_001,1001,Banana,Fruit,90,1.74,156.6,0,lb
22-08-2025,Giant_Store_001,1001,Banana,Fruit,136,1.74,236.64,0,lb
23-08-2025,Giant_Store_001,1001,Banana,Fruit,172,1.74,299.28,0,lb
24-08-2025,Giant_Store_001,1001,Banana,Fruit,185,1.74,321.9,0,lb
25-08-2025,Giant_Store_001,1001,Banana,Fruit,122,1.74,212.28,0,lb
26-08-2025,Giant_Store_001,1001,Banana,Fruit,101,1.74,175.74,0,lb
27-08-2025,Giant_Store_001,1001,Banana,Fruit,125,1.74,217.5,0,lb
28-08-2025,Giant_Store_001,1001,Banana,Fruit,152,1.74,264.48,0,lb
29-08-2025,Giant_Store_001,1001,Banana,Fruit,103,1.74,179.22,0,lb
30-08-2025,Giant_Store_001,1001,Banana,Fruit,138,1.74,240.12,0,lb
31-08-2025,Giant_Store_001,1001,Banana,Fruit,180,1.74,313.2,0,lb
01-09-2025,Giant_Store_001,1001,Banana,Fruit,113,1.53,173.03,1,lb
02-09-2025,Giant_Store_001,1001,Banana,Fruit,124,1.74,215.76,0,lb
03-09-2025,Giant_Store_001,1001,Banana,Fruit,80,1.74,139.2,0,lb
04-09-2025,Giant_Store_001,1001,Banana,Fruit,145,1.74,252.3,0,lb
05-09-2025,Giant_Store_001,1001,Banana,Fruit,138,1.53,211.31,1,lb
06-09-2025,Giant_Store_001,1001,Banana,Fruit,148,1.74,257.52,0,lb
07-09-2025,Giant_Store_001,1001,Banana,Fruit,168,1.74,292.32,0,lb
08-09-2025,Giant_Store_001,1001,Banana,Fruit,96,1.74,167.04,0,lb
09-09-2025,Giant_Store_001,1001,Banana,Fruit,128,1.74,222.72,0,lb
10-09-2025,Giant_Store_001,1001,Banana,Fruit,77,1.74,133.98,0,lb
11-09-2025,Giant_Store_001,1001,Banana,Fruit,85,1.74,147.9,0,lb
12-09-2025,Giant_Store_001,1001,Banana,Fruit,135,1.74,234.9,0,lb
13-09-2025,Giant_Store_001,1001,Banana,Fruit,133,1.74,231.42,0,lb
14-09-2025,Giant_Store_001,1001,Banana,Fruit,141,1.53,215.9,1,lb
15-09-2025,Giant_Store_001,1001,Banana,Fruit,127,1.74,220.98,0,lb
16-09-2025,Giant_Store_001,1001,Banana,Fruit,106,1.74,184.44,0,lb
17-09-2025,Giant_Store_001,1001,Banana,Fruit,80,1.74,139.2,0,lb
18-09-2025,Giant_Store_001,1001,Banana,Fruit,109,1.53,166.9,1,lb
19-09-2025,Giant_Store_001,1001,Banana,Fruit,84,1.74,146.16,0,lb
20-09-2025,Giant_Store_001,1001,Banana,Fruit,160,1.74,278.4,0,lb
21-09-2025,Giant_Store_001,1001,Banana,Fruit,93,1.74,161.82,0,lb
22-09-2025,Giant_Store_001,1001,Banana,Fruit,137,1.74,238.38,0,lb
23-09-2025,Giant_Store_001,1001,Banana,Fruit,124,1.74,215.76,0,lb
24-09-2025,Giant_Store_001,1001,Banana,Fruit,135,1.74,234.9,0,lb
25-09-2025,Giant_Store_001,1001,Banana,Fruit,141,1.53,215.9,1,lb
26-09-2025,Giant_Store_001,1001,Banana,Fruit,110,1.74,191.4,0,lb
27-09-2025,Giant_Store_001,1001,Banana,Fruit,148,1.74,257.52,0,lb
28-09-2025,Giant_Store_001,1001,Banana,Fruit,160,1.74,278.4,0,lb
29-09-2025,Giant_Store_001,1001,Banana,Fruit,126,1.74,219.24,0,lb
30-09-2025,Giant_Store_001,1001,Banana,Fruit,106,1.74,184.44,0,lb
01-10-2025,Giant_Store_001,1001,Banana,Fruit,103,1.74,179.22,0,lb
02-10-2025,Giant_Store_001,1001,Banana,Fruit,114,1.74,198.36,0,lb
03-10-2025,Giant_Store_001,1001,Banana,Fruit,160,1.74,278.4,0,lb
04-10-2025,Giant_Store_001,1001,Banana,Fruit,177,1.53,271.02,1,lb
05-10-2025,Giant_Store_001,1001,Banana,Fruit,128,1.74,222.72,0,lb
06-10-2025,Giant_Store_001,1001,Banana,Fruit,86,1.74,149.64,0,lb
07-10-2025,Giant_Store_001,1001,Banana,Fruit,96,1.74,167.04,0,lb
08-10-2025,Giant_Store_001,1001,Banana,Fruit,114,1.74,198.36,0,lb
09-10-2025,Giant_Store_001,1001,Banana,Fruit,109,1.74,189.66,0,lb
10-10-2025,Giant_Store_001,1001,Banana,Fruit,118,1.74,205.32,0,lb
11-10-2025,Giant_Store_001,1001,Banana,Fruit,173,1.74,301.02,0,lb
12-10-2025,Giant_Store_001,1001,Banana,Fruit,75,1.74,130.5,0,lb
13-10-2025,Giant_Store_001,1001,Banana,Fruit,111,1.74,193.14,0,lb
14-10-2024,Giant_Store_001,1002,Orange_Navel,Fruit,121,1.47,177.87,0,lb
15-10-2024,Giant_Store_001,1002,Orange_Navel,Fruit,155,1.47,227.85,0,lb
16-10-2024,Giant_Store_001,1002,Orange_Navel,Fruit,125,1.47,183.75,0,lb
17-10-2024,Giant_Store_001,1002,Orange_Navel,Fruit,103,1.47,151.41,0,lb
18-10-2024,Giant_Store_001,1002,Orange_Navel,Fruit,141,1.29,182.4,1,lb
19-10-2024,Giant_Store_001,1002,Orange_Navel,Fruit,128,1.47,188.16,0,lb
20-10-2024,Giant_Store_001,1002,Orange_Navel,Fruit,145,1.47,213.15,0,lb
21-10-2024,Giant_Store_001,1002,Orange_Navel,Fruit,128,1.47,188.16,0,lb
22-10-2024,Giant_Store_001,1002,Orange_Navel,Fruit,92,1.47,135.24,0,lb
23-10-2024,Giant_Store_001,1002,Orange_Navel,Fruit,120,1.47,176.4,0,lb
24-10-2024,Giant_Store_001,1002,Orange_Navel,Fruit,119,1.47,174.93,0,lb
25-10-2024,Giant_Store_001,1002,Orange_Navel,Fruit,111,1.47,163.17,0,lb
26-10-2024,Giant_Store_001,1002,Orange_Navel,Fruit,140,1.47,205.8,0,lb
27-10-2024,Giant_Store_001,1002,Orange_Navel,Fruit,115,1.47,169.05,0,lb
28-10-2024,Giant_Store_001,1002,Orange_Navel,Fruit,118,1.47,173.46,0,lb
29-10-2024,Giant_Store_001,1002,Orange_Navel,Fruit,94,1.47,138.18,0,lb
30-10-2024,Giant_Store_001,1002,Orange_Navel,Fruit,128,1.47,188.16,0,lb
31-10-2024,Giant_Store_001,1002,Orange_Navel,Fruit,141,1.29,182.4,1,lb
01-11-2024,Giant_Store_001,1002,Orange_Navel,Fruit,108,1.29,139.71,1,lb
02-11-2024,Giant_Store_001,1002,Orange_Navel,Fruit,174,1.47,255.78,0,lb
03-11-2024,Giant_Store_001,1002,Orange_Navel,Fruit,128,1.47,188.16,0,lb
04-11-2024,Giant_Store_001,1002,Orange_Navel,Fruit,101,1.47,148.47,0,lb
05-11-2024,Giant_Store_001,1002,Orange_Navel,Fruit,83,1.47,122.01,0,lb
06-11-2024,Giant_Store_001,1002,Orange_Navel,Fruit,132,1.47,194.04,0,lb
07-11-2024,Giant_Store_001,1002,Orange_Navel,Fruit,98,1.47,144.06,0,lb
08-11-2024,Giant_Store_001,1002,Orange_Navel,Fruit,102,1.47,149.94,0,lb
09-11-2024,Giant_Store_001,1002,Orange_Navel,Fruit,109,1.47,160.23,0,lb
10-11-2024,Giant_Store_001,1002,Orange_Navel,Fruit,158,1.47,232.26,0,lb
11-11-2024,Giant_Store_001,1002,Orange_Navel,Fruit,124,1.47,182.28,0,lb
12-11-2024,Giant_Store_001,1002,Orange_Navel,Fruit,92,1.47,135.24,0,lb
13-11-2024,Giant_Store_001,1002,Orange_Navel,Fruit,105,1.47,154.35,0,lb
14-11-2024,Giant_Store_001,1002,Orange_Navel,Fruit,141,1.47,207.27,0,lb
15-11-2024,Giant_Store_001,1002,Orange_Navel,Fruit,74,1.47,108.78,0,lb
16-11-2024,Giant_Store_001,1002,Orange_Navel,Fruit,211,1.47,310.17,0,lb
17-11-2024,Giant_Store_001,1002,Orange_Navel,Fruit,136,1.47,199.92,0,lb
18-11-2024,Giant_Store_001,1002,Orange_Navel,Fruit,92,1.47,135.24,0,lb
19-11-2024,Giant_Store_001,1002,Orange_Navel,Fruit,93,1.47,136.71,0,lb
20-11-2024,Giant_Store_001,1002,Orange_Navel,Fruit,125,1.47,183.75,0,lb
21-11-2024,Giant_Store_001,1002,Orange_Navel,Fruit,122,1.47,179.34,0,lb
22-11-2024,Giant_Store_001,1002,Orange_Navel,Fruit,136,1.47,199.92,0,lb
23-11-2024,Giant_Store_001,1002,Orange_Navel,Fruit,188,1.29,243.2,1,lb
24-11-2024,Giant_Store_001,1002,Orange_Navel,Fruit,131,1.47,192.57,0,lb
25-11-2024,Giant_Store_001,1002,Orange_Navel,Fruit,78,1.47,114.66,0,lb
26-11-2024,Giant_Store_001,1002,Orange_Navel,Fruit,113,1.47,166.11,0,lb
27-11-2024,Giant_Store_001,1002,Orange_Navel,Fruit,106,1.47,155.82,0,lb
28-11-2024,Giant_Store_001,1002,Orange_Navel,Fruit,125,1.47,183.75,0,lb
29-11-2024,Giant_Store_001,1002,Orange_Navel,Fruit,134,1.47,196.98,0,lb
30-11-2024,Giant_Store_001,1002,Orange_Navel,Fruit,150,1.47,220.5,0,lb
01-12-2024,Giant_Store_001,1002,Orange_Navel,Fruit,154,1.47,226.38,0,lb
02-12-2024,Giant_Store_001,1002,Orange_Navel,Fruit,117,1.47,171.99,0,lb
03-12-2024,Giant_Store_001,1002,Orange_Navel,Fruit,162,1.29,209.56,1,lb
04-12-2024,Giant_Store_001,1002,Orange_Navel,Fruit,110,1.47,161.7,0,lb
05-12-2024,Giant_Store_001,1002,Orange_Navel,Fruit,113,1.47,166.11,0,lb
06-12-2024,Giant_Store_001,1002,Orange_Navel,Fruit,140,1.47,205.8,0,lb
07-12-2024,Giant_Store_001,1002,Orange_Navel,Fruit,151,1.47,221.97,0,lb
08-12-2024,Giant_Store_001,1002,Orange_Navel,Fruit,135,1.47,198.45,0,lb
