retailaagetix_mvp-main/data/Historic Sales data giant_perishables_365_with_units.csv
date,store_id,sku_id,sku_name,category,units_sold,price_per_unit_usd,revenue_usd,promotion_flag,unit_of_measure
09-12-2024,Giant_Store_001,1002,Orange_Navel,Fruit,101,1.47,148.47,0,lb
10-12-2024,Giant_Store_001,1002,Orange_Navel,Fruit,151,1.29,195.33,1,lb
11-12-2024,Giant_Store_001,1002,Orange_Navel,Fruit,136,1.47,199.92,0,lb
12-12-2024,Giant_Store_001,1002,Orange_Navel,Fruit,125,1.47,183.75,0,lb
13-12-2024,Giant_Store_001,1002,Orange_Navel,Fruit,86,1.29,111.25,1,lb
14-12-2024,Giant_Store_001,1002,Orange_Navel,Fruit,147,1.47,216.09,0,lb
15-12-2024,Giant_Store_001,1002,Orange_Navel,Fruit,126,1.47,185.22,0,lb
16-12-2024,Giant_Store_001,1002,Orange_Navel,Fruit,138,1.47,202.86,0,lb
17-12-2024,Giant_Store_001,1002,Orange_Navel,Fruit,97,1.47,142.59,0,lb
18-12-2024,Giant_Store_001,1002,Orange_Navel,Fruit,111,1.47,163.17,0,lb
19-12-2024,Giant_Store_001,1002,Orange_Navel,Fruit,99,1.47,145.53,0,lb
20-12-2024,Giant_Store_001,1002,Orange_Navel,Fruit,128,1.47,188.16,0,lb
21-12-2024,Giant_Store_001,1002,Orange_Navel,Fruit,137,1.47,201.39,0,lb
22-12-2024,Giant_Store_001,1002,Orange_Navel,Fruit,139,1.47,204.33,0,lb
23-12-2024,Giant_Store_001,1002,Orange_Navel,Fruit,107,1.47,157.29,0,lb
24-12-2024,Giant_Store_001,1002,Orange_Navel,Fruit,128,1.47,188.16,0,lb
25-12-2024,Giant_Store_001,1002,Orange_Navel,Fruit,113,1.47,166.11,0,lb
26-12-2024,Giant_Store_001,1002,Orange_Navel,Fruit,93,1.47,136.71,0,lb
27-12-2024,Giant_Store_001,1002,Orange_Navel,Fruit,91,1.47,133.77,0,lb
28-12-2024,Giant_Store_001,1002,Orange_Navel,Fruit,204,1.29,263.89,1,lb
29-12-2024,Giant_Store_001,1002,Orange_Navel,Fruit,121,1.47,177.87,0,lb
30-12-2024,Giant_Store_001,1002,Orange_Navel,Fruit,118,1.47,173.46,0,lb
31-12-2024,Giant_Store_001,1002,Orange_Navel,Fruit,91,1.47,133.77,0,lb
01-01-2025,Giant_Store_001,1002,Orange_Navel,Fruit,106,1.47,155.82,0,lb
02-01-2025,Giant_Store_001,1002,Orange_Navel,Fruit,113,1.47,166.11,0,lb
03-01-2025,Giant_Store_001,1002,Orange_Navel,Fruit,210,1.29,271.66,1,lb
04-01-2025,Giant_Store_001,1002,Orange_Navel,Fruit,111,1.47,163.17,0,lb
05-01-2025,Giant_Store_001,1002,Orange_Navel,Fruit,171,1.47,251.37,0,lb
06-01-2025,Giant_Store_001,1002,Orange_Navel,Fruit,157,1.47,230.79,0,lb
07-01-2025,Giant_Store_001,1002,Orange_Navel,Fruit,128,1.47,188.16,0,lb
08-01-2025,Giant_Store_001,1002,Orange_Navel,Fruit,121,1.47,177.87,0,lb
09-01-2025,Giant_Store_001,1002,Orange_Navel,Fruit,146,1.47,214.62,0,lb
10-01-2025,Giant_Store_001,1002,Orange_Navel,Fruit,185,1.29,239.32,1,lb
11-01-2025,Giant_Store_001,1002,Orange_Navel,Fruit,121,1.47,177.87,0,lb
12-01-2025,Giant_Store_001,1002,Orange_Navel,Fruit,128,1.47,188.16,0,lb
13-01-2025,Giant_Store_001,1002,Orange_Navel,Fruit,120,1.47,176.4,0,lb
14-01-2025,Giant_Store_001,1002,Orange_Navel,Fruit,113,1.47,166.11,0,lb
15-01-2025,Giant_Store_001,1002,Orange_Navel,Fruit,125,1.47,183.75,0,lb
16-01-2025,Giant_Store_001,1002,Orange_Navel,Fruit,144,1.47,211.68,0,lb
17-01-2025,Giant_Store_001,1002,Orange_Navel,Fruit,103,1.47,151.41,0,lb
18-01-2025,Giant_Store_001,1002,Orange_Navel,Fruit,146,1.47,214.62,0,lb
19-01-2025,Giant_Store_001,1002,Orange_Navel,Fruit,120,1.47,176.4,0,lb
20-01-2025,Giant_Store_001,1002,Orange_Navel,Fruit,118,1.47,173.46,0,lb
21-01-2025,Giant_Store_001,1002,Orange_Navel,Fruit,89,1.47,130.83,0,lb
22-01-2025,Giant_Store_001,1002,Orange_Navel,Fruit,106,1.47,155.82,0,lb
23-01-2025,Giant_Store_001,1002,Orange_Navel,Fruit,126,1.47,185.22,0,lb
24-01-2025,Giant_Store_001,1002,Orange_Navel,Fruit,87,1.47,127.89,0,lb
25-01-2025,Giant_Store_001,1002,Orange_Navel,Fruit,170,1.47,249.9,0,lb
26-01-2025,Giant_Store_001,1002,Orange_Navel,Fruit,182,1.47,267.54,0,lb
27-01-2025,Giant_Store_001,1002,Orange_Navel,Fruit,133,1.47,195.51,0,lb
28-01-2025,Giant_Store_001,1002,Orange_Navel,Fruit,138,1.47,202.86,0,lb
29-01-2025,Giant_Store_001,1002,Orange_Navel,Fruit,115,1.47,169.05,0,lb
30-01-2025,Giant_Store_001,1002,Orange_Navel,Fruit,129,1.47,189.63,0,lb
31-01-2025,Giant_Store_001,1002,Orange_Navel,Fruit,137,1.47,201.39,0,lb
01-02-2025,Giant_Store_001,1002,Orange_Navel,Fruit,148,1.47,217.56,0,lb
02-02-2025,Giant_Store_001,1002,Orange_Navel,Fruit,56,1.47,82.32,0,lb
03-02-2025,Giant_Store_001,1002,Orange_Navel,Fruit,138,1.47,202.86,0,lb
04-02-2025,Giant_Store_001,1002,Orange_Navel,Fruit,126,1.47,185.22,0,lb
05-02-2025,Giant_Store_001,1002,Orange_Navel,Fruit,105,1.47,154.35,0,lb
06-02-2025,Giant_Store_001,1002,Orange_Navel,Fruit,105,1.47,154.35,0,lb
07-02-2025,Giant_Store_001,1002,Orange_Navel,Fruit,114,1.47,167.58,0,lb
08-02-2025,Giant_Store_001,1002,Orange_Navel,Fruit,170,1.47,249.9,0,lb
09-02-2025,Giant_Store_001,1002,Orange_Navel,Fruit,161,1.47,236.67,0,lb
10-02-2025,Giant_Store_001,1002,Orange_Navel,Fruit,126,1.29,162.99,1,lb
11-02-2025,Giant_Store_001,1002,Orange_Navel,Fruit,146,1.47,214.62,0,lb
12-02-2025,Giant_Store_001,1002,Orange_Navel,Fruit,197,1.29,254.84,1,lb
13-02-2025,Giant_Store_001,1002,Orange_Navel,Fruit,93,1.47,136.71,0,lb
14-02-2025,Giant_Store_001,1002,Orange_Navel,Fruit,121,1.47,177.87,0,lb
15-02-2025,Giant_Store_001,1002,Orange_Navel,Fruit,144,1.47,211.68,0,lb
16-02-2025,Giant_Store_001,1002,Orange_Navel,Fruit,176,1.47,258.72,0,lb
17-02-2025,Giant_Store_001,1002,Orange_Navel,Fruit,95,1.47,139.65,0,lb
18-02-2025,Giant_Store_001,1002,Orange_Navel,Fruit,130,1.47,191.1,0,lb
19-02-2025,Giant_Store_001,1002,Orange_Navel,Fruit,171,1.29,221.21,1,lb
20-02-2025,Giant_Store_001,1002,Orange_Navel,Fruit,128,1.47,188.16,0,lb
21-02-2025,Giant_Store_001,1002,Orange_Navel,Fruit,123,1.47,180.81,0,lb
22-02-2025,Giant_Store_001,1002,Orange_Navel,Fruit,114,1.47,167.58,0,lb
23-02-2025,Giant_Store_001,1002,Orange_Navel,Fruit,164,1.47,241.08,0,lb
24-02-2025,Giant_Store_001,1002,Orange_Navel,Fruit,131,1.47,192.57,0,lb
25-02-2025,Giant_Store_001,1002,Orange_Navel,Fruit,121,1.47,177.87,0,lb
26-02-2025,Giant_Store_001,1002,Orange_Navel,Fruit,114,1.47,167.58,0,lb
27-02-2025,Giant_Store_001,1002,Orange_Navel,Fruit,148,1.47,217.56,0,lb
28-02-2025,Giant_Store_001,1002,Orange_Navel,Fruit,148,1.47,217.56,0,lb
01-03-2025,Giant_Store_001,1002,Orange_Navel,Fruit,131,1.47,192.57,0,lb
02-03-2025,Giant_Store_001,1002,Orange_Navel,Fruit,156,1.47,229.32,0,lb
03-03-2025,Giant_Store_001,1002,Orange_Navel,Fruit,58,1.47,85.26,0,lb
04-03-2025,Giant_Store_001,1002,Orange_Navel,Fruit,97,1.47,142.59,0,lb
05-03-2025,Giant_Store_001,1002,Orange_Navel,Fruit,104,1.47,152.88,0,lb
06-03-2025,Giant_Store_001,1002,Orange_Navel,Fruit,116,1.47,170.52,0,lb
07-03-2025,Giant_Store_001,1002,Orange_Navel,Fruit,108,1.47,158.76,0,lb
08-03-2025,Giant_Store_001,1002,Orange_Navel,Fruit,116,1.47,170.52,0,lb
09-03-2025,Giant_Store_001,1002,Orange_Navel,Fruit,118,1.47,173.46,0,lb
10-03-2025,Giant_Store_001,1002,Orange_Navel,Fruit,94,1.47,138.18,0,lb
11-03-2025,Giant_Store_001,1002,Orange_Navel,Fruit,92,1.47,135.24,0,lb
12-03-2025,Giant_Store_001,1002,Orange_Navel,Fruit,74,1.47,108.78,0,lb
13-03-2025,Giant_Store_001,1002,Orange_Navel,Fruit,117,1.47,171.99,0,lb
14-03-2025,Giant_Store_001,1002,Orange_Navel,Fruit,149,1.29,192.75,1,lb
15-03-2025,Giant_Store_001,1002,Orange_Navel,Fruit,92,1.47,135.24,0,lb
16-03-2025,Giant_Store_001,1002,Orange_Navel,Fruit,162,1.47,238.14,0,lb
17-03-2025,Giant_Store_001,1002,Orange_Navel,Fruit,110,1.47,161.7,0,lb
18-03-2025,Giant_Store_001,1002,Orange_Navel,Fruit,109,1.47,160.23,0,lb
19-03-2025,Giant_Store_001,1002,Orange_Navel,Fruit,137,1.47,201.39,0,lb
20-03-2025,Giant_Store_001,1002,Orange_Navel,Fruit,106,1.47,155.82,0,lb
21-03-2025,Giant_Store_001,1002,Orange_Navel,Fruit,122,1.47,179.34,0,lb
22-03-2025,Giant_Store_001,1002,Orange_Navel,Fruit,142,1.47,208.74,0,lb
23-03-2025,Giant_Store_001,1002,Orange_Navel,Fruit,128,1.47,188.16,0,lb
24-03-2025,Giant_Store_001,1002,Orange_Navel,Fruit,92,1.47,135.24,0,lb
25-03-2025,Giant_Store_001,1002,Orange_Navel,Fruit,97,1.47,142.59,0,lb
26-03-2025,Giant_Store_001,1002,Orange_Navel,Fruit,110,1.47,161.7,0,lb
27-03-2025,Giant_Store_001,1002,Orange_Navel,Fruit,134,1.47,196.98,0,lb
28-03-2025,Giant_Store_001,1002,Orange_Navel,Fruit,67,1.47,98.49,0,lb
29-03-2025,Giant_Store_001,1002,Orange_Navel,Fruit,108,1.47,158.76,0,lb
30-03-2025,Giant_Store_001,1002,Orange_Navel,Fruit,156,1.47,229.32,0,lb
31-03-2025,Giant_Store_001,1002,Orange_Navel,Fruit,122,1.47,179.34,0,lb
01-04-2025,Giant_Store_001,1002,Orange_Navel,Fruit,95,1.47,139.65,0,lb
02-04-2025,Giant_Store_001,1002,Orange_Navel,Fruit,111,1.47,163.17,0,lb
03-04-2025,Giant_Store_001,1002,Orange_Navel,Fruit,136,1.47,199.92,0,lb
04-04-2025,Giant_Store_001,1002,Orange_Navel,Fruit,107,1.47,157.29,0,lb
05-04-2025,Giant_Store_001,1002,Orange_Navel,Fruit,148,1.47,217.56,0,lb
06-04-2025,Giant_Store_001,1002,Orange_Navel,Fruit,142,1.47,208.74,0,lb
07-04-2025,Giant_Store_001,1002,Orange_Navel,Fruit,143,1.47,210.21,0,lb
08-04-2025,Giant_Store_001,1002,Orange_Navel,Fruit,146,1.47,214.62,0,lb
09-04-2025,Giant_Store_001,1002,Orange_Navel,Fruit,119,1.47,174.93,0,lb
10-04-2025,Giant_Store_001,1002,Orange_Navel,Fruit,163,1.29,210.86,1,lb
11-04-2025,Giant_Store_001,1002,Orange_Navel,Fruit,96,1.47,141.12,0,lb
12-04-2025,Giant_Store_001,1002,Orange_Navel,Fruit,144,1.47,211.68,0,lb
13-04-2025,Giant_Store_001,1002,Orange_Navel,Fruit,158,1.47,232.26,0,lb
14-04-2025,Giant_Store_001,1002,Orange_Navel,Fruit,95,1.47,139.65,0,lb
15-04-2025,Giant_Store_001,1002,Orange_Navel,Fruit,116,1.47,170.52,0,lb
16-04-2025,Giant_Store_001,1002,Orange_Navel,Fruit,139,1.47,204.33,0,lb
17-04-2025,Giant_Store_001,1002,Orange_Navel,Fruit,104,1.47,152.88,0,lb
18-04-2025,Giant_Store_001,1002,Orange_Navel,Fruit,97,1.47,142.59,0,lb
19-04-2025,Giant_Store_001,1002,Orange_Navel,Fruit,137,1.47,201.39,0,lb
20-04-2025,Giant_Store_001,1002,Orange_Navel,Fruit,175,1.47,257.25,0,lb
21-04-2025,Giant_Store_001,1002,Orange_Navel,Fruit,99,1.47,145.53,0,lb
22-04-2025,Giant_Store_001,1002,Orange_Navel,Fruit,90,1.47,132.3,0,lb
23-04-2025,Giant_Store_001,1002,Orange_Navel,Fruit,124,1.47,182.28,0,lb
24-04-2025,Giant_Store_001,1002,Orange_Navel,Fruit,155,1.47,227.85,0,lb
25-04-2025,Giant_Store_001,1002,Orange_Navel,Fruit,76,1.47,111.72,0,lb
26-04-2025,Giant_Store_001,1002,Orange_Navel,Fruit,162,1.47,238.14,0,lb
27-04-2025,Giant_Store_001,1002,Orange_Navel,Fruit,135,1.47,198.45,0,lb
28-04-2025,Giant_Store_001,1002,Orange_Navel,Fruit,105,1.47,154.35,0,lb
29-04-2025,Giant_Store_001,1002,Orange_Navel,Fruit,115,1.47,169.05,0,lb
30-04-2025,Giant_Store_001,1002,Orange_Navel,Fruit,102,1.47,149.94,0,lb
01-05-2025,Giant_Store_001,1002,Orange_Navel,Fruit,133,1.47,195.51,0,lb
02-05-2025,Giant_Store_001,1002,Orange_Navel,Fruit,96,1.47,141.12,0,lb
03-05-2025,Giant_Store_001,1002,Orange_Navel,Fruit,171,1.47,251.37,0,lb
04-05-2025,Giant_Store_001,1002,Orange_Navel,Fruit,151,1.47,221.97,0,lb
05-05-2025,Giant_Store_001,1002,Orange_Navel,Fruit,101,1.47,148.47,0,lb
06-05-2025,Giant_Store_001,1002,Orange_Navel,Fruit,122,1.47,179.34,0,lb
07-05-2025,Giant_Store_001,1002,Orange_Navel,Fruit,98,1.47,144.06,0,lb
08-05-2025,Giant_Store_001,1002,Orange_Navel,Fruit,139,1.29,179.81,1,lb
09-05-2025,Giant_Store_001,1002,Orange_Navel,Fruit,125,1.47,183.75,0,lb
10-05-2025,Giant_Store_001,1002,Orange_Navel,Fruit,110,1.47,161.7,0,lb
11-05-2025,Giant_Store_001,1002,Orange_Navel,Fruit,116,1.47,170.52,0,lb
12-05-2025,Giant_Store_001,1002,Orange_Navel,Fruit,119,1.47,174.93,0,lb
13-05-2025,Giant_Store_001,1002,Orange_Navel,Fruit,129,1.47,189.63,0,lb
14-05-2025,Giant_Store_001,1002,Orange_Navel,Fruit,116,1.47,170.52,0,lb
15-05-2025,Giant_Store_001,1002,Orange_Navel,Fruit,116,1.47,170.52,0,lb
16-05-2025,Giant_Store_001,1002,Orange_Navel,Fruit,101,1.47,148.47,0,lb
17-05-2025,Giant_Store_001,1002,Orange_Navel,Fruit,184,1.47,270.48,0,lb
18-05-2025,Giant_Store_001,1002,Orange_Navel,Fruit,153,1.47,224.91,0,lb
19-05-2025,Giant_Store_001,1002,Orange_Navel,Fruit,89,1.47,130.83,0,lb
20-05-2025,Giant_Store_001,1002,Orange_Navel,Fruit,130,1.47,191.1,0,lb
21-05-2025,Giant_Store_001,1002,Orange_Navel,Fruit,126,1.47,185.22,0,lb
22-05-2025,Giant_Store_001,1002,Orange_Navel,Fruit,107,1.47,157.29,0,lb
23-05-2025,Giant_Store_001,1002,Orange_Navel,Fruit,135,1.29,174.64,1,lb
24-05-2025,Giant_Store_001,1002,Orange_Navel,Fruit,154,1.47,226.38,0,lb
25-05-2025,Giant_Store_001,1002,Orange_Navel,Fruit,116,1.47,170.52,0,lb
26-05-2025,Giant_Store_001,1002,Orange_Navel,Fruit,147,1.29,190.16,1,lb
27-05-2025,Giant_Store_001,1002,Orange_Navel,Fruit,101,1.47,148.47,0,lb
28-05-2025,Giant_Store_001,1002,Orange_Navel,Fruit,101,1.47,148.47,0,lb
29-05-2025,Giant_Store_001,1002,Orange_Navel,Fruit,110,1.47,161.7,0,lb
30-05-2025,Giant_Store_001,1002,Orange_Navel,Fruit,121,1.47,177.87,0,lb
31-05-2025,Giant_Store_001,1002,Orange_Navel,Fruit,148,1.47,217.56,0,lb
01-06-2025,Giant_Store_001,1002,Orange_Navel,Fruit,189,1.47,277.83,0,lb
02-06-2025,Giant_Store_001,1002,Orange_Navel,Fruit,188,1.29,243.2,1,lb
03-06-2025,Giant_Store_001,1002,Orange_Navel,Fruit,94,1.47,138.18,0,lb
04-06-2025,Giant_Store_001,1002,Orange_Navel,Fruit,97,1.47,142.59,0,lb
05-06-2025,Giant_Store_001,1002,Orange_Navel,Fruit,125,1.47,183.75,0,lb
06-06-2025,Giant_Store_001,1002,Orange_Navel,Fruit,107,1.47,157.29,0,lb
07-06-2025,Giant_Store_001,1002,Orange_Navel,Fruit,162,1.47,238.14,0,lb
08-06-2025,Giant_Store_001,1002,Orange_Navel,Fruit,209,1.29,270.36,1,lb
09-06-2025,Giant_Store_001,1002,Orange_Navel,Fruit,140,1.47,205.8,0,lb
10-06-2025,Giant_Store_001,1002,Orange_Navel,Fruit,114,1.47,167.58,0,lb
11-06-2025,Giant_Store_001,1002,Orange_Navel,Fruit,151,1.47,221.97,0,lb
12-06-2025,Giant_Store_001,1002,Orange_Navel,Fruit,142,1.47,208.74,0,lb
13-06-2025,Giant_Store_001,1002,Orange_Navel,Fruit,179,1.47,263.13,0,lb
14-06-2025,Giant_Store_001,1002,Orange_Navel,Fruit,191,1.47,280.77,0,lb
15-06-2025,Giant_Store_001,1002,Orange_Navel,Fruit,120,1.47,176.4,0,lb
16-06-2025,Giant_Store_001,1002,Orange_Navel,Fruit,124,1.47,182.28,0,lb
17-06-2025,Giant_Store_001,1002,Orange_Navel,Fruit,122,1.29,157.82,1,lb
18-06-2025,Giant_Store_001,1002,Orange_Navel,Fruit,143,1.47,210.21,0,lb
19-06-2025,Giant_Store_001,1002,Orange_Navel,Fruit,200,1.29,258.72,1,lb
20-06-2025,Giant_Store_001,1002,Orange_Navel,Fruit,110,1.47,161.7,0,lb
21-06-2025,Giant_Store_001,1002,Orange_Navel,Fruit,173,1.29,223.79,1,lb
22-06-2025,Giant_Store_001,1002,Orange_Navel,Fruit,126,1.47,185.22,0,lb
23-06-2025,Giant_Store_001,1002,Orange_Navel,Fruit,160,1.47,235.2,0,lb
24-06-2025,Giant_Store_001,1002,Orange_Navel,Fruit,133,1.47,195.51,0,lb
25-06-2025,Giant_Store_001,1002,Orange_Navel,Fruit,151,1.47,221.97,0,lb
26-06-2025,Giant_Store_001,1002,Orange_Navel,Fruit,114,1.47,167.58,0,lb
27-06-2025,Giant_Store_001,1002,Orange_Navel,Fruit,112,1.47,164.64,0,lb
28-06-2025,Giant_Store_001,1002,Orange_Navel,Fruit,142,1.47,208.74,0,lb
29-06-2025,Giant_Store_001,1002,Orange_Navel,Fruit,148,1.47,217.56,0,lb
30-06-2025,Giant_Store_001,1002,Orange_Navel,Fruit,131,1.47,192.57,0,lb
01-07-2025,Giant_Store_001,1002,Orange_Navel,Fruit,160,1.29,206.98,1,lb
02-07-2025,Giant_Store_001,1002,Orange_Navel,Fruit,136,1.47,199.92,0,lb
03-07-2025,Giant_Store_001,1002,Orange_Navel,Fruit,121,1.47,177.87,0,lb
04-07-2025,Giant_Store_001,1002,Orange_Navel,Fruit,110,1.47,161.7,0,lb
05-07-2025,Giant_Store_001,1002,Orange_Navel,Fruit,161,1.47,236.67,0,lb
06-07-2025,Giant_Store_001,1002,Orange_Navel,Fruit,182,1.47,267.54,0,lb
07-07-2025,Giant_Store_001,1002,Orange_Navel,Fruit,111,1.47,163.17,0,lb
08-07-2025,Giant_Store_001,1002,Orange_Navel,Fruit,140,1.47,205.8,0,lb
09-07-2025,Giant_Store_001,1002,Orange_Navel,Fruit,126,1.47,185.22,0,lb
10-07-2025,Giant_Store_001,1002,Orange_Navel,Fruit,89,1.47,130.83,0,lb
11-07-2025,Giant_Store_001,1002,Orange_Navel,Fruit,152,1.47,223.44,0,lb
12-07-2025,Giant_Store_001,1002,Orange_Navel,Fruit,212,1.29,274.24,1,lb
13-07-2025,Giant_Store_001,1002,Orange_Navel,Fruit,253,1.29,327.28,1,lb
14-07-2025,Giant_Store_001,1002,Orange_Navel,Fruit,135,1.47,198.45,0,lb
15-07-2025,Giant_Store_001,1002,Orange_Navel,Fruit,97,1.47,142.59,0,lb
16-07-2025,Giant_Store_001,1002,Orange_Navel,Fruit,69,1.47,101.43,0,lb
17-07-2025,Giant_Store_001,1002,Orange_Navel,Fruit,100,1.47,147,0,lb
18-07-2025,Giant_Store_001,1002,Orange_Navel,Fruit,69,1.47,101.43,0,lb
19-07-2025,Giant_Store_001,1002,Orange_Navel,Fruit,172,1.47,252.84,0,lb
20-07-2025,Giant_Store_001,1002,Orange_Navel,Fruit,172,1.47,252.84,0,lb
21-07-2025,Giant_Store_001,1002,Orange_Navel,Fruit,96,1.47,141.12,0,lb
22-07-2025,Giant_Store_001,1002,Orange_Navel,Fruit,123,1.47,180.81,0,lb
23-07-2025,Giant_Store_001,1002,Orange_Navel,Fruit,203,1.29,262.6,1,lb
24-07-2025,Giant_Store_001,1002,Orange_Navel,Fruit,117,1.47,171.99,0,lb
25-07-2025,Giant_Store_001,1002,Orange_Navel,Fruit,155,1.47,227.85,0,lb
26-07-2025,Giant_Store_001,1002,Orange_Navel,Fruit,166,1.47,244.02,0,lb
27-07-2025,Giant_Store_001,1002,Orange_Navel,Fruit,209,1.29,270.36,1,lb
28-07-2025,Giant_Store_001,1002,Orange_Navel,Fruit,133,1.47,195.51,0,lb
29-07-2025,Giant_Store_001,1002,Orange_Navel,Fruit,122,1.47,179.34,0,lb
30-07-2025,Giant_Store_001,1002,Orange_Navel,Fruit,104,1.47,152.88,0,lb
31-07-2025,Giant_Store_001,1002,Orange_Navel,Fruit,103,1.47,151.41,0,lb
01-08-2025,Giant_Store_001,1002,Orange_Navel,Fruit,150,1.47,220.5,0,lb
02-08-2025,Giant_Store_001,1002,Orange_Navel,Fruit,184,1.47,270.48,0,lb
03-08-2025,Giant_Store_001,1002,Orange_Navel,Fruit,237,1.29,306.58,1,lb
04-08-2025,Giant_Store_001,1002,Orange_Navel,Fruit,122,1.47,179.34,0,lb
05-08-2025,Giant_Store_001,1002,Orange_Navel,Fruit,144,1.47,211.68,0,lb
06-08-2025,Giant_Store_001,1002,Orange_Navel,Fruit,115,1.47,169.05,0,lb
07-08-2025,Giant_Store_001,1002,Orange_Navel,Fruit,137,1.47,201.39,0,lb
08-08-2025,Giant_Store_001,1002,Orange_Navel,Fruit,126,1.47,185.22,0,lb
09-08-2025,Giant_Store_001,1002,Orange_Navel,Fruit,189,1.47,277.83,0,lb
10-08-2025,Giant_Store_001,1002,Orange_Navel,Fruit,216,1.47,317.52,0,lb
11-08-2025,Giant_Store_001,1002,Orange_Navel,Fruit,105,1.47,154.35,0,lb
12-08-2025,Giant_Store_001,1002,Orange_Navel,Fruit,132,1.47,194.04,0,lb
13-08-2025,Giant_Store_001,1002,Orange_Navel,Fruit,191,1.47,280.77,0,lb
