retailaagetix_mvp-main/data/Historic Sales data giant_perishables_365_with_units.csv
date,store_id,sku_id,sku_name,category,units_sold,price_per_unit_usd,revenue_usd,promotion_flag,unit_of_measure
14-08-2025,Giant_Store_001,1002,Orange_Navel,Fruit,123,1.47,180.81,0,lb
15-08-2025,Giant_Store_001,1002,Orange_Navel,Fruit,123,1.47,180.81,0,lb
16-08-2025,Giant_Store_001,1002,Orange_Navel,Fruit,201,1.47,295.47,0,lb
17-08-2025,Giant_Store_001,1002,Orange_Navel,Fruit,167,1.47,245.49,0,lb
18-08-2025,Giant_Store_001,1002,Orange_Navel,Fruit,138,1.47,202.86,0,lb
19-08-2025,Giant_Store_001,1002,Orange_Navel,Fruit,175,1.47,257.25,0,lb
20-08-2025,Giant_Store_001,1002,Orange_Navel,Fruit,149,1.47,219.03,0,lb
21-08-2025,Giant_Store_001,1002,Orange_Navel,Fruit,126,1.47,185.22,0,lb
22-08-2025,Giant_Store_001,1002,Orange_Navel,Fruit,162,1.47,238.14,0,lb
23-08-2025,Giant_Store_001,1002,Orange_Navel,Fruit,215,1.29,278.12,1,lb
24-08-2025,Giant_Store_001,1002,Orange_Navel,Fruit,155,1.47,227.85,0,lb
25-08-2025,Giant_Store_001,1002,Orange_Navel,Fruit,211,1.29,272.95,1,lb
26-08-2025,Giant_Store_001,1002,Orange_Navel,Fruit,137,1.47,201.39,0,lb
27-08-2025,Giant_Store_001,1002,Orange_Navel,Fruit,155,1.47,227.85,0,lb
28-08-2025,Giant_Store_001,1002,Orange_Navel,Fruit,182,1.47,267.54,0,lb
29-08-2025,Giant_Store_001,1002,Orange_Navel,Fruit,98,1.47,144.06,0,lb
30-08-2025,Giant_Store_001,1002,Orange_Navel,Fruit,155,1.47,227.85,0,lb
31-08-2025,Giant_Store_001,1002,Orange_Navel,Fruit,161,1.47,236.67,0,lb
01-09-2025,Giant_Store_001,1002,Orange_Navel,Fruit,88,1.47,129.36,0,lb
02-09-2025,Giant_Store_001,1002,Orange_Navel,Fruit,114,1.47,167.58,0,lb
03-09-2025,Giant_Store_001,1002,Orange_Navel,Fruit,160,1.29,206.98,1,lb
04-09-2025,Giant_Store_001,1002,Orange_Navel,Fruit,70,1.47,102.9,0,lb
05-09-2025,Giant_Store_001,1002,Orange_Navel,Fruit,189,1.29,244.49,1,lb
06-09-2025,Giant_Store_001,1002,Orange_Navel,Fruit,129,1.47,189.63,0,lb
07-09-2025,Giant_Store_001,1002,Orange_Navel,Fruit,145,1.47,213.15,0,lb
08-09-2025,Giant_Store_001,1002,Orange_Navel,Fruit,138,1.47,202.86,0,lb
09-09-2025,Giant_Store_001,1002,Orange_Navel,Fruit,94,1.47,138.18,0,lb
10-09-2025,Giant_Store_001,1002,Orange_Navel,Fruit,116,1.47,170.52,0,lb
11-09-2025,Giant_Store_001,1002,Orange_Navel,Fruit,91,1.47,133.77,0,lb
12-09-2025,Giant_Store_001,1002,Orange_Navel,Fruit,116,1.47,170.52,0,lb
13-09-2025,Giant_Store_001,1002,Orange_Navel,Fruit,138,1.47,202.86,0,lb
14-09-2025,Giant_Store_001,1002,Orange_Navel,Fruit,161,1.47,236.67,0,lb
15-09-2025,Giant_Store_001,1002,Orange_Navel,Fruit,113,1.47,166.11,0,lb
16-09-2025,Giant_Store_001,1002,Orange_Navel,Fruit,89,1.47,130.83,0,lb
17-09-2025,Giant_Store_001,1002,Orange_Navel,Fruit,85,1.47,124.95,0,lb
18-09-2025,Giant_Store_001,1002,Orange_Navel,Fruit,84,1.47,123.48,0,lb
19-09-2025,Giant_Store_001,1002,Orange_Navel,Fruit,114,1.47,167.58,0,lb
20-09-2025,Giant_Store_001,1002,Orange_Navel,Fruit,146,1.47,214.62,0,lb
21-09-2025,Giant_Store_001,1002,Orange_Navel,Fruit,142,1.47,208.74,0,lb
22-09-2025,Giant_Store_001,1002,Orange_Navel,Fruit,122,1.47,179.34,0,lb
23-09-2025,Giant_Store_001,1002,Orange_Navel,Fruit,127,1.47,186.69,0,lb
24-09-2025,Giant_Store_001,1002,Orange_Navel,Fruit,103,1.47,151.41,0,lb
25-09-2025,Giant_Store_001,1002,Orange_Navel,Fruit,96,1.47,141.12,0,lb
26-09-2025,Giant_Store_001,1002,Orange_Navel,Fruit,125,1.47,183.75,0,lb
27-09-2025,Giant_Store_001,1002,Orange_Navel,Fruit,158,1.47,232.26,0,lb
28-09-2025,Giant_Store_001,1002,Orange_Navel,Fruit,129,1.47,189.63,0,lb
29-09-2025,Giant_Store_001,1002,Orange_Navel,Fruit,120,1.47,176.4,0,lb
30-09-2025,Giant_Store_001,1002,Orange_Navel,Fruit,106,1.47,155.82,0,lb
01-10-2025,Giant_Store_001,1002,Orange_Navel,Fruit,95,1.47,139.65,0,lb
02-10-2025,Giant_Store_001,1002,Orange_Navel,Fruit,135,1.47,198.45,0,lb
03-10-2025,Giant_Store_001,1002,Orange_Navel,Fruit,149,1.47,219.03,0,lb
04-10-2025,Giant_Store_001,1002,Orange_Navel,Fruit,135,1.47,198.45,0,lb
05-10-2025,Giant_Store_001,1002,Orange_Navel,Fruit,155,1.47,227.85,0,lb
06-10-2025,Giant_Store_001,1002,Orange_Navel,Fruit,119,1.47,174.93,0,lb
07-10-2025,Giant_Store_001,1002,Orange_Navel,Fruit,79,1.47,116.13,0,lb
08-10-2025,Giant_Store_001,1002,Orange_Navel,Fruit,137,1.47,201.39,0,lb
09-10-2025,Giant_Store_001,1002,Orange_Navel,Fruit,162,1.29,209.56,1,lb
10-10-2025,Giant_Store_001,1002,Orange_Navel,Fruit,199,1.29,257.43,1,lb
11-10-2025,Giant_Store_001,1002,Orange_Navel,Fruit,129,1.47,189.63,0,lb
12-10-2025,Giant_Store_001,1002,Orange_Navel,Fruit,141,1.47,207.27,0,lb
13-10-2025,Giant_Store_001,1002,Orange_Navel,Fruit,95,1.47,139.65,0,lb
14-10-2024,Giant_Store_001,1003,Grapes_Red,Fruit,63,1.84,115.92,0,lb
15-10-2024,Giant_Store_001,1003,Grapes_Red,Fruit,62,1.84,114.08,0,lb
16-10-2024,Giant_Store_001,1003,Grapes_Red,Fruit,41,1.84,75.44,0,lb
17-10-2024,Giant_Store_001,1003,Grapes_Red,Fruit,86,1.84,158.24,0,lb
18-10-2024,Giant_Store_001,1003,Grapes_Red,Fruit,49,1.84,90.16,0,lb
19-10-2024,Giant_Store_001,1003,Grapes_Red,Fruit,86,1.84,158.24,0,lb
20-10-2024,Giant_Store_001,1003,Grapes_Red,Fruit,83,1.84,152.72,0,lb
21-10-2024,Giant_Store_001,1003,Grapes_Red,Fruit,80,1.84,147.2,0,lb
22-10-2024,Giant_Store_001,1003,Grapes_Red,Fruit,82,1.84,150.88,0,lb
23-10-2024,Giant_Store_001,1003,Grapes_Red,Fruit,51,1.84,93.84,0,lb
24-10-2024,Giant_Store_001,1003,Grapes_Red,Fruit,53,1.84,97.52,0,lb
25-10-2024,Giant_Store_001,1003,Grapes_Red,Fruit,71,1.84,130.64,0,lb
26-10-2024,Giant_Store_001,1003,Grapes_Red,Fruit,66,1.84,121.44,0,lb
27-10-2024,Giant_Store_001,1003,Grapes_Red,Fruit,110,1.84,202.4,0,lb
28-10-2024,Giant_Store_001,1003,Grapes_Red,Fruit,68,1.84,125.12,0,lb
29-10-2024,Giant_Store_001,1003,Grapes_Red,Fruit,76,1.84,139.84,0,lb
30-10-2024,Giant_Store_001,1003,Grapes_Red,Fruit,53,1.84,97.52,0,lb
31-10-2024,Giant_Store_001,1003,Grapes_Red,Fruit,76,1.84,139.84,0,lb
01-11-2024,Giant_Store_001,1003,Grapes_Red,Fruit,63,1.62,102.01,1,lb
02-11-2024,Giant_Store_001,1003,Grapes_Red,Fruit,109,1.62,176.49,1,lb
03-11-2024,Giant_Store_001,1003,Grapes_Red,Fruit,80,1.84,147.2,0,lb
04-11-2024,Giant_Store_001,1003,Grapes_Red,Fruit,80,1.84,147.2,0,lb
05-11-2024,Giant_Store_001,1003,Grapes_Red,Fruit,55,1.84,101.2,0,lb
06-11-2024,Giant_Store_001,1003,Grapes_Red,Fruit,86,1.84,158.24,0,lb
07-11-2024,Giant_Store_001,1003,Grapes_Red,Fruit,71,1.84,130.64,0,lb
08-11-2024,Giant_Store_001,1003,Grapes_Red,Fruit,67,1.84,123.28,0,lb
09-11-2024,Giant_Store_001,1003,Grapes_Red,Fruit,89,1.84,163.76,0,lb
10-11-2024,Giant_Store_001,1003,Grapes_Red,Fruit,76,1.84,139.84,0,lb
11-11-2024,Giant_Store_001,1003,Grapes_Red,Fruit,44,1.84,80.96,0,lb
12-11-2024,Giant_Store_001,1003,Grapes_Red,Fruit,50,1.84,92,0,lb
13-11-2024,Giant_Store_001,1003,Grapes_Red,Fruit,70,1.84,128.8,0,lb
14-11-2024,Giant_Store_001,1003,Grapes_Red,Fruit,54,1.84,99.36,0,lb
15-11-2024,Giant_Store_001,1003,Grapes_Red,Fruit,57,1.84,104.88,0,lb
16-11-2024,Giant_Store_001,1003,Grapes_Red,Fruit,128,1.62,207.26,1,lb
17-11-2024,Giant_Store_001,1003,Grapes_Red,Fruit,82,1.84,150.88,0,lb
18-11-2024,Giant_Store_001,1003,Grapes_Red,Fruit,79,1.84,145.36,0,lb
19-11-2024,Giant_Store_001,1003,Grapes_Red,Fruit,57,1.84,104.88,0,lb
20-11-2024,Giant_Store_001,1003,Grapes_Red,Fruit,61,1.84,112.24,0,lb
21-11-2024,Giant_Store_001,1003,Grapes_Red,Fruit,75,1.84,138,0,lb
22-11-2024,Giant_Store_001,1003,Grapes_Red,Fruit,67,1.84,123.28,0,lb
23-11-2024,Giant_Store_001,1003,Grapes_Red,Fruit,110,1.84,202.4,0,lb
24-11-2024,Giant_Store_001,1003,Grapes_Red,Fruit,63,1.84,115.92,0,lb
25-11-2024,Giant_Store_001,1003,Grapes_Red,Fruit,51,1.84,93.84,0,lb
26-11-2024,Giant_Store_001,1003,Grapes_Red,Fruit,65,1.84,119.6,0,lb
27-11-2024,Giant_Store_001,1003,Grapes_Red,Fruit,67,1.84,123.28,0,lb
28-11-2024,Giant_Store_001,1003,Grapes_Red,Fruit,52,1.84,95.68,0,lb
29-11-2024,Giant_Store_001,1003,Grapes_Red,Fruit,73,1.84,134.32,0,lb
30-11-2024,Giant_Store_001,1003,Grapes_Red,Fruit,86,1.84,158.24,0,lb
01-12-2024,Giant_Store_001,1003,Grapes_Red,Fruit,70,1.84,128.8,0,lb
02-12-2024,Giant_Store_001,1003,Grapes_Red,Fruit,65,1.84,119.6,0,lb
03-12-2024,Giant_Store_001,1003,Grapes_Red,Fruit,73,1.84,134.32,0,lb
04-12-2024,Giant_Store_001,1003,Grapes_Red,Fruit,65,1.84,119.6,0,lb
05-12-2024,Giant_Store_001,1003,Grapes_Red,Fruit,51,1.84,93.84,0,lb
06-12-2024,Giant_Store_001,1003,Grapes_Red,Fruit,41,1.84,75.44,0,lb
07-12-2024,Giant_Store_001,1003,Grapes_Red,Fruit,61,1.84,112.24,0,lb
08-12-2024,Giant_Store_001,1003,Grapes_Red,Fruit,89,1.84,163.76,0,lb
09-12-2024,Giant_Store_001,1003,Grapes_Red,Fruit,64,1.84,117.76,0,lb
10-12-2024,Giant_Store_001,1003,Grapes_Red,Fruit,58,1.84,106.72,0,lb
11-12-2024,Giant_Store_001,1003,Grapes_Red,Fruit,56,1.84,103.04,0,lb
12-12-2024,Giant_Store_001,1003,Grapes_Red,Fruit,55,1.84,101.2,0,lb
13-12-2024,Giant_Store_001,1003,Grapes_Red,Fruit,58,1.84,106.72,0,lb
14-12-2024,Giant_Store_001,1003,Grapes_Red,Fruit,76,1.84,139.84,0,lb
15-12-2024,Giant_Store_001,1003,Grapes_Red,Fruit,54,1.84,99.36,0,lb
16-12-2024,Giant_Store_001,1003,Grapes_Red,Fruit,62,1.84,114.08,0,lb
17-12-2024,Giant_Store_001,1003,Grapes_Red,Fruit,52,1.84,95.68,0,lb
18-12-2024,Giant_Store_001,1003,Grapes_Red,Fruit,51,1.84,93.84,0,lb
19-12-2024,Giant_Store_001,1003,Grapes_Red,Fruit,62,1.84,114.08,0,lb
20-12-2024,Giant_Store_001,1003,Grapes_Red,Fruit,65,1.84,119.6,0,lb
21-12-2024,Giant_Store_001,1003,Grapes_Red,Fruit,59,1.84,108.56,0,lb
22-12-2024,Giant_Store_001,1003,Grapes_Red,Fruit,91,1.84,167.44,0,lb
23-12-2024,Giant_Store_001,1003,Grapes_Red,Fruit,59,1.84,108.56,0,lb
24-12-2024,Giant_Store_001,1003,Grapes_Red,Fruit,70,1.84,128.8,0,lb
25-12-2024,Giant_Store_001,1003,Grapes_Red,Fruit,96,1.62,155.44,1,lb
26-12-2024,Giant_Store_001,1003,Grapes_Red,Fruit,64,1.84,117.76,0,lb
27-12-2024,Giant_Store_001,1003,Grapes_Red,Fruit,59,1.84,108.56,0,lb
28-12-2024,Giant_Store_001,1003,Grapes_Red,Fruit,92,1.84,169.28,0,lb
29-12-2024,Giant_Store_001,1003,Grapes_Red,Fruit,86,1.84,158.24,0,lb
30-12-2024,Giant_Store_001,1003,Grapes_Red,Fruit,66,1.84,121.44,0,lb
31-12-2024,Giant_Store_001,1003,Grapes_Red,Fruit,55,1.84,101.2,0,lb
01-01-2025,Giant_Store_001,1003,Grapes_Red,Fruit,68,1.84,125.12,0,lb
02-01-2025,Giant_Store_001,1003,Grapes_Red,Fruit,72,1.84,132.48,0,lb
03-01-2025,Giant_Store_001,1003,Grapes_Red,Fruit,71,1.62,114.96,1,lb
04-01-2025,Giant_Store_001,1003,Grapes_Red,Fruit,95,1.84,174.8,0,lb
05-01-2025,Giant_Store_001,1003,Grapes_Red,Fruit,87,1.84,160.08,0,lb
06-01-2025,Giant_Store_001,1003,Grapes_Red,Fruit,90,1.62,145.73,1,lb
07-01-2025,Giant_Store_001,1003,Grapes_Red,Fruit,59,1.84,108.56,0,lb
08-01-2025,Giant_Store_001,1003,Grapes_Red,Fruit,80,1.84,147.2,0,lb
09-01-2025,Giant_Store_001,1003,Grapes_Red,Fruit,54,1.84,99.36,0,lb
10-01-2025,Giant_Store_001,1003,Grapes_Red,Fruit,64,1.84,117.76,0,lb
11-01-2025,Giant_Store_001,1003,Grapes_Red,Fruit,75,1.84,138,0,lb
12-01-2025,Giant_Store_001,1003,Grapes_Red,Fruit,60,1.84,110.4,0,lb
13-01-2025,Giant_Store_001,1003,Grapes_Red,Fruit,53,1.84,97.52,0,lb
14-01-2025,Giant_Store_001,1003,Grapes_Red,Fruit,71,1.84,130.64,0,lb
15-01-2025,Giant_Store_001,1003,Grapes_Red,Fruit,84,1.84,154.56,0,lb
16-01-2025,Giant_Store_001,1003,Grapes_Red,Fruit,71,1.84,130.64,0,lb
17-01-2025,Giant_Store_001,1003,Grapes_Red,Fruit,68,1.84,125.12,0,lb
18-01-2025,Giant_Store_001,1003,Grapes_Red,Fruit,106,1.84,195.04,0,lb
19-01-2025,Giant_Store_001,1003,Grapes_Red,Fruit,65,1.84,119.6,0,lb
20-01-2025,Giant_Store_001,1003,Grapes_Red,Fruit,55,1.84,101.2,0,lb
21-01-2025,Giant_Store_001,1003,Grapes_Red,Fruit,66,1.84,121.44,0,lb
22-01-2025,Giant_Store_001,1003,Grapes_Red,Fruit,64,1.84,117.76,0,lb
23-01-2025,Giant_Store_001,1003,Grapes_Red,Fruit,64,1.84,117.76,0,lb
24-01-2025,Giant_Store_001,1003,Grapes_Red,Fruit,57,1.84,104.88,0,lb
25-01-2025,Giant_Store_001,1003,Grapes_Red,Fruit,81,1.84,149.04,0,lb
26-01-2025,Giant_Store_001,1003,Grapes_Red,Fruit,56,1.84,103.04,0,lb
27-01-2025,Giant_Store_001,1003,Grapes_Red,Fruit,79,1.84,145.36,0,lb
28-01-2025,Giant_Store_001,1003,Grapes_Red,Fruit,66,1.84,121.44,0,lb
29-01-2025,Giant_Store_001,1003,Grapes_Red,Fruit,72,1.84,132.48,0,lb
30-01-2025,Giant_Store_001,1003,Grapes_Red,Fruit,65,1.84,119.6,0,lb
31-01-2025,Giant_Store_001,1003,Grapes_Red,Fruit,73,1.84,134.32,0,lb
01-02-2025,Giant_Store_001,1003,Grapes_Red,Fruit,79,1.84,145.36,0,lb
02-02-2025,Giant_Store_001,1003,Grapes_Red,Fruit,96,1.84,176.64,0,lb
03-02-2025,Giant_Store_001,1003,Grapes_Red,Fruit,52,1.84,95.68,0,lb
04-02-2025,Giant_Store_001,1003,Grapes_Red,Fruit,102,1.62,165.16,1,lb
05-02-2025,Giant_Store_001,1003,Grapes_Red,Fruit,75,1.84,138,0,lb
06-02-2025,Giant_Store_001,1003,Grapes_Red,Fruit,43,1.84,79.12,0,lb
07-02-2025,Giant_Store_001,1003,Grapes_Red,Fruit,54,1.84,99.36,0,lb
08-02-2025,Giant_Store_001,1003,Grapes_Red,Fruit,88,1.84,161.92,0,lb
09-02-2025,Giant_Store_001,1003,Grapes_Red,Fruit,81,1.84,149.04,0,lb
10-02-2025,Giant_Store_001,1003,Grapes_Red,Fruit,61,1.84,112.24,0,lb
11-02-2025,Giant_Store_001,1003,Grapes_Red,Fruit,48,1.84,88.32,0,lb
12-02-2025,Giant_Store_001,1003,Grapes_Red,Fruit,73,1.84,134.32,0,lb
13-02-2025,Giant_Store_001,1003,Grapes_Red,Fruit,62,1.84,114.08,0,lb
14-02-2025,Giant_Store_001,1003,Grapes_Red,Fruit,63,1.84,115.92,0,lb
15-02-2025,Giant_Store_001,1003,Grapes_Red,Fruit,81,1.84,149.04,0,lb
16-02-2025,Giant_Store_001,1003,Grapes_Red,Fruit,82,1.84,150.88,0,lb
17-02-2025,Giant_Store_001,1003,Grapes_Red,Fruit,53,1.84,97.52,0,lb
18-02-2025,Giant_Store_001,1003,Grapes_Red,Fruit,63,1.84,115.92,0,lb
19-02-2025,Giant_Store_001,1003,Grapes_Red,Fruit,70,1.84,128.8,0,lb
20-02-2025,Giant_Store_001,1003,Grapes_Red,Fruit,53,1.84,97.52,0,lb
21-02-2025,Giant_Store_001,1003,Grapes_Red,Fruit,77,1.84,141.68,0,lb
22-02-2025,Giant_Store_001,1003,Grapes_Red,Fruit,93,1.84,171.12,0,lb
23-02-2025,Giant_Store_001,1003,Grapes_Red,Fruit,74,1.84,136.16,0,lb
24-02-2025,Giant_Store_001,1003,Grapes_Red,Fruit,60,1.84,110.4,0,lb
25-02-2025,Giant_Store_001,1003,Grapes_Red,Fruit,45,1.84,82.8,0,lb
26-02-2025,Giant_Store_001,1003,Grapes_Red,Fruit,69,1.84,126.96,0,lb
27-02-2025,Giant_Store_001,1003,Grapes_Red,Fruit,67,1.84,123.28,0,lb
28-02-2025,Giant_Store_001,1003,Grapes_Red,Fruit,56,1.84,103.04,0,lb
01-03-2025,Giant_Store_001,1003,Grapes_Red,Fruit,96,1.84,176.64,0,lb
02-03-2025,Giant_Store_001,1003,Grapes_Red,Fruit,79,1.84,145.36,0,lb
03-03-2025,Giant_Store_001,1003,Grapes_Red,Fruit,47,1.84,86.48,0,lb
04-03-2025,Giant_Store_001,1003,Grapes_Red,Fruit,56,1.84,103.04,0,lb
05-03-2025,Giant_Store_001,1003,Grapes_Red,Fruit,46,1.84,84.64,0,lb
06-03-2025,Giant_Store_001,1003,Grapes_Red,Fruit,138,1.62,223.45,1,lb
07-03-2025,Giant_Store_001,1003,Grapes_Red,Fruit,46,1.84,84.64,0,lb
08-03-2025,Giant_Store_001,1003,Grapes_Red,Fruit,77,1.84,141.68,0,lb
09-03-2025,Giant_Store_001,1003,Grapes_Red,Fruit,69,1.84,126.96,0,lb
10-03-2025,Giant_Store_001,1003,Grapes_Red,Fruit,42,1.84,77.28,0,lb
11-03-2025,Giant_Store_001,1003,Grapes_Red,Fruit,81,1.84,149.04,0,lb
12-03-2025,Giant_Store_001,1003,Grapes_Red,Fruit,53,1.84,97.52,0,lb
13-03-2025,Giant_Store_001,1003,Grapes_Red,Fruit,71,1.84,130.64,0,lb
14-03-2025,Giant_Store_001,1003,Grapes_Red,Fruit,50,1.84,92,0,lb
15-03-2025,Giant_Store_001,1003,Grapes_Red,Fruit,88,1.84,161.92,0,lb
16-03-2025,Giant_Store_001,1003,Grapes_Red,Fruit,51,1.84,93.84,0,lb
17-03-2025,Giant_Store_001,1003,Grapes_Red,Fruit,82,1.84,150.88,0,lb
18-03-2025,Giant_Store_001,1003,Grapes_Red,Fruit,60,1.84,110.4,0,lb
19-03-2025,Giant_Store_001,1003,Grapes_Red,Fruit,50,1.84,92,0,lb
20-03-2025,Giant_Store_001,1003,Grapes_Red,Fruit,79,1.84,145.36,0,lb
21-03-2025,Giant_Store_001,1003,Grapes_Red,Fruit,56,1.84,103.04,0,lb
22-03-2025,Giant_Store_001,1003,Grapes_Red,Fruit,58,1.84,106.72,0,lb
23-03-2025,Giant_Store_001,1003,Grapes_Red,Fruit,81,1.84,149.04,0,lb
24-03-2025,Giant_Store_001,1003,Grapes_Red,Fruit,58,1.84,106.72,0,lb
25-03-2025,Giant_Store_001,1003,Grapes_Red,Fruit,63,1.84,115.92,0,lb
26-03-2025,Giant_Store_001,1003,Grapes_Red,Fruit,70,1.84,128.8,0,lb
27-03-2025,Giant_Store_001,1003,Grapes_Red,Fruit,58,1.84,106.72,0,lb
28-03-2025,Giant_Store_001,1003,Grapes_Red,Fruit,73,1.84,134.32,0,lb
29-03-2025,Giant_Store_001,1003,Grapes_Red,Fruit,89,1.84,163.76,0,lb
30-03-2025,Giant_Store_001,1003,Grapes_Red,Fruit,37,1.84,68.08,0,lb
31-03-2025,Giant_Store_001,1003,Grapes_Red,Fruit,104,1.62,168.4,1,lb
01-04-2025,Giant_Store_001,1003,Grapes_Red,Fruit,61,1.84,112.24,0,lb
02-04-2025,Giant_Store_001,1003,Grapes_Red,Fruit,70,1.84,128.8,0,lb
03-04-2025,Giant_Store_001,1003,Grapes_Red,Fruit,55,1.84,101.2,0,lb
04-04-2025,Giant_Store_001,1003,Grapes_Red,Fruit,64,1.84,117.76,0,lb
05-04-2025,Giant_Store_001,1003,Grapes_Red,Fruit,70,1.84,128.8,0,lb
06-04-2025,Giant_Store_001,1003,Grapes_Red,Fruit,95,1.62,153.82,1,lb
07-04-2025,Giant_Store_001,1003,Grapes_Red,Fruit,56,1.84,103.04,0,lb
08-04-2025,Giant_Store_001,1003,Grapes_Red,Fruit,52,1.84,95.68,0,lb
09-04-2025,Giant_Store_001,1003,Grapes_Red,Fruit,79,1.84,145.36,0,lb
10-04-2025,Giant_Store_001,1003,Grapes_Red,Fruit,57,1.84,104.88,0,lb
11-04-2025,Giant_Store_001,1003,Grapes_Red,Fruit,56,1.84,103.04,0,lb
12-04-2025,Giant_Store_001,1003,Grapes_Red,Fruit,89,1.84,163.76,0,lb
13-04-2025,Giant_Store_001,1003,Grapes_Red,Fruit,59,1.84,108.56,0,lb
14-04-2025,Giant_Store_001,1003,Grapes_Red,Fruit,57,1.84,104.88,0,lb
15-04-2025,Giant_Store_001,1003,Grapes_Red,Fruit,58,1.84,106.72,0,lb
16-04-2025,Giant_Store_001,1003,Grapes_Red,Fruit,51,1.84,93.84,0,lb
17-04-2025,Giant_Store_001,1003,Grapes_Red,Fruit,43,1.84,79.12,0,lb
18-04-2025,Giant_Store_001,1003,Grapes_Red,Fruit,64,1.84,117.76,0,lb
19-04-2025,Giant_Store_001,1003,Grapes_Red,Fruit,85,1.84,156.4,0,lb
20-04-2025,Giant_Store_001,1003,Grapes_Red,Fruit,76,1.84,139.84,0,lb
21-04-2025,Giant_Store_001,1003,Grapes_Red,Fruit,79,1.84,145.36,0,lb
22-04-2025,Giant_Store_001,1003,Grapes_Red,Fruit,66,1.84,121.44,0,lb
23-04-2025,Giant_Store_001,1003,Grapes_Red,Fruit,62,1.84,114.08,0,lb
24-04-2025,Giant_Store_001,1003,Grapes_Red,Fruit,68,1.84,125.12,0,lb
25-04-2025,Giant_Store_001,1003,Grapes_Red,Fruit,58,1.84,106.72,0,lb
26-04-2025,Giant_Store_001,1003,Grapes_Red,Fruit,124,1.62,200.78,1,lb
