retailaagetix_mvp-main/data/Historic Sales data giant_perishables_365_with_units.csv
date,store_id,sku_id,sku_name,category,units_sold,price_per_unit_usd,revenue_usd,promotion_flag,unit_of_measure
27-04-2025,Giant_Store_001,1003,Grapes_Red,Fruit,99,1.62,160.3,1,lb
28-04-2025,Giant_Store_001,1003,Grapes_Red,Fruit,57,1.84,104.88,0,lb
29-04-2025,Giant_Store_001,1003,Grapes_Red,Fruit,66,1.84,121.44,0,lb
30-04-2025,Giant_Store_001,1003,Grapes_Red,Fruit,57,1.84,104.88,0,lb
01-05-2025,Giant_Store_001,1003,Grapes_Red,Fruit,41,1.84,75.44,0,lb
02-05-2025,Giant_Store_001,1003,Grapes_Red,Fruit,68,1.84,125.12,0,lb
03-05-2025,Giant_Store_001,1003,Grapes_Red,Fruit,90,1.84,165.6,0,lb
04-05-2025,Giant_Store_001,1003,Grapes_Red,Fruit,102,1.62,165.16,1,lb
05-05-2025,Giant_Store_001,1003,Grapes_Red,Fruit,65,1.84,119.6,0,lb
06-05-2025,Giant_Store_001,1003,Grapes_Red,Fruit,59,1.84,108.56,0,lb
07-05-2025,Giant_Store_001,1003,Grapes_Red,Fruit,64,1.84,117.76,0,lb
08-05-2025,Giant_Store_001,1003,Grapes_Red,Fruit,52,1.84,95.68,0,lb
09-05-2025,Giant_Store_001,1003,Grapes_Red,Fruit,88,1.84,161.92,0,lb
10-05-2025,Giant_Store_001,1003,Grapes_Red,Fruit,106,1.84,195.04,0,lb
11-05-2025,Giant_Store_001,1003,Grapes_Red,Fruit,64,1.84,117.76,0,lb
12-05-2025,Giant_Store_001,1003,Grapes_Red,Fruit,62,1.84,114.08,0,lb
13-05-2025,Giant_Store_001,1003,Grapes_Red,Fruit,65,1.84,119.6,0,lb
14-05-2025,Giant_Store_001,1003,Grapes_Red,Fruit,65,1.84,119.6,0,lb
15-05-2025,Giant_Store_001,1003,Grapes_Red,Fruit,73,1.84,134.32,0,lb
16-05-2025,Giant_Store_001,1003,Grapes_Red,Fruit,56,1.84,103.04,0,lb
17-05-2025,Giant_Store_001,1003,Grapes_Red,Fruit,114,1.62,184.59,1,lb
18-05-2025,Giant_Store_001,1003,Grapes_Red,Fruit,76,1.84,139.84,0,lb
19-05-2025,Giant_Store_001,1003,Grapes_Red,Fruit,47,1.84,86.48,0,lb
20-05-2025,Giant_Store_001,1003,Grapes_Red,Fruit,70,1.84,128.8,0,lb
21-05-2025,Giant_Store_001,1003,Grapes_Red,Fruit,62,1.84,114.08,0,lb
22-05-2025,Giant_Store_001,1003,Grapes_Red,Fruit,60,1.84,110.4,0,lb
23-05-2025,Giant_Store_001,1003,Grapes_Red,Fruit,61,1.84,112.24,0,lb
24-05-2025,Giant_Store_001,1003,Grapes_Red,Fruit,88,1.84,161.92,0,lb
25-05-2025,Giant_Store_001,1003,Grapes_Red,Fruit,68,1.84,125.12,0,lb
26-05-2025,Giant_Store_001,1003,Grapes_Red,Fruit,48,1.84,88.32,0,lb
27-05-2025,Giant_Store_001,1003,Grapes_Red,Fruit,57,1.84,104.88,0,lb
28-05-2025,Giant_Store_001,1003,Grapes_Red,Fruit,65,1.84,119.6,0,lb
29-05-2025,Giant_Store_001,1003,Grapes_Red,Fruit,56,1.84,103.04,0,lb
30-05-2025,Giant_Store_001,1003,Grapes_Red,Fruit,66,1.84,121.44,0,lb
31-05-2025,Giant_Store_001,1003,Grapes_Red,Fruit,84,1.84,154.56,0,lb
01-06-2025,Giant_Store_001,1003,Grapes_Red,Fruit,87,1.84,160.08,0,lb
02-06-2025,Giant_Store_001,1003,Grapes_Red,Fruit,104,1.62,168.4,1,lb
03-06-2025,Giant_Store_001,1003,Grapes_Red,Fruit,71,1.84,130.64,0,lb
04-06-2025,Giant_Store_001,1003,Grapes_Red,Fruit,73,1.84,134.32,0,lb
05-06-2025,Giant_Store_001,1003,Grapes_Red,Fruit,77,1.84,141.68,0,lb
06-06-2025,Giant_Store_001,1003,Grapes_Red,Fruit,73,1.84,134.32,0,lb
07-06-2025,Giant_Store_001,1003,Grapes_Red,Fruit,90,1.62,145.73,1,lb
08-06-2025,Giant_Store_001,1003,Grapes_Red,Fruit,118,1.84,217.12,0,lb
09-06-2025,Giant_Store_001,1003,Grapes_Red,Fruit,74,1.84,136.16,0,lb
10-06-2025,Giant_Store_001,1003,Grapes_Red,Fruit,61,1.84,112.24,0,lb
11-06-2025,Giant_Store_001,1003,Grapes_Red,Fruit,78,1.84,143.52,0,lb
12-06-2025,Giant_Store_001,1003,Grapes_Red,Fruit,95,1.84,174.8,0,lb
13-06-2025,Giant_Store_001,1003,Grapes_Red,Fruit,64,1.84,117.76,0,lb
14-06-2025,Giant_Store_001,1003,Grapes_Red,Fruit,123,1.84,226.32,0,lb
15-06-2025,Giant_Store_001,1003,Grapes_Red,Fruit,103,1.84,189.52,0,lb
16-06-2025,Giant_Store_001,1003,Grapes_Red,Fruit,50,1.84,92,0,lb
17-06-2025,Giant_Store_001,1003,Grapes_Red,Fruit,100,1.84,184,0,lb
18-06-2025,Giant_Store_001,1003,Grapes_Red,Fruit,50,1.84,92,0,lb
19-06-2025,Giant_Store_001,1003,Grapes_Red,Fruit,100,1.62,161.92,1,lb
20-06-2025,Giant_Store_001,1003,Grapes_Red,Fruit,70,1.84,128.8,0,lb
21-06-2025,Giant_Store_001,1003,Grapes_Red,Fruit,74,1.84,136.16,0,lb
22-06-2025,Giant_Store_001,1003,Grapes_Red,Fruit,100,1.84,184,0,lb
23-06-2025,Giant_Store_001,1003,Grapes_Red,Fruit,89,1.84,163.76,0,lb
24-06-2025,Giant_Store_001,1003,Grapes_Red,Fruit,73,1.62,118.2,1,lb
25-06-2025,Giant_Store_001,1003,Grapes_Red,Fruit,92,1.84,169.28,0,lb
26-06-2025,Giant_Store_001,1003,Grapes_Red,Fruit,82,1.84,150.88,0,lb
27-06-2025,Giant_Store_001,1003,Grapes_Red,Fruit,91,1.84,167.44,0,lb
28-06-2025,Giant_Store_001,1003,Grapes_Red,Fruit,90,1.84,165.6,0,lb
29-06-2025,Giant_Store_001,1003,Grapes_Red,Fruit,124,1.84,228.16,0,lb
30-06-2025,Giant_Store_001,1003,Grapes_Red,Fruit,77,1.84,141.68,0,lb
01-07-2025,Giant_Store_001,1003,Grapes_Red,Fruit,76,1.84,139.84,0,lb
02-07-2025,Giant_Store_001,1003,Grapes_Red,Fruit,75,1.84,138,0,lb
03-07-2025,Giant_Store_001,1003,Grapes_Red,Fruit,52,1.84,95.68,0,lb
04-07-2025,Giant_Store_001,1003,Grapes_Red,Fruit,80,1.84,147.2,0,lb
05-07-2025,Giant_Store_001,1003,Grapes_Red,Fruit,72,1.84,132.48,0,lb
06-07-2025,Giant_Store_001,1003,Grapes_Red,Fruit,100,1.62,161.92,1,lb
07-07-2025,Giant_Store_001,1003,Grapes_Red,Fruit,47,1.84,86.48,0,lb
08-07-2025,Giant_Store_001,1003,Grapes_Red,Fruit,50,1.84,92,0,lb
09-07-2025,Giant_Store_001,1003,Grapes_Red,Fruit,89,1.84,163.76,0,lb
10-07-2025,Giant_Store_001,1003,Grapes_Red,Fruit,70,1.84,128.8,0,lb
11-07-2025,Giant_Store_001,1003,Grapes_Red,Fruit,41,1.84,75.44,0,lb
12-07-2025,Giant_Store_001,1003,Grapes_Red,Fruit,95,1.84,174.8,0,lb
13-07-2025,Giant_Store_001,1003,Grapes_Red,Fruit,49,1.84,90.16,0,lb
14-07-2025,Giant_Store_001,1003,Grapes_Red,Fruit,85,1.84,156.4,0,lb
15-07-2025,Giant_Store_001,1003,Grapes_Red,Fruit,62,1.84,114.08,0,lb
16-07-2025,Giant_Store_001,1003,Grapes_Red,Fruit,64,1.84,117.76,0,lb
17-07-2025,Giant_Store_001,1003,Grapes_Red,Fruit,86,1.84,158.24,0,lb
18-07-2025,Giant_Store_001,1003,Grapes_Red,Fruit,66,1.84,121.44,0,lb
19-07-2025,Giant_Store_001,1003,Grapes_Red,Fruit,112,1.84,206.08,0,lb
20-07-2025,Giant_Store_001,1003,Grapes_Red,Fruit,90,1.84,165.6,0,lb
21-07-2025,Giant_Store_001,1003,Grapes_Red,Fruit,89,1.84,163.76,0,lb
22-07-2025,Giant_Store_001,1003,Grapes_Red,Fruit,67,1.84,123.28,0,lb
23-07-2025,Giant_Store_001,1003,Grapes_Red,Fruit,90,1.84,165.6,0,lb
24-07-2025,Giant_Store_001,1003,Grapes_Red,Fruit,55,1.84,101.2,0,lb
25-07-2025,Giant_Store_001,1003,Grapes_Red,Fruit,78,1.84,143.52,0,lb
26-07-2025,Giant_Store_001,1003,Grapes_Red,Fruit,82,1.84,150.88,0,lb
27-07-2025,Giant_Store_001,1003,Grapes_Red,Fruit,90,1.84,165.6,0,lb
28-07-2025,Giant_Store_001,1003,Grapes_Red,Fruit,82,1.84,150.88,0,lb
29-07-2025,Giant_Store_001,1003,Grapes_Red,Fruit,70,1.84,128.8,0,lb
30-07-2025,Giant_Store_001,1003,Grapes_Red,Fruit,83,1.84,152.72,0,lb
31-07-2025,Giant_Store_001,1003,Grapes_Red,Fruit,84,1.84,154.56,0,lb
01-08-2025,Giant_Store_001,1003,Grapes_Red,Fruit,71,1.84,130.64,0,lb
02-08-2025,Giant_Store_001,1003,Grapes_Red,Fruit,103,1.84,189.52,0,lb
03-08-2025,Giant_Store_001,1003,Grapes_Red,Fruit,86,1.84,158.24,0,lb
04-08-2025,Giant_Store_001,1003,Grapes_Red,Fruit,74,1.84,136.16,0,lb
05-08-2025,Giant_Store_001,1003,Grapes_Red,Fruit,80,1.84,147.2,0,lb
06-08-2025,Giant_Store_001,1003,Grapes_Red,Fruit,65,1.84,119.6,0,lb
07-08-2025,Giant_Store_001,1003,Grapes_Red,Fruit,54,1.84,99.36,0,lb
08-08-2025,Giant_Store_001,1003,Grapes_Red,Fruit,62,1.84,114.08,0,lb
09-08-2025,Giant_Store_001,1003,Grapes_Red,Fruit,82,1.84,150.88,0,lb
10-08-2025,Giant_Store_001,1003,Grapes_Red,Fruit,107,1.84,196.88,0,lb
11-08-2025,Giant_Store_001,1003,Grapes_Red,Fruit,68,1.84,125.12,0,lb
12-08-2025,Giant_Store_001,1003,Grapes_Red,Fruit,82,1.84,150.88,0,lb
13-08-2025,Giant_Store_001,1003,Grapes_Red,Fruit,42,1.84,77.28,0,lb
14-08-2025,Giant_Store_001,1003,Grapes_Red,Fruit,58,1.84,106.72,0,lb
15-08-2025,Giant_Store_001,1003,Grapes_Red,Fruit,36,1.84,66.24,0,lb
16-08-2025,Giant_Store_001,1003,Grapes_Red,Fruit,83,1.84,152.72,0,lb
17-08-2025,Giant_Store_001,1003,Grapes_Red,Fruit,114,1.84,209.76,0,lb
18-08-2025,Giant_Store_001,1003,Grapes_Red,Fruit,74,1.84,136.16,0,lb
19-08-2025,Giant_Store_001,1003,Grapes_Red,Fruit,59,1.84,108.56,0,lb
20-08-2025,Giant_Store_001,1003,Grapes_Red,Fruit,49,1.84,90.16,0,lb
21-08-2025,Giant_Store_001,1003,Grapes_Red,Fruit,76,1.84,139.84,0,lb
22-08-2025,Giant_Store_001,1003,Grapes_Red,Fruit,60,1.84,110.4,0,lb
23-08-2025,Giant_Store_001,1003,Grapes_Red,Fruit,79,1.84,145.36,0,lb
24-08-2025,Giant_Store_001,1003,Grapes_Red,Fruit,73,1.84,134.32,0,lb
25-08-2025,Giant_Store_001,1003,Grapes_Red,Fruit,61,1.84,112.24,0,lb
26-08-2025,Giant_Store_001,1003,Grapes_Red,Fruit,56,1.84,103.04,0,lb
27-08-2025,Giant_Store_001,1003,Grapes_Red,Fruit,71,1.84,130.64,0,lb
28-08-2025,Giant_Store_001,1003,Grapes_Red,Fruit,75,1.84,138,0,lb
29-08-2025,Giant_Store_001,1003,Grapes_Red,Fruit,61,1.84,112.24,0,lb
30-08-2025,Giant_Store_001,1003,Grapes_Red,Fruit,118,1.84,217.12,0,lb
31-08-2025,Giant_Store_001,1003,Grapes_Red,Fruit,99,1.84,182.16,0,lb
01-09-2025,Giant_Store_001,1003,Grapes_Red,Fruit,40,1.84,73.6,0,lb
02-09-2025,Giant_Store_001,1003,Grapes_Red,Fruit,87,1.62,140.87,1,lb
03-09-2025,Giant_Store_001,1003,Grapes_Red,Fruit,66,1.84,121.44,0,lb
04-09-2025,Giant_Store_001,1003,Grapes_Red,Fruit,67,1.84,123.28,0,lb
05-09-2025,Giant_Store_001,1003,Grapes_Red,Fruit,62,1.84,114.08,0,lb
06-09-2025,Giant_Store_001,1003,Grapes_Red,Fruit,89,1.84,163.76,0,lb
07-09-2025,Giant_Store_001,1003,Grapes_Red,Fruit,94,1.84,172.96,0,lb
08-09-2025,Giant_Store_001,1003,Grapes_Red,Fruit,69,1.84,126.96,0,lb
09-09-2025,Giant_Store_001,1003,Grapes_Red,Fruit,78,1.84,143.52,0,lb
10-09-2025,Giant_Store_001,1003,Grapes_Red,Fruit,73,1.84,134.32,0,lb
11-09-2025,Giant_Store_001,1003,Grapes_Red,Fruit,60,1.84,110.4,0,lb
12-09-2025,Giant_Store_001,1003,Grapes_Red,Fruit,66,1.84,121.44,0,lb
13-09-2025,Giant_Store_001,1003,Grapes_Red,Fruit,86,1.84,158.24,0,lb
14-09-2025,Giant_Store_001,1003,Grapes_Red,Fruit,93,1.84,171.12,0,lb
15-09-2025,Giant_Store_001,1003,Grapes_Red,Fruit,61,1.84,112.24,0,lb
16-09-2025,Giant_Store_001,1003,Grapes_Red,Fruit,66,1.84,121.44,0,lb
17-09-2025,Giant_Store_001,1003,Grapes_Red,Fruit,42,1.84,77.28,0,lb
18-09-2025,Giant_Store_001,1003,Grapes_Red,Fruit,58,1.84,106.72,0,lb
19-09-2025,Giant_Store_001,1003,Grapes_Red,Fruit,46,1.62,74.48,1,lb
20-09-2025,Giant_Store_001,1003,Grapes_Red,Fruit,66,1.84,121.44,0,lb
21-09-2025,Giant_Store_001,1003,Grapes_Red,Fruit,93,1.62,150.59,1,lb
22-09-2025,Giant_Store_001,1003,Grapes_Red,Fruit,69,1.84,126.96,0,lb
23-09-2025,Giant_Store_001,1003,Grapes_Red,Fruit,54,1.84,99.36,0,lb
24-09-2025,Giant_Store_001,1003,Grapes_Red,Fruit,62,1.84,114.08,0,lb
25-09-2025,Giant_Store_001,1003,Grapes_Red,Fruit,67,1.84,123.28,0,lb
26-09-2025,Giant_Store_001,1003,Grapes_Red,Fruit,62,1.84,114.08,0,lb
27-09-2025,Giant_Store_001,1003,Grapes_Red,Fruit,95,1.62,153.82,1,lb
28-09-2025,Giant_Store_001,1003,Grapes_Red,Fruit,100,1.84,184,0,lb
29-09-2025,Giant_Store_001,1003,Grapes_Red,Fruit,72,1.84,132.48,0,lb
30-09-2025,Giant_Store_001,1003,Grapes_Red,Fruit,61,1.84,112.24,0,lb
01-10-2025,Giant_Store_001,1003,Grapes_Red,Fruit,58,1.84,106.72,0,lb
02-10-2025,Giant_Store_001,1003,Grapes_Red,Fruit,66,1.84,121.44,0,lb
03-10-2025,Giant_Store_001,1003,Grapes_Red,Fruit,66,1.84,121.44,0,lb
04-10-2025,Giant_Store_001,1003,Grapes_Red,Fruit,80,1.84,147.2,0,lb
05-10-2025,Giant_Store_001,1003,Grapes_Red,Fruit,70,1.84,128.8,0,lb
06-10-2025,Giant_Store_001,1003,Grapes_Red,Fruit,38,1.84,69.92,0,lb
07-10-2025,Giant_Store_001,1003,Grapes_Red,Fruit,66,1.84,121.44,0,lb
08-10-2025,Giant_Store_001,1003,Grapes_Red,Fruit,53,1.84,97.52,0,lb
09-10-2025,Giant_Store_001,1003,Grapes_Red,Fruit,80,1.84,147.2,0,lb
10-10-2025,Giant_Store_001,1003,Grapes_Red,Fruit,50,1.84,92,0,lb
11-10-2025,Giant_Store_001,1003,Grapes_Red,Fruit,73,1.84,134.32,0,lb
12-10-2025,Giant_Store_001,1003,Grapes_Red,Fruit,99,1.84,182.16,0,lb
13-10-2025,Giant_Store_001,1003,Grapes_Red,Fruit,58,1.84,106.72,0,lb
14-10-2024,Giant_Store_001,1004,Strawberries,Fruit,78,2.44,190.32,0,pint
15-10-2024,Giant_Store_001,1004,Strawberries,Fruit,109,2.44,265.96,0,pint
16-10-2024,Giant_Store_001,1004,Strawberries,Fruit,114,2.44,278.16,0,pint
17-10-2024,Giant_Store_001,1004,Strawberries,Fruit,62,2.44,151.28,0,pint
18-10-2024,Giant_Store_001,1004,Strawberries,Fruit,107,2.44,261.08,0,pint
19-10-2024,Giant_Store_001,1004,Strawberries,Fruit,132,2.44,322.08,0,pint
20-10-2024,Giant_Store_001,1004,Strawberries,Fruit,111,2.44,270.84,0,pint
21-10-2024,Giant_Store_001,1004,Strawberries,Fruit,74,2.44,180.56,0,pint
22-10-2024,Giant_Store_001,1004,Strawberries,Fruit,117,2.44,285.48,0,pint
23-10-2024,Giant_Store_001,1004,Strawberries,Fruit,56,2.44,136.64,0,pint
24-10-2024,Giant_Store_001,1004,Strawberries,Fruit,78,2.44,190.32,0,pint
25-10-2024,Giant_Store_001,1004,Strawberries,Fruit,104,2.44,253.76,0,pint
26-10-2024,Giant_Store_001,1004,Strawberries,Fruit,78,2.44,190.32,0,pint
27-10-2024,Giant_Store_001,1004,Strawberries,Fruit,108,2.44,263.52,0,pint
28-10-2024,Giant_Store_001,1004,Strawberries,Fruit,89,2.44,217.16,0,pint
29-10-2024,Giant_Store_001,1004,Strawberries,Fruit,113,2.44,275.72,0,pint
30-10-2024,Giant_Store_001,1004,Strawberries,Fruit,104,2.44,253.76,0,pint
31-10-2024,Giant_Store_001,1004,Strawberries,Fruit,105,2.44,256.2,0,pint
01-11-2024,Giant_Store_001,1004,Strawberries,Fruit,63,2.44,153.72,0,pint
02-11-2024,Giant_Store_001,1004,Strawberries,Fruit,109,2.44,265.96,0,pint
03-11-2024,Giant_Store_001,1004,Strawberries,Fruit,124,2.44,302.56,0,pint
04-11-2024,Giant_Store_001,1004,Strawberries,Fruit,110,2.44,268.4,0,pint
05-11-2024,Giant_Store_001,1004,Strawberries,Fruit,69,2.44,168.36,0,pint
06-11-2024,Giant_Store_001,1004,Strawberries,Fruit,86,2.44,209.84,0,pint
07-11-2024,Giant_Store_001,1004,Strawberries,Fruit,123,2.44,300.12,0,pint
08-11-2024,Giant_Store_001,1004,Strawberries,Fruit,80,2.44,195.2,0,pint
09-11-2024,Giant_Store_001,1004,Strawberries,Fruit,127,2.44,309.88,0,pint
10-11-2024,Giant_Store_001,1004,Strawberries,Fruit,133,2.44,324.52,0,pint
11-11-2024,Giant_Store_001,1004,Strawberries,Fruit,101,2.44,246.44,0,pint
12-11-2024,Giant_Store_001,1004,Strawberries,Fruit,147,2.15,315.64,1,pint
13-11-2024,Giant_Store_001,1004,Strawberries,Fruit,62,2.44,151.28,0,pint
14-11-2024,Giant_Store_001,1004,Strawberries,Fruit,102,2.44,248.88,0,pint
15-11-2024,Giant_Store_001,1004,Strawberries,Fruit,88,2.44,214.72,0,pint
16-11-2024,Giant_Store_001,1004,Strawberries,Fruit,114,2.44,278.16,0,pint
17-11-2024,Giant_Store_001,1004,Strawberries,Fruit,119,2.44,290.36,0,pint
18-11-2024,Giant_Store_001,1004,Strawberries,Fruit,100,2.44,244,0,pint
19-11-2024,Giant_Store_001,1004,Strawberries,Fruit,88,2.44,214.72,0,pint
20-11-2024,Giant_Store_001,1004,Strawberries,Fruit,92,2.44,224.48,0,pint
21-11-2024,Giant_Store_001,1004,Strawberries,Fruit,64,2.44,156.16,0,pint
22-11-2024,Giant_Store_001,1004,Strawberries,Fruit,91,2.15,195.4,1,pint
23-11-2024,Giant_Store_001,1004,Strawberries,Fruit,133,2.44,324.52,0,pint
24-11-2024,Giant_Store_001,1004,Strawberries,Fruit,139,2.44,339.16,0,pint
25-11-2024,Giant_Store_001,1004,Strawberries,Fruit,109,2.44,265.96,0,pint
26-11-2024,Giant_Store_001,1004,Strawberries,Fruit,95,2.44,231.8,0,pint
27-11-2024,Giant_Store_001,1004,Strawberries,Fruit,117,2.44,285.48,0,pint
28-11-2024,Giant_Store_001,1004,Strawberries,Fruit,114,2.44,278.16,0,pint
29-11-2024,Giant_Store_001,1004,Strawberries,Fruit,110,2.44,268.4,0,pint
30-11-2024,Giant_Store_001,1004,Strawberries,Fruit,114,2.44,278.16,0,pint
01-12-2024,Giant_Store_001,1004,Strawberries,Fruit,128,2.44,312.32,0,pint
02-12-2024,Giant_Store_001,1004,Strawberries,Fruit,92,2.44,224.48,0,pint
03-12-2024,Giant_Store_001,1004,Strawberries,Fruit,95,2.44,231.8,0,pint
04-12-2024,Giant_Store_001,1004,Strawberries,Fruit,138,2.15,296.31,1,pint
05-12-2024,Giant_Store_001,1004,Strawberries,Fruit,118,2.44,287.92,0,pint
06-12-2024,Giant_Store_001,1004,Strawberries,Fruit,97,2.44,236.68,0,pint
07-12-2024,Giant_Store_001,1004,Strawberries,Fruit,87,2.44,212.28,0,pint
08-12-2024,Giant_Store_001,1004,Strawberries,Fruit,161,2.44,392.84,0,pint
09-12-2024,Giant_Store_001,1004,Strawberries,Fruit,120,2.15,257.66,1,pint
10-12-2024,Giant_Store_001,1004,Strawberries,Fruit,71,2.44,173.24,0,pint
11-12-2024,Giant_Store_001,1004,Strawberries,Fruit,96,2.44,234.24,0,pint
12-12-2024,Giant_Store_001,1004,Strawberries,Fruit,103,2.44,251.32,0,pint
13-12-2024,Giant_Store_001,1004,Strawberries,Fruit,111,2.44,270.84,0,pint
14-12-2024,Giant_Store_001,1004,Strawberries,Fruit,121,2.44,295.24,0,pint
15-12-2024,Giant_Store_001,1004,Strawberries,Fruit,143,2.15,307.05,1,pint
16-12-2024,Giant_Store_001,1004,Strawberries,Fruit,96,2.44,234.24,0,pint
17-12-2024,Giant_Store_001,1004,Strawberries,Fruit,95,2.44,231.8,0,pint
18-12-2024,Giant_Store_001,1004,Strawberries,Fruit,104,2.44,253.76,0,pint
19-12-2024,Giant_Store_001,1004,Strawberries,Fruit,92,2.44,224.48,0,pint
20-12-2024,Giant_Store_001,1004,Strawberries,Fruit,134,2.44,326.96,0,pint
21-12-2024,Giant_Store_001,1004,Strawberries,Fruit,140,2.44,341.6,0,pint
22-12-2024,Giant_Store_001,1004,Strawberries,Fruit,104,2.44,253.76,0,pint
23-12-2024,Giant_Store_001,1004,Strawberries,Fruit,82,2.44,200.08,0,pint
24-12-2024,Giant_Store_001,1004,Strawberries,Fruit,81,2.44,197.64,0,pint
25-12-2024,Giant_Store_001,1004,Strawberries,Fruit,101,2.44,246.44,0,pint
26-12-2024,Giant_Store_001,1004,Strawberries,Fruit,94,2.44,229.36,0,pint
27-12-2024,Giant_Store_001,1004,Strawberries,Fruit,78,2.44,190.32,0,pint
28-12-2024,Giant_Store_001,1004,Strawberries,Fruit,74,2.44,180.56,0,pint
29-12-2024,Giant_Store_001,1004,Strawberries,Fruit,108,2.44,263.52,0,pint
30-12-2024,Giant_Store_001,1004,Strawberries,Fruit,102,2.44,248.88,0,pint
31-12-2024,Giant_Store_001,1004,Strawberries,Fruit,72,2.44,175.68,0,pint
01-01-2025,Giant_Store_001,1004,Strawberries,Fruit,87,2.44,212.28,0,pint
02-01-2025,Giant_Store_001,1004,Strawberries,Fruit,151,2.15,324.23,1,pint
03-01-2025,Giant_Store_001,1004,Strawberries,Fruit,49,2.44,119.56,0,pint
04-01-2025,Giant_Store_001,1004,Strawberries,Fruit,106,2.44,258.64,0,pint
