retailaagetix_mvp-main/data/Historic Sales data giant_perishables_365_with_units.csv
date,store_id,sku_id,sku_name,category,units_sold,price_per_unit_usd,revenue_usd,promotion_flag,unit_of_measure
05-01-2025,Giant_Store_001,1004,Strawberries,Fruit,104,2.44,253.76,0,pint
06-01-2025,Giant_Store_001,1004,Strawberries,Fruit,68,2.44,165.92,0,pint
07-01-2025,Giant_Store_001,1004,Strawberries,Fruit,70,2.44,170.8,0,pint
08-01-2025,Giant_Store_001,1004,Strawberries,Fruit,106,2.44,258.64,0,pint
09-01-2025,Giant_Store_001,1004,Strawberries,Fruit,116,2.44,283.04,0,pint
10-01-2025,Giant_Store_001,1004,Strawberries,Fruit,80,2.44,195.2,0,pint
11-01-2025,Giant_Store_001,1004,Strawberries,Fruit,135,2.44,329.4,0,pint
12-01-2025,Giant_Store_001,1004,Strawberries,Fruit,158,2.15,339.26,1,pint
13-01-2025,Giant_Store_001,1004,Strawberries,Fruit,90,2.44,219.6,0,pint
14-01-2025,Giant_Store_001,1004,Strawberries,Fruit,117,2.44,285.48,0,pint
15-01-2025,Giant_Store_001,1004,Strawberries,Fruit,79,2.44,192.76,0,pint
16-01-2025,Giant_Store_001,1004,Strawberries,Fruit,83,2.44,202.52,0,pint
17-01-2025,Giant_Store_001,1004,Strawberries,Fruit,73,2.44,178.12,0,pint
18-01-2025,Giant_Store_001,1004,Strawberries,Fruit,92,2.44,224.48,0,pint
19-01-2025,Giant_Store_001,1004,Strawberries,Fruit,171,2.15,367.17,1,pint
20-01-2025,Giant_Store_001,1004,Strawberries,Fruit,117,2.44,285.48,0,pint
21-01-2025,Giant_Store_001,1004,Strawberries,Fruit,97,2.44,236.68,0,pint
22-01-2025,Giant_Store_001,1004,Strawberries,Fruit,67,2.15,143.86,1,pint
23-01-2025,Giant_Store_001,1004,Strawberries,Fruit,124,2.44,302.56,0,pint
24-01-2025,Giant_Store_001,1004,Strawberries,Fruit,110,2.44,268.4,0,pint
25-01-2025,Giant_Store_001,1004,Strawberries,Fruit,141,2.44,344.04,0,pint
26-01-2025,Giant_Store_001,1004,Strawberries,Fruit,122,2.44,297.68,0,pint
27-01-2025,Giant_Store_001,1004,Strawberries,Fruit,80,2.44,195.2,0,pint
28-01-2025,Giant_Store_001,1004,Strawberries,Fruit,92,2.44,224.48,0,pint
29-01-2025,Giant_Store_001,1004,Strawberries,Fruit,114,2.44,278.16,0,pint
30-01-2025,Giant_Store_001,1004,Strawberries,Fruit,87,2.44,212.28,0,pint
31-01-2025,Giant_Store_001,1004,Strawberries,Fruit,108,2.44,263.52,0,pint
01-02-2025,Giant_Store_001,1004,Strawberries,Fruit,96,2.44,234.24,0,pint
02-02-2025,Giant_Store_001,1004,Strawberries,Fruit,134,2.44,326.96,0,pint
03-02-2025,Giant_Store_001,1004,Strawberries,Fruit,95,2.44,231.8,0,pint
04-02-2025,Giant_Store_001,1004,Strawberries,Fruit,88,2.44,214.72,0,pint
05-02-2025,Giant_Store_001,1004,Strawberries,Fruit,95,2.44,231.8,0,pint
06-02-2025,Giant_Store_001,1004,Strawberries,Fruit,105,2.44,256.2,0,pint
07-02-2025,Giant_Store_001,1004,Strawberries,Fruit,112,2.44,273.28,0,pint
08-02-2025,Giant_Store_001,1004,Strawberries,Fruit,103,2.44,251.32,0,pint
09-02-2025,Giant_Store_001,1004,Strawberries,Fruit,108,2.44,263.52,0,pint
10-02-2025,Giant_Store_001,1004,Strawberries,Fruit,104,2.44,253.76,0,pint
11-02-2025,Giant_Store_001,1004,Strawberries,Fruit,133,2.44,324.52,0,pint
12-02-2025,Giant_Store_001,1004,Strawberries,Fruit,129,2.44,314.76,0,pint
13-02-2025,Giant_Store_001,1004,Strawberries,Fruit,114,2.44,278.16,0,pint
14-02-2025,Giant_Store_001,1004,Strawberries,Fruit,161,2.15,345.7,1,pint
15-02-2025,Giant_Store_001,1004,Strawberries,Fruit,99,2.44,241.56,0,pint
16-02-2025,Giant_Store_001,1004,Strawberries,Fruit,96,2.44,234.24,0,pint
17-02-2025,Giant_Store_001,1004,Strawberries,Fruit,75,2.44,183,0,pint
18-02-2025,Giant_Store_001,1004,Strawberries,Fruit,79,2.44,192.76,0,pint
19-02-2025,Giant_Store_001,1004,Strawberries,Fruit,103,2.44,251.32,0,pint
20-02-2025,Giant_Store_001,1004,Strawberries,Fruit,95,2.44,231.8,0,pint
21-02-2025,Giant_Store_001,1004,Strawberries,Fruit,106,2.44,258.64,0,pint
22-02-2025,Giant_Store_001,1004,Strawberries,Fruit,146,2.44,356.24,0,pint
23-02-2025,Giant_Store_001,1004,Strawberries,Fruit,122,2.44,297.68,0,pint
24-02-2025,Giant_Store_001,1004,Strawberries,Fruit,94,2.44,229.36,0,pint
25-02-2025,Giant_Store_001,1004,Strawberries,Fruit,125,2.44,305,0,pint
26-02-2025,Giant_Store_001,1004,Strawberries,Fruit,87,2.44,212.28,0,pint
27-02-2025,Giant_Store_001,1004,Strawberries,Fruit,96,2.15,206.13,1,pint
28-02-2025,Giant_Store_001,1004,Strawberries,Fruit,102,2.44,248.88,0,pint
01-03-2025,Giant_Store_001,1004,Strawberries,Fruit,106,2.44,258.64,0,pint
02-03-2025,Giant_Store_001,1004,Strawberries,Fruit,121,2.44,295.24,0,pint
03-03-2025,Giant_Store_001,1004,Strawberries,Fruit,79,2.44,192.76,0,pint
04-03-2025,Giant_Store_001,1004,Strawberries,Fruit,103,2.44,251.32,0,pint
05-03-2025,Giant_Store_001,1004,Strawberries,Fruit,94,2.44,229.36,0,pint
06-03-2025,Giant_Store_001,1004,Strawberries,Fruit,93,2.44,226.92,0,pint
07-03-2025,Giant_Store_001,1004,Strawberries,Fruit,106,2.44,258.64,0,pint
08-03-2025,Giant_Store_001,1004,Strawberries,Fruit,147,2.44,358.68,0,pint
09-03-2025,Giant_Store_001,1004,Strawberries,Fruit,208,2.15,446.62,1,pint
10-03-2025,Giant_Store_001,1004,Strawberries,Fruit,106,2.44,258.64,0,pint
11-03-2025,Giant_Store_001,1004,Strawberries,Fruit,95,2.44,231.8,0,pint
12-03-2025,Giant_Store_001,1004,Strawberries,Fruit,95,2.44,231.8,0,pint
13-03-2025,Giant_Store_001,1004,Strawberries,Fruit,110,2.44,268.4,0,pint
14-03-2025,Giant_Store_001,1004,Strawberries,Fruit,78,2.44,190.32,0,pint
15-03-2025,Giant_Store_001,1004,Strawberries,Fruit,102,2.44,248.88,0,pint
16-03-2025,Giant_Store_001,1004,Strawberries,Fruit,81,2.44,197.64,0,pint
17-03-2025,Giant_Store_001,1004,Strawberries,Fruit,112,2.44,273.28,0,pint
18-03-2025,Giant_Store_001,1004,Strawberries,Fruit,120,2.44,292.8,0,pint
19-03-2025,Giant_Store_001,1004,Strawberries,Fruit,106,2.44,258.64,0,pint
20-03-2025,Giant_Store_001,1004,Strawberries,Fruit,67,2.44,163.48,0,pint
21-03-2025,Giant_Store_001,1004,Strawberries,Fruit,103,2.44,251.32,0,pint
22-03-2025,Giant_Store_001,1004,Strawberries,Fruit,109,2.44,265.96,0,pint
23-03-2025,Giant_Store_001,1004,Strawberries,Fruit,124,2.44,302.56,0,pint
24-03-2025,Giant_Store_001,1004,Strawberries,Fruit,124,2.44,302.56,0,pint
25-03-2025,Giant_Store_001,1004,Strawberries,Fruit,81,2.44,197.64,0,pint
26-03-2025,Giant_Store_001,1004,Strawberries,Fruit,106,2.44,258.64,0,pint
27-03-2025,Giant_Store_001,1004,Strawberries,Fruit,92,2.44,224.48,0,pint
28-03-2025,Giant_Store_001,1004,Strawberries,Fruit,95,2.44,231.8,0,pint
29-03-2025,Giant_Store_001,1004,Strawberries,Fruit,86,2.44,209.84,0,pint
30-03-2025,Giant_Store_001,1004,Strawberries,Fruit,110,2.44,268.4,0,pint
31-03-2025,Giant_Store_001,1004,Strawberries,Fruit,75,2.44,183,0,pint
01-04-2025,Giant_Store_001,1004,Strawberries,Fruit,150,2.44,366,0,pint
02-04-2025,Giant_Store_001,1004,Strawberries,Fruit,134,2.44,326.96,0,pint
03-04-2025,Giant_Store_001,1004,Strawberries,Fruit,145,2.44,353.8,0,pint
04-04-2025,Giant_Store_001,1004,Strawberries,Fruit,113,2.44,275.72,0,pint
05-04-2025,Giant_Store_001,1004,Strawberries,Fruit,150,2.44,366,0,pint
06-04-2025,Giant_Store_001,1004,Strawberries,Fruit,193,2.44,470.92,0,pint
07-04-2025,Giant_Store_001,1004,Strawberries,Fruit,126,2.44,307.44,0,pint
08-04-2025,Giant_Store_001,1004,Strawberries,Fruit,119,2.44,290.36,0,pint
09-04-2025,Giant_Store_001,1004,Strawberries,Fruit,150,2.44,366,0,pint
10-04-2025,Giant_Store_001,1004,Strawberries,Fruit,114,2.44,278.16,0,pint
11-04-2025,Giant_Store_001,1004,Strawberries,Fruit,121,2.44,295.24,0,pint
12-04-2025,Giant_Store_001,1004,Strawberries,Fruit,165,2.44,402.6,0,pint
13-04-2025,Giant_Store_001,1004,Strawberries,Fruit,178,2.44,434.32,0,pint
14-04-2025,Giant_Store_001,1004,Strawberries,Fruit,127,2.44,309.88,0,pint
15-04-2025,Giant_Store_001,1004,Strawberries,Fruit,98,2.44,239.12,0,pint
16-04-2025,Giant_Store_001,1004,Strawberries,Fruit,146,2.44,356.24,0,pint
17-04-2025,Giant_Store_001,1004,Strawberries,Fruit,160,2.44,390.4,0,pint
18-04-2025,Giant_Store_001,1004,Strawberries,Fruit,119,2.44,290.36,0,pint
19-04-2025,Giant_Store_001,1004,Strawberries,Fruit,157,2.44,383.08,0,pint
20-04-2025,Giant_Store_001,1004,Strawberries,Fruit,181,2.15,388.64,1,pint
21-04-2025,Giant_Store_001,1004,Strawberries,Fruit,133,2.44,324.52,0,pint
22-04-2025,Giant_Store_001,1004,Strawberries,Fruit,111,2.44,270.84,0,pint
23-04-2025,Giant_Store_001,1004,Strawberries,Fruit,167,2.44,407.48,0,pint
24-04-2025,Giant_Store_001,1004,Strawberries,Fruit,124,2.44,302.56,0,pint
25-04-2025,Giant_Store_001,1004,Strawberries,Fruit,121,2.44,295.24,0,pint
26-04-2025,Giant_Store_001,1004,Strawberries,Fruit,154,2.44,375.76,0,pint
27-04-2025,Giant_Store_001,1004,Strawberries,Fruit,142,2.44,346.48,0,pint
28-04-2025,Giant_Store_001,1004,Strawberries,Fruit,136,2.44,331.84,0,pint
29-04-2025,Giant_Store_001,1004,Strawberries,Fruit,123,2.44,300.12,0,pint
30-04-2025,Giant_Store_001,1004,Strawberries,Fruit,151,2.44,368.44,0,pint
01-05-2025,Giant_Store_001,1004,Strawberries,Fruit,136,2.44,331.84,0,pint
02-05-2025,Giant_Store_001,1004,Strawberries,Fruit,144,2.44,351.36,0,pint
03-05-2025,Giant_Store_001,1004,Strawberries,Fruit,183,2.44,446.52,0,pint
04-05-2025,Giant_Store_001,1004,Strawberries,Fruit,200,2.44,488,0,pint
05-05-2025,Giant_Store_001,1004,Strawberries,Fruit,162,2.15,347.85,1,pint
06-05-2025,Giant_Store_001,1004,Strawberries,Fruit,115,2.44,280.6,0,pint
07-05-2025,Giant_Store_001,1004,Strawberries,Fruit,119,2.44,290.36,0,pint
08-05-2025,Giant_Store_001,1004,Strawberries,Fruit,126,2.15,270.55,1,pint
09-05-2025,Giant_Store_001,1004,Strawberries,Fruit,131,2.44,319.64,0,pint
10-05-2025,Giant_Store_001,1004,Strawberries,Fruit,173,2.44,422.12,0,pint
11-05-2025,Giant_Store_001,1004,Strawberries,Fruit,137,2.44,334.28,0,pint
12-05-2025,Giant_Store_001,1004,Strawberries,Fruit,117,2.44,285.48,0,pint
13-05-2025,Giant_Store_001,1004,Strawberries,Fruit,187,2.15,401.53,1,pint
14-05-2025,Giant_Store_001,1004,Strawberries,Fruit,135,2.44,329.4,0,pint
15-05-2025,Giant_Store_001,1004,Strawberries,Fruit,122,2.44,297.68,0,pint
16-05-2025,Giant_Store_001,1004,Strawberries,Fruit,98,2.44,239.12,0,pint
17-05-2025,Giant_Store_001,1004,Strawberries,Fruit,168,2.44,409.92,0,pint
18-05-2025,Giant_Store_001,1004,Strawberries,Fruit,182,2.44,444.08,0,pint
19-05-2025,Giant_Store_001,1004,Strawberries,Fruit,144,2.44,351.36,0,pint
20-05-2025,Giant_Store_001,1004,Strawberries,Fruit,125,2.44,305,0,pint
21-05-2025,Giant_Store_001,1004,Strawberries,Fruit,111,2.44,270.84,0,pint
22-05-2025,Giant_Store_001,1004,Strawberries,Fruit,103,2.44,251.32,0,pint
23-05-2025,Giant_Store_001,1004,Strawberries,Fruit,109,2.44,265.96,0,pint
24-05-2025,Giant_Store_001,1004,Strawberries,Fruit,176,2.44,429.44,0,pint
25-05-2025,Giant_Store_001,1004,Strawberries,Fruit,154,2.44,375.76,0,pint
26-05-2025,Giant_Store_001,1004,Strawberries,Fruit,130,2.44,317.2,0,pint
27-05-2025,Giant_Store_001,1004,Strawberries,Fruit,91,2.44,222.04,0,pint
28-05-2025,Giant_Store_001,1004,Strawberries,Fruit,206,2.15,442.32,1,pint
29-05-2025,Giant_Store_001,1004,Strawberries,Fruit,160,2.44,390.4,0,pint
30-05-2025,Giant_Store_001,1004,Strawberries,Fruit,114,2.44,278.16,0,pint
31-05-2025,Giant_Store_001,1004,Strawberries,Fruit,107,2.44,261.08,0,pint
01-06-2025,Giant_Store_001,1004,Strawberries,Fruit,207,2.44,505.08,0,pint
02-06-2025,Giant_Store_001,1004,Strawberries,Fruit,120,2.44,292.8,0,pint
03-06-2025,Giant_Store_001,1004,Strawberries,Fruit,107,2.44,261.08,0,pint
04-06-2025,Giant_Store_001,1004,Strawberries,Fruit,112,2.44,273.28,0,pint
05-06-2025,Giant_Store_001,1004,Strawberries,Fruit,118,2.44,287.92,0,pint
06-06-2025,Giant_Store_001,1004,Strawberries,Fruit,116,2.44,283.04,0,pint
07-06-2025,Giant_Store_001,1004,Strawberries,Fruit,152,2.44,370.88,0,pint
08-06-2025,Giant_Store_001,1004,Strawberries,Fruit,142,2.44,346.48,0,pint
09-06-2025,Giant_Store_001,1004,Strawberries,Fruit,149,2.44,363.56,0,pint
10-06-2025,Giant_Store_001,1004,Strawberries,Fruit,158,2.15,339.26,1,pint
11-06-2025,Giant_Store_001,1004,Strawberries,Fruit,93,2.44,226.92,0,pint
12-06-2025,Giant_Store_001,1004,Strawberries,Fruit,105,2.44,256.2,0,pint
13-06-2025,Giant_Store_001,1004,Strawberries,Fruit,123,2.44,300.12,0,pint
14-06-2025,Giant_Store_001,1004,Strawberries,Fruit,158,2.44,385.52,0,pint
15-06-2025,Giant_Store_001,1004,Strawberries,Fruit,188,2.44,458.72,0,pint
16-06-2025,Giant_Store_001,1004,Strawberries,Fruit,125,2.44,305,0,pint
17-06-2025,Giant_Store_001,1004,Strawberries,Fruit,181,2.15,388.64,1,pint
18-06-2025,Giant_Store_001,1004,Strawberries,Fruit,120,2.44,292.8,0,pint
19-06-2025,Giant_Store_001,1004,Strawberries,Fruit,135,2.44,329.4,0,pint
20-06-2025,Giant_Store_001,1004,Strawberries,Fruit,91,2.44,222.04,0,pint
21-06-2025,Giant_Store_001,1004,Strawberries,Fruit,170,2.44,414.8,0,pint
22-06-2025,Giant_Store_001,1004,Strawberries,Fruit,153,2.44,373.32,0,pint
23-06-2025,Giant_Store_001,1004,Strawberries,Fruit,152,2.44,370.88,0,pint
24-06-2025,Giant_Store_001,1004,Strawberries,Fruit,153,2.44,373.32,0,pint
25-06-2025,Giant_Store_001,1004,Strawberries,Fruit,139,2.44,339.16,0,pint
26-06-2025,Giant_Store_001,1004,Strawberries,Fruit,120,2.44,292.8,0,pint
27-06-2025,Giant_Store_001,1004,Strawberries,Fruit,121,2.44,295.24,0,pint
28-06-2025,Giant_Store_001,1004,Strawberries,Fruit,132,2.44,322.08,0,pint
29-06-2025,Giant_Store_001,1004,Strawberries,Fruit,155,2.44,378.2,0,pint
30-06-2025,Giant_Store_001,1004,Strawberries,Fruit,97,2.44,236.68,0,pint
01-07-2025,Giant_Store_001,1004,Strawberries,Fruit,124,2.44,302.56,0,pint
02-07-2025,Giant_Store_001,1004,Strawberries,Fruit,150,2.44,366,0,pint
03-07-2025,Giant_Store_001,1004,Strawberries,Fruit,118,2.44,287.92,0,pint
04-07-2025,Giant_Store_001,1004,Strawberries,Fruit,136,2.44,331.84,0,pint
05-07-2025,Giant_Store_001,1004,Strawberries,Fruit,179,2.44,436.76,0,pint
06-07-2025,Giant_Store_001,1004,Strawberries,Fruit,186,2.44,453.84,0,pint
07-07-2025,Giant_Store_001,1004,Strawberries,Fruit,118,2.44,287.92,0,pint
08-07-2025,Giant_Store_001,1004,Strawberries,Fruit,144,2.15,309.2,1,pint
09-07-2025,Giant_Store_001,1004,Strawberries,Fruit,103,2.44,251.32,0,pint
10-07-2025,Giant_Store_001,1004,Strawberries,Fruit,108,2.44,263.52,0,pint
11-07-2025,Giant_Store_001,1004,Strawberries,Fruit,119,2.44,290.36,0,pint
12-07-2025,Giant_Store_001,1004,Strawberries,Fruit,163,2.15,349.99,1,pint
13-07-2025,Giant_Store_001,1004,Strawberries,Fruit,140,2.44,341.6,0,pint
14-07-2025,Giant_Store_001,1004,Strawberries,Fruit,153,2.44,373.32,0,pint
15-07-2025,Giant_Store_001,1004,Strawberries,Fruit,151,2.44,368.44,0,pint
16-07-2025,Giant_Store_001,1004,Strawberries,Fruit,112,2.15,240.49,1,pint
17-07-2025,Giant_Store_001,1004,Strawberries,Fruit,249,2.15,534.65,1,pint
18-07-2025,Giant_Store_001,1004,Strawberries,Fruit,158,2.44,385.52,0,pint
19-07-2025,Giant_Store_001,1004,Strawberries,Fruit,120,2.44,292.8,0,pint
20-07-2025,Giant_Store_001,1004,Strawberries,Fruit,162,2.44,395.28,0,pint
21-07-2025,Giant_Store_001,1004,Strawberries,Fruit,117,2.44,285.48,0,pint
22-07-2025,Giant_Store_001,1004,Strawberries,Fruit,115,2.44,280.6,0,pint
23-07-2025,Giant_Store_001,1004,Strawberries,Fruit,95,2.44,231.8,0,pint
24-07-2025,Giant_Store_001,1004,Strawberries,Fruit,148,2.44,361.12,0,pint
25-07-2025,Giant_Store_001,1004,Strawberries,Fruit,148,2.44,361.12,0,pint
26-07-2025,Giant_Store_001,1004,Strawberries,Fruit,171,2.44,417.24,0,pint
27-07-2025,Giant_Store_001,1004,Strawberries,Fruit,217,2.44,529.48,0,pint
28-07-2025,Giant_Store_001,1004,Strawberries,Fruit,125,2.44,305,0,pint
29-07-2025,Giant_Store_001,1004,Strawberries,Fruit,113,2.44,275.72,0,pint
30-07-2025,Giant_Store_001,1004,Strawberries,Fruit,106,2.44,258.64,0,pint
31-07-2025,Giant_Store_001,1004,Strawberries,Fruit,109,2.44,265.96,0,pint
01-08-2025,Giant_Store_001,1004,Strawberries,Fruit,130,2.44,317.2,0,pint
02-08-2025,Giant_Store_001,1004,Strawberries,Fruit,141,2.44,344.04,0,pint
03-08-2025,Giant_Store_001,1004,Strawberries,Fruit,123,2.44,300.12,0,pint
04-08-2025,Giant_Store_001,1004,Strawberries,Fruit,93,2.44,226.92,0,pint
05-08-2025,Giant_Store_001,1004,Strawberries,Fruit,119,2.44,290.36,0,pint
06-08-2025,Giant_Store_001,1004,Strawberries,Fruit,81,2.44,197.64,0,pint
07-08-2025,Giant_Store_001,1004,Strawberries,Fruit,84,2.44,204.96,0,pint
08-08-2025,Giant_Store_001,1004,Strawberries,Fruit,122,2.44,297.68,0,pint
09-08-2025,Giant_Store_001,1004,Strawberries,Fruit,140,2.44,341.6,0,pint
10-08-2025,Giant_Store_001,1004,Strawberries,Fruit,109,2.44,265.96,0,pint
11-08-2025,Giant_Store_001,1004,Strawberries,Fruit,145,2.15,311.34,1,pint
12-08-2025,Giant_Store_001,1004,Strawberries,Fruit,89,2.44,217.16,0,pint
13-08-2025,Giant_Store_001,1004,Strawberries,Fruit,144,2.15,309.2,1,pint
14-08-2025,Giant_Store_001,1004,Strawberries,Fruit,104,2.44,253.76,0,pint
15-08-2025,Giant_Store_001,1004,Strawberries,Fruit,96,2.44,234.24,0,pint
16-08-2025,Giant_Store_001,1004,Strawberries,Fruit,121,2.44,295.24,0,pint
17-08-2025,Giant_Store_001,1004,Strawberries,Fruit,107,2.44,261.08,0,pint
18-08-2025,Giant_Store_001,1004,Strawberries,Fruit,98,2.44,239.12,0,pint
19-08-2025,Giant_Store_001,1004,Strawberries,Fruit,134,2.44,326.96,0,pint
20-08-2025,Giant_Store_001,1004,Strawberries,Fruit,105,2.44,256.2,0,pint
21-08-2025,Giant_Store_001,1004,Strawberries,Fruit,145,2.44,353.8,0,pint
22-08-2025,Giant_Store_001,1004,Strawberries,Fruit,99,2.15,212.57,1,pint
23-08-2025,Giant_Store_001,1004,Strawberries,Fruit,119,2.44,290.36,0,pint
24-08-2025,Giant_Store_001,1004,Strawberries,Fruit,145,2.44,353.8,0,pint
25-08-2025,Giant_Store_001,1004,Strawberries,Fruit,152,2.44,370.88,0,pint
26-08-2025,Giant_Store_001,1004,Strawberries,Fruit,79,2.44,192.76,0,pint
27-08-2025,Giant_Store_001,1004,Strawberries,Fruit,105,2.44,256.2,0,pint
28-08-2025,Giant_Store_001,1004,Strawberries,Fruit,114,2.44,278.16,0,pint
29-08-2025,Giant_Store_001,1004,Strawberries,Fruit,130,2.44,317.2,0,pint
30-08-2025,Giant_Store_001,1004,Strawberries,Fruit,161,2.15,345.7,1,pint
31-08-2025,Giant_Store_001,1004,Strawberries,Fruit,125,2.44,305,0,pint
01-09-2025,Giant_Store_001,1004,Strawberries,Fruit,75,2.44,183,0,pint
02-09-2025,Giant_Store_001,1004,Strawberries,Fruit,116,2.15,249.08,1,pint
03-09-2025,Giant_Store_001,1004,Strawberries,Fruit,89,2.44,217.16,0,pint
