retailaagetix_mvp-main/data/Historic Sales data giant_perishables_365_with_units.csv
date,store_id,sku_id,sku_name,category,units_sold,price_per_unit_usd,revenue_usd,promotion_flag,unit_of_measure
24-05-2025,Giant_Store_001,1005,Mango_Alphonso,Fruit,145,0.88,127.6,1,lb
25-05-2025,Giant_Store_001,1005,Mango_Alphonso,Fruit,128,1,128,0,lb
26-05-2025,Giant_Store_001,1005,Mango_Alphonso,Fruit,120,1,120,0,lb
27-05-2025,Giant_Store_001,1005,Mango_Alphonso,Fruit,111,1,111,0,lb
28-05-2025,Giant_Store_001,1005,Mango_Alphonso,Fruit,117,1,117,0,lb
29-05-2025,Giant_Store_001,1005,Mango_Alphonso,Fruit,114,1,114,0,lb
30-05-2025,Giant_Store_001,1005,Mango_Alphonso,Fruit,77,1,77,0,lb
31-05-2025,Giant_Store_001,1005,Mango_Alphonso,Fruit,125,1,125,0,lb
01-06-2025,Giant_Store_001,1005,Mango_Alphonso,Fruit,136,1,136,0,lb
02-06-2025,Giant_Store_001,1005,Mango_Alphonso,Fruit,107,1,107,0,lb
03-06-2025,Giant_Store_001,1005,Mango_Alphonso,Fruit,97,1,97,0,lb
04-06-2025,Giant_Store_001,1005,Mango_Alphonso,Fruit,112,1,112,0,lb
05-06-2025,Giant_Store_001,1005,Mango_Alphonso,Fruit,132,1,132,0,lb
06-06-2025,Giant_Store_001,1005,Mango_Alphonso,Fruit,118,1,118,0,lb
07-06-2025,Giant_Store_001,1005,Mango_Alphonso,Fruit,159,1,159,0,lb
08-06-2025,Giant_Store_001,1005,Mango_Alphonso,Fruit,168,1,168,0,lb
09-06-2025,Giant_Store_001,1005,Mango_Alphonso,Fruit,126,1,126,0,lb
10-06-2025,Giant_Store_001,1005,Mango_Alphonso,Fruit,132,1,132,0,lb
11-06-2025,Giant_Store_001,1005,Mango_Alphonso,Fruit,71,1,71,0,lb
12-06-2025,Giant_Store_001,1005,Mango_Alphonso,Fruit,112,1,112,0,lb
13-06-2025,Giant_Store_001,1005,Mango_Alphonso,Fruit,91,1,91,0,lb
14-06-2025,Giant_Store_001,1005,Mango_Alphonso,Fruit,151,1,151,0,lb
15-06-2025,Giant_Store_001,1005,Mango_Alphonso,Fruit,155,1,155,0,lb
16-06-2025,Giant_Store_001,1005,Mango_Alphonso,Fruit,92,1,92,0,lb
17-06-2025,Giant_Store_001,1005,Mango_Alphonso,Fruit,125,1,125,0,lb
18-06-2025,Giant_Store_001,1005,Mango_Alphonso,Fruit,108,1,108,0,lb
19-06-2025,Giant_Store_001,1005,Mango_Alphonso,Fruit,109,1,109,0,lb
20-06-2025,Giant_Store_001,1005,Mango_Alphonso,Fruit,125,1,125,0,lb
21-06-2025,Giant_Store_001,1005,Mango_Alphonso,Fruit,117,1,117,0,lb
22-06-2025,Giant_Store_001,1005,Mango_Alphonso,Fruit,156,1,156,0,lb
23-06-2025,Giant_Store_001,1005,Mango_Alphonso,Fruit,94,1,94,0,lb
24-06-2025,Giant_Store_001,1005,Mango_Alphonso,Fruit,108,1,108,0,lb
25-06-2025,Giant_Store_001,1005,Mango_Alphonso,Fruit,94,1,94,0,lb
26-06-2025,Giant_Store_001,1005,Mango_Alphonso,Fruit,114,1,114,0,lb
27-06-2025,Giant_Store_001,1005,Mango_Alphonso,Fruit,113,1,113,0,lb
28-06-2025,Giant_Store_001,1005,Mango_Alphonso,Fruit,138,1,138,0,lb
29-06-2025,Giant_Store_001,1005,Mango_Alphonso,Fruit,169,0.88,148.72,1,lb
30-06-2025,Giant_Store_001,1005,Mango_Alphonso,Fruit,123,1,123,0,lb
01-07-2025,Giant_Store_001,1005,Mango_Alphonso,Fruit,52,1,52,0,lb
02-07-2025,Giant_Store_001,1005,Mango_Alphonso,Fruit,75,1,75,0,lb
03-07-2025,Giant_Store_001,1005,Mango_Alphonso,Fruit,92,1,92,0,lb
04-07-2025,Giant_Store_001,1005,Mango_Alphonso,Fruit,95,1,95,0,lb
05-07-2025,Giant_Store_001,1005,Mango_Alphonso,Fruit,101,1,101,0,lb
06-07-2025,Giant_Store_001,1005,Mango_Alphonso,Fruit,101,1,101,0,lb
07-07-2025,Giant_Store_001,1005,Mango_Alphonso,Fruit,63,1,63,0,lb
08-07-2025,Giant_Store_001,1005,Mango_Alphonso,Fruit,66,1,66,0,lb
09-07-2025,Giant_Store_001,1005,Mango_Alphonso,Fruit,50,1,50,0,lb
10-07-2025,Giant_Store_001,1005,Mango_Alphonso,Fruit,83,1,83,0,lb
11-07-2025,Giant_Store_001,1005,Mango_Alphonso,Fruit,103,1,103,0,lb
12-07-2025,Giant_Store_001,1005,Mango_Alphonso,Fruit,119,1,119,0,lb
13-07-2025,Giant_Store_001,1005,Mango_Alphonso,Fruit,77,1,77,0,lb
14-07-2025,Giant_Store_001,1005,Mango_Alphonso,Fruit,65,1,65,0,lb
15-07-2025,Giant_Store_001,1005,Mango_Alphonso,Fruit,93,1,93,0,lb
16-07-2025,Giant_Store_001,1005,Mango_Alphonso,Fruit,105,0.88,92.4,1,lb
17-07-2025,Giant_Store_001,1005,Mango_Alphonso,Fruit,60,1,60,0,lb
18-07-2025,Giant_Store_001,1005,Mango_Alphonso,Fruit,68,1,68,0,lb
19-07-2025,Giant_Store_001,1005,Mango_Alphonso,Fruit,49,1,49,0,lb
20-07-2025,Giant_Store_001,1005,Mango_Alphonso,Fruit,99,1,99,0,lb
21-07-2025,Giant_Store_001,1005,Mango_Alphonso,Fruit,131,0.88,115.28,1,lb
22-07-2025,Giant_Store_001,1005,Mango_Alphonso,Fruit,80,1,80,0,lb
23-07-2025,Giant_Store_001,1005,Mango_Alphonso,Fruit,82,1,82,0,lb
24-07-2025,Giant_Store_001,1005,Mango_Alphonso,Fruit,109,1,109,0,lb
25-07-2025,Giant_Store_001,1005,Mango_Alphonso,Fruit,61,1,61,0,lb
26-07-2025,Giant_Store_001,1005,Mango_Alphonso,Fruit,121,1,121,0,lb
27-07-2025,Giant_Store_001,1005,Mango_Alphonso,Fruit,95,1,95,0,lb
28-07-2025,Giant_Store_001,1005,Mango_Alphonso,Fruit,68,1,68,0,lb
29-07-2025,Giant_Store_001,1005,Mango_Alphonso,Fruit,84,1,84,0,lb
30-07-2025,Giant_Store_001,1005,Mango_Alphonso,Fruit,70,1,70,0,lb
31-07-2025,Giant_Store_001,1005,Mango_Alphonso,Fruit,71,1,71,0,lb
01-08-2025,Giant_Store_001,1005,Mango_Alphonso,Fruit,92,1,92,0,lb
02-08-2025,Giant_Store_001,1005,Mango_Alphonso,Fruit,118,1,118,0,lb
03-08-2025,Giant_Store_001,1005,Mango_Alphonso,Fruit,99,1,99,0,lb
04-08-2025,Giant_Store_001,1005,Mango_Alphonso,Fruit,106,1,106,0,lb
05-08-2025,Giant_Store_001,1005,Mango_Alphonso,Fruit,73,1,73,0,lb
06-08-2025,Giant_Store_001,1005,Mango_Alphonso,Fruit,112,1,112,0,lb
07-08-2025,Giant_Store_001,1005,Mango_Alphonso,Fruit,99,1,99,0,lb
08-08-2025,Giant_Store_001,1005,Mango_Alphonso,Fruit,99,1,99,0,lb
09-08-2025,Giant_Store_001,1005,Mango_Alphonso,Fruit,112,1,112,0,lb
10-08-2025,Giant_Store_001,1005,Mango_Alphonso,Fruit,108,1,108,0,lb
11-08-2025,Giant_Store_001,1005,Mango_Alphonso,Fruit,82,1,82,0,lb
12-08-2025,Giant_Store_001,1005,Mango_Alphonso,Fruit,97,1,97,0,lb
13-08-2025,Giant_Store_001,1005,Mango_Alphonso,Fruit,95,1,95,0,lb
14-08-2025,Giant_Store_001,1005,Mango_Alphonso,Fruit,85,1,85,0,lb
15-08-2025,Giant_Store_001,1005,Mango_Alphonso,Fruit,73,1,73,0,lb
16-08-2025,Giant_Store_001,1005,Mango_Alphonso,Fruit,72,1,72,0,lb
17-08-2025,Giant_Store_001,1005,Mango_Alphonso,Fruit,112,1,112,0,lb
18-08-2025,Giant_Store_001,1005,Mango_Alphonso,Fruit,80,1,80,0,lb
19-08-2025,Giant_Store_001,1005,Mango_Alphonso,Fruit,90,1,90,0,lb
20-08-2025,Giant_Store_001,1005,Mango_Alphonso,Fruit,93,1,93,0,lb
21-08-2025,Giant_Store_001,1005,Mango_Alphonso,Fruit,46,1,46,0,lb
22-08-2025,Giant_Store_001,1005,Mango_Alphonso,Fruit,71,1,71,0,lb
23-08-2025,Giant_Store_001,1005,Mango_Alphonso,Fruit,92,1,92,0,lb
24-08-2025,Giant_Store_001,1005,Mango_Alphonso,Fruit,102,0.88,89.76,1,lb
25-08-2025,Giant_Store_001,1005,Mango_Alphonso,Fruit,85,1,85,0,lb
26-08-2025,Giant_Store_001,1005,Mango_Alphonso,Fruit,89,1,89,0,lb
27-08-2025,Giant_Store_001,1005,Mango_Alphonso,Fruit,82,1,82,0,lb
28-08-2025,Giant_Store_001,1005,Mango_Alphonso,Fruit,59,1,59,0,lb
29-08-2025,Giant_Store_001,1005,Mango_Alphonso,Fruit,87,1,87,0,lb
30-08-2025,Giant_Store_001,1005,Mango_Alphonso,Fruit,91,1,91,0,lb
31-08-2025,Giant_Store_001,1005,Mango_Alphonso,Fruit,89,1,89,0,lb
01-09-2025,Giant_Store_001,1005,Mango_Alphonso,Fruit,82,1,82,0,lb
02-09-2025,Giant_Store_001,1005,Mango_Alphonso,Fruit,89,1,89,0,lb
03-09-2025,Giant_Store_001,1005,Mango_Alphonso,Fruit,76,1,76,0,lb
04-09-2025,Giant_Store_001,1005,Mango_Alphonso,Fruit,63,1,63,0,lb
05-09-2025,Giant_Store_001,1005,Mango_Alphonso,Fruit,66,1,66,0,lb
06-09-2025,Giant_Store_001,1005,Mango_Alphonso,Fruit,98,1,98,0,lb
07-09-2025,Giant_Store_001,1005,Mango_Alphonso,Fruit,61,1,61,0,lb
08-09-2025,Giant_Store_001,1005,Mango_Alphonso,Fruit,102,1,102,0,lb
09-09-2025,Giant_Store_001,1005,Mango_Alphonso,Fruit,69,1,69,0,lb
10-09-2025,Giant_Store_001,1005,Mango_Alphonso,Fruit,93,0.88,81.84,1,lb
11-09-2025,Giant_Store_001,1005,Mango_Alphonso,Fruit,44,1,44,0,lb
12-09-2025,Giant_Store_001,1005,Mango_Alphonso,Fruit,68,1,68,0,lb
13-09-2025,Giant_Store_001,1005,Mango_Alphonso,Fruit,72,1,72,0,lb
14-09-2025,Giant_Store_001,1005,Mango_Alphonso,Fruit,103,1,103,0,lb
15-09-2025,Giant_Store_001,1005,Mango_Alphonso,Fruit,74,1,74,0,lb
16-09-2025,Giant_Store_001,1005,Mango_Alphonso,Fruit,46,1,46,0,lb
17-09-2025,Giant_Store_001,1005,Mango_Alphonso,Fruit,74,1,74,0,lb
18-09-2025,Giant_Store_001,1005,Mango_Alphonso,Fruit,79,1,79,0,lb
19-09-2025,Giant_Store_001,1005,Mango_Alphonso,Fruit,77,1,77,0,lb
20-09-2025,Giant_Store_001,1005,Mango_Alphonso,Fruit,93,1,93,0,lb
21-09-2025,Giant_Store_001,1005,Mango_Alphonso,Fruit,106,1,106,0,lb
22-09-2025,Giant_Store_001,1005,Mango_Alphonso,Fruit,64,1,64,0,lb
23-09-2025,Giant_Store_001,1005,Mango_Alphonso,Fruit,92,0.88,80.96,1,lb
24-09-2025,Giant_Store_001,1005,Mango_Alphonso,Fruit,56,1,56,0,lb
25-09-2025,Giant_Store_001,1005,Mango_Alphonso,Fruit,98,1,98,0,lb
26-09-2025,Giant_Store_001,1005,Mango_Alphonso,Fruit,54,1,54,0,lb
27-09-2025,Giant_Store_001,1005,Mango_Alphonso,Fruit,96,1,96,0,lb
28-09-2025,Giant_Store_001,1005,Mango_Alphonso,Fruit,78,1,78,0,lb
29-09-2025,Giant_Store_001,1005,Mango_Alphonso,Fruit,68,1,68,0,lb
30-09-2025,Giant_Store_001,1005,Mango_Alphonso,Fruit,39,1,39,0,lb
01-10-2025,Giant_Store_001,1005,Mango_Alphonso,Fruit,77,1,77,0,lb
02-10-2025,Giant_Store_001,1005,Mango_Alphonso,Fruit,97,1,97,0,lb
03-10-2025,Giant_Store_001,1005,Mango_Alphonso,Fruit,77,1,77,0,lb
04-10-2025,Giant_Store_001,1005,Mango_Alphonso,Fruit,43,1,43,0,lb
05-10-2025,Giant_Store_001,1005,Mango_Alphonso,Fruit,125,0.88,110,1,lb
06-10-2025,Giant_Store_001,1005,Mango_Alphonso,Fruit,69,0.88,60.72,1,lb
07-10-2025,Giant_Store_001,1005,Mango_Alphonso,Fruit,54,1,54,0,lb
08-10-2025,Giant_Store_001,1005,Mango_Alphonso,Fruit,77,1,77,0,lb
09-10-2025,Giant_Store_001,1005,Mango_Alphonso,Fruit,74,1,74,0,lb
10-10-2025,Giant_Store_001,1005,Mango_Alphonso,Fruit,78,1,78,0,lb
11-10-2025,Giant_Store_001,1005,Mango_Alphonso,Fruit,93,1,93,0,lb
12-10-2025,Giant_Store_001,1005,Mango_Alphonso,Fruit,86,1,86,0,lb
13-10-2025,Giant_Store_001,1005,Mango_Alphonso,Fruit,78,1,78,0,lb
14-10-2024,Giant_Store_001,1006,Pears,Fruit,73,2.49,181.77,0,lb
15-10-2024,Giant_Store_001,1006,Pears,Fruit,122,2.49,303.78,0,lb
16-10-2024,Giant_Store_001,1006,Pears,Fruit,77,2.49,191.73,0,lb
17-10-2024,Giant_Store_001,1006,Pears,Fruit,110,2.49,273.9,0,lb
18-10-2024,Giant_Store_001,1006,Pears,Fruit,128,2.49,318.72,0,lb
19-10-2024,Giant_Store_001,1006,Pears,Fruit,103,2.49,256.47,0,lb
20-10-2024,Giant_Store_001,1006,Pears,Fruit,147,2.49,366.03,0,lb
21-10-2024,Giant_Store_001,1006,Pears,Fruit,115,2.49,286.35,0,lb
22-10-2024,Giant_Store_001,1006,Pears,Fruit,105,2.49,261.45,0,lb
23-10-2024,Giant_Store_001,1006,Pears,Fruit,68,2.49,169.32,0,lb
24-10-2024,Giant_Store_001,1006,Pears,Fruit,110,2.49,273.9,0,lb
25-10-2024,Giant_Store_001,1006,Pears,Fruit,106,2.49,263.94,0,lb
26-10-2024,Giant_Store_001,1006,Pears,Fruit,149,2.49,371.01,0,lb
27-10-2024,Giant_Store_001,1006,Pears,Fruit,103,2.49,256.47,0,lb
28-10-2024,Giant_Store_001,1006,Pears,Fruit,127,2.49,316.23,0,lb
29-10-2024,Giant_Store_001,1006,Pears,Fruit,105,2.49,261.45,0,lb
30-10-2024,Giant_Store_001,1006,Pears,Fruit,101,2.49,251.49,0,lb
31-10-2024,Giant_Store_001,1006,Pears,Fruit,173,2.19,379.08,1,lb
01-11-2024,Giant_Store_001,1006,Pears,Fruit,122,2.49,303.78,0,lb
02-11-2024,Giant_Store_001,1006,Pears,Fruit,152,2.49,378.48,0,lb
03-11-2024,Giant_Store_001,1006,Pears,Fruit,109,2.49,271.41,0,lb
04-11-2024,Giant_Store_001,1006,Pears,Fruit,113,2.49,281.37,0,lb
05-11-2024,Giant_Store_001,1006,Pears,Fruit,73,2.49,181.77,0,lb
06-11-2024,Giant_Store_001,1006,Pears,Fruit,90,2.49,224.1,0,lb
07-11-2024,Giant_Store_001,1006,Pears,Fruit,92,2.49,229.08,0,lb
08-11-2024,Giant_Store_001,1006,Pears,Fruit,117,2.49,291.33,0,lb
09-11-2024,Giant_Store_001,1006,Pears,Fruit,155,2.49,385.95,0,lb
10-11-2024,Giant_Store_001,1006,Pears,Fruit,129,2.49,321.21,0,lb
11-11-2024,Giant_Store_001,1006,Pears,Fruit,98,2.49,244.02,0,lb
12-11-2024,Giant_Store_001,1006,Pears,Fruit,118,2.49,293.82,0,lb
13-11-2024,Giant_Store_001,1006,Pears,Fruit,105,2.49,261.45,0,lb
14-11-2024,Giant_Store_001,1006,Pears,Fruit,105,2.49,261.45,0,lb
15-11-2024,Giant_Store_001,1006,Pears,Fruit,91,2.49,226.59,0,lb
16-11-2024,Giant_Store_001,1006,Pears,Fruit,132,2.49,328.68,0,lb
17-11-2024,Giant_Store_001,1006,Pears,Fruit,105,2.49,261.45,0,lb
18-11-2024,Giant_Store_001,1006,Pears,Fruit,93,2.49,231.57,0,lb
19-11-2024,Giant_Store_001,1006,Pears,Fruit,130,2.49,323.7,0,lb
20-11-2024,Giant_Store_001,1006,Pears,Fruit,100,2.49,249,0,lb
21-11-2024,Giant_Store_001,1006,Pears,Fruit,116,2.49,288.84,0,lb
22-11-2024,Giant_Store_001,1006,Pears,Fruit,93,2.49,231.57,0,lb
23-11-2024,Giant_Store_001,1006,Pears,Fruit,162,2.49,403.38,0,lb
24-11-2024,Giant_Store_001,1006,Pears,Fruit,124,2.49,308.76,0,lb
25-11-2024,Giant_Store_001,1006,Pears,Fruit,130,2.49,323.7,0,lb
26-11-2024,Giant_Store_001,1006,Pears,Fruit,88,2.49,219.12,0,lb
27-11-2024,Giant_Store_001,1006,Pears,Fruit,95,2.49,236.55,0,lb
28-11-2024,Giant_Store_001,1006,Pears,Fruit,98,2.49,244.02,0,lb
29-11-2024,Giant_Store_001,1006,Pears,Fruit,95,2.49,236.55,0,lb
30-11-2024,Giant_Store_001,1006,Pears,Fruit,149,2.49,371.01,0,lb
01-12-2024,Giant_Store_001,1006,Pears,Fruit,149,2.49,371.01,0,lb
02-12-2024,Giant_Store_001,1006,Pears,Fruit,108,2.49,268.92,0,lb
03-12-2024,Giant_Store_001,1006,Pears,Fruit,116,2.49,288.84,0,lb
04-12-2024,Giant_Store_001,1006,Pears,Fruit,153,2.49,380.97,0,lb
05-12-2024,Giant_Store_001,1006,Pears,Fruit,111,2.49,276.39,0,lb
06-12-2024,Giant_Store_001,1006,Pears,Fruit,118,2.49,293.82,0,lb
07-12-2024,Giant_Store_001,1006,Pears,Fruit,111,2.49,276.39,0,lb
08-12-2024,Giant_Store_001,1006,Pears,Fruit,116,2.49,288.84,0,lb
09-12-2024,Giant_Store_001,1006,Pears,Fruit,80,2.49,199.2,0,lb
10-12-2024,Giant_Store_001,1006,Pears,Fruit,143,2.19,313.34,1,lb
11-12-2024,Giant_Store_001,1006,Pears,Fruit,104,2.49,258.96,0,lb
12-12-2024,Giant_Store_001,1006,Pears,Fruit,74,2.49,184.26,0,lb
13-12-2024,Giant_Store_001,1006,Pears,Fruit,107,2.49,266.43,0,lb
14-12-2024,Giant_Store_001,1006,Pears,Fruit,138,2.49,343.62,0,lb
15-12-2024,Giant_Store_001,1006,Pears,Fruit,153,2.49,380.97,0,lb
16-12-2024,Giant_Store_001,1006,Pears,Fruit,97,2.49,241.53,0,lb
17-12-2024,Giant_Store_001,1006,Pears,Fruit,158,2.19,346.21,1,lb
18-12-2024,Giant_Store_001,1006,Pears,Fruit,114,2.49,283.86,0,lb
19-12-2024,Giant_Store_001,1006,Pears,Fruit,114,2.49,283.86,0,lb
20-12-2024,Giant_Store_001,1006,Pears,Fruit,87,2.49,216.63,0,lb
21-12-2024,Giant_Store_001,1006,Pears,Fruit,126,2.49,313.74,0,lb
22-12-2024,Giant_Store_001,1006,Pears,Fruit,156,2.49,388.44,0,lb
23-12-2024,Giant_Store_001,1006,Pears,Fruit,119,2.49,296.31,0,lb
24-12-2024,Giant_Store_001,1006,Pears,Fruit,75,2.49,186.75,0,lb
25-12-2024,Giant_Store_001,1006,Pears,Fruit,115,2.49,286.35,0,lb
26-12-2024,Giant_Store_001,1006,Pears,Fruit,84,2.49,209.16,0,lb
27-12-2024,Giant_Store_001,1006,Pears,Fruit,72,2.49,179.28,0,lb
28-12-2024,Giant_Store_001,1006,Pears,Fruit,121,2.49,301.29,0,lb
29-12-2024,Giant_Store_001,1006,Pears,Fruit,137,2.49,341.13,0,lb
30-12-2024,Giant_Store_001,1006,Pears,Fruit,111,2.49,276.39,0,lb
31-12-2024,Giant_Store_001,1006,Pears,Fruit,101,2.19,221.31,1,lb
01-01-2025,Giant_Store_001,1006,Pears,Fruit,116,2.19,254.18,1,lb
02-01-2025,Giant_Store_001,1006,Pears,Fruit,134,2.49,333.66,0,lb
03-01-2025,Giant_Store_001,1006,Pears,Fruit,80,2.49,199.2,0,lb
04-01-2025,Giant_Store_001,1006,Pears,Fruit,114,2.49,283.86,0,lb
05-01-2025,Giant_Store_001,1006,Pears,Fruit,61,2.49,151.89,0,lb
06-01-2025,Giant_Store_001,1006,Pears,Fruit,138,2.49,343.62,0,lb
07-01-2025,Giant_Store_001,1006,Pears,Fruit,83,2.49,206.67,0,lb
08-01-2025,Giant_Store_001,1006,Pears,Fruit,86,2.49,214.14,0,lb
09-01-2025,Giant_Store_001,1006,Pears,Fruit,72,2.49,179.28,0,lb
10-01-2025,Giant_Store_001,1006,Pears,Fruit,100,2.49,249,0,lb
11-01-2025,Giant_Store_001,1006,Pears,Fruit,120,2.49,298.8,0,lb
12-01-2025,Giant_Store_001,1006,Pears,Fruit,162,2.49,403.38,0,lb
13-01-2025,Giant_Store_001,1006,Pears,Fruit,127,2.49,316.23,0,lb
14-01-2025,Giant_Store_001,1006,Pears,Fruit,141,2.49,351.09,0,lb
15-01-2025,Giant_Store_001,1006,Pears,Fruit,113,2.49,281.37,0,lb
16-01-2025,Giant_Store_001,1006,Pears,Fruit,82,2.49,204.18,0,lb
17-01-2025,Giant_Store_001,1006,Pears,Fruit,102,2.49,253.98,0,lb
18-01-2025,Giant_Store_001,1006,Pears,Fruit,108,2.49,268.92,0,lb
19-01-2025,Giant_Store_001,1006,Pears,Fruit,95,2.49,236.55,0,lb
20-01-2025,Giant_Store_001,1006,Pears,Fruit,136,2.49,338.64,0,lb
21-01-2025,Giant_Store_001,1006,Pears,Fruit,158,2.19,346.21,1,lb
22-01-2025,Giant_Store_001,1006,Pears,Fruit,114,2.49,283.86,0,lb
23-01-2025,Giant_Store_001,1006,Pears,Fruit,72,2.49,179.28,0,lb
24-01-2025,Giant_Store_001,1006,Pears,Fruit,108,2.49,268.92,0,lb
25-01-2025,Giant_Store_001,1006,Pears,Fruit,120,2.49,298.8,0,lb
26-01-2025,Giant_Store_001,1006,Pears,Fruit,132,2.49,328.68,0,lb
27-01-2025,Giant_Store_001,1006,Pears,Fruit,66,2.49,164.34,0,lb
28-01-2025,Giant_Store_001,1006,Pears,Fruit,113,2.49,281.37,0,lb
29-01-2025,Giant_Store_001,1006,Pears,Fruit,63,2.49,156.87,0,lb
30-01-2025,Giant_Store_001,1006,Pears,Fruit,100,2.49,249,0,lb
31-01-2025,Giant_Store_001,1006,Pears,Fruit,108,2.49,268.92,0,lb
01-02-2025,Giant_Store_001,1006,Pears,Fruit,147,2.49,366.03,0,lb
02-02-2025,Giant_Store_001,1006,Pears,Fruit,138,2.49,343.62,0,lb
03-02-2025,Giant_Store_001,1006,Pears,Fruit,114,2.49,283.86,0,lb
04-02-2025,Giant_Store_001,1006,Pears,Fruit,110,2.49,273.9,0,lb
05-02-2025,Giant_Store_001,1006,Pears,Fruit,87,2.49,216.63,0,lb
06-02-2025,Giant_Store_001,1006,Pears,Fruit,72,2.49,179.28,0,lb
07-02-2025,Giant_Store_001,1006,Pears,Fruit,125,2.49,311.25,0,lb
08-02-2025,Giant_Store_001,1006,Pears,Fruit,165,2.49,410.85,0,lb
09-02-2025,Giant_Store_001,1006,Pears,Fruit,124,2.49,308.76,0,lb
10-02-2025,Giant_Store_001,1006,Pears,Fruit,90,2.49,224.1,0,lb
11-02-2025,Giant_Store_001,1006,Pears,Fruit,89,2.19,195.02,1,lb
12-02-2025,Giant_Store_001,1006,Pears,Fruit,126,2.19,276.09,1,lb
13-02-2025,Giant_Store_001,1006,Pears,Fruit,88,2.49,219.12,0,lb
14-02-2025,Giant_Store_001,1006,Pears,Fruit,79,2.49,196.71,0,lb
15-02-2025,Giant_Store_001,1006,Pears,Fruit,158,2.49,393.42,0,lb
16-02-2025,Giant_Store_001,1006,Pears,Fruit,194,2.19,425.09,1,lb
17-02-2025,Giant_Store_001,1006,Pears,Fruit,155,2.19,339.64,1,lb
