retailaagetix_mvp-main/data/Historic Sales data giant_perishables_365_with_units.csv
date,store_id,sku_id,sku_name,category,units_sold,price_per_unit_usd,revenue_usd,promotion_flag,unit_of_measure
18-02-2025,Giant_Store_001,1006,Pears,Fruit,100,2.49,249,0,lb
19-02-2025,Giant_Store_001,1006,Pears,Fruit,85,2.49,211.65,0,lb
20-02-2025,Giant_Store_001,1006,Pears,Fruit,105,2.49,261.45,0,lb
21-02-2025,Giant_Store_001,1006,Pears,Fruit,104,2.49,258.96,0,lb
22-02-2025,Giant_Store_001,1006,Pears,Fruit,90,2.49,224.1,0,lb
23-02-2025,Giant_Store_001,1006,Pears,Fruit,144,2.49,358.56,0,lb
24-02-2025,Giant_Store_001,1006,Pears,Fruit,138,2.19,302.39,1,lb
25-02-2025,Giant_Store_001,1006,Pears,Fruit,104,2.49,258.96,0,lb
26-02-2025,Giant_Store_001,1006,Pears,Fruit,91,2.49,226.59,0,lb
27-02-2025,Giant_Store_001,1006,Pears,Fruit,65,2.49,161.85,0,lb
28-02-2025,Giant_Store_001,1006,Pears,Fruit,97,2.49,241.53,0,lb
01-03-2025,Giant_Store_001,1006,Pears,Fruit,144,2.49,358.56,0,lb
02-03-2025,Giant_Store_001,1006,Pears,Fruit,166,2.49,413.34,0,lb
03-03-2025,Giant_Store_001,1006,Pears,Fruit,134,2.49,333.66,0,lb
04-03-2025,Giant_Store_001,1006,Pears,Fruit,95,2.49,236.55,0,lb
05-03-2025,Giant_Store_001,1006,Pears,Fruit,136,2.19,298,1,lb
06-03-2025,Giant_Store_001,1006,Pears,Fruit,123,2.49,306.27,0,lb
07-03-2025,Giant_Store_001,1006,Pears,Fruit,88,2.49,219.12,0,lb
08-03-2025,Giant_Store_001,1006,Pears,Fruit,99,2.49,246.51,0,lb
09-03-2025,Giant_Store_001,1006,Pears,Fruit,132,2.49,328.68,0,lb
10-03-2025,Giant_Store_001,1006,Pears,Fruit,111,2.49,276.39,0,lb
11-03-2025,Giant_Store_001,1006,Pears,Fruit,103,2.49,256.47,0,lb
12-03-2025,Giant_Store_001,1006,Pears,Fruit,95,2.49,236.55,0,lb
13-03-2025,Giant_Store_001,1006,Pears,Fruit,110,2.49,273.9,0,lb
14-03-2025,Giant_Store_001,1006,Pears,Fruit,96,2.49,239.04,0,lb
15-03-2025,Giant_Store_001,1006,Pears,Fruit,126,2.49,313.74,0,lb
16-03-2025,Giant_Store_001,1006,Pears,Fruit,125,2.49,311.25,0,lb
17-03-2025,Giant_Store_001,1006,Pears,Fruit,107,2.49,266.43,0,lb
18-03-2025,Giant_Store_001,1006,Pears,Fruit,91,2.49,226.59,0,lb
19-03-2025,Giant_Store_001,1006,Pears,Fruit,106,2.49,263.94,0,lb
20-03-2025,Giant_Store_001,1006,Pears,Fruit,64,2.49,159.36,0,lb
21-03-2025,Giant_Store_001,1006,Pears,Fruit,86,2.49,214.14,0,lb
22-03-2025,Giant_Store_001,1006,Pears,Fruit,142,2.49,353.58,0,lb
23-03-2025,Giant_Store_001,1006,Pears,Fruit,121,2.49,301.29,0,lb
24-03-2025,Giant_Store_001,1006,Pears,Fruit,96,2.49,239.04,0,lb
25-03-2025,Giant_Store_001,1006,Pears,Fruit,121,2.49,301.29,0,lb
26-03-2025,Giant_Store_001,1006,Pears,Fruit,127,2.49,316.23,0,lb
27-03-2025,Giant_Store_001,1006,Pears,Fruit,117,2.49,291.33,0,lb
28-03-2025,Giant_Store_001,1006,Pears,Fruit,101,2.49,251.49,0,lb
29-03-2025,Giant_Store_001,1006,Pears,Fruit,119,2.49,296.31,0,lb
30-03-2025,Giant_Store_001,1006,Pears,Fruit,114,2.49,283.86,0,lb
31-03-2025,Giant_Store_001,1006,Pears,Fruit,107,2.49,266.43,0,lb
01-04-2025,Giant_Store_001,1006,Pears,Fruit,85,2.49,211.65,0,lb
02-04-2025,Giant_Store_001,1006,Pears,Fruit,119,2.49,296.31,0,lb
03-04-2025,Giant_Store_001,1006,Pears,Fruit,112,2.49,278.88,0,lb
04-04-2025,Giant_Store_001,1006,Pears,Fruit,96,2.49,239.04,0,lb
05-04-2025,Giant_Store_001,1006,Pears,Fruit,120,2.49,298.8,0,lb
06-04-2025,Giant_Store_001,1006,Pears,Fruit,120,2.49,298.8,0,lb
07-04-2025,Giant_Store_001,1006,Pears,Fruit,98,2.49,244.02,0,lb
08-04-2025,Giant_Store_001,1006,Pears,Fruit,104,2.49,258.96,0,lb
09-04-2025,Giant_Store_001,1006,Pears,Fruit,143,2.19,313.34,1,lb
10-04-2025,Giant_Store_001,1006,Pears,Fruit,131,2.49,326.19,0,lb
11-04-2025,Giant_Store_001,1006,Pears,Fruit,104,2.49,258.96,0,lb
12-04-2025,Giant_Store_001,1006,Pears,Fruit,118,2.49,293.82,0,lb
13-04-2025,Giant_Store_001,1006,Pears,Fruit,216,2.19,473.3,1,lb
14-04-2025,Giant_Store_001,1006,Pears,Fruit,101,2.49,251.49,0,lb
15-04-2025,Giant_Store_001,1006,Pears,Fruit,79,2.19,173.1,1,lb
16-04-2025,Giant_Store_001,1006,Pears,Fruit,132,2.49,328.68,0,lb
17-04-2025,Giant_Store_001,1006,Pears,Fruit,86,2.49,214.14,0,lb
18-04-2025,Giant_Store_001,1006,Pears,Fruit,110,2.49,273.9,0,lb
19-04-2025,Giant_Store_001,1006,Pears,Fruit,124,2.49,308.76,0,lb
20-04-2025,Giant_Store_001,1006,Pears,Fruit,128,2.49,318.72,0,lb
21-04-2025,Giant_Store_001,1006,Pears,Fruit,88,2.49,219.12,0,lb
22-04-2025,Giant_Store_001,1006,Pears,Fruit,84,2.49,209.16,0,lb
23-04-2025,Giant_Store_001,1006,Pears,Fruit,120,2.49,298.8,0,lb
24-04-2025,Giant_Store_001,1006,Pears,Fruit,103,2.49,256.47,0,lb
25-04-2025,Giant_Store_001,1006,Pears,Fruit,98,2.49,244.02,0,lb
26-04-2025,Giant_Store_001,1006,Pears,Fruit,123,2.49,306.27,0,lb
27-04-2025,Giant_Store_001,1006,Pears,Fruit,152,2.49,378.48,0,lb
28-04-2025,Giant_Store_001,1006,Pears,Fruit,86,2.49,214.14,0,lb
29-04-2025,Giant_Store_001,1006,Pears,Fruit,128,2.49,318.72,0,lb
30-04-2025,Giant_Store_001,1006,Pears,Fruit,107,2.49,266.43,0,lb
01-05-2025,Giant_Store_001,1006,Pears,Fruit,129,2.19,282.66,1,lb
02-05-2025,Giant_Store_001,1006,Pears,Fruit,92,2.49,229.08,0,lb
03-05-2025,Giant_Store_001,1006,Pears,Fruit,113,2.49,281.37,0,lb
04-05-2025,Giant_Store_001,1006,Pears,Fruit,112,2.49,278.88,0,lb
05-05-2025,Giant_Store_001,1006,Pears,Fruit,116,2.49,288.84,0,lb
06-05-2025,Giant_Store_001,1006,Pears,Fruit,82,2.49,204.18,0,lb
07-05-2025,Giant_Store_001,1006,Pears,Fruit,99,2.49,246.51,0,lb
08-05-2025,Giant_Store_001,1006,Pears,Fruit,105,2.49,261.45,0,lb
09-05-2025,Giant_Store_001,1006,Pears,Fruit,85,2.49,211.65,0,lb
10-05-2025,Giant_Store_001,1006,Pears,Fruit,98,2.49,244.02,0,lb
11-05-2025,Giant_Store_001,1006,Pears,Fruit,83,2.49,206.67,0,lb
12-05-2025,Giant_Store_001,1006,Pears,Fruit,142,2.19,311.15,1,lb
13-05-2025,Giant_Store_001,1006,Pears,Fruit,71,2.49,176.79,0,lb
14-05-2025,Giant_Store_001,1006,Pears,Fruit,135,2.49,336.15,0,lb
15-05-2025,Giant_Store_001,1006,Pears,Fruit,110,2.49,273.9,0,lb
16-05-2025,Giant_Store_001,1006,Pears,Fruit,93,2.19,203.78,1,lb
17-05-2025,Giant_Store_001,1006,Pears,Fruit,118,2.49,293.82,0,lb
18-05-2025,Giant_Store_001,1006,Pears,Fruit,118,2.49,293.82,0,lb
19-05-2025,Giant_Store_001,1006,Pears,Fruit,105,2.49,261.45,0,lb
20-05-2025,Giant_Store_001,1006,Pears,Fruit,95,2.49,236.55,0,lb
21-05-2025,Giant_Store_001,1006,Pears,Fruit,69,2.49,171.81,0,lb
22-05-2025,Giant_Store_001,1006,Pears,Fruit,75,2.49,186.75,0,lb
23-05-2025,Giant_Store_001,1006,Pears,Fruit,119,2.49,296.31,0,lb
24-05-2025,Giant_Store_001,1006,Pears,Fruit,116,2.49,288.84,0,lb
25-05-2025,Giant_Store_001,1006,Pears,Fruit,127,2.49,316.23,0,lb
26-05-2025,Giant_Store_001,1006,Pears,Fruit,117,2.49,291.33,0,lb
27-05-2025,Giant_Store_001,1006,Pears,Fruit,91,2.49,226.59,0,lb
28-05-2025,Giant_Store_001,1006,Pears,Fruit,67,2.49,166.83,0,lb
29-05-2025,Giant_Store_001,1006,Pears,Fruit,102,2.49,253.98,0,lb
30-05-2025,Giant_Store_001,1006,Pears,Fruit,106,2.49,263.94,0,lb
31-05-2025,Giant_Store_001,1006,Pears,Fruit,108,2.49,268.92,0,lb
01-06-2025,Giant_Store_001,1006,Pears,Fruit,115,2.49,286.35,0,lb
02-06-2025,Giant_Store_001,1006,Pears,Fruit,136,2.49,338.64,0,lb
03-06-2025,Giant_Store_001,1006,Pears,Fruit,126,2.49,313.74,0,lb
04-06-2025,Giant_Store_001,1006,Pears,Fruit,106,2.49,263.94,0,lb
05-06-2025,Giant_Store_001,1006,Pears,Fruit,90,2.49,224.1,0,lb
06-06-2025,Giant_Store_001,1006,Pears,Fruit,130,2.49,323.7,0,lb
07-06-2025,Giant_Store_001,1006,Pears,Fruit,139,2.49,346.11,0,lb
08-06-2025,Giant_Store_001,1006,Pears,Fruit,121,2.49,301.29,0,lb
09-06-2025,Giant_Store_001,1006,Pears,Fruit,128,2.49,318.72,0,lb
10-06-2025,Giant_Store_001,1006,Pears,Fruit,53,2.49,131.97,0,lb
11-06-2025,Giant_Store_001,1006,Pears,Fruit,113,2.49,281.37,0,lb
12-06-2025,Giant_Store_001,1006,Pears,Fruit,123,2.49,306.27,0,lb
13-06-2025,Giant_Store_001,1006,Pears,Fruit,128,2.49,318.72,0,lb
14-06-2025,Giant_Store_001,1006,Pears,Fruit,183,2.49,455.67,0,lb
15-06-2025,Giant_Store_001,1006,Pears,Fruit,101,2.49,251.49,0,lb
16-06-2025,Giant_Store_001,1006,Pears,Fruit,129,2.19,282.66,1,lb
17-06-2025,Giant_Store_001,1006,Pears,Fruit,134,2.49,333.66,0,lb
18-06-2025,Giant_Store_001,1006,Pears,Fruit,126,2.49,313.74,0,lb
19-06-2025,Giant_Store_001,1006,Pears,Fruit,136,2.49,338.64,0,lb
20-06-2025,Giant_Store_001,1006,Pears,Fruit,102,2.49,253.98,0,lb
21-06-2025,Giant_Store_001,1006,Pears,Fruit,143,2.49,356.07,0,lb
22-06-2025,Giant_Store_001,1006,Pears,Fruit,195,2.19,427.28,1,lb
23-06-2025,Giant_Store_001,1006,Pears,Fruit,124,2.49,308.76,0,lb
24-06-2025,Giant_Store_001,1006,Pears,Fruit,123,2.49,306.27,0,lb
25-06-2025,Giant_Store_001,1006,Pears,Fruit,132,2.49,328.68,0,lb
26-06-2025,Giant_Store_001,1006,Pears,Fruit,115,2.49,286.35,0,lb
27-06-2025,Giant_Store_001,1006,Pears,Fruit,130,2.49,323.7,0,lb
28-06-2025,Giant_Store_001,1006,Pears,Fruit,167,2.49,415.83,0,lb
29-06-2025,Giant_Store_001,1006,Pears,Fruit,143,2.49,356.07,0,lb
30-06-2025,Giant_Store_001,1006,Pears,Fruit,108,2.49,268.92,0,lb
01-07-2025,Giant_Store_001,1006,Pears,Fruit,118,2.49,293.82,0,lb
02-07-2025,Giant_Store_001,1006,Pears,Fruit,126,2.49,313.74,0,lb
03-07-2025,Giant_Store_001,1006,Pears,Fruit,177,2.49,440.73,0,lb
04-07-2025,Giant_Store_001,1006,Pears,Fruit,119,2.49,296.31,0,lb
05-07-2025,Giant_Store_001,1006,Pears,Fruit,128,2.49,318.72,0,lb
06-07-2025,Giant_Store_001,1006,Pears,Fruit,94,2.49,234.06,0,lb
07-07-2025,Giant_Store_001,1006,Pears,Fruit,133,2.49,331.17,0,lb
08-07-2025,Giant_Store_001,1006,Pears,Fruit,121,2.19,265.14,1,lb
09-07-2025,Giant_Store_001,1006,Pears,Fruit,170,2.49,423.3,0,lb
10-07-2025,Giant_Store_001,1006,Pears,Fruit,125,2.49,311.25,0,lb
11-07-2025,Giant_Store_001,1006,Pears,Fruit,155,2.49,385.95,0,lb
12-07-2025,Giant_Store_001,1006,Pears,Fruit,168,2.49,418.32,0,lb
13-07-2025,Giant_Store_001,1006,Pears,Fruit,141,2.49,351.09,0,lb
14-07-2025,Giant_Store_001,1006,Pears,Fruit,124,2.49,308.76,0,lb
15-07-2025,Giant_Store_001,1006,Pears,Fruit,97,2.49,241.53,0,lb
16-07-2025,Giant_Store_001,1006,Pears,Fruit,112,2.49,278.88,0,lb
17-07-2025,Giant_Store_001,1006,Pears,Fruit,80,2.49,199.2,0,lb
18-07-2025,Giant_Store_001,1006,Pears,Fruit,125,2.49,311.25,0,lb
19-07-2025,Giant_Store_001,1006,Pears,Fruit,104,2.49,258.96,0,lb
20-07-2025,Giant_Store_001,1006,Pears,Fruit,137,2.49,341.13,0,lb
21-07-2025,Giant_Store_001,1006,Pears,Fruit,132,2.49,328.68,0,lb
22-07-2025,Giant_Store_001,1006,Pears,Fruit,125,2.49,311.25,0,lb
23-07-2025,Giant_Store_001,1006,Pears,Fruit,95,2.49,236.55,0,lb
24-07-2025,Giant_Store_001,1006,Pears,Fruit,141,2.49,351.09,0,lb
25-07-2025,Giant_Store_001,1006,Pears,Fruit,118,2.49,293.82,0,lb
26-07-2025,Giant_Store_001,1006,Pears,Fruit,126,2.49,313.74,0,lb
27-07-2025,Giant_Store_001,1006,Pears,Fruit,104,2.49,258.96,0,lb
28-07-2025,Giant_Store_001,1006,Pears,Fruit,138,2.49,343.62,0,lb
29-07-2025,Giant_Store_001,1006,Pears,Fruit,190,2.19,416.33,1,lb
30-07-2025,Giant_Store_001,1006,Pears,Fruit,130,2.49,323.7,0,lb
31-07-2025,Giant_Store_001,1006,Pears,Fruit,116,2.49,288.84,0,lb
01-08-2025,Giant_Store_001,1006,Pears,Fruit,166,2.19,363.74,1,lb
02-08-2025,Giant_Store_001,1006,Pears,Fruit,164,2.49,408.36,0,lb
03-08-2025,Giant_Store_001,1006,Pears,Fruit,131,2.49,326.19,0,lb
04-08-2025,Giant_Store_001,1006,Pears,Fruit,107,2.49,266.43,0,lb
05-08-2025,Giant_Store_001,1006,Pears,Fruit,121,2.49,301.29,0,lb
06-08-2025,Giant_Store_001,1006,Pears,Fruit,140,2.19,306.77,1,lb
07-08-2025,Giant_Store_001,1006,Pears,Fruit,104,2.49,258.96,0,lb
08-08-2025,Giant_Store_001,1006,Pears,Fruit,122,2.49,303.78,0,lb
09-08-2025,Giant_Store_001,1006,Pears,Fruit,172,2.49,428.28,0,lb
10-08-2025,Giant_Store_001,1006,Pears,Fruit,171,2.49,425.79,0,lb
11-08-2025,Giant_Store_001,1006,Pears,Fruit,118,2.49,293.82,0,lb
12-08-2025,Giant_Store_001,1006,Pears,Fruit,115,2.49,286.35,0,lb
13-08-2025,Giant_Store_001,1006,Pears,Fruit,145,2.49,361.05,0,lb
14-08-2025,Giant_Store_001,1006,Pears,Fruit,128,2.49,318.72,0,lb
15-08-2025,Giant_Store_001,1006,Pears,Fruit,91,2.49,226.59,0,lb
16-08-2025,Giant_Store_001,1006,Pears,Fruit,121,2.49,301.29,0,lb
17-08-2025,Giant_Store_001,1006,Pears,Fruit,163,2.49,405.87,0,lb
18-08-2025,Giant_Store_001,1006,Pears,Fruit,136,2.49,338.64,0,lb
19-08-2025,Giant_Store_001,1006,Pears,Fruit,79,2.49,196.71,0,lb
20-08-2025,Giant_Store_001,1006,Pears,Fruit,114,2.49,283.86,0,lb
21-08-2025,Giant_Store_001,1006,Pears,Fruit,98,2.49,244.02,0,lb
22-08-2025,Giant_Store_001,1006,Pears,Fruit,121,2.49,301.29,0,lb
23-08-2025,Giant_Store_001,1006,Pears,Fruit,180,2.49,448.2,0,lb
24-08-2025,Giant_Store_001,1006,Pears,Fruit,114,2.49,283.86,0,lb
25-08-2025,Giant_Store_001,1006,Pears,Fruit,105,2.49,261.45,0,lb
26-08-2025,Giant_Store_001,1006,Pears,Fruit,152,2.19,333.06,1,lb
27-08-2025,Giant_Store_001,1006,Pears,Fruit,92,2.49,229.08,0,lb
28-08-2025,Giant_Store_001,1006,Pears,Fruit,79,2.49,196.71,0,lb
29-08-2025,Giant_Store_001,1006,Pears,Fruit,99,2.49,246.51,0,lb
30-08-2025,Giant_Store_001,1006,Pears,Fruit,269,2.19,589.43,1,lb
31-08-2025,Giant_Store_001,1006,Pears,Fruit,138,2.49,343.62,0,lb
01-09-2025,Giant_Store_001,1006,Pears,Fruit,96,2.49,239.04,0,lb
02-09-2025,Giant_Store_001,1006,Pears,Fruit,113,2.49,281.37,0,lb
03-09-2025,Giant_Store_001,1006,Pears,Fruit,99,2.49,246.51,0,lb
04-09-2025,Giant_Store_001,1006,Pears,Fruit,127,2.49,316.23,0,lb
05-09-2025,Giant_Store_001,1006,Pears,Fruit,105,2.49,261.45,0,lb
06-09-2025,Giant_Store_001,1006,Pears,Fruit,110,2.49,273.9,0,lb
07-09-2025,Giant_Store_001,1006,Pears,Fruit,143,2.49,356.07,0,lb
08-09-2025,Giant_Store_001,1006,Pears,Fruit,78,2.49,194.22,0,lb
09-09-2025,Giant_Store_001,1006,Pears,Fruit,94,2.49,234.06,0,lb
10-09-2025,Giant_Store_001,1006,Pears,Fruit,84,2.49,209.16,0,lb
11-09-2025,Giant_Store_001,1006,Pears,Fruit,81,2.49,201.69,0,lb
12-09-2025,Giant_Store_001,1006,Pears,Fruit,122,2.49,303.78,0,lb
13-09-2025,Giant_Store_001,1006,Pears,Fruit,147,2.49,366.03,0,lb
14-09-2025,Giant_Store_001,1006,Pears,Fruit,132,2.49,328.68,0,lb
15-09-2025,Giant_Store_001,1006,Pears,Fruit,182,2.19,398.8,1,lb
16-09-2025,Giant_Store_001,1006,Pears,Fruit,87,2.49,216.63,0,lb
17-09-2025,Giant_Store_001,1006,Pears,Fruit,114,2.49,283.86,0,lb
18-09-2025,Giant_Store_001,1006,Pears,Fruit,126,2.49,313.74,0,lb
19-09-2025,Giant_Store_001,1006,Pears,Fruit,104,2.49,258.96,0,lb
20-09-2025,Giant_Store_001,1006,Pears,Fruit,125,2.49,311.25,0,lb
21-09-2025,Giant_Store_001,1006,Pears,Fruit,113,2.49,281.37,0,lb
22-09-2025,Giant_Store_001,1006,Pears,Fruit,114,2.49,283.86,0,lb
23-09-2025,Giant_Store_001,1006,Pears,Fruit,75,2.49,186.75,0,lb
24-09-2025,Giant_Store_001,1006,Pears,Fruit,69,2.49,171.81,0,lb
25-09-2025,Giant_Store_001,1006,Pears,Fruit,110,2.49,273.9,0,lb
26-09-2025,Giant_Store_001,1006,Pears,Fruit,86,2.49,214.14,0,lb
27-09-2025,Giant_Store_001,1006,Pears,Fruit,110,2.49,273.9,0,lb
28-09-2025,Giant_Store_001,1006,Pears,Fruit,104,2.49,258.96,0,lb
29-09-2025,Giant_Store_001,1006,Pears,Fruit,143,2.19,313.34,1,lb
30-09-2025,Giant_Store_001,1006,Pears,Fruit,103,2.49,256.47,0,lb
01-10-2025,Giant_Store_001,1006,Pears,Fruit,82,2.49,204.18,0,lb
02-10-2025,Giant_Store_001,1006,Pears,Fruit,103,2.49,256.47,0,lb
03-10-2025,Giant_Store_001,1006,Pears,Fruit,104,2.49,258.96,0,lb
04-10-2025,Giant_Store_001,1006,Pears,Fruit,120,2.49,298.8,0,lb
05-10-2025,Giant_Store_001,1006,Pears,Fruit,149,2.49,371.01,0,lb
06-10-2025,Giant_Store_001,1006,Pears,Fruit,98,2.49,244.02,0,lb
07-10-2025,Giant_Store_001,1006,Pears,Fruit,109,2.49,271.41,0,lb
08-10-2025,Giant_Store_001,1006,Pears,Fruit,99,2.49,246.51,0,lb
09-10-2025,Giant_Store_001,1006,Pears,Fruit,104,2.49,258.96,0,lb
10-10-2025,Giant_Store_001,1006,Pears,Fruit,98,2.49,244.02,0,lb
11-10-2025,Giant_Store_001,1006,Pears,Fruit,104,2.49,258.96,0,lb
12-10-2025,Giant_Store_001,1006,Pears,Fruit,117,2.49,291.33,0,lb
13-10-2025,Giant_Store_001,1006,Pears,Fruit,120,2.49,298.8,0,lb
14-10-2024,Giant_Store_001,1007,Pineapple,Fruit,88,1.18,103.84,0,lb
15-10-2024,Giant_Store_001,1007,Pineapple,Fruit,102,1.04,105.92,1,lb
16-10-2024,Giant_Store_001,1007,Pineapple,Fruit,73,1.18,86.14,0,lb
17-10-2024,Giant_Store_001,1007,Pineapple,Fruit,53,1.18,62.54,0,lb
18-10-2024,Giant_Store_001,1007,Pineapple,Fruit,73,1.18,86.14,0,lb
19-10-2024,Giant_Store_001,1007,Pineapple,Fruit,71,1.18,83.78,0,lb
20-10-2024,Giant_Store_001,1007,Pineapple,Fruit,83,1.18,97.94,0,lb
21-10-2024,Giant_Store_001,1007,Pineapple,Fruit,73,1.18,86.14,0,lb
22-10-2024,Giant_Store_001,1007,Pineapple,Fruit,62,1.18,73.16,0,lb
23-10-2024,Giant_Store_001,1007,Pineapple,Fruit,72,1.18,84.96,0,lb
24-10-2024,Giant_Store_001,1007,Pineapple,Fruit,88,1.04,91.38,1,lb
25-10-2024,Giant_Store_001,1007,Pineapple,Fruit,72,1.18,84.96,0,lb
26-10-2024,Giant_Store_001,1007,Pineapple,Fruit,120,1.18,141.6,0,lb
27-10-2024,Giant_Store_001,1007,Pineapple,Fruit,101,1.18,119.18,0,lb
28-10-2024,Giant_Store_001,1007,Pineapple,Fruit,66,1.18,77.88,0,lb
29-10-2024,Giant_Store_001,1007,Pineapple,Fruit,124,1.04,128.76,1,lb
30-10-2024,Giant_Store_001,1007,Pineapple,Fruit,80,1.18,94.4,0,lb
31-10-2024,Giant_Store_001,1007,Pineapple,Fruit,62,1.18,73.16,0,lb
01-11-2024,Giant_Store_001,1007,Pineapple,Fruit,61,1.18,71.98,0,lb
02-11-2024,Giant_Store_001,1007,Pineapple,Fruit,102,1.18,120.36,0,lb
03-11-2024,Giant_Store_001,1007,Pineapple,Fruit,89,1.18,105.02,0,lb
04-11-2024,Giant_Store_001,1007,Pineapple,Fruit,56,1.18,66.08,0,lb
05-11-2024,Giant_Store_001,1007,Pineapple,Fruit,70,1.18,82.6,0,lb
06-11-2024,Giant_Store_001,1007,Pineapple,Fruit,64,1.18,75.52,0,lb
07-11-2024,Giant_Store_001,1007,Pineapple,Fruit,81,1.04,84.11,1,lb
08-11-2024,Giant_Store_001,1007,Pineapple,Fruit,67,1.18,79.06,0,lb
09-11-2024,Giant_Store_001,1007,Pineapple,Fruit,88,1.18,103.84,0,lb
10-11-2024,Giant_Store_001,1007,Pineapple,Fruit,112,1.18,132.16,0,lb
11-11-2024,Giant_Store_001,1007,Pineapple,Fruit,83,1.18,97.94,0,lb
12-11-2024,Giant_Store_001,1007,Pineapple,Fruit,69,1.18,81.42,0,lb
13-11-2024,Giant_Store_001,1007,Pineapple,Fruit,48,1.18,56.64,0,lb
14-11-2024,Giant_Store_001,1007,Pineapple,Fruit,81,1.04,84.11,1,lb
15-11-2024,Giant_Store_001,1007,Pineapple,Fruit,69,1.18,81.42,0,lb
16-11-2024,Giant_Store_001,1007,Pineapple,Fruit,91,1.04,94.49,1,lb
17-11-2024,Giant_Store_001,1007,Pineapple,Fruit,82,1.18,96.76,0,lb
