retailaagetix_mvp-main/data/Historic Sales data giant_perishables_365_with_units.csv
date,store_id,sku_id,sku_name,category,units_sold,price_per_unit_usd,revenue_usd,promotion_flag,unit_of_measure
18-11-2024,Giant_Store_001,1007,Pineapple,Fruit,77,1.18,90.86,0,lb
19-11-2024,Giant_Store_001,1007,Pineapple,Fruit,77,1.18,90.86,0,lb
20-11-2024,Giant_Store_001,1007,Pineapple,Fruit,83,1.04,86.19,1,lb
21-11-2024,Giant_Store_001,1007,Pineapple,Fruit,68,1.18,80.24,0,lb
22-11-2024,Giant_Store_001,1007,Pineapple,Fruit,68,1.18,80.24,0,lb
23-11-2024,Giant_Store_001,1007,Pineapple,Fruit,107,1.18,126.26,0,lb
24-11-2024,Giant_Store_001,1007,Pineapple,Fruit,95,1.18,112.1,0,lb
25-11-2024,Giant_Store_001,1007,Pineapple,Fruit,60,1.18,70.8,0,lb
26-11-2024,Giant_Store_001,1007,Pineapple,Fruit,70,1.18,82.6,0,lb
27-11-2024,Giant_Store_001,1007,Pineapple,Fruit,72,1.18,84.96,0,lb
28-11-2024,Giant_Store_001,1007,Pineapple,Fruit,101,1.04,104.88,1,lb
29-11-2024,Giant_Store_001,1007,Pineapple,Fruit,64,1.18,75.52,0,lb
30-11-2024,Giant_Store_001,1007,Pineapple,Fruit,99,1.18,116.82,0,lb
01-12-2024,Giant_Store_001,1007,Pineapple,Fruit,81,1.18,95.58,0,lb
02-12-2024,Giant_Store_001,1007,Pineapple,Fruit,46,1.18,54.28,0,lb
03-12-2024,Giant_Store_001,1007,Pineapple,Fruit,86,1.18,101.48,0,lb
04-12-2024,Giant_Store_001,1007,Pineapple,Fruit,74,1.18,87.32,0,lb
05-12-2024,Giant_Store_001,1007,Pineapple,Fruit,71,1.18,83.78,0,lb
06-12-2024,Giant_Store_001,1007,Pineapple,Fruit,83,1.18,97.94,0,lb
07-12-2024,Giant_Store_001,1007,Pineapple,Fruit,98,1.04,101.76,1,lb
08-12-2024,Giant_Store_001,1007,Pineapple,Fruit,84,1.04,87.23,1,lb
09-12-2024,Giant_Store_001,1007,Pineapple,Fruit,85,1.18,100.3,0,lb
10-12-2024,Giant_Store_001,1007,Pineapple,Fruit,83,1.18,97.94,0,lb
11-12-2024,Giant_Store_001,1007,Pineapple,Fruit,79,1.18,93.22,0,lb
12-12-2024,Giant_Store_001,1007,Pineapple,Fruit,62,1.18,73.16,0,lb
13-12-2024,Giant_Store_001,1007,Pineapple,Fruit,80,1.18,94.4,0,lb
14-12-2024,Giant_Store_001,1007,Pineapple,Fruit,108,1.18,127.44,0,lb
15-12-2024,Giant_Store_001,1007,Pineapple,Fruit,91,1.18,107.38,0,lb
16-12-2024,Giant_Store_001,1007,Pineapple,Fruit,75,1.18,88.5,0,lb
17-12-2024,Giant_Store_001,1007,Pineapple,Fruit,63,1.18,74.34,0,lb
18-12-2024,Giant_Store_001,1007,Pineapple,Fruit,75,1.18,88.5,0,lb
19-12-2024,Giant_Store_001,1007,Pineapple,Fruit,60,1.18,70.8,0,lb
20-12-2024,Giant_Store_001,1007,Pineapple,Fruit,80,1.18,94.4,0,lb
21-12-2024,Giant_Store_001,1007,Pineapple,Fruit,96,1.18,113.28,0,lb
22-12-2024,Giant_Store_001,1007,Pineapple,Fruit,80,1.18,94.4,0,lb
23-12-2024,Giant_Store_001,1007,Pineapple,Fruit,81,1.18,95.58,0,lb
24-12-2024,Giant_Store_001,1007,Pineapple,Fruit,94,1.04,97.61,1,lb
25-12-2024,Giant_Store_001,1007,Pineapple,Fruit,73,1.18,86.14,0,lb
26-12-2024,Giant_Store_001,1007,Pineapple,Fruit,72,1.18,84.96,0,lb
27-12-2024,Giant_Store_001,1007,Pineapple,Fruit,70,1.18,82.6,0,lb
28-12-2024,Giant_Store_001,1007,Pineapple,Fruit,80,1.18,94.4,0,lb
29-12-2024,Giant_Store_001,1007,Pineapple,Fruit,94,1.18,110.92,0,lb
30-12-2024,Giant_Store_001,1007,Pineapple,Fruit,81,1.18,95.58,0,lb
31-12-2024,Giant_Store_001,1007,Pineapple,Fruit,80,1.18,94.4,0,lb
01-01-2025,Giant_Store_001,1007,Pineapple,Fruit,58,1.18,68.44,0,lb
02-01-2025,Giant_Store_001,1007,Pineapple,Fruit,70,1.18,82.6,0,lb
03-01-2025,Giant_Store_001,1007,Pineapple,Fruit,62,1.18,73.16,0,lb
04-01-2025,Giant_Store_001,1007,Pineapple,Fruit,92,1.18,108.56,0,lb
05-01-2025,Giant_Store_001,1007,Pineapple,Fruit,67,1.18,79.06,0,lb
06-01-2025,Giant_Store_001,1007,Pineapple,Fruit,54,1.18,63.72,0,lb
07-01-2025,Giant_Store_001,1007,Pineapple,Fruit,64,1.18,75.52,0,lb
08-01-2025,Giant_Store_001,1007,Pineapple,Fruit,86,1.18,101.48,0,lb
09-01-2025,Giant_Store_001,1007,Pineapple,Fruit,73,1.18,86.14,0,lb
10-01-2025,Giant_Store_001,1007,Pineapple,Fruit,63,1.18,74.34,0,lb
11-01-2025,Giant_Store_001,1007,Pineapple,Fruit,96,1.18,113.28,0,lb
12-01-2025,Giant_Store_001,1007,Pineapple,Fruit,93,1.18,109.74,0,lb
13-01-2025,Giant_Store_001,1007,Pineapple,Fruit,105,1.18,123.9,0,lb
14-01-2025,Giant_Store_001,1007,Pineapple,Fruit,88,1.18,103.84,0,lb
15-01-2025,Giant_Store_001,1007,Pineapple,Fruit,74,1.18,87.32,0,lb
16-01-2025,Giant_Store_001,1007,Pineapple,Fruit,67,1.18,79.06,0,lb
17-01-2025,Giant_Store_001,1007,Pineapple,Fruit,80,1.18,94.4,0,lb
18-01-2025,Giant_Store_001,1007,Pineapple,Fruit,73,1.18,86.14,0,lb
19-01-2025,Giant_Store_001,1007,Pineapple,Fruit,86,1.18,101.48,0,lb
20-01-2025,Giant_Store_001,1007,Pineapple,Fruit,65,1.18,76.7,0,lb
21-01-2025,Giant_Store_001,1007,Pineapple,Fruit,61,1.18,71.98,0,lb
22-01-2025,Giant_Store_001,1007,Pineapple,Fruit,64,1.18,75.52,0,lb
23-01-2025,Giant_Store_001,1007,Pineapple,Fruit,67,1.18,79.06,0,lb
24-01-2025,Giant_Store_001,1007,Pineapple,Fruit,74,1.18,87.32,0,lb
25-01-2025,Giant_Store_001,1007,Pineapple,Fruit,60,1.18,70.8,0,lb
26-01-2025,Giant_Store_001,1007,Pineapple,Fruit,88,1.18,103.84,0,lb
27-01-2025,Giant_Store_001,1007,Pineapple,Fruit,74,1.18,87.32,0,lb
28-01-2025,Giant_Store_001,1007,Pineapple,Fruit,82,1.18,96.76,0,lb
29-01-2025,Giant_Store_001,1007,Pineapple,Fruit,59,1.18,69.62,0,lb
30-01-2025,Giant_Store_001,1007,Pineapple,Fruit,79,1.18,93.22,0,lb
31-01-2025,Giant_Store_001,1007,Pineapple,Fruit,64,1.18,75.52,0,lb
01-02-2025,Giant_Store_001,1007,Pineapple,Fruit,76,1.18,89.68,0,lb
02-02-2025,Giant_Store_001,1007,Pineapple,Fruit,82,1.18,96.76,0,lb
03-02-2025,Giant_Store_001,1007,Pineapple,Fruit,67,1.18,79.06,0,lb
04-02-2025,Giant_Store_001,1007,Pineapple,Fruit,60,1.18,70.8,0,lb
05-02-2025,Giant_Store_001,1007,Pineapple,Fruit,117,1.04,121.49,1,lb
06-02-2025,Giant_Store_001,1007,Pineapple,Fruit,71,1.18,83.78,0,lb
07-02-2025,Giant_Store_001,1007,Pineapple,Fruit,83,1.18,97.94,0,lb
08-02-2025,Giant_Store_001,1007,Pineapple,Fruit,126,1.04,130.84,1,lb
09-02-2025,Giant_Store_001,1007,Pineapple,Fruit,118,1.18,139.24,0,lb
10-02-2025,Giant_Store_001,1007,Pineapple,Fruit,86,1.18,101.48,0,lb
11-02-2025,Giant_Store_001,1007,Pineapple,Fruit,67,1.18,79.06,0,lb
12-02-2025,Giant_Store_001,1007,Pineapple,Fruit,64,1.18,75.52,0,lb
13-02-2025,Giant_Store_001,1007,Pineapple,Fruit,76,1.18,89.68,0,lb
14-02-2025,Giant_Store_001,1007,Pineapple,Fruit,75,1.18,88.5,0,lb
15-02-2025,Giant_Store_001,1007,Pineapple,Fruit,86,1.18,101.48,0,lb
16-02-2025,Giant_Store_001,1007,Pineapple,Fruit,114,1.18,134.52,0,lb
17-02-2025,Giant_Store_001,1007,Pineapple,Fruit,89,1.18,105.02,0,lb
18-02-2025,Giant_Store_001,1007,Pineapple,Fruit,73,1.18,86.14,0,lb
19-02-2025,Giant_Store_001,1007,Pineapple,Fruit,87,1.18,102.66,0,lb
20-02-2025,Giant_Store_001,1007,Pineapple,Fruit,64,1.18,75.52,0,lb
21-02-2025,Giant_Store_001,1007,Pineapple,Fruit,76,1.18,89.68,0,lb
22-02-2025,Giant_Store_001,1007,Pineapple,Fruit,88,1.18,103.84,0,lb
23-02-2025,Giant_Store_001,1007,Pineapple,Fruit,83,1.18,97.94,0,lb
24-02-2025,Giant_Store_001,1007,Pineapple,Fruit,59,1.18,69.62,0,lb
25-02-2025,Giant_Store_001,1007,Pineapple,Fruit,78,1.18,92.04,0,lb
26-02-2025,Giant_Store_001,1007,Pineapple,Fruit,58,1.18,68.44,0,lb
27-02-2025,Giant_Store_001,1007,Pineapple,Fruit,80,1.18,94.4,0,lb
28-02-2025,Giant_Store_001,1007,Pineapple,Fruit,70,1.18,82.6,0,lb
01-03-2025,Giant_Store_001,1007,Pineapple,Fruit,124,1.18,146.32,0,lb
02-03-2025,Giant_Store_001,1007,Pineapple,Fruit,133,1.04,138.11,1,lb
03-03-2025,Giant_Store_001,1007,Pineapple,Fruit,102,1.04,105.92,1,lb
04-03-2025,Giant_Store_001,1007,Pineapple,Fruit,76,1.18,89.68,0,lb
05-03-2025,Giant_Store_001,1007,Pineapple,Fruit,54,1.18,63.72,0,lb
06-03-2025,Giant_Store_001,1007,Pineapple,Fruit,49,1.18,57.82,0,lb
07-03-2025,Giant_Store_001,1007,Pineapple,Fruit,67,1.18,79.06,0,lb
08-03-2025,Giant_Store_001,1007,Pineapple,Fruit,92,1.18,108.56,0,lb
09-03-2025,Giant_Store_001,1007,Pineapple,Fruit,105,1.18,123.9,0,lb
10-03-2025,Giant_Store_001,1007,Pineapple,Fruit,65,1.18,76.7,0,lb
11-03-2025,Giant_Store_001,1007,Pineapple,Fruit,124,1.18,146.32,0,lb
12-03-2025,Giant_Store_001,1007,Pineapple,Fruit,62,1.18,73.16,0,lb
13-03-2025,Giant_Store_001,1007,Pineapple,Fruit,68,1.18,80.24,0,lb
14-03-2025,Giant_Store_001,1007,Pineapple,Fruit,71,1.18,83.78,0,lb
15-03-2025,Giant_Store_001,1007,Pineapple,Fruit,89,1.18,105.02,0,lb
16-03-2025,Giant_Store_001,1007,Pineapple,Fruit,100,1.04,103.84,1,lb
17-03-2025,Giant_Store_001,1007,Pineapple,Fruit,76,1.18,89.68,0,lb
18-03-2025,Giant_Store_001,1007,Pineapple,Fruit,73,1.18,86.14,0,lb
19-03-2025,Giant_Store_001,1007,Pineapple,Fruit,105,1.04,109.03,1,lb
20-03-2025,Giant_Store_001,1007,Pineapple,Fruit,49,1.18,57.82,0,lb
21-03-2025,Giant_Store_001,1007,Pineapple,Fruit,74,1.18,87.32,0,lb
22-03-2025,Giant_Store_001,1007,Pineapple,Fruit,57,1.18,67.26,0,lb
23-03-2025,Giant_Store_001,1007,Pineapple,Fruit,87,1.18,102.66,0,lb
24-03-2025,Giant_Store_001,1007,Pineapple,Fruit,76,1.18,89.68,0,lb
25-03-2025,Giant_Store_001,1007,Pineapple,Fruit,80,1.18,94.4,0,lb
26-03-2025,Giant_Store_001,1007,Pineapple,Fruit,68,1.18,80.24,0,lb
27-03-2025,Giant_Store_001,1007,Pineapple,Fruit,65,1.18,76.7,0,lb
28-03-2025,Giant_Store_001,1007,Pineapple,Fruit,56,1.18,66.08,0,lb
29-03-2025,Giant_Store_001,1007,Pineapple,Fruit,61,1.18,71.98,0,lb
30-03-2025,Giant_Store_001,1007,Pineapple,Fruit,90,1.18,106.2,0,lb
31-03-2025,Giant_Store_001,1007,Pineapple,Fruit,43,1.18,50.74,0,lb
01-04-2025,Giant_Store_001,1007,Pineapple,Fruit,54,1.04,56.07,1,lb
02-04-2025,Giant_Store_001,1007,Pineapple,Fruit,72,1.18,84.96,0,lb
03-04-2025,Giant_Store_001,1007,Pineapple,Fruit,58,1.18,68.44,0,lb
04-04-2025,Giant_Store_001,1007,Pineapple,Fruit,48,1.18,56.64,0,lb
05-04-2025,Giant_Store_001,1007,Pineapple,Fruit,79,1.18,93.22,0,lb
06-04-2025,Giant_Store_001,1007,Pineapple,Fruit,78,1.18,92.04,0,lb
07-04-2025,Giant_Store_001,1007,Pineapple,Fruit,56,1.18,66.08,0,lb
08-04-2025,Giant_Store_001,1007,Pineapple,Fruit,68,1.18,80.24,0,lb
09-04-2025,Giant_Store_001,1007,Pineapple,Fruit,99,1.04,102.8,1,lb
10-04-2025,Giant_Store_001,1007,Pineapple,Fruit,60,1.18,70.8,0,lb
11-04-2025,Giant_Store_001,1007,Pineapple,Fruit,62,1.18,73.16,0,lb
12-04-2025,Giant_Store_001,1007,Pineapple,Fruit,84,1.18,99.12,0,lb
13-04-2025,Giant_Store_001,1007,Pineapple,Fruit,126,1.04,130.84,1,lb
14-04-2025,Giant_Store_001,1007,Pineapple,Fruit,79,1.18,93.22,0,lb
15-04-2025,Giant_Store_001,1007,Pineapple,Fruit,97,1.18,114.46,0,lb
16-04-2025,Giant_Store_001,1007,Pineapple,Fruit,37,1.18,43.66,0,lb
17-04-2025,Giant_Store_001,1007,Pineapple,Fruit,67,1.18,79.06,0,lb
18-04-2025,Giant_Store_001,1007,Pineapple,Fruit,83,1.18,97.94,0,lb
19-04-2025,Giant_Store_001,1007,Pineapple,Fruit,109,1.18,128.62,0,lb
20-04-2025,Giant_Store_001,1007,Pineapple,Fruit,110,1.18,129.8,0,lb
21-04-2025,Giant_Store_001,1007,Pineapple,Fruit,90,1.18,106.2,0,lb
22-04-2025,Giant_Store_001,1007,Pineapple,Fruit,92,1.18,108.56,0,lb
23-04-2025,Giant_Store_001,1007,Pineapple,Fruit,72,1.18,84.96,0,lb
24-04-2025,Giant_Store_001,1007,Pineapple,Fruit,121,1.04,125.65,1,lb
25-04-2025,Giant_Store_001,1007,Pineapple,Fruit,57,1.18,67.26,0,lb
26-04-2025,Giant_Store_001,1007,Pineapple,Fruit,87,1.18,102.66,0,lb
27-04-2025,Giant_Store_001,1007,Pineapple,Fruit,85,1.18,100.3,0,lb
28-04-2025,Giant_Store_001,1007,Pineapple,Fruit,65,1.18,76.7,0,lb
29-04-2025,Giant_Store_001,1007,Pineapple,Fruit,58,1.18,68.44,0,lb
30-04-2025,Giant_Store_001,1007,Pineapple,Fruit,85,1.18,100.3,0,lb
01-05-2025,Giant_Store_001,1007,Pineapple,Fruit,70,1.18,82.6,0,lb
02-05-2025,Giant_Store_001,1007,Pineapple,Fruit,71,1.18,83.78,0,lb
03-05-2025,Giant_Store_001,1007,Pineapple,Fruit,98,1.04,101.76,1,lb
04-05-2025,Giant_Store_001,1007,Pineapple,Fruit,96,1.18,113.28,0,lb
05-05-2025,Giant_Store_001,1007,Pineapple,Fruit,86,1.18,101.48,0,lb
06-05-2025,Giant_Store_001,1007,Pineapple,Fruit,76,1.18,89.68,0,lb
07-05-2025,Giant_Store_001,1007,Pineapple,Fruit,60,1.18,70.8,0,lb
08-05-2025,Giant_Store_001,1007,Pineapple,Fruit,86,1.18,101.48,0,lb
09-05-2025,Giant_Store_001,1007,Pineapple,Fruit,48,1.18,56.64,0,lb
10-05-2025,Giant_Store_001,1007,Pineapple,Fruit,99,1.18,116.82,0,lb
11-05-2025,Giant_Store_001,1007,Pineapple,Fruit,74,1.18,87.32,0,lb
12-05-2025,Giant_Store_001,1007,Pineapple,Fruit,121,1.04,125.65,1,lb
13-05-2025,Giant_Store_001,1007,Pineapple,Fruit,96,1.18,113.28,0,lb
14-05-2025,Giant_Store_001,1007,Pineapple,Fruit,63,1.18,74.34,0,lb
15-05-2025,Giant_Store_001,1007,Pineapple,Fruit,67,1.18,79.06,0,lb
16-05-2025,Giant_Store_001,1007,Pineapple,Fruit,78,1.18,92.04,0,lb
17-05-2025,Giant_Store_001,1007,Pineapple,Fruit,81,1.18,95.58,0,lb
18-05-2025,Giant_Store_001,1007,Pineapple,Fruit,64,1.18,75.52,0,lb
19-05-2025,Giant_Store_001,1007,Pineapple,Fruit,90,1.18,106.2,0,lb
20-05-2025,Giant_Store_001,1007,Pineapple,Fruit,65,1.18,76.7,0,lb
21-05-2025,Giant_Store_001,1007,Pineapple,Fruit,76,1.18,89.68,0,lb
22-05-2025,Giant_Store_001,1007,Pineapple,Fruit,62,1.18,73.16,0,lb
23-05-2025,Giant_Store_001,1007,Pineapple,Fruit,74,1.18,87.32,0,lb
24-05-2025,Giant_Store_001,1007,Pineapple,Fruit,92,1.18,108.56,0,lb
25-05-2025,Giant_Store_001,1007,Pineapple,Fruit,96,1.18,113.28,0,lb
26-05-2025,Giant_Store_001,1007,Pineapple,Fruit,65,1.18,76.7,0,lb
27-05-2025,Giant_Store_001,1007,Pineapple,Fruit,58,1.18,68.44,0,lb
28-05-2025,Giant_Store_001,1007,Pineapple,Fruit,63,1.18,74.34,0,lb
29-05-2025,Giant_Store_001,1007,Pineapple,Fruit,100,1.18,118,0,lb
30-05-2025,Giant_Store_001,1007,Pineapple,Fruit,81,1.18,95.58,0,lb
31-05-2025,Giant_Store_001,1007,Pineapple,Fruit,90,1.18,106.2,0,lb
01-06-2025,Giant_Store_001,1007,Pineapple,Fruit,197,1.04,204.56,1,lb
02-06-2025,Giant_Store_001,1007,Pineapple,Fruit,64,1.18,75.52,0,lb
03-06-2025,Giant_Store_001,1007,Pineapple,Fruit,89,1.18,105.02,0,lb
04-06-2025,Giant_Store_001,1007,Pineapple,Fruit,109,1.18,128.62,0,lb
05-06-2025,Giant_Store_001,1007,Pineapple,Fruit,85,1.18,100.3,0,lb
06-06-2025,Giant_Store_001,1007,Pineapple,Fruit,90,1.18,106.2,0,lb
07-06-2025,Giant_Store_001,1007,Pineapple,Fruit,86,1.18,101.48,0,lb
08-06-2025,Giant_Store_001,1007,Pineapple,Fruit,104,1.18,122.72,0,lb
09-06-2025,Giant_Store_001,1007,Pineapple,Fruit,108,1.18,127.44,0,lb
10-06-2025,Giant_Store_001,1007,Pineapple,Fruit,78,1.18,92.04,0,lb
11-06-2025,Giant_Store_001,1007,Pineapple,Fruit,100,1.18,118,0,lb
12-06-2025,Giant_Store_001,1007,Pineapple,Fruit,68,1.18,80.24,0,lb
13-06-2025,Giant_Store_001,1007,Pineapple,Fruit,88,1.18,103.84,0,lb
14-06-2025,Giant_Store_001,1007,Pineapple,Fruit,100,1.18,118,0,lb
15-06-2025,Giant_Store_001,1007,Pineapple,Fruit,125,1.18,147.5,0,lb
16-06-2025,Giant_Store_001,1007,Pineapple,Fruit,103,1.18,121.54,0,lb
17-06-2025,Giant_Store_001,1007,Pineapple,Fruit,86,1.18,101.48,0,lb
18-06-2025,Giant_Store_001,1007,Pineapple,Fruit,87,1.18,102.66,0,lb
19-06-2025,Giant_Store_001,1007,Pineapple,Fruit,154,1.04,159.91,1,lb
20-06-2025,Giant_Store_001,1007,Pineapple,Fruit,98,1.18,115.64,0,lb
21-06-2025,Giant_Store_001,1007,Pineapple,Fruit,87,1.18,102.66,0,lb
22-06-2025,Giant_Store_001,1007,Pineapple,Fruit,98,1.18,115.64,0,lb
23-06-2025,Giant_Store_001,1007,Pineapple,Fruit,79,1.18,93.22,0,lb
24-06-2025,Giant_Store_001,1007,Pineapple,Fruit,93,1.18,109.74,0,lb
25-06-2025,Giant_Store_001,1007,Pineapple,Fruit,95,1.18,112.1,0,lb
26-06-2025,Giant_Store_001,1007,Pineapple,Fruit,96,1.18,113.28,0,lb
27-06-2025,Giant_Store_001,1007,Pineapple,Fruit,56,1.18,66.08,0,lb
28-06-2025,Giant_Store_001,1007,Pineapple,Fruit,127,1.18,149.86,0,lb
29-06-2025,Giant_Store_001,1007,Pineapple,Fruit,93,1.18,109.74,0,lb
30-06-2025,Giant_Store_001,1007,Pineapple,Fruit,69,1.18,81.42,0,lb
01-07-2025,Giant_Store_001,1007,Pineapple,Fruit,95,1.18,112.1,0,lb
02-07-2025,Giant_Store_001,1007,Pineapple,Fruit,142,1.04,147.45,1,lb
03-07-2025,Giant_Store_001,1007,Pineapple,Fruit,99,1.18,116.82,0,lb
04-07-2025,Giant_Store_001,1007,Pineapple,Fruit,88,1.18,103.84,0,lb
05-07-2025,Giant_Store_001,1007,Pineapple,Fruit,116,1.18,136.88,0,lb
06-07-2025,Giant_Store_001,1007,Pineapple,Fruit,82,1.18,96.76,0,lb
07-07-2025,Giant_Store_001,1007,Pineapple,Fruit,91,1.18,107.38,0,lb
08-07-2025,Giant_Store_001,1007,Pineapple,Fruit,66,1.18,77.88,0,lb
09-07-2025,Giant_Store_001,1007,Pineapple,Fruit,112,1.18,132.16,0,lb
10-07-2025,Giant_Store_001,1007,Pineapple,Fruit,82,1.18,96.76,0,lb
11-07-2025,Giant_Store_001,1007,Pineapple,Fruit,75,1.18,88.5,0,lb
12-07-2025,Giant_Store_001,1007,Pineapple,Fruit,116,1.04,120.45,1,lb
13-07-2025,Giant_Store_001,1007,Pineapple,Fruit,117,1.18,138.06,0,lb
14-07-2025,Giant_Store_001,1007,Pineapple,Fruit,93,1.18,109.74,0,lb
15-07-2025,Giant_Store_001,1007,Pineapple,Fruit,88,1.18,103.84,0,lb
16-07-2025,Giant_Store_001,1007,Pineapple,Fruit,94,1.18,110.92,0,lb
17-07-2025,Giant_Store_001,1007,Pineapple,Fruit,89,1.18,105.02,0,lb
18-07-2025,Giant_Store_001,1007,Pineapple,Fruit,78,1.18,92.04,0,lb
19-07-2025,Giant_Store_001,1007,Pineapple,Fruit,76,1.18,89.68,0,lb
20-07-2025,Giant_Store_001,1007,Pineapple,Fruit,126,1.18,148.68,0,lb
21-07-2025,Giant_Store_001,1007,Pineapple,Fruit,93,1.18,109.74,0,lb
22-07-2025,Giant_Store_001,1007,Pineapple,Fruit,95,1.18,112.1,0,lb
23-07-2025,Giant_Store_001,1007,Pineapple,Fruit,96,1.18,113.28,0,lb
24-07-2025,Giant_Store_001,1007,Pineapple,Fruit,88,1.18,103.84,0,lb
25-07-2025,Giant_Store_001,1007,Pineapple,Fruit,81,1.18,95.58,0,lb
26-07-2025,Giant_Store_001,1007,Pineapple,Fruit,126,1.18,148.68,0,lb
27-07-2025,Giant_Store_001,1007,Pineapple,Fruit,102,1.18,120.36,0,lb
28-07-2025,Giant_Store_001,1007,Pineapple,Fruit,85,1.18,100.3,0,lb
29-07-2025,Giant_Store_001,1007,Pineapple,Fruit,77,1.18,90.86,0,lb
30-07-2025,Giant_Store_001,1007,Pineapple,Fruit,97,1.18,114.46,0,lb
31-07-2025,Giant_Store_001,1007,Pineapple,Fruit,80,1.18,94.4,0,lb
01-08-2025,Giant_Store_001,1007,Pineapple,Fruit,90,1.18,106.2,0,lb
02-08-2025,Giant_Store_001,1007,Pineapple,Fruit,104,1.18,122.72,0,lb
03-08-2025,Giant_Store_001,1007,Pineapple,Fruit,79,1.18,93.22,0,lb
04-08-2025,Giant_Store_001,1007,Pineapple,Fruit,96,1.18,113.28,0,lb
05-08-2025,Giant_Store_001,1007,Pineapple,Fruit,91,1.18,107.38,0,lb
06-08-2025,Giant_Store_001,1007,Pineapple,Fruit,79,1.18,93.22,0,lb
07-08-2025,Giant_Store_001,1007,Pineapple,Fruit,88,1.18,103.84,0,lb
08-08-2025,Giant_Store_001,1007,Pineapple,Fruit,97,1.18,114.46,0,lb
