retailaagetix_mvp-main/data/Historic Sales data giant_perishables_365_with_units.csv
date,store_id,sku_id,sku_name,category,units_sold,price_per_unit_usd,revenue_usd,promotion_flag,unit_of_measure
09-08-2025,Giant_Store_001,1007,Pineapple,Fruit,135,1.18,159.3,0,lb
10-08-2025,Giant_Store_001,1007,Pineapple,Fruit,108,1.18,127.44,0,lb
11-08-2025,Giant_Store_001,1007,Pineapple,Fruit,84,1.18,99.12,0,lb
12-08-2025,Giant_Store_001,1007,Pineapple,Fruit,86,1.18,101.48,0,lb
13-08-2025,Giant_Store_001,1007,Pineapple,Fruit,77,1.18,90.86,0,lb
14-08-2025,Giant_Store_001,1007,Pineapple,Fruit,85,1.18,100.3,0,lb
15-08-2025,Giant_Store_001,1007,Pineapple,Fruit,76,1.18,89.68,0,lb
16-08-2025,Giant_Store_001,1007,Pineapple,Fruit,98,1.18,115.64,0,lb
17-08-2025,Giant_Store_001,1007,Pineapple,Fruit,90,1.18,106.2,0,lb
18-08-2025,Giant_Store_001,1007,Pineapple,Fruit,82,1.18,96.76,0,lb
19-08-2025,Giant_Store_001,1007,Pineapple,Fruit,83,1.18,97.94,0,lb
20-08-2025,Giant_Store_001,1007,Pineapple,Fruit,89,1.18,105.02,0,lb
21-08-2025,Giant_Store_001,1007,Pineapple,Fruit,65,1.18,76.7,0,lb
22-08-2025,Giant_Store_001,1007,Pineapple,Fruit,94,1.18,110.92,0,lb
23-08-2025,Giant_Store_001,1007,Pineapple,Fruit,100,1.18,118,0,lb
24-08-2025,Giant_Store_001,1007,Pineapple,Fruit,66,1.18,77.88,0,lb
25-08-2025,Giant_Store_001,1007,Pineapple,Fruit,92,1.18,108.56,0,lb
26-08-2025,Giant_Store_001,1007,Pineapple,Fruit,77,1.18,90.86,0,lb
27-08-2025,Giant_Store_001,1007,Pineapple,Fruit,107,1.18,126.26,0,lb
28-08-2025,Giant_Store_001,1007,Pineapple,Fruit,69,1.18,81.42,0,lb
29-08-2025,Giant_Store_001,1007,Pineapple,Fruit,87,1.18,102.66,0,lb
30-08-2025,Giant_Store_001,1007,Pineapple,Fruit,88,1.18,103.84,0,lb
31-08-2025,Giant_Store_001,1007,Pineapple,Fruit,67,1.18,79.06,0,lb
01-09-2025,Giant_Store_001,1007,Pineapple,Fruit,98,1.18,115.64,0,lb
02-09-2025,Giant_Store_001,1007,Pineapple,Fruit,69,1.18,81.42,0,lb
03-09-2025,Giant_Store_001,1007,Pineapple,Fruit,64,1.18,75.52,0,lb
04-09-2025,Giant_Store_001,1007,Pineapple,Fruit,80,1.18,94.4,0,lb
05-09-2025,Giant_Store_001,1007,Pineapple,Fruit,75,1.18,88.5,0,lb
06-09-2025,Giant_Store_001,1007,Pineapple,Fruit,58,1.18,68.44,0,lb
07-09-2025,Giant_Store_001,1007,Pineapple,Fruit,77,1.18,90.86,0,lb
08-09-2025,Giant_Store_001,1007,Pineapple,Fruit,62,1.18,73.16,0,lb
09-09-2025,Giant_Store_001,1007,Pineapple,Fruit,55,1.18,64.9,0,lb
10-09-2025,Giant_Store_001,1007,Pineapple,Fruit,67,1.18,79.06,0,lb
11-09-2025,Giant_Store_001,1007,Pineapple,Fruit,102,1.18,120.36,0,lb
12-09-2025,Giant_Store_001,1007,Pineapple,Fruit,70,1.18,82.6,0,lb
13-09-2025,Giant_Store_001,1007,Pineapple,Fruit,104,1.18,122.72,0,lb
14-09-2025,Giant_Store_001,1007,Pineapple,Fruit,91,1.18,107.38,0,lb
15-09-2025,Giant_Store_001,1007,Pineapple,Fruit,52,1.18,61.36,0,lb
16-09-2025,Giant_Store_001,1007,Pineapple,Fruit,63,1.18,74.34,0,lb
17-09-2025,Giant_Store_001,1007,Pineapple,Fruit,79,1.18,93.22,0,lb
18-09-2025,Giant_Store_001,1007,Pineapple,Fruit,74,1.18,87.32,0,lb
19-09-2025,Giant_Store_001,1007,Pineapple,Fruit,66,1.18,77.88,0,lb
20-09-2025,Giant_Store_001,1007,Pineapple,Fruit,64,1.18,75.52,0,lb
21-09-2025,Giant_Store_001,1007,Pineapple,Fruit,119,1.18,140.42,0,lb
22-09-2025,Giant_Store_001,1007,Pineapple,Fruit,99,1.18,116.82,0,lb
23-09-2025,Giant_Store_001,1007,Pineapple,Fruit,76,1.18,89.68,0,lb
24-09-2025,Giant_Store_001,1007,Pineapple,Fruit,69,1.18,81.42,0,lb
25-09-2025,Giant_Store_001,1007,Pineapple,Fruit,64,1.18,75.52,0,lb
26-09-2025,Giant_Store_001,1007,Pineapple,Fruit,74,1.18,87.32,0,lb
27-09-2025,Giant_Store_001,1007,Pineapple,Fruit,111,1.18,130.98,0,lb
28-09-2025,Giant_Store_001,1007,Pineapple,Fruit,88,1.18,103.84,0,lb
29-09-2025,Giant_Store_001,1007,Pineapple,Fruit,62,1.18,73.16,0,lb
30-09-2025,Giant_Store_001,1007,Pineapple,Fruit,93,1.18,109.74,0,lb
01-10-2025,Giant_Store_001,1007,Pineapple,Fruit,60,1.18,70.8,0,lb
02-10-2025,Giant_Store_001,1007,Pineapple,Fruit,64,1.18,75.52,0,lb
03-10-2025,Giant_Store_001,1007,Pineapple,Fruit,75,1.18,88.5,0,lb
04-10-2025,Giant_Store_001,1007,Pineapple,Fruit,76,1.18,89.68,0,lb
05-10-2025,Giant_Store_001,1007,Pineapple,Fruit,99,1.18,116.82,0,lb
06-10-2025,Giant_Store_001,1007,Pineapple,Fruit,68,1.18,80.24,0,lb
07-10-2025,Giant_Store_001,1007,Pineapple,Fruit,54,1.18,63.72,0,lb
08-10-2025,Giant_Store_001,1007,Pineapple,Fruit,80,1.18,94.4,0,lb
09-10-2025,Giant_Store_001,1007,Pineapple,Fruit,105,1.18,123.9,0,lb
10-10-2025,Giant_Store_001,1007,Pineapple,Fruit,104,1.04,107.99,1,lb
11-10-2025,Giant_Store_001,1007,Pineapple,Fruit,117,1.18,138.06,0,lb
12-10-2025,Giant_Store_001,1007,Pineapple,Fruit,110,1.18,129.8,0,lb
13-10-2025,Giant_Store_001,1007,Pineapple,Fruit,65,1.18,76.7,0,lb
14-10-2024,Giant_Store_001,1008,Blueberries,Fruit,79,0.54,42.41,1,pint
15-10-2024,Giant_Store_001,1008,Blueberries,Fruit,68,0.61,41.48,0,pint
16-10-2024,Giant_Store_001,1008,Blueberries,Fruit,70,0.61,42.7,0,pint
17-10-2024,Giant_Store_001,1008,Blueberries,Fruit,87,0.54,46.7,1,pint
18-10-2024,Giant_Store_001,1008,Blueberries,Fruit,82,0.61,50.02,0,pint
19-10-2024,Giant_Store_001,1008,Blueberries,Fruit,93,0.61,56.73,0,pint
20-10-2024,Giant_Store_001,1008,Blueberries,Fruit,81,0.61,49.41,0,pint
21-10-2024,Giant_Store_001,1008,Blueberries,Fruit,90,0.54,48.31,1,pint
22-10-2024,Giant_Store_001,1008,Blueberries,Fruit,34,0.61,20.74,0,pint
23-10-2024,Giant_Store_001,1008,Blueberries,Fruit,68,0.61,41.48,0,pint
24-10-2024,Giant_Store_001,1008,Blueberries,Fruit,67,0.61,40.87,0,pint
25-10-2024,Giant_Store_001,1008,Blueberries,Fruit,54,0.61,32.94,0,pint
26-10-2024,Giant_Store_001,1008,Blueberries,Fruit,62,0.61,37.82,0,pint
27-10-2024,Giant_Store_001,1008,Blueberries,Fruit,62,0.61,37.82,0,pint
28-10-2024,Giant_Store_001,1008,Blueberries,Fruit,74,0.61,45.14,0,pint
29-10-2024,Giant_Store_001,1008,Blueberries,Fruit,43,0.61,26.23,0,pint
30-10-2024,Giant_Store_001,1008,Blueberries,Fruit,55,0.61,33.55,0,pint
31-10-2024,Giant_Store_001,1008,Blueberries,Fruit,45,0.61,27.45,0,pint
01-11-2024,Giant_Store_001,1008,Blueberries,Fruit,51,0.61,31.11,0,pint
02-11-2024,Giant_Store_001,1008,Blueberries,Fruit,65,0.61,39.65,0,pint
03-11-2024,Giant_Store_001,1008,Blueberries,Fruit,36,0.61,21.96,0,pint
04-11-2024,Giant_Store_001,1008,Blueberries,Fruit,60,0.61,36.6,0,pint
05-11-2024,Giant_Store_001,1008,Blueberries,Fruit,49,0.61,29.89,0,pint
06-11-2024,Giant_Store_001,1008,Blueberries,Fruit,69,0.61,42.09,0,pint
07-11-2024,Giant_Store_001,1008,Blueberries,Fruit,76,0.61,46.36,0,pint
08-11-2024,Giant_Store_001,1008,Blueberries,Fruit,87,0.54,46.7,1,pint
09-11-2024,Giant_Store_001,1008,Blueberries,Fruit,75,0.61,45.75,0,pint
10-11-2024,Giant_Store_001,1008,Blueberries,Fruit,124,0.54,66.56,1,pint
11-11-2024,Giant_Store_001,1008,Blueberries,Fruit,65,0.54,34.89,1,pint
12-11-2024,Giant_Store_001,1008,Blueberries,Fruit,57,0.61,34.77,0,pint
13-11-2024,Giant_Store_001,1008,Blueberries,Fruit,48,0.61,29.28,0,pint
14-11-2024,Giant_Store_001,1008,Blueberries,Fruit,58,0.61,35.38,0,pint
15-11-2024,Giant_Store_001,1008,Blueberries,Fruit,71,0.61,43.31,0,pint
16-11-2024,Giant_Store_001,1008,Blueberries,Fruit,81,0.61,49.41,0,pint
17-11-2024,Giant_Store_001,1008,Blueberries,Fruit,97,0.61,59.17,0,pint
18-11-2024,Giant_Store_001,1008,Blueberries,Fruit,56,0.61,34.16,0,pint
19-11-2024,Giant_Store_001,1008,Blueberries,Fruit,61,0.61,37.21,0,pint
20-11-2024,Giant_Store_001,1008,Blueberries,Fruit,49,0.61,29.89,0,pint
21-11-2024,Giant_Store_001,1008,Blueberries,Fruit,53,0.61,32.33,0,pint
22-11-2024,Giant_Store_001,1008,Blueberries,Fruit,60,0.61,36.6,0,pint
23-11-2024,Giant_Store_001,1008,Blueberries,Fruit,106,0.61,64.66,0,pint
24-11-2024,Giant_Store_001,1008,Blueberries,Fruit,98,0.61,59.78,0,pint
25-11-2024,Giant_Store_001,1008,Blueberries,Fruit,51,0.61,31.11,0,pint
26-11-2024,Giant_Store_001,1008,Blueberries,Fruit,50,0.61,30.5,0,pint
27-11-2024,Giant_Store_001,1008,Blueberries,Fruit,62,0.61,37.82,0,pint
28-11-2024,Giant_Store_001,1008,Blueberries,Fruit,54,0.61,32.94,0,pint
29-11-2024,Giant_Store_001,1008,Blueberries,Fruit,49,0.61,29.89,0,pint
30-11-2024,Giant_Store_001,1008,Blueberries,Fruit,79,0.61,48.19,0,pint
01-12-2024,Giant_Store_001,1008,Blueberries,Fruit,55,0.61,33.55,0,pint
02-12-2024,Giant_Store_001,1008,Blueberries,Fruit,68,0.61,41.48,0,pint
03-12-2024,Giant_Store_001,1008,Blueberries,Fruit,39,0.61,23.79,0,pint
04-12-2024,Giant_Store_001,1008,Blueberries,Fruit,76,0.61,46.36,0,pint
05-12-2024,Giant_Store_001,1008,Blueberries,Fruit,64,0.61,39.04,0,pint
06-12-2024,Giant_Store_001,1008,Blueberries,Fruit,53,0.61,32.33,0,pint
07-12-2024,Giant_Store_001,1008,Blueberries,Fruit,101,0.61,61.61,0,pint
08-12-2024,Giant_Store_001,1008,Blueberries,Fruit,92,0.61,56.12,0,pint
09-12-2024,Giant_Store_001,1008,Blueberries,Fruit,67,0.61,40.87,0,pint
10-12-2024,Giant_Store_001,1008,Blueberries,Fruit,66,0.61,40.26,0,pint
11-12-2024,Giant_Store_001,1008,Blueberries,Fruit,46,0.61,28.06,0,pint
12-12-2024,Giant_Store_001,1008,Blueberries,Fruit,63,0.61,38.43,0,pint
13-12-2024,Giant_Store_001,1008,Blueberries,Fruit,97,0.54,52.07,1,pint
14-12-2024,Giant_Store_001,1008,Blueberries,Fruit,84,0.61,51.24,0,pint
15-12-2024,Giant_Store_001,1008,Blueberries,Fruit,116,0.54,62.27,1,pint
16-12-2024,Giant_Store_001,1008,Blueberries,Fruit,61,0.61,37.21,0,pint
17-12-2024,Giant_Store_001,1008,Blueberries,Fruit,69,0.61,42.09,0,pint
18-12-2024,Giant_Store_001,1008,Blueberries,Fruit,70,0.61,42.7,0,pint
19-12-2024,Giant_Store_001,1008,Blueberries,Fruit,66,0.54,35.43,1,pint
20-12-2024,Giant_Store_001,1008,Blueberries,Fruit,61,0.61,37.21,0,pint
21-12-2024,Giant_Store_001,1008,Blueberries,Fruit,71,0.61,43.31,0,pint
22-12-2024,Giant_Store_001,1008,Blueberries,Fruit,90,0.61,54.9,0,pint
23-12-2024,Giant_Store_001,1008,Blueberries,Fruit,46,0.61,28.06,0,pint
24-12-2024,Giant_Store_001,1008,Blueberries,Fruit,43,0.61,26.23,0,pint
25-12-2024,Giant_Store_001,1008,Blueberries,Fruit,68,0.61,41.48,0,pint
26-12-2024,Giant_Store_001,1008,Blueberries,Fruit,42,0.61,25.62,0,pint
27-12-2024,Giant_Store_001,1008,Blueberries,Fruit,62,0.61,37.82,0,pint
28-12-2024,Giant_Store_001,1008,Blueberries,Fruit,99,0.61,60.39,0,pint
29-12-2024,Giant_Store_001,1008,Blueberries,Fruit,77,0.61,46.97,0,pint
30-12-2024,Giant_Store_001,1008,Blueberries,Fruit,39,0.61,23.79,0,pint
31-12-2024,Giant_Store_001,1008,Blueberries,Fruit,39,0.61,23.79,0,pint
01-01-2025,Giant_Store_001,1008,Blueberries,Fruit,48,0.61,29.28,0,pint
02-01-2025,Giant_Store_001,1008,Blueberries,Fruit,61,0.61,37.21,0,pint
03-01-2025,Giant_Store_001,1008,Blueberries,Fruit,50,0.61,30.5,0,pint
04-01-2025,Giant_Store_001,1008,Blueberries,Fruit,56,0.61,34.16,0,pint
05-01-2025,Giant_Store_001,1008,Blueberries,Fruit,95,0.61,57.95,0,pint
06-01-2025,Giant_Store_001,1008,Blueberries,Fruit,54,0.61,32.94,0,pint
07-01-2025,Giant_Store_001,1008,Blueberries,Fruit,68,0.61,41.48,0,pint
08-01-2025,Giant_Store_001,1008,Blueberries,Fruit,48,0.61,29.28,0,pint
09-01-2025,Giant_Store_001,1008,Blueberries,Fruit,49,0.61,29.89,0,pint
10-01-2025,Giant_Store_001,1008,Blueberries,Fruit,78,0.61,47.58,0,pint
11-01-2025,Giant_Store_001,1008,Blueberries,Fruit,69,0.61,42.09,0,pint
12-01-2025,Giant_Store_001,1008,Blueberries,Fruit,73,0.61,44.53,0,pint
13-01-2025,Giant_Store_001,1008,Blueberries,Fruit,40,0.61,24.4,0,pint
14-01-2025,Giant_Store_001,1008,Blueberries,Fruit,73,0.61,44.53,0,pint
15-01-2025,Giant_Store_001,1008,Blueberries,Fruit,84,0.54,45.09,1,pint
16-01-2025,Giant_Store_001,1008,Blueberries,Fruit,84,0.61,51.24,0,pint
17-01-2025,Giant_Store_001,1008,Blueberries,Fruit,58,0.61,35.38,0,pint
18-01-2025,Giant_Store_001,1008,Blueberries,Fruit,83,0.61,50.63,0,pint
19-01-2025,Giant_Store_001,1008,Blueberries,Fruit,85,0.61,51.85,0,pint
20-01-2025,Giant_Store_001,1008,Blueberries,Fruit,63,0.61,38.43,0,pint
21-01-2025,Giant_Store_001,1008,Blueberries,Fruit,58,0.61,35.38,0,pint
22-01-2025,Giant_Store_001,1008,Blueberries,Fruit,70,0.61,42.7,0,pint
23-01-2025,Giant_Store_001,1008,Blueberries,Fruit,65,0.61,39.65,0,pint
24-01-2025,Giant_Store_001,1008,Blueberries,Fruit,53,0.61,32.33,0,pint
25-01-2025,Giant_Store_001,1008,Blueberries,Fruit,93,0.61,56.73,0,pint
26-01-2025,Giant_Store_001,1008,Blueberries,Fruit,87,0.61,53.07,0,pint
27-01-2025,Giant_Store_001,1008,Blueberries,Fruit,78,0.54,41.87,1,pint
28-01-2025,Giant_Store_001,1008,Blueberries,Fruit,85,0.54,45.63,1,pint
29-01-2025,Giant_Store_001,1008,Blueberries,Fruit,67,0.61,40.87,0,pint
30-01-2025,Giant_Store_001,1008,Blueberries,Fruit,65,0.61,39.65,0,pint
31-01-2025,Giant_Store_001,1008,Blueberries,Fruit,83,0.61,50.63,0,pint
01-02-2025,Giant_Store_001,1008,Blueberries,Fruit,73,0.61,44.53,0,pint
02-02-2025,Giant_Store_001,1008,Blueberries,Fruit,78,0.61,47.58,0,pint
03-02-2025,Giant_Store_001,1008,Blueberries,Fruit,83,0.61,50.63,0,pint
04-02-2025,Giant_Store_001,1008,Blueberries,Fruit,67,0.61,40.87,0,pint
05-02-2025,Giant_Store_001,1008,Blueberries,Fruit,68,0.61,41.48,0,pint
06-02-2025,Giant_Store_001,1008,Blueberries,Fruit,65,0.61,39.65,0,pint
07-02-2025,Giant_Store_001,1008,Blueberries,Fruit,54,0.61,32.94,0,pint
08-02-2025,Giant_Store_001,1008,Blueberries,Fruit,75,0.61,45.75,0,pint
09-02-2025,Giant_Store_001,1008,Blueberries,Fruit,65,0.61,39.65,0,pint
10-02-2025,Giant_Store_001,1008,Blueberries,Fruit,72,0.61,43.92,0,pint
11-02-2025,Giant_Store_001,1008,Blueberries,Fruit,68,0.61,41.48,0,pint
12-02-2025,Giant_Store_001,1008,Blueberries,Fruit,57,0.61,34.77,0,pint
13-02-2025,Giant_Store_001,1008,Blueberries,Fruit,64,0.61,39.04,0,pint
14-02-2025,Giant_Store_001,1008,Blueberries,Fruit,58,0.61,35.38,0,pint
15-02-2025,Giant_Store_001,1008,Blueberries,Fruit,80,0.61,48.8,0,pint
16-02-2025,Giant_Store_001,1008,Blueberries,Fruit,87,0.61,53.07,0,pint
17-02-2025,Giant_Store_001,1008,Blueberries,Fruit,62,0.61,37.82,0,pint
18-02-2025,Giant_Store_001,1008,Blueberries,Fruit,35,0.61,21.35,0,pint
19-02-2025,Giant_Store_001,1008,Blueberries,Fruit,80,0.61,48.8,0,pint
20-02-2025,Giant_Store_001,1008,Blueberries,Fruit,53,0.61,32.33,0,pint
21-02-2025,Giant_Store_001,1008,Blueberries,Fruit,50,0.61,30.5,0,pint
22-02-2025,Giant_Store_001,1008,Blueberries,Fruit,99,0.54,53.14,1,pint
23-02-2025,Giant_Store_001,1008,Blueberries,Fruit,89,0.61,54.29,0,pint
24-02-2025,Giant_Store_001,1008,Blueberries,Fruit,65,0.61,39.65,0,pint
25-02-2025,Giant_Store_001,1008,Blueberries,Fruit,44,0.61,26.84,0,pint
26-02-2025,Giant_Store_001,1008,Blueberries,Fruit,47,0.61,28.67,0,pint
27-02-2025,Giant_Store_001,1008,Blueberries,Fruit,80,0.61,48.8,0,pint
28-02-2025,Giant_Store_001,1008,Blueberries,Fruit,61,0.61,37.21,0,pint
01-03-2025,Giant_Store_001,1008,Blueberries,Fruit,90,0.61,54.9,0,pint
02-03-2025,Giant_Store_001,1008,Blueberries,Fruit,101,0.54,54.22,1,pint
03-03-2025,Giant_Store_001,1008,Blueberries,Fruit,71,0.61,43.31,0,pint
04-03-2025,Giant_Store_001,1008,Blueberries,Fruit,56,0.61,34.16,0,pint
05-03-2025,Giant_Store_001,1008,Blueberries,Fruit,51,0.61,31.11,0,pint
06-03-2025,Giant_Store_001,1008,Blueberries,Fruit,66,0.61,40.26,0,pint
07-03-2025,Giant_Store_001,1008,Blueberries,Fruit,80,0.61,48.8,0,pint
08-03-2025,Giant_Store_001,1008,Blueberries,Fruit,70,0.61,42.7,0,pint
09-03-2025,Giant_Store_001,1008,Blueberries,Fruit,61,0.61,37.21,0,pint
10-03-2025,Giant_Store_001,1008,Blueberries,Fruit,78,0.61,47.58,0,pint
11-03-2025,Giant_Store_001,1008,Blueberries,Fruit,43,0.61,26.23,0,pint
12-03-2025,Giant_Store_001,1008,Blueberries,Fruit,48,0.61,29.28,0,pint
13-03-2025,Giant_Store_001,1008,Blueberries,Fruit,48,0.61,29.28,0,pint
14-03-2025,Giant_Store_001,1008,Blueberries,Fruit,94,0.54,50.46,1,pint
15-03-2025,Giant_Store_001,1008,Blueberries,Fruit,97,0.61,59.17,0,pint
16-03-2025,Giant_Store_001,1008,Blueberries,Fruit,117,0.54,62.81,1,pint
17-03-2025,Giant_Store_001,1008,Blueberries,Fruit,78,0.54,41.87,1,pint
18-03-2025,Giant_Store_001,1008,Blueberries,Fruit,64,0.61,39.04,0,pint
19-03-2025,Giant_Store_001,1008,Blueberries,Fruit,65,0.61,39.65,0,pint
20-03-2025,Giant_Store_001,1008,Blueberries,Fruit,69,0.61,42.09,0,pint
21-03-2025,Giant_Store_001,1008,Blueberries,Fruit,93,0.54,49.92,1,pint
22-03-2025,Giant_Store_001,1008,Blueberries,Fruit,129,0.54,69.25,1,pint
23-03-2025,Giant_Store_001,1008,Blueberries,Fruit,91,0.54,48.85,1,pint
24-03-2025,Giant_Store_001,1008,Blueberries,Fruit,69,0.61,42.09,0,pint
25-03-2025,Giant_Store_001,1008,Blueberries,Fruit,56,0.61,34.16,0,pint
26-03-2025,Giant_Store_001,1008,Blueberries,Fruit,68,0.61,41.48,0,pint
27-03-2025,Giant_Store_001,1008,Blueberries,Fruit,63,0.61,38.43,0,pint
28-03-2025,Giant_Store_001,1008,Blueberries,Fruit,55,0.61,33.55,0,pint
29-03-2025,Giant_Store_001,1008,Blueberries,Fruit,74,0.61,45.14,0,pint
30-03-2025,Giant_Store_001,1008,Blueberries,Fruit,61,0.61,37.21,0,pint
31-03-2025,Giant_Store_001,1008,Blueberries,Fruit,41,0.61,25.01,0,pint
01-04-2025,Giant_Store_001,1008,Blueberries,Fruit,81,0.61,49.41,0,pint
02-04-2025,Giant_Store_001,1008,Blueberries,Fruit,118,0.61,71.98,0,pint
03-04-2025,Giant_Store_001,1008,Blueberries,Fruit,58,0.61,35.38,0,pint
04-04-2025,Giant_Store_001,1008,Blueberries,Fruit,116,0.61,70.76,0,pint
05-04-2025,Giant_Store_001,1008,Blueberries,Fruit,88,0.61,53.68,0,pint
06-04-2025,Giant_Store_001,1008,Blueberries,Fruit,79,0.61,48.19,0,pint
07-04-2025,Giant_Store_001,1008,Blueberries,Fruit,76,0.61,46.36,0,pint
08-04-2025,Giant_Store_001,1008,Blueberries,Fruit,82,0.61,50.02,0,pint
09-04-2025,Giant_Store_001,1008,Blueberries,Fruit,85,0.61,51.85,0,pint
10-04-2025,Giant_Store_001,1008,Blueberries,Fruit,57,0.61,34.77,0,pint
11-04-2025,Giant_Store_001,1008,Blueberries,Fruit,107,0.54,57.44,1,pint
12-04-2025,Giant_Store_001,1008,Blueberries,Fruit,71,0.61,43.31,0,pint
13-04-2025,Giant_Store_001,1008,Blueberries,Fruit,149,0.54,79.98,1,pint
14-04-2025,Giant_Store_001,1008,Blueberries,Fruit,110,0.61,67.1,0,pint
15-04-2025,Giant_Store_001,1008,Blueberries,Fruit,83,0.61,50.63,0,pint
16-04-2025,Giant_Store_001,1008,Blueberries,Fruit,92,0.54,49.39,1,pint
17-04-2025,Giant_Store_001,1008,Blueberries,Fruit,67,0.61,40.87,0,pint
18-04-2025,Giant_Store_001,1008,Blueberries,Fruit,83,0.61,50.63,0,pint
19-04-2025,Giant_Store_001,1008,Blueberries,Fruit,68,0.61,41.48,0,pint
