retailaagetix_mvp-main/data/Historic Sales data giant_perishables_365_with_units.csv
date,store_id,sku_id,sku_name,category,units_sold,price_per_unit_usd,revenue_usd,promotion_flag,unit_of_measure
20-04-2025,Giant_Store_001,1008,Blueberries,Fruit,102,0.61,62.22,0,pint
21-04-2025,Giant_Store_001,1008,Blueberries,Fruit,82,0.61,50.02,0,pint
22-04-2025,Giant_Store_001,1008,Blueberries,Fruit,75,0.61,45.75,0,pint
23-04-2025,Giant_Store_001,1008,Blueberries,Fruit,101,0.61,61.61,0,pint
24-04-2025,Giant_Store_001,1008,Blueberries,Fruit,101,0.54,54.22,1,pint
25-04-2025,Giant_Store_001,1008,Blueberries,Fruit,90,0.61,54.9,0,pint
26-04-2025,Giant_Store_001,1008,Blueberries,Fruit,114,0.61,69.54,0,pint
27-04-2025,Giant_Store_001,1008,Blueberries,Fruit,133,0.61,81.13,0,pint
28-04-2025,Giant_Store_001,1008,Blueberries,Fruit,84,0.61,51.24,0,pint
29-04-2025,Giant_Store_001,1008,Blueberries,Fruit,73,0.61,44.53,0,pint
30-04-2025,Giant_Store_001,1008,Blueberries,Fruit,87,0.61,53.07,0,pint
01-05-2025,Giant_Store_001,1008,Blueberries,Fruit,98,0.61,59.78,0,pint
02-05-2025,Giant_Store_001,1008,Blueberries,Fruit,98,0.61,59.78,0,pint
03-05-2025,Giant_Store_001,1008,Blueberries,Fruit,121,0.61,73.81,0,pint
04-05-2025,Giant_Store_001,1008,Blueberries,Fruit,95,0.61,57.95,0,pint
05-05-2025,Giant_Store_001,1008,Blueberries,Fruit,86,0.61,52.46,0,pint
06-05-2025,Giant_Store_001,1008,Blueberries,Fruit,85,0.61,51.85,0,pint
07-05-2025,Giant_Store_001,1008,Blueberries,Fruit,135,0.54,72.47,1,pint
08-05-2025,Giant_Store_001,1008,Blueberries,Fruit,66,0.61,40.26,0,pint
09-05-2025,Giant_Store_001,1008,Blueberries,Fruit,96,0.61,58.56,0,pint
10-05-2025,Giant_Store_001,1008,Blueberries,Fruit,111,0.61,67.71,0,pint
11-05-2025,Giant_Store_001,1008,Blueberries,Fruit,157,0.61,95.77,0,pint
12-05-2025,Giant_Store_001,1008,Blueberries,Fruit,100,0.61,61,0,pint
13-05-2025,Giant_Store_001,1008,Blueberries,Fruit,96,0.54,51.53,1,pint
14-05-2025,Giant_Store_001,1008,Blueberries,Fruit,40,0.61,24.4,0,pint
15-05-2025,Giant_Store_001,1008,Blueberries,Fruit,85,0.61,51.85,0,pint
16-05-2025,Giant_Store_001,1008,Blueberries,Fruit,91,0.61,55.51,0,pint
17-05-2025,Giant_Store_001,1008,Blueberries,Fruit,96,0.61,58.56,0,pint
18-05-2025,Giant_Store_001,1008,Blueberries,Fruit,96,0.61,58.56,0,pint
19-05-2025,Giant_Store_001,1008,Blueberries,Fruit,101,0.61,61.61,0,pint
20-05-2025,Giant_Store_001,1008,Blueberries,Fruit,76,0.61,46.36,0,pint
21-05-2025,Giant_Store_001,1008,Blueberries,Fruit,117,0.61,71.37,0,pint
22-05-2025,Giant_Store_001,1008,Blueberries,Fruit,83,0.61,50.63,0,pint
23-05-2025,Giant_Store_001,1008,Blueberries,Fruit,54,0.61,32.94,0,pint
24-05-2025,Giant_Store_001,1008,Blueberries,Fruit,101,0.61,61.61,0,pint
25-05-2025,Giant_Store_001,1008,Blueberries,Fruit,101,0.61,61.61,0,pint
26-05-2025,Giant_Store_001,1008,Blueberries,Fruit,90,0.61,54.9,0,pint
27-05-2025,Giant_Store_001,1008,Blueberries,Fruit,78,0.61,47.58,0,pint
28-05-2025,Giant_Store_001,1008,Blueberries,Fruit,80,0.61,48.8,0,pint
29-05-2025,Giant_Store_001,1008,Blueberries,Fruit,93,0.61,56.73,0,pint
30-05-2025,Giant_Store_001,1008,Blueberries,Fruit,99,0.61,60.39,0,pint
31-05-2025,Giant_Store_001,1008,Blueberries,Fruit,89,0.61,54.29,0,pint
01-06-2025,Giant_Store_001,1008,Blueberries,Fruit,105,0.61,64.05,0,pint
02-06-2025,Giant_Store_001,1008,Blueberries,Fruit,56,0.61,34.16,0,pint
03-06-2025,Giant_Store_001,1008,Blueberries,Fruit,95,0.61,57.95,0,pint
04-06-2025,Giant_Store_001,1008,Blueberries,Fruit,83,0.61,50.63,0,pint
05-06-2025,Giant_Store_001,1008,Blueberries,Fruit,81,0.61,49.41,0,pint
06-06-2025,Giant_Store_001,1008,Blueberries,Fruit,88,0.61,53.68,0,pint
07-06-2025,Giant_Store_001,1008,Blueberries,Fruit,107,0.61,65.27,0,pint
08-06-2025,Giant_Store_001,1008,Blueberries,Fruit,101,0.61,61.61,0,pint
09-06-2025,Giant_Store_001,1008,Blueberries,Fruit,93,0.61,56.73,0,pint
10-06-2025,Giant_Store_001,1008,Blueberries,Fruit,86,0.61,52.46,0,pint
11-06-2025,Giant_Store_001,1008,Blueberries,Fruit,119,0.61,72.59,0,pint
12-06-2025,Giant_Store_001,1008,Blueberries,Fruit,108,0.61,65.88,0,pint
13-06-2025,Giant_Store_001,1008,Blueberries,Fruit,94,0.61,57.34,0,pint
14-06-2025,Giant_Store_001,1008,Blueberries,Fruit,100,0.61,61,0,pint
15-06-2025,Giant_Store_001,1008,Blueberries,Fruit,90,0.61,54.9,0,pint
16-06-2025,Giant_Store_001,1008,Blueberries,Fruit,93,0.61,56.73,0,pint
17-06-2025,Giant_Store_001,1008,Blueberries,Fruit,110,0.61,67.1,0,pint
18-06-2025,Giant_Store_001,1008,Blueberries,Fruit,98,0.61,59.78,0,pint
19-06-2025,Giant_Store_001,1008,Blueberries,Fruit,172,0.54,92.33,1,pint
20-06-2025,Giant_Store_001,1008,Blueberries,Fruit,61,0.61,37.21,0,pint
21-06-2025,Giant_Store_001,1008,Blueberries,Fruit,130,0.61,79.3,0,pint
22-06-2025,Giant_Store_001,1008,Blueberries,Fruit,102,0.61,62.22,0,pint
23-06-2025,Giant_Store_001,1008,Blueberries,Fruit,63,0.61,38.43,0,pint
24-06-2025,Giant_Store_001,1008,Blueberries,Fruit,75,0.61,45.75,0,pint
25-06-2025,Giant_Store_001,1008,Blueberries,Fruit,100,0.61,61,0,pint
26-06-2025,Giant_Store_001,1008,Blueberries,Fruit,76,0.61,46.36,0,pint
27-06-2025,Giant_Store_001,1008,Blueberries,Fruit,80,0.61,48.8,0,pint
28-06-2025,Giant_Store_001,1008,Blueberries,Fruit,148,0.54,79.45,1,pint
29-06-2025,Giant_Store_001,1008,Blueberries,Fruit,124,0.61,75.64,0,pint
30-06-2025,Giant_Store_001,1008,Blueberries,Fruit,83,0.61,50.63,0,pint
01-07-2025,Giant_Store_001,1008,Blueberries,Fruit,88,0.61,53.68,0,pint
02-07-2025,Giant_Store_001,1008,Blueberries,Fruit,76,0.61,46.36,0,pint
03-07-2025,Giant_Store_001,1008,Blueberries,Fruit,86,0.61,52.46,0,pint
04-07-2025,Giant_Store_001,1008,Blueberries,Fruit,101,0.61,61.61,0,pint
05-07-2025,Giant_Store_001,1008,Blueberries,Fruit,68,0.61,41.48,0,pint
06-07-2025,Giant_Store_001,1008,Blueberries,Fruit,119,0.61,72.59,0,pint
07-07-2025,Giant_Store_001,1008,Blueberries,Fruit,88,0.61,53.68,0,pint
08-07-2025,Giant_Store_001,1008,Blueberries,Fruit,76,0.61,46.36,0,pint
09-07-2025,Giant_Store_001,1008,Blueberries,Fruit,65,0.61,39.65,0,pint
10-07-2025,Giant_Store_001,1008,Blueberries,Fruit,105,0.61,64.05,0,pint
11-07-2025,Giant_Store_001,1008,Blueberries,Fruit,63,0.61,38.43,0,pint
12-07-2025,Giant_Store_001,1008,Blueberries,Fruit,124,0.61,75.64,0,pint
13-07-2025,Giant_Store_001,1008,Blueberries,Fruit,104,0.61,63.44,0,pint
14-07-2025,Giant_Store_001,1008,Blueberries,Fruit,82,0.61,50.02,0,pint
15-07-2025,Giant_Store_001,1008,Blueberries,Fruit,68,0.61,41.48,0,pint
16-07-2025,Giant_Store_001,1008,Blueberries,Fruit,80,0.61,48.8,0,pint
17-07-2025,Giant_Store_001,1008,Blueberries,Fruit,71,0.61,43.31,0,pint
18-07-2025,Giant_Store_001,1008,Blueberries,Fruit,89,0.61,54.29,0,pint
19-07-2025,Giant_Store_001,1008,Blueberries,Fruit,117,0.61,71.37,0,pint
20-07-2025,Giant_Store_001,1008,Blueberries,Fruit,80,0.61,48.8,0,pint
21-07-2025,Giant_Store_001,1008,Blueberries,Fruit,94,0.61,57.34,0,pint
22-07-2025,Giant_Store_001,1008,Blueberries,Fruit,97,0.61,59.17,0,pint
23-07-2025,Giant_Store_001,1008,Blueberries,Fruit,87,0.61,53.07,0,pint
24-07-2025,Giant_Store_001,1008,Blueberries,Fruit,71,0.61,43.31,0,pint
25-07-2025,Giant_Store_001,1008,Blueberries,Fruit,105,0.61,64.05,0,pint
26-07-2025,Giant_Store_001,1008,Blueberries,Fruit,107,0.61,65.27,0,pint
27-07-2025,Giant_Store_001,1008,Blueberries,Fruit,136,0.61,82.96,0,pint
28-07-2025,Giant_Store_001,1008,Blueberries,Fruit,101,0.61,61.61,0,pint
29-07-2025,Giant_Store_001,1008,Blueberries,Fruit,88,0.61,53.68,0,pint
30-07-2025,Giant_Store_001,1008,Blueberries,Fruit,77,0.61,46.97,0,pint
31-07-2025,Giant_Store_001,1008,Blueberries,Fruit,70,0.61,42.7,0,pint
01-08-2025,Giant_Store_001,1008,Blueberries,Fruit,79,0.61,48.19,0,pint
02-08-2025,Giant_Store_001,1008,Blueberries,Fruit,68,0.61,41.48,0,pint
03-08-2025,Giant_Store_001,1008,Blueberries,Fruit,80,0.61,48.8,0,pint
04-08-2025,Giant_Store_001,1008,Blueberries,Fruit,70,0.61,42.7,0,pint
05-08-2025,Giant_Store_001,1008,Blueberries,Fruit,84,0.61,51.24,0,pint
06-08-2025,Giant_Store_001,1008,Blueberries,Fruit,46,0.61,28.06,0,pint
07-08-2025,Giant_Store_001,1008,Blueberries,Fruit,72,0.61,43.92,0,pint
08-08-2025,Giant_Store_001,1008,Blueberries,Fruit,61,0.61,37.21,0,pint
09-08-2025,Giant_Store_001,1008,Blueberries,Fruit,79,0.61,48.19,0,pint
10-08-2025,Giant_Store_001,1008,Blueberries,Fruit,105,0.61,64.05,0,pint
11-08-2025,Giant_Store_001,1008,Blueberries,Fruit,84,0.61,51.24,0,pint
12-08-2025,Giant_Store_001,1008,Blueberries,Fruit,73,0.61,44.53,0,pint
13-08-2025,Giant_Store_001,1008,Blueberries,Fruit,84,0.61,51.24,0,pint
14-08-2025,Giant_Store_001,1008,Blueberries,Fruit,86,0.61,52.46,0,pint
15-08-2025,Giant_Store_001,1008,Blueberries,Fruit,58,0.61,35.38,0,pint
16-08-2025,Giant_Store_001,1008,Blueberries,Fruit,109,0.61,66.49,0,pint
17-08-2025,Giant_Store_001,1008,Blueberries,Fruit,120,0.61,73.2,0,pint
18-08-2025,Giant_Store_001,1008,Blueberries,Fruit,56,0.61,34.16,0,pint
19-08-2025,Giant_Store_001,1008,Blueberries,Fruit,83,0.61,50.63,0,pint
20-08-2025,Giant_Store_001,1008,Blueberries,Fruit,76,0.61,46.36,0,pint
21-08-2025,Giant_Store_001,1008,Blueberries,Fruit,28,0.61,17.08,0,pint
22-08-2025,Giant_Store_001,1008,Blueberries,Fruit,43,0.61,26.23,0,pint
23-08-2025,Giant_Store_001,1008,Blueberries,Fruit,117,0.54,62.81,1,pint
24-08-2025,Giant_Store_001,1008,Blueberries,Fruit,56,0.61,34.16,0,pint
25-08-2025,Giant_Store_001,1008,Blueberries,Fruit,58,0.61,35.38,0,pint
26-08-2025,Giant_Store_001,1008,Blueberries,Fruit,80,0.61,48.8,0,pint
27-08-2025,Giant_Store_001,1008,Blueberries,Fruit,75,0.61,45.75,0,pint
28-08-2025,Giant_Store_001,1008,Blueberries,Fruit,73,0.61,44.53,0,pint
29-08-2025,Giant_Store_001,1008,Blueberries,Fruit,58,0.61,35.38,0,pint
30-08-2025,Giant_Store_001,1008,Blueberries,Fruit,72,0.61,43.92,0,pint
31-08-2025,Giant_Store_001,1008,Blueberries,Fruit,94,0.61,57.34,0,pint
01-09-2025,Giant_Store_001,1008,Blueberries,Fruit,64,0.61,39.04,0,pint
02-09-2025,Giant_Store_001,1008,Blueberries,Fruit,68,0.61,41.48,0,pint
03-09-2025,Giant_Store_001,1008,Blueberries,Fruit,75,0.61,45.75,0,pint
04-09-2025,Giant_Store_001,1008,Blueberries,Fruit,57,0.61,34.77,0,pint
05-09-2025,Giant_Store_001,1008,Blueberries,Fruit,58,0.61,35.38,0,pint
06-09-2025,Giant_Store_001,1008,Blueberries,Fruit,96,0.61,58.56,0,pint
07-09-2025,Giant_Store_001,1008,Blueberries,Fruit,84,0.61,51.24,0,pint
08-09-2025,Giant_Store_001,1008,Blueberries,Fruit,66,0.61,40.26,0,pint
09-09-2025,Giant_Store_001,1008,Blueberries,Fruit,56,0.61,34.16,0,pint
10-09-2025,Giant_Store_001,1008,Blueberries,Fruit,66,0.61,40.26,0,pint
11-09-2025,Giant_Store_001,1008,Blueberries,Fruit,60,0.61,36.6,0,pint
12-09-2025,Giant_Store_001,1008,Blueberries,Fruit,83,0.61,50.63,0,pint
13-09-2025,Giant_Store_001,1008,Blueberries,Fruit,81,0.61,49.41,0,pint
14-09-2025,Giant_Store_001,1008,Blueberries,Fruit,122,0.54,65.49,1,pint
15-09-2025,Giant_Store_001,1008,Blueberries,Fruit,72,0.61,43.92,0,pint
16-09-2025,Giant_Store_001,1008,Blueberries,Fruit,62,0.61,37.82,0,pint
17-09-2025,Giant_Store_001,1008,Blueberries,Fruit,49,0.61,29.89,0,pint
18-09-2025,Giant_Store_001,1008,Blueberries,Fruit,72,0.61,43.92,0,pint
19-09-2025,Giant_Store_001,1008,Blueberries,Fruit,61,0.61,37.21,0,pint
20-09-2025,Giant_Store_001,1008,Blueberries,Fruit,71,0.61,43.31,0,pint
21-09-2025,Giant_Store_001,1008,Blueberries,Fruit,78,0.61,47.58,0,pint
22-09-2025,Giant_Store_001,1008,Blueberries,Fruit,65,0.54,34.89,1,pint
23-09-2025,Giant_Store_001,1008,Blueberries,Fruit,61,0.61,37.21,0,pint
24-09-2025,Giant_Store_001,1008,Blueberries,Fruit,60,0.61,36.6,0,pint
25-09-2025,Giant_Store_001,1008,Blueberries,Fruit,66,0.61,40.26,0,pint
26-09-2025,Giant_Store_001,1008,Blueberries,Fruit,57,0.61,34.77,0,pint
27-09-2025,Giant_Store_001,1008,Blueberries,Fruit,82,0.61,50.02,0,pint
28-09-2025,Giant_Store_001,1008,Blueberries,Fruit,87,0.61,53.07,0,pint
29-09-2025,Giant_Store_001,1008,Blueberries,Fruit,66,0.61,40.26,0,pint
30-09-2025,Giant_Store_001,1008,Blueberries,Fruit,46,0.61,28.06,0,pint
01-10-2025,Giant_Store_001,1008,Blueberries,Fruit,59,0.61,35.99,0,pint
02-10-2025,Giant_Store_001,1008,Blueberries,Fruit,66,0.61,40.26,0,pint
03-10-2025,Giant_Store_001,1008,Blueberries,Fruit,70,0.61,42.7,0,pint
04-10-2025,Giant_Store_001,1008,Blueberries,Fruit,67,0.61,40.87,0,pint
05-10-2025,Giant_Store_001,1008,Blueberries,Fruit,83,0.61,50.63,0,pint
06-10-2025,Giant_Store_001,1008,Blueberries,Fruit,57,0.61,34.77,0,pint
07-10-2025,Giant_Store_001,1008,Blueberries,Fruit,60,0.61,36.6,0,pint
08-10-2025,Giant_Store_001,1008,Blueberries,Fruit,44,0.61,26.84,0,pint
09-10-2025,Giant_Store_001,1008,Blueberries,Fruit,37,0.61,22.57,0,pint
10-10-2025,Giant_Store_001,1008,Blueberries,Fruit,59,0.61,35.99,0,pint
11-10-2025,Giant_Store_001,1008,Blueberries,Fruit,67,0.61,40.87,0,pint
12-10-2025,Giant_Store_001,1008,Blueberries,Fruit,91,0.61,55.51,0,pint
13-10-2025,Giant_Store_001,1008,Blueberries,Fruit,68,0.61,41.48,0,pint
14-10-2024,Giant_Store_001,1009,Watermelon,Fruit,102,1.6,163.2,0,lb
15-10-2024,Giant_Store_001,1009,Watermelon,Fruit,62,1.6,99.2,0,lb
16-10-2024,Giant_Store_001,1009,Watermelon,Fruit,79,1.6,126.4,0,lb
17-10-2024,Giant_Store_001,1009,Watermelon,Fruit,85,1.6,136,0,lb
18-10-2024,Giant_Store_001,1009,Watermelon,Fruit,69,1.6,110.4,0,lb
19-10-2024,Giant_Store_001,1009,Watermelon,Fruit,161,1.41,226.69,1,lb
20-10-2024,Giant_Store_001,1009,Watermelon,Fruit,100,1.6,160,0,lb
21-10-2024,Giant_Store_001,1009,Watermelon,Fruit,93,1.6,148.8,0,lb
22-10-2024,Giant_Store_001,1009,Watermelon,Fruit,95,1.6,152,0,lb
23-10-2024,Giant_Store_001,1009,Watermelon,Fruit,87,1.6,139.2,0,lb
24-10-2024,Giant_Store_001,1009,Watermelon,Fruit,96,1.6,153.6,0,lb
25-10-2024,Giant_Store_001,1009,Watermelon,Fruit,74,1.6,118.4,0,lb
26-10-2024,Giant_Store_001,1009,Watermelon,Fruit,114,1.6,182.4,0,lb
27-10-2024,Giant_Store_001,1009,Watermelon,Fruit,111,1.6,177.6,0,lb
28-10-2024,Giant_Store_001,1009,Watermelon,Fruit,106,1.6,169.6,0,lb
29-10-2024,Giant_Store_001,1009,Watermelon,Fruit,63,1.6,100.8,0,lb
30-10-2024,Giant_Store_001,1009,Watermelon,Fruit,91,1.6,145.6,0,lb
31-10-2024,Giant_Store_001,1009,Watermelon,Fruit,89,1.6,142.4,0,lb
01-11-2024,Giant_Store_001,1009,Watermelon,Fruit,83,1.6,132.8,0,lb
02-11-2024,Giant_Store_001,1009,Watermelon,Fruit,77,1.6,123.2,0,lb
03-11-2024,Giant_Store_001,1009,Watermelon,Fruit,88,1.6,140.8,0,lb
04-11-2024,Giant_Store_001,1009,Watermelon,Fruit,80,1.6,128,0,lb
05-11-2024,Giant_Store_001,1009,Watermelon,Fruit,92,1.6,147.2,0,lb
06-11-2024,Giant_Store_001,1009,Watermelon,Fruit,71,1.6,113.6,0,lb
07-11-2024,Giant_Store_001,1009,Watermelon,Fruit,104,1.6,166.4,0,lb
08-11-2024,Giant_Store_001,1009,Watermelon,Fruit,87,1.6,139.2,0,lb
09-11-2024,Giant_Store_001,1009,Watermelon,Fruit,125,1.6,200,0,lb
10-11-2024,Giant_Store_001,1009,Watermelon,Fruit,138,1.6,220.8,0,lb
11-11-2024,Giant_Store_001,1009,Watermelon,Fruit,74,1.6,118.4,0,lb
12-11-2024,Giant_Store_001,1009,Watermelon,Fruit,50,1.6,80,0,lb
13-11-2024,Giant_Store_001,1009,Watermelon,Fruit,84,1.6,134.4,0,lb
14-11-2024,Giant_Store_001,1009,Watermelon,Fruit,70,1.6,112,0,lb
15-11-2024,Giant_Store_001,1009,Watermelon,Fruit,121,1.6,193.6,0,lb
16-11-2024,Giant_Store_001,1009,Watermelon,Fruit,151,1.41,212.61,1,lb
17-11-2024,Giant_Store_001,1009,Watermelon,Fruit,112,1.6,179.2,0,lb
18-11-2024,Giant_Store_001,1009,Watermelon,Fruit,73,1.6,116.8,0,lb
19-11-2024,Giant_Store_001,1009,Watermelon,Fruit,105,1.6,168,0,lb
20-11-2024,Giant_Store_001,1009,Watermelon,Fruit,96,1.6,153.6,0,lb
21-11-2024,Giant_Store_001,1009,Watermelon,Fruit,83,1.6,132.8,0,lb
22-11-2024,Giant_Store_001,1009,Watermelon,Fruit,94,1.6,150.4,0,lb
23-11-2024,Giant_Store_001,1009,Watermelon,Fruit,115,1.6,184,0,lb
24-11-2024,Giant_Store_001,1009,Watermelon,Fruit,122,1.6,195.2,0,lb
25-11-2024,Giant_Store_001,1009,Watermelon,Fruit,82,1.6,131.2,0,lb
26-11-2024,Giant_Store_001,1009,Watermelon,Fruit,89,1.6,142.4,0,lb
27-11-2024,Giant_Store_001,1009,Watermelon,Fruit,110,1.41,154.88,1,lb
28-11-2024,Giant_Store_001,1009,Watermelon,Fruit,78,1.6,124.8,0,lb
29-11-2024,Giant_Store_001,1009,Watermelon,Fruit,92,1.6,147.2,0,lb
30-11-2024,Giant_Store_001,1009,Watermelon,Fruit,89,1.6,142.4,0,lb
01-12-2024,Giant_Store_001,1009,Watermelon,Fruit,139,1.6,222.4,0,lb
02-12-2024,Giant_Store_001,1009,Watermelon,Fruit,90,1.6,144,0,lb
03-12-2024,Giant_Store_001,1009,Watermelon,Fruit,98,1.41,137.98,1,lb
04-12-2024,Giant_Store_001,1009,Watermelon,Fruit,102,1.6,163.2,0,lb
05-12-2024,Giant_Store_001,1009,Watermelon,Fruit,90,1.6,144,0,lb
06-12-2024,Giant_Store_001,1009,Watermelon,Fruit,93,1.41,130.94,1,lb
07-12-2024,Giant_Store_001,1009,Watermelon,Fruit,98,1.6,156.8,0,lb
08-12-2024,Giant_Store_001,1009,Watermelon,Fruit,109,1.6,174.4,0,lb
09-12-2024,Giant_Store_001,1009,Watermelon,Fruit,71,1.6,113.6,0,lb
10-12-2024,Giant_Store_001,1009,Watermelon,Fruit,108,1.6,172.8,0,lb
11-12-2024,Giant_Store_001,1009,Watermelon,Fruit,92,1.6,147.2,0,lb
12-12-2024,Giant_Store_001,1009,Watermelon,Fruit,93,1.6,148.8,0,lb
13-12-2024,Giant_Store_001,1009,Watermelon,Fruit,78,1.6,124.8,0,lb
14-12-2024,Giant_Store_001,1009,Watermelon,Fruit,124,1.6,198.4,0,lb
15-12-2024,Giant_Store_001,1009,Watermelon,Fruit,119,1.6,190.4,0,lb
16-12-2024,Giant_Store_001,1009,Watermelon,Fruit,86,1.6,137.6,0,lb
17-12-2024,Giant_Store_001,1009,Watermelon,Fruit,88,1.6,140.8,0,lb
18-12-2024,Giant_Store_001,1009,Watermelon,Fruit,111,1.6,177.6,0,lb
19-12-2024,Giant_Store_001,1009,Watermelon,Fruit,80,1.6,128,0,lb
20-12-2024,Giant_Store_001,1009,Watermelon,Fruit,99,1.6,158.4,0,lb
21-12-2024,Giant_Store_001,1009,Watermelon,Fruit,110,1.6,176,0,lb
22-12-2024,Giant_Store_001,1009,Watermelon,Fruit,115,1.6,184,0,lb
23-12-2024,Giant_Store_001,1009,Watermelon,Fruit,85,1.6,136,0,lb
24-12-2024,Giant_Store_001,1009,Watermelon,Fruit,113,1.6,180.8,0,lb
25-12-2024,Giant_Store_001,1009,Watermelon,Fruit,94,1.6,150.4,0,lb
26-12-2024,Giant_Store_001,1009,Watermelon,Fruit,94,1.6,150.4,0,lb
27-12-2024,Giant_Store_001,1009,Watermelon,Fruit,70,1.6,112,0,lb
28-12-2024,Giant_Store_001,1009,Watermelon,Fruit,97,1.6,155.2,0,lb
29-12-2024,Giant_Store_001,1009,Watermelon,Fruit,118,1.6,188.8,0,lb
