retailaagetix_mvp-main/data/Historic Sales data giant_perishables_365_with_units.csv
date,store_id,sku_id,sku_name,category,units_sold,price_per_unit_usd,revenue_usd,promotion_flag,unit_of_measure
30-12-2024,Giant_Store_001,1009,Watermelon,Fruit,86,1.6,137.6,0,lb
31-12-2024,Giant_Store_001,1009,Watermelon,Fruit,71,1.6,113.6,0,lb
01-01-2025,Giant_Store_001,1009,Watermelon,Fruit,102,1.6,163.2,0,lb
02-01-2025,Giant_Store_001,1009,Watermelon,Fruit,72,1.6,115.2,0,lb
03-01-2025,Giant_Store_001,1009,Watermelon,Fruit,157,1.41,221.06,1,lb
04-01-2025,Giant_Store_001,1009,Watermelon,Fruit,121,1.6,193.6,0,lb
05-01-2025,Giant_Store_001,1009,Watermelon,Fruit,109,1.6,174.4,0,lb
06-01-2025,Giant_Store_001,1009,Watermelon,Fruit,114,1.41,160.51,1,lb
07-01-2025,Giant_Store_001,1009,Watermelon,Fruit,77,1.6,123.2,0,lb
08-01-2025,Giant_Store_001,1009,Watermelon,Fruit,58,1.6,92.8,0,lb
09-01-2025,Giant_Store_001,1009,Watermelon,Fruit,75,1.6,120,0,lb
10-01-2025,Giant_Store_001,1009,Watermelon,Fruit,94,1.6,150.4,0,lb
11-01-2025,Giant_Store_001,1009,Watermelon,Fruit,116,1.41,163.33,1,lb
12-01-2025,Giant_Store_001,1009,Watermelon,Fruit,103,1.6,164.8,0,lb
13-01-2025,Giant_Store_001,1009,Watermelon,Fruit,114,1.6,182.4,0,lb
14-01-2025,Giant_Store_001,1009,Watermelon,Fruit,77,1.6,123.2,0,lb
15-01-2025,Giant_Store_001,1009,Watermelon,Fruit,63,1.6,100.8,0,lb
16-01-2025,Giant_Store_001,1009,Watermelon,Fruit,69,1.6,110.4,0,lb
17-01-2025,Giant_Store_001,1009,Watermelon,Fruit,116,1.6,185.6,0,lb
18-01-2025,Giant_Store_001,1009,Watermelon,Fruit,112,1.6,179.2,0,lb
19-01-2025,Giant_Store_001,1009,Watermelon,Fruit,93,1.6,148.8,0,lb
20-01-2025,Giant_Store_001,1009,Watermelon,Fruit,94,1.6,150.4,0,lb
21-01-2025,Giant_Store_001,1009,Watermelon,Fruit,73,1.6,116.8,0,lb
22-01-2025,Giant_Store_001,1009,Watermelon,Fruit,74,1.41,104.19,1,lb
23-01-2025,Giant_Store_001,1009,Watermelon,Fruit,146,1.41,205.57,1,lb
24-01-2025,Giant_Store_001,1009,Watermelon,Fruit,84,1.6,134.4,0,lb
25-01-2025,Giant_Store_001,1009,Watermelon,Fruit,147,1.6,235.2,0,lb
26-01-2025,Giant_Store_001,1009,Watermelon,Fruit,124,1.6,198.4,0,lb
27-01-2025,Giant_Store_001,1009,Watermelon,Fruit,83,1.6,132.8,0,lb
28-01-2025,Giant_Store_001,1009,Watermelon,Fruit,88,1.6,140.8,0,lb
29-01-2025,Giant_Store_001,1009,Watermelon,Fruit,88,1.6,140.8,0,lb
30-01-2025,Giant_Store_001,1009,Watermelon,Fruit,93,1.6,148.8,0,lb
31-01-2025,Giant_Store_001,1009,Watermelon,Fruit,66,1.6,105.6,0,lb
01-02-2025,Giant_Store_001,1009,Watermelon,Fruit,134,1.6,214.4,0,lb
02-02-2025,Giant_Store_001,1009,Watermelon,Fruit,119,1.6,190.4,0,lb
03-02-2025,Giant_Store_001,1009,Watermelon,Fruit,84,1.6,134.4,0,lb
04-02-2025,Giant_Store_001,1009,Watermelon,Fruit,109,1.6,174.4,0,lb
05-02-2025,Giant_Store_001,1009,Watermelon,Fruit,99,1.6,158.4,0,lb
06-02-2025,Giant_Store_001,1009,Watermelon,Fruit,65,1.6,104,0,lb
07-02-2025,Giant_Store_001,1009,Watermelon,Fruit,102,1.6,163.2,0,lb
08-02-2025,Giant_Store_001,1009,Watermelon,Fruit,94,1.6,150.4,0,lb
09-02-2025,Giant_Store_001,1009,Watermelon,Fruit,78,1.6,124.8,0,lb
10-02-2025,Giant_Store_001,1009,Watermelon,Fruit,72,1.6,115.2,0,lb
11-02-2025,Giant_Store_001,1009,Watermelon,Fruit,113,1.6,180.8,0,lb
12-02-2025,Giant_Store_001,1009,Watermelon,Fruit,98,1.6,156.8,0,lb
13-02-2025,Giant_Store_001,1009,Watermelon,Fruit,90,1.6,144,0,lb
14-02-2025,Giant_Store_001,1009,Watermelon,Fruit,94,1.6,150.4,0,lb
15-02-2025,Giant_Store_001,1009,Watermelon,Fruit,126,1.6,201.6,0,lb
16-02-2025,Giant_Store_001,1009,Watermelon,Fruit,105,1.6,168,0,lb
17-02-2025,Giant_Store_001,1009,Watermelon,Fruit,110,1.6,176,0,lb
18-02-2025,Giant_Store_001,1009,Watermelon,Fruit,88,1.6,140.8,0,lb
19-02-2025,Giant_Store_001,1009,Watermelon,Fruit,61,1.6,97.6,0,lb
20-02-2025,Giant_Store_001,1009,Watermelon,Fruit,116,1.6,185.6,0,lb
21-02-2025,Giant_Store_001,1009,Watermelon,Fruit,66,1.6,105.6,0,lb
22-02-2025,Giant_Store_001,1009,Watermelon,Fruit,132,1.6,211.2,0,lb
23-02-2025,Giant_Store_001,1009,Watermelon,Fruit,74,1.6,118.4,0,lb
24-02-2025,Giant_Store_001,1009,Watermelon,Fruit,91,1.6,145.6,0,lb
25-02-2025,Giant_Store_001,1009,Watermelon,Fruit,78,1.6,124.8,0,lb
26-02-2025,Giant_Store_001,1009,Watermelon,Fruit,95,1.6,152,0,lb
27-02-2025,Giant_Store_001,1009,Watermelon,Fruit,115,1.6,184,0,lb
28-02-2025,Giant_Store_001,1009,Watermelon,Fruit,83,1.6,132.8,0,lb
01-03-2025,Giant_Store_001,1009,Watermelon,Fruit,84,1.6,134.4,0,lb
02-03-2025,Giant_Store_001,1009,Watermelon,Fruit,113,1.6,180.8,0,lb
03-03-2025,Giant_Store_001,1009,Watermelon,Fruit,113,1.41,159.1,1,lb
04-03-2025,Giant_Store_001,1009,Watermelon,Fruit,70,1.6,112,0,lb
05-03-2025,Giant_Store_001,1009,Watermelon,Fruit,97,1.6,155.2,0,lb
06-03-2025,Giant_Store_001,1009,Watermelon,Fruit,48,1.6,76.8,0,lb
07-03-2025,Giant_Store_001,1009,Watermelon,Fruit,75,1.6,120,0,lb
08-03-2025,Giant_Store_001,1009,Watermelon,Fruit,117,1.6,187.2,0,lb
09-03-2025,Giant_Store_001,1009,Watermelon,Fruit,94,1.6,150.4,0,lb
10-03-2025,Giant_Store_001,1009,Watermelon,Fruit,67,1.6,107.2,0,lb
11-03-2025,Giant_Store_001,1009,Watermelon,Fruit,99,1.6,158.4,0,lb
12-03-2025,Giant_Store_001,1009,Watermelon,Fruit,91,1.6,145.6,0,lb
13-03-2025,Giant_Store_001,1009,Watermelon,Fruit,71,1.6,113.6,0,lb
14-03-2025,Giant_Store_001,1009,Watermelon,Fruit,84,1.6,134.4,0,lb
15-03-2025,Giant_Store_001,1009,Watermelon,Fruit,128,1.6,204.8,0,lb
16-03-2025,Giant_Store_001,1009,Watermelon,Fruit,98,1.41,137.98,1,lb
17-03-2025,Giant_Store_001,1009,Watermelon,Fruit,110,1.6,176,0,lb
18-03-2025,Giant_Store_001,1009,Watermelon,Fruit,92,1.6,147.2,0,lb
19-03-2025,Giant_Store_001,1009,Watermelon,Fruit,87,1.6,139.2,0,lb
20-03-2025,Giant_Store_001,1009,Watermelon,Fruit,99,1.6,158.4,0,lb
21-03-2025,Giant_Store_001,1009,Watermelon,Fruit,100,1.6,160,0,lb
22-03-2025,Giant_Store_001,1009,Watermelon,Fruit,80,1.6,128,0,lb
23-03-2025,Giant_Store_001,1009,Watermelon,Fruit,103,1.6,164.8,0,lb
24-03-2025,Giant_Store_001,1009,Watermelon,Fruit,81,1.6,129.6,0,lb
25-03-2025,Giant_Store_001,1009,Watermelon,Fruit,91,1.6,145.6,0,lb
26-03-2025,Giant_Store_001,1009,Watermelon,Fruit,115,1.6,184,0,lb
27-03-2025,Giant_Store_001,1009,Watermelon,Fruit,87,1.6,139.2,0,lb
28-03-2025,Giant_Store_001,1009,Watermelon,Fruit,130,1.6,208,0,lb
29-03-2025,Giant_Store_001,1009,Watermelon,Fruit,96,1.6,153.6,0,lb
30-03-2025,Giant_Store_001,1009,Watermelon,Fruit,114,1.6,182.4,0,lb
31-03-2025,Giant_Store_001,1009,Watermelon,Fruit,81,1.6,129.6,0,lb
01-04-2025,Giant_Store_001,1009,Watermelon,Fruit,87,1.6,139.2,0,lb
02-04-2025,Giant_Store_001,1009,Watermelon,Fruit,91,1.6,145.6,0,lb
03-04-2025,Giant_Store_001,1009,Watermelon,Fruit,105,1.6,168,0,lb
04-04-2025,Giant_Store_001,1009,Watermelon,Fruit,77,1.6,123.2,0,lb
05-04-2025,Giant_Store_001,1009,Watermelon,Fruit,108,1.6,172.8,0,lb
06-04-2025,Giant_Store_001,1009,Watermelon,Fruit,105,1.6,168,0,lb
07-04-2025,Giant_Store_001,1009,Watermelon,Fruit,107,1.6,171.2,0,lb
08-04-2025,Giant_Store_001,1009,Watermelon,Fruit,101,1.6,161.6,0,lb
09-04-2025,Giant_Store_001,1009,Watermelon,Fruit,109,1.6,174.4,0,lb
10-04-2025,Giant_Store_001,1009,Watermelon,Fruit,96,1.6,153.6,0,lb
11-04-2025,Giant_Store_001,1009,Watermelon,Fruit,75,1.6,120,0,lb
12-04-2025,Giant_Store_001,1009,Watermelon,Fruit,115,1.6,184,0,lb
13-04-2025,Giant_Store_001,1009,Watermelon,Fruit,109,1.6,174.4,0,lb
14-04-2025,Giant_Store_001,1009,Watermelon,Fruit,86,1.6,137.6,0,lb
15-04-2025,Giant_Store_001,1009,Watermelon,Fruit,92,1.6,147.2,0,lb
16-04-2025,Giant_Store_001,1009,Watermelon,Fruit,74,1.6,118.4,0,lb
17-04-2025,Giant_Store_001,1009,Watermelon,Fruit,73,1.6,116.8,0,lb
18-04-2025,Giant_Store_001,1009,Watermelon,Fruit,106,1.6,169.6,0,lb
19-04-2025,Giant_Store_001,1009,Watermelon,Fruit,122,1.41,171.78,1,lb
20-04-2025,Giant_Store_001,1009,Watermelon,Fruit,107,1.6,171.2,0,lb
21-04-2025,Giant_Store_001,1009,Watermelon,Fruit,119,1.6,190.4,0,lb
22-04-2025,Giant_Store_001,1009,Watermelon,Fruit,101,1.6,161.6,0,lb
23-04-2025,Giant_Store_001,1009,Watermelon,Fruit,68,1.6,108.8,0,lb
24-04-2025,Giant_Store_001,1009,Watermelon,Fruit,108,1.6,172.8,0,lb
25-04-2025,Giant_Store_001,1009,Watermelon,Fruit,140,1.41,197.12,1,lb
26-04-2025,Giant_Store_001,1009,Watermelon,Fruit,123,1.6,196.8,0,lb
27-04-2025,Giant_Store_001,1009,Watermelon,Fruit,125,1.6,200,0,lb
28-04-2025,Giant_Store_001,1009,Watermelon,Fruit,75,1.6,120,0,lb
29-04-2025,Giant_Store_001,1009,Watermelon,Fruit,102,1.6,163.2,0,lb
30-04-2025,Giant_Store_001,1009,Watermelon,Fruit,113,1.6,180.8,0,lb
01-05-2025,Giant_Store_001,1009,Watermelon,Fruit,84,1.6,134.4,0,lb
02-05-2025,Giant_Store_001,1009,Watermelon,Fruit,111,1.41,156.29,1,lb
03-05-2025,Giant_Store_001,1009,Watermelon,Fruit,142,1.41,199.94,1,lb
04-05-2025,Giant_Store_001,1009,Watermelon,Fruit,123,1.6,196.8,0,lb
05-05-2025,Giant_Store_001,1009,Watermelon,Fruit,136,1.41,191.49,1,lb
06-05-2025,Giant_Store_001,1009,Watermelon,Fruit,78,1.6,124.8,0,lb
07-05-2025,Giant_Store_001,1009,Watermelon,Fruit,58,1.6,92.8,0,lb
08-05-2025,Giant_Store_001,1009,Watermelon,Fruit,79,1.6,126.4,0,lb
09-05-2025,Giant_Store_001,1009,Watermelon,Fruit,80,1.6,128,0,lb
10-05-2025,Giant_Store_001,1009,Watermelon,Fruit,126,1.6,201.6,0,lb
11-05-2025,Giant_Store_001,1009,Watermelon,Fruit,121,1.6,193.6,0,lb
12-05-2025,Giant_Store_001,1009,Watermelon,Fruit,92,1.6,147.2,0,lb
13-05-2025,Giant_Store_001,1009,Watermelon,Fruit,89,1.6,142.4,0,lb
14-05-2025,Giant_Store_001,1009,Watermelon,Fruit,94,1.6,150.4,0,lb
15-05-2025,Giant_Store_001,1009,Watermelon,Fruit,104,1.6,166.4,0,lb
16-05-2025,Giant_Store_001,1009,Watermelon,Fruit,102,1.6,163.2,0,lb
17-05-2025,Giant_Store_001,1009,Watermelon,Fruit,97,1.6,155.2,0,lb
18-05-2025,Giant_Store_001,1009,Watermelon,Fruit,107,1.6,171.2,0,lb
19-05-2025,Giant_Store_001,1009,Watermelon,Fruit,81,1.6,129.6,0,lb
20-05-2025,Giant_Store_001,1009,Watermelon,Fruit,90,1.6,144,0,lb
21-05-2025,Giant_Store_001,1009,Watermelon,Fruit,96,1.6,153.6,0,lb
22-05-2025,Giant_Store_001,1009,Watermelon,Fruit,49,1.6,78.4,0,lb
23-05-2025,Giant_Store_001,1009,Watermelon,Fruit,77,1.6,123.2,0,lb
24-05-2025,Giant_Store_001,1009,Watermelon,Fruit,126,1.6,201.6,0,lb
25-05-2025,Giant_Store_001,1009,Watermelon,Fruit,94,1.6,150.4,0,lb
26-05-2025,Giant_Store_001,1009,Watermelon,Fruit,68,1.6,108.8,0,lb
27-05-2025,Giant_Store_001,1009,Watermelon,Fruit,75,1.6,120,0,lb
28-05-2025,Giant_Store_001,1009,Watermelon,Fruit,133,1.41,187.26,1,lb
29-05-2025,Giant_Store_001,1009,Watermelon,Fruit,63,1.6,100.8,0,lb
30-05-2025,Giant_Store_001,1009,Watermelon,Fruit,110,1.6,176,0,lb
31-05-2025,Giant_Store_001,1009,Watermelon,Fruit,118,1.6,188.8,0,lb
01-06-2025,Giant_Store_001,1009,Watermelon,Fruit,138,1.6,220.8,0,lb
02-06-2025,Giant_Store_001,1009,Watermelon,Fruit,89,1.6,142.4,0,lb
03-06-2025,Giant_Store_001,1009,Watermelon,Fruit,102,1.6,163.2,0,lb
04-06-2025,Giant_Store_001,1009,Watermelon,Fruit,115,1.6,184,0,lb
05-06-2025,Giant_Store_001,1009,Watermelon,Fruit,112,1.6,179.2,0,lb
06-06-2025,Giant_Store_001,1009,Watermelon,Fruit,92,1.6,147.2,0,lb
07-06-2025,Giant_Store_001,1009,Watermelon,Fruit,166,1.6,265.6,0,lb
08-06-2025,Giant_Store_001,1009,Watermelon,Fruit,132,1.6,211.2,0,lb
09-06-2025,Giant_Store_001,1009,Watermelon,Fruit,113,1.6,180.8,0,lb
10-06-2025,Giant_Store_001,1009,Watermelon,Fruit,110,1.6,176,0,lb
11-06-2025,Giant_Store_001,1009,Watermelon,Fruit,81,1.6,129.6,0,lb
12-06-2025,Giant_Store_001,1009,Watermelon,Fruit,97,1.6,155.2,0,lb
13-06-2025,Giant_Store_001,1009,Watermelon,Fruit,82,1.6,131.2,0,lb
14-06-2025,Giant_Store_001,1009,Watermelon,Fruit,141,1.6,225.6,0,lb
15-06-2025,Giant_Store_001,1009,Watermelon,Fruit,113,1.6,180.8,0,lb
16-06-2025,Giant_Store_001,1009,Watermelon,Fruit,108,1.6,172.8,0,lb
17-06-2025,Giant_Store_001,1009,Watermelon,Fruit,119,1.41,167.55,1,lb
18-06-2025,Giant_Store_001,1009,Watermelon,Fruit,109,1.6,174.4,0,lb
19-06-2025,Giant_Store_001,1009,Watermelon,Fruit,69,1.6,110.4,0,lb
20-06-2025,Giant_Store_001,1009,Watermelon,Fruit,123,1.6,196.8,0,lb
21-06-2025,Giant_Store_001,1009,Watermelon,Fruit,112,1.6,179.2,0,lb
22-06-2025,Giant_Store_001,1009,Watermelon,Fruit,159,1.6,254.4,0,lb
23-06-2025,Giant_Store_001,1009,Watermelon,Fruit,55,1.6,88,0,lb
24-06-2025,Giant_Store_001,1009,Watermelon,Fruit,87,1.6,139.2,0,lb
25-06-2025,Giant_Store_001,1009,Watermelon,Fruit,87,1.6,139.2,0,lb
26-06-2025,Giant_Store_001,1009,Watermelon,Fruit,81,1.6,129.6,0,lb
27-06-2025,Giant_Store_001,1009,Watermelon,Fruit,104,1.6,166.4,0,lb
28-06-2025,Giant_Store_001,1009,Watermelon,Fruit,160,1.6,256,0,lb
29-06-2025,Giant_Store_001,1009,Watermelon,Fruit,114,1.6,182.4,0,lb
30-06-2025,Giant_Store_001,1009,Watermelon,Fruit,112,1.6,179.2,0,lb
01-07-2025,Giant_Store_001,1009,Watermelon,Fruit,113,1.6,180.8,0,lb
02-07-2025,Giant_Store_001,1009,Watermelon,Fruit,76,1.6,121.6,0,lb
03-07-2025,Giant_Store_001,1009,Watermelon,Fruit,95,1.6,152,0,lb
04-07-2025,Giant_Store_001,1009,Watermelon,Fruit,106,1.6,169.6,0,lb
05-07-2025,Giant_Store_001,1009,Watermelon,Fruit,158,1.41,222.46,1,lb
06-07-2025,Giant_Store_001,1009,Watermelon,Fruit,153,1.6,244.8,0,lb
07-07-2025,Giant_Store_001,1009,Watermelon,Fruit,85,1.6,136,0,lb
08-07-2025,Giant_Store_001,1009,Watermelon,Fruit,125,1.6,200,0,lb
09-07-2025,Giant_Store_001,1009,Watermelon,Fruit,108,1.6,172.8,0,lb
10-07-2025,Giant_Store_001,1009,Watermelon,Fruit,87,1.6,139.2,0,lb
11-07-2025,Giant_Store_001,1009,Watermelon,Fruit,95,1.6,152,0,lb
12-07-2025,Giant_Store_001,1009,Watermelon,Fruit,127,1.6,203.2,0,lb
13-07-2025,Giant_Store_001,1009,Watermelon,Fruit,114,1.6,182.4,0,lb
14-07-2025,Giant_Store_001,1009,Watermelon,Fruit,127,1.6,203.2,0,lb
15-07-2025,Giant_Store_001,1009,Watermelon,Fruit,98,1.6,156.8,0,lb
16-07-2025,Giant_Store_001,1009,Watermelon,Fruit,129,1.6,206.4,0,lb
17-07-2025,Giant_Store_001,1009,Watermelon,Fruit,118,1.6,188.8,0,lb
18-07-2025,Giant_Store_001,1009,Watermelon,Fruit,69,1.6,110.4,0,lb
19-07-2025,Giant_Store_001,1009,Watermelon,Fruit,123,1.41,173.18,1,lb
20-07-2025,Giant_Store_001,1009,Watermelon,Fruit,111,1.6,177.6,0,lb
21-07-2025,Giant_Store_001,1009,Watermelon,Fruit,107,1.6,171.2,0,lb
22-07-2025,Giant_Store_001,1009,Watermelon,Fruit,77,1.6,123.2,0,lb
23-07-2025,Giant_Store_001,1009,Watermelon,Fruit,88,1.6,140.8,0,lb
24-07-2025,Giant_Store_001,1009,Watermelon,Fruit,101,1.6,161.6,0,lb
25-07-2025,Giant_Store_001,1009,Watermelon,Fruit,135,1.6,216,0,lb
26-07-2025,Giant_Store_001,1009,Watermelon,Fruit,143,1.6,228.8,0,lb
27-07-2025,Giant_Store_001,1009,Watermelon,Fruit,167,1.6,267.2,0,lb
28-07-2025,Giant_Store_001,1009,Watermelon,Fruit,105,1.6,168,0,lb
29-07-2025,Giant_Store_001,1009,Watermelon,Fruit,103,1.6,164.8,0,lb
30-07-2025,Giant_Store_001,1009,Watermelon,Fruit,133,1.41,187.26,1,lb
31-07-2025,Giant_Store_001,1009,Watermelon,Fruit,102,1.6,163.2,0,lb
01-08-2025,Giant_Store_001,1009,Watermelon,Fruit,80,1.6,128,0,lb
02-08-2025,Giant_Store_001,1009,Watermelon,Fruit,139,1.6,222.4,0,lb
03-08-2025,Giant_Store_001,1009,Watermelon,Fruit,118,1.6,188.8,0,lb
04-08-2025,Giant_Store_001,1009,Watermelon,Fruit,129,1.41,181.63,1,lb
05-08-2025,Giant_Store_001,1009,Watermelon,Fruit,88,1.6,140.8,0,lb
06-08-2025,Giant_Store_001,1009,Watermelon,Fruit,80,1.6,128,0,lb
07-08-2025,Giant_Store_001,1009,Watermelon,Fruit,90,1.6,144,0,lb
08-08-2025,Giant_Store_001,1009,Watermelon,Fruit,81,1.6,129.6,0,lb
09-08-2025,Giant_Store_001,1009,Watermelon,Fruit,183,1.41,257.66,1,lb
10-08-2025,Giant_Store_001,1009,Watermelon,Fruit,109,1.6,174.4,0,lb
11-08-2025,Giant_Store_001,1009,Watermelon,Fruit,123,1.6,196.8,0,lb
12-08-2025,Giant_Store_001,1009,Watermelon,Fruit,88,1.6,140.8,0,lb
13-08-2025,Giant_Store_001,1009,Watermelon,Fruit,134,1.6,214.4,0,lb
14-08-2025,Giant_Store_001,1009,Watermelon,Fruit,152,1.41,214.02,1,lb
15-08-2025,Giant_Store_001,1009,Watermelon,Fruit,97,1.6,155.2,0,lb
16-08-2025,Giant_Store_001,1009,Watermelon,Fruit,105,1.6,168,0,lb
17-08-2025,Giant_Store_001,1009,Watermelon,Fruit,125,1.6,200,0,lb
18-08-2025,Giant_Store_001,1009,Watermelon,Fruit,113,1.6,180.8,0,lb
19-08-2025,Giant_Store_001,1009,Watermelon,Fruit,106,1.6,169.6,0,lb
20-08-2025,Giant_Store_001,1009,Watermelon,Fruit,110,1.6,176,0,lb
21-08-2025,Giant_Store_001,1009,Watermelon,Fruit,106,1.6,169.6,0,lb
22-08-2025,Giant_Store_001,1009,Watermelon,Fruit,104,1.6,166.4,0,lb
23-08-2025,Giant_Store_001,1009,Watermelon,Fruit,108,1.6,172.8,0,lb
24-08-2025,Giant_Store_001,1009,Watermelon,Fruit,98,1.6,156.8,0,lb
25-08-2025,Giant_Store_001,1009,Watermelon,Fruit,106,1.6,169.6,0,lb
26-08-2025,Giant_Store_001,1009,Watermelon,Fruit,65,1.6,104,0,lb
27-08-2025,Giant_Store_001,1009,Watermelon,Fruit,71,1.6,113.6,0,lb
28-08-2025,Giant_Store_001,1009,Watermelon,Fruit,94,1.6,150.4,0,lb
29-08-2025,Giant_Store_001,1009,Watermelon,Fruit,122,1.6,195.2,0,lb
30-08-2025,Giant_Store_001,1009,Watermelon,Fruit,97,1.6,155.2,0,lb
31-08-2025,Giant_Store_001,1009,Watermelon,Fruit,102,1.6,163.2,0,lb
01-09-2025,Giant_Store_001,1009,Watermelon,Fruit,110,1.6,176,0,lb
02-09-2025,Giant_Store_001,1009,Watermelon,Fruit,146,1.41,205.57,1,lb
03-09-2025,Giant_Store_001,1009,Watermelon,Fruit,80,1.6,128,0,lb
04-09-2025,Giant_Store_001,1009,Watermelon,Fruit,77,1.6,123.2,0,lb
05-09-2025,Giant_Store_001,1009,Watermelon,Fruit,75,1.6,120,0,lb
06-09-2025,Giant_Store_001,1009,Watermelon,Fruit,105,1.6,168,0,lb
07-09-2025,Giant_Store_001,1009,Watermelon,Fruit,106,1.6,169.6,0,lb
08-09-2025,Giant_Store_001,1009,Watermelon,Fruit,33,1.6,52.8,0,lb
09-09-2025,Giant_Store_001,1009,Watermelon,Fruit,82,1.6,131.2,0,lb
10-09-2025,Giant_Store_001,1009,Watermelon,Fruit,137,1.41,192.9,1,lb
11-09-2025,Giant_Store_001,1009,Watermelon,Fruit,61,1.6,97.6,0,lb
12-09-2025,Giant_Store_001,1009,Watermelon,Fruit,87,1.6,139.2,0,lb
13-09-2025,Giant_Store_001,1009,Watermelon,Fruit,136,1.6,217.6,0,lb
14-09-2025,Giant_Store_001,1009,Watermelon,Fruit,89,1.6,142.4,0,lb
15-09-2025,Giant_Store_001,1009,Watermelon,Fruit,128,1.41,180.22,1,lb
16-09-2025,Giant_Store_001,1009,Watermelon,Fruit,69,1.6,110.4,0,lb
17-09-2025,Giant_Store_001,1009,Watermelon,Fruit,94,1.6,150.4,0,lb
18-09-2025,Giant_Store_001,1009,Watermelon,Fruit,136,1.41,191.49,1,lb
19-09-2025,Giant_Store_001,1009,Watermelon,Fruit,97,1.6,155.2,0,lb
