retailaagetix_mvp-main/data/Historic Sales data giant_perishables_365_with_units.csv
date,store_id,sku_id,sku_name,category,units_sold,price_per_unit_usd,revenue_usd,promotion_flag,unit_of_measure
20-09-2025,Giant_Store_001,1009,Watermelon,Fruit,115,1.6,184,0,lb
21-09-2025,Giant_Store_001,1009,Watermelon,Fruit,123,1.6,196.8,0,lb
22-09-2025,Giant_Store_001,1009,Watermelon,Fruit,110,1.6,176,0,lb
23-09-2025,Giant_Store_001,1009,Watermelon,Fruit,82,1.6,131.2,0,lb
24-09-2025,Giant_Store_001,1009,Watermelon,Fruit,93,1.6,148.8,0,lb
25-09-2025,Giant_Store_001,1009,Watermelon,Fruit,93,1.6,148.8,0,lb
26-09-2025,Giant_Store_001,1009,Watermelon,Fruit,118,1.6,188.8,0,lb
27-09-2025,Giant_Store_001,1009,Watermelon,Fruit,52,1.6,83.2,0,lb
28-09-2025,Giant_Store_001,1009,Watermelon,Fruit,138,1.6,220.8,0,lb
29-09-2025,Giant_Store_001,1009,Watermelon,Fruit,95,1.6,152,0,lb
30-09-2025,Giant_Store_001,1009,Watermelon,Fruit,95,1.6,152,0,lb
01-10-2025,Giant_Store_001,1009,Watermelon,Fruit,107,1.6,171.2,0,lb
02-10-2025,Giant_Store_001,1009,Watermelon,Fruit,85,1.6,136,0,lb
03-10-2025,Giant_Store_001,1009,Watermelon,Fruit,132,1.41,185.86,1,lb
04-10-2025,Giant_Store_001,1009,Watermelon,Fruit,99,1.6,158.4,0,lb
05-10-2025,Giant_Store_001,1009,Watermelon,Fruit,89,1.6,142.4,0,lb
06-10-2025,Giant_Store_001,1009,Watermelon,Fruit,98,1.6,156.8,0,lb
07-10-2025,Giant_Store_001,1009,Watermelon,Fruit,70,1.6,112,0,lb
08-10-2025,Giant_Store_001,1009,Watermelon,Fruit,83,1.6,132.8,0,lb
09-10-2025,Giant_Store_001,1009,Watermelon,Fruit,68,1.6,108.8,0,lb
10-10-2025,Giant_Store_001,1009,Watermelon,Fruit,63,1.6,100.8,0,lb
11-10-2025,Giant_Store_001,1009,Watermelon,Fruit,95,1.6,152,0,lb
12-10-2025,Giant_Store_001,1009,Watermelon,Fruit,136,1.6,217.6,0,lb
13-10-2025,Giant_Store_001,1009,Watermelon,Fruit,117,1.6,187.2,0,lb
14-10-2024,Giant_Store_001,1010,Potato,Vegetable,78,0.57,44.46,0,lb
15-10-2024,Giant_Store_001,1010,Potato,Vegetable,75,0.57,42.75,0,lb
16-10-2024,Giant_Store_001,1010,Potato,Vegetable,91,0.57,51.87,0,lb
17-10-2024,Giant_Store_001,1010,Potato,Vegetable,70,0.57,39.9,0,lb
18-10-2024,Giant_Store_001,1010,Potato,Vegetable,70,0.57,39.9,0,lb
19-10-2024,Giant_Store_001,1010,Potato,Vegetable,104,0.57,59.28,0,lb
20-10-2024,Giant_Store_001,1010,Potato,Vegetable,82,0.57,46.74,0,lb
21-10-2024,Giant_Store_001,1010,Potato,Vegetable,113,0.5,56.68,1,lb
22-10-2024,Giant_Store_001,1010,Potato,Vegetable,83,0.57,47.31,0,lb
23-10-2024,Giant_Store_001,1010,Potato,Vegetable,87,0.57,49.59,0,lb
24-10-2024,Giant_Store_001,1010,Potato,Vegetable,61,0.57,34.77,0,lb
25-10-2024,Giant_Store_001,1010,Potato,Vegetable,69,0.57,39.33,0,lb
26-10-2024,Giant_Store_001,1010,Potato,Vegetable,101,0.57,57.57,0,lb
27-10-2024,Giant_Store_001,1010,Potato,Vegetable,125,0.57,71.25,0,lb
28-10-2024,Giant_Store_001,1010,Potato,Vegetable,71,0.57,40.47,0,lb
29-10-2024,Giant_Store_001,1010,Potato,Vegetable,48,0.57,27.36,0,lb
30-10-2024,Giant_Store_001,1010,Potato,Vegetable,81,0.57,46.17,0,lb
31-10-2024,Giant_Store_001,1010,Potato,Vegetable,65,0.5,32.6,1,lb
01-11-2024,Giant_Store_001,1010,Potato,Vegetable,95,0.57,54.15,0,lb
02-11-2024,Giant_Store_001,1010,Potato,Vegetable,99,0.57,56.43,0,lb
03-11-2024,Giant_Store_001,1010,Potato,Vegetable,98,0.57,55.86,0,lb
04-11-2024,Giant_Store_001,1010,Potato,Vegetable,70,0.57,39.9,0,lb
05-11-2024,Giant_Store_001,1010,Potato,Vegetable,61,0.57,34.77,0,lb
06-11-2024,Giant_Store_001,1010,Potato,Vegetable,105,0.5,52.67,1,lb
07-11-2024,Giant_Store_001,1010,Potato,Vegetable,53,0.57,30.21,0,lb
08-11-2024,Giant_Store_001,1010,Potato,Vegetable,60,0.57,34.2,0,lb
09-11-2024,Giant_Store_001,1010,Potato,Vegetable,102,0.57,58.14,0,lb
10-11-2024,Giant_Store_001,1010,Potato,Vegetable,81,0.57,46.17,0,lb
11-11-2024,Giant_Store_001,1010,Potato,Vegetable,74,0.57,42.18,0,lb
12-11-2024,Giant_Store_001,1010,Potato,Vegetable,74,0.57,42.18,0,lb
13-11-2024,Giant_Store_001,1010,Potato,Vegetable,95,0.5,47.65,1,lb
14-11-2024,Giant_Store_001,1010,Potato,Vegetable,69,0.57,39.33,0,lb
15-11-2024,Giant_Store_001,1010,Potato,Vegetable,80,0.57,45.6,0,lb
16-11-2024,Giant_Store_001,1010,Potato,Vegetable,100,0.57,57,0,lb
17-11-2024,Giant_Store_001,1010,Potato,Vegetable,74,0.57,42.18,0,lb
18-11-2024,Giant_Store_001,1010,Potato,Vegetable,64,0.57,36.48,0,lb
19-11-2024,Giant_Store_001,1010,Potato,Vegetable,99,0.57,56.43,0,lb
20-11-2024,Giant_Store_001,1010,Potato,Vegetable,65,0.57,37.05,0,lb
21-11-2024,Giant_Store_001,1010,Potato,Vegetable,61,0.57,34.77,0,lb
22-11-2024,Giant_Store_001,1010,Potato,Vegetable,82,0.57,46.74,0,lb
23-11-2024,Giant_Store_001,1010,Potato,Vegetable,119,0.5,59.69,1,lb
24-11-2024,Giant_Store_001,1010,Potato,Vegetable,60,0.57,34.2,0,lb
25-11-2024,Giant_Store_001,1010,Potato,Vegetable,86,0.57,49.02,0,lb
26-11-2024,Giant_Store_001,1010,Potato,Vegetable,59,0.57,33.63,0,lb
27-11-2024,Giant_Store_001,1010,Potato,Vegetable,67,0.5,33.61,1,lb
28-11-2024,Giant_Store_001,1010,Potato,Vegetable,74,0.57,42.18,0,lb
29-11-2024,Giant_Store_001,1010,Potato,Vegetable,60,0.57,34.2,0,lb
30-11-2024,Giant_Store_001,1010,Potato,Vegetable,73,0.57,41.61,0,lb
01-12-2024,Giant_Store_001,1010,Potato,Vegetable,94,0.57,53.58,0,lb
02-12-2024,Giant_Store_001,1010,Potato,Vegetable,73,0.57,41.61,0,lb
03-12-2024,Giant_Store_001,1010,Potato,Vegetable,76,0.57,43.32,0,lb
04-12-2024,Giant_Store_001,1010,Potato,Vegetable,65,0.57,37.05,0,lb
05-12-2024,Giant_Store_001,1010,Potato,Vegetable,84,0.57,47.88,0,lb
06-12-2024,Giant_Store_001,1010,Potato,Vegetable,80,0.57,45.6,0,lb
07-12-2024,Giant_Store_001,1010,Potato,Vegetable,103,0.57,58.71,0,lb
08-12-2024,Giant_Store_001,1010,Potato,Vegetable,63,0.57,35.91,0,lb
09-12-2024,Giant_Store_001,1010,Potato,Vegetable,83,0.57,47.31,0,lb
10-12-2024,Giant_Store_001,1010,Potato,Vegetable,86,0.57,49.02,0,lb
11-12-2024,Giant_Store_001,1010,Potato,Vegetable,66,0.57,37.62,0,lb
12-12-2024,Giant_Store_001,1010,Potato,Vegetable,57,0.57,32.49,0,lb
13-12-2024,Giant_Store_001,1010,Potato,Vegetable,48,0.57,27.36,0,lb
14-12-2024,Giant_Store_001,1010,Potato,Vegetable,103,0.5,51.66,1,lb
15-12-2024,Giant_Store_001,1010,Potato,Vegetable,90,0.57,51.3,0,lb
16-12-2024,Giant_Store_001,1010,Potato,Vegetable,71,0.57,40.47,0,lb
17-12-2024,Giant_Store_001,1010,Potato,Vegetable,58,0.57,33.06,0,lb
18-12-2024,Giant_Store_001,1010,Potato,Vegetable,55,0.57,31.35,0,lb
19-12-2024,Giant_Store_001,1010,Potato,Vegetable,98,0.57,55.86,0,lb
20-12-2024,Giant_Store_001,1010,Potato,Vegetable,84,0.57,47.88,0,lb
21-12-2024,Giant_Store_001,1010,Potato,Vegetable,104,0.57,59.28,0,lb
22-12-2024,Giant_Store_001,1010,Potato,Vegetable,99,0.57,56.43,0,lb
23-12-2024,Giant_Store_001,1010,Potato,Vegetable,69,0.57,39.33,0,lb
24-12-2024,Giant_Store_001,1010,Potato,Vegetable,83,0.57,47.31,0,lb
25-12-2024,Giant_Store_001,1010,Potato,Vegetable,91,0.5,45.65,1,lb
26-12-2024,Giant_Store_001,1010,Potato,Vegetable,56,0.57,31.92,0,lb
27-12-2024,Giant_Store_001,1010,Potato,Vegetable,57,0.57,32.49,0,lb
28-12-2024,Giant_Store_001,1010,Potato,Vegetable,81,0.57,46.17,0,lb
29-12-2024,Giant_Store_001,1010,Potato,Vegetable,76,0.57,43.32,0,lb
30-12-2024,Giant_Store_001,1010,Potato,Vegetable,74,0.57,42.18,0,lb
31-12-2024,Giant_Store_001,1010,Potato,Vegetable,40,0.57,22.8,0,lb
01-01-2025,Giant_Store_001,1010,Potato,Vegetable,79,0.57,45.03,0,lb
02-01-2025,Giant_Store_001,1010,Potato,Vegetable,68,0.57,38.76,0,lb
03-01-2025,Giant_Store_001,1010,Potato,Vegetable,60,0.57,34.2,0,lb
04-01-2025,Giant_Store_001,1010,Potato,Vegetable,83,0.57,47.31,0,lb
05-01-2025,Giant_Store_001,1010,Potato,Vegetable,83,0.57,47.31,0,lb
06-01-2025,Giant_Store_001,1010,Potato,Vegetable,81,0.57,46.17,0,lb
07-01-2025,Giant_Store_001,1010,Potato,Vegetable,86,0.57,49.02,0,lb
08-01-2025,Giant_Store_001,1010,Potato,Vegetable,74,0.57,42.18,0,lb
09-01-2025,Giant_Store_001,1010,Potato,Vegetable,84,0.57,47.88,0,lb
10-01-2025,Giant_Store_001,1010,Potato,Vegetable,76,0.57,43.32,0,lb
11-01-2025,Giant_Store_001,1010,Potato,Vegetable,94,0.57,53.58,0,lb
12-01-2025,Giant_Store_001,1010,Potato,Vegetable,86,0.57,49.02,0,lb
13-01-2025,Giant_Store_001,1010,Potato,Vegetable,102,0.5,51.16,1,lb
14-01-2025,Giant_Store_001,1010,Potato,Vegetable,71,0.57,40.47,0,lb
15-01-2025,Giant_Store_001,1010,Potato,Vegetable,73,0.57,41.61,0,lb
16-01-2025,Giant_Store_001,1010,Potato,Vegetable,81,0.57,46.17,0,lb
17-01-2025,Giant_Store_001,1010,Potato,Vegetable,55,0.57,31.35,0,lb
18-01-2025,Giant_Store_001,1010,Potato,Vegetable,105,0.57,59.85,0,lb
19-01-2025,Giant_Store_001,1010,Potato,Vegetable,99,0.57,56.43,0,lb
20-01-2025,Giant_Store_001,1010,Potato,Vegetable,61,0.5,30.6,1,lb
21-01-2025,Giant_Store_001,1010,Potato,Vegetable,69,0.57,39.33,0,lb
22-01-2025,Giant_Store_001,1010,Potato,Vegetable,54,0.57,30.78,0,lb
23-01-2025,Giant_Store_001,1010,Potato,Vegetable,68,0.57,38.76,0,lb
24-01-2025,Giant_Store_001,1010,Potato,Vegetable,86,0.57,49.02,0,lb
25-01-2025,Giant_Store_001,1010,Potato,Vegetable,68,0.57,38.76,0,lb
26-01-2025,Giant_Store_001,1010,Potato,Vegetable,81,0.57,46.17,0,lb
27-01-2025,Giant_Store_001,1010,Potato,Vegetable,59,0.57,33.63,0,lb
28-01-2025,Giant_Store_001,1010,Potato,Vegetable,89,0.5,44.64,1,lb
29-01-2025,Giant_Store_001,1010,Potato,Vegetable,74,0.57,42.18,0,lb
30-01-2025,Giant_Store_001,1010,Potato,Vegetable,46,0.57,26.22,0,lb
31-01-2025,Giant_Store_001,1010,Potato,Vegetable,75,0.57,42.75,0,lb
01-02-2025,Giant_Store_001,1010,Potato,Vegetable,115,0.57,65.55,0,lb
02-02-2025,Giant_Store_001,1010,Potato,Vegetable,143,0.5,71.73,1,lb
03-02-2025,Giant_Store_001,1010,Potato,Vegetable,68,0.57,38.76,0,lb
04-02-2025,Giant_Store_001,1010,Potato,Vegetable,63,0.57,35.91,0,lb
05-02-2025,Giant_Store_001,1010,Potato,Vegetable,124,0.5,62.2,1,lb
06-02-2025,Giant_Store_001,1010,Potato,Vegetable,70,0.57,39.9,0,lb
07-02-2025,Giant_Store_001,1010,Potato,Vegetable,100,0.57,57,0,lb
08-02-2025,Giant_Store_001,1010,Potato,Vegetable,115,0.5,57.68,1,lb
09-02-2025,Giant_Store_001,1010,Potato,Vegetable,82,0.57,46.74,0,lb
10-02-2025,Giant_Store_001,1010,Potato,Vegetable,57,0.57,32.49,0,lb
11-02-2025,Giant_Store_001,1010,Potato,Vegetable,82,0.57,46.74,0,lb
12-02-2025,Giant_Store_001,1010,Potato,Vegetable,73,0.57,41.61,0,lb
13-02-2025,Giant_Store_001,1010,Potato,Vegetable,71,0.57,40.47,0,lb
14-02-2025,Giant_Store_001,1010,Potato,Vegetable,91,0.57,51.87,0,lb
15-02-2025,Giant_Store_001,1010,Potato,Vegetable,93,0.57,53.01,0,lb
16-02-2025,Giant_Store_001,1010,Potato,Vegetable,106,0.57,60.42,0,lb
17-02-2025,Giant_Store_001,1010,Potato,Vegetable,76,0.57,43.32,0,lb
18-02-2025,Giant_Store_001,1010,Potato,Vegetable,77,0.57,43.89,0,lb
19-02-2025,Giant_Store_001,1010,Potato,Vegetable,56,0.57,31.92,0,lb
20-02-2025,Giant_Store_001,1010,Potato,Vegetable,39,0.57,22.23,0,lb
21-02-2025,Giant_Store_001,1010,Potato,Vegetable,76,0.57,43.32,0,lb
22-02-2025,Giant_Store_001,1010,Potato,Vegetable,89,0.57,50.73,0,lb
23-02-2025,Giant_Store_001,1010,Potato,Vegetable,88,0.57,50.16,0,lb
24-02-2025,Giant_Store_001,1010,Potato,Vegetable,79,0.57,45.03,0,lb
25-02-2025,Giant_Store_001,1010,Potato,Vegetable,55,0.57,31.35,0,lb
26-02-2025,Giant_Store_001,1010,Potato,Vegetable,47,0.57,26.79,0,lb
27-02-2025,Giant_Store_001,1010,Potato,Vegetable,46,0.57,26.22,0,lb
28-02-2025,Giant_Store_001,1010,Potato,Vegetable,70,0.57,39.9,0,lb
01-03-2025,Giant_Store_001,1010,Potato,Vegetable,116,0.57,66.12,0,lb
02-03-2025,Giant_Store_001,1010,Potato,Vegetable,71,0.57,40.47,0,lb
03-03-2025,Giant_Store_001,1010,Potato,Vegetable,58,0.57,33.06,0,lb
04-03-2025,Giant_Store_001,1010,Potato,Vegetable,70,0.57,39.9,0,lb
05-03-2025,Giant_Store_001,1010,Potato,Vegetable,68,0.57,38.76,0,lb
06-03-2025,Giant_Store_001,1010,Potato,Vegetable,81,0.57,46.17,0,lb
07-03-2025,Giant_Store_001,1010,Potato,Vegetable,77,0.57,43.89,0,lb
08-03-2025,Giant_Store_001,1010,Potato,Vegetable,97,0.5,48.66,1,lb
09-03-2025,Giant_Store_001,1010,Potato,Vegetable,121,0.5,60.69,1,lb
10-03-2025,Giant_Store_001,1010,Potato,Vegetable,51,0.57,29.07,0,lb
11-03-2025,Giant_Store_001,1010,Potato,Vegetable,95,0.5,47.65,1,lb
12-03-2025,Giant_Store_001,1010,Potato,Vegetable,54,0.57,30.78,0,lb
13-03-2025,Giant_Store_001,1010,Potato,Vegetable,81,0.57,46.17,0,lb
14-03-2025,Giant_Store_001,1010,Potato,Vegetable,68,0.57,38.76,0,lb
15-03-2025,Giant_Store_001,1010,Potato,Vegetable,84,0.57,47.88,0,lb
16-03-2025,Giant_Store_001,1010,Potato,Vegetable,103,0.57,58.71,0,lb
17-03-2025,Giant_Store_001,1010,Potato,Vegetable,53,0.57,30.21,0,lb
18-03-2025,Giant_Store_001,1010,Potato,Vegetable,84,0.57,47.88,0,lb
19-03-2025,Giant_Store_001,1010,Potato,Vegetable,56,0.57,31.92,0,lb
20-03-2025,Giant_Store_001,1010,Potato,Vegetable,41,0.57,23.37,0,lb
21-03-2025,Giant_Store_001,1010,Potato,Vegetable,78,0.57,44.46,0,lb
22-03-2025,Giant_Store_001,1010,Potato,Vegetable,107,0.57,60.99,0,lb
23-03-2025,Giant_Store_001,1010,Potato,Vegetable,95,0.57,54.15,0,lb
24-03-2025,Giant_Store_001,1010,Potato,Vegetable,81,0.57,46.17,0,lb
25-03-2025,Giant_Store_001,1010,Potato,Vegetable,94,0.57,53.58,0,lb
26-03-2025,Giant_Store_001,1010,Potato,Vegetable,71,0.57,40.47,0,lb
27-03-2025,Giant_Store_001,1010,Potato,Vegetable,85,0.57,48.45,0,lb
28-03-2025,Giant_Store_001,1010,Potato,Vegetable,84,0.57,47.88,0,lb
29-03-2025,Giant_Store_001,1010,Potato,Vegetable,95,0.57,54.15,0,lb
30-03-2025,Giant_Store_001,1010,Potato,Vegetable,106,0.57,60.42,0,lb
31-03-2025,Giant_Store_001,1010,Potato,Vegetable,59,0.57,33.63,0,lb
01-04-2025,Giant_Store_001,1010,Potato,Vegetable,94,0.57,53.58,0,lb
02-04-2025,Giant_Store_001,1010,Potato,Vegetable,76,0.57,43.32,0,lb
03-04-2025,Giant_Store_001,1010,Potato,Vegetable,71,0.57,40.47,0,lb
04-04-2025,Giant_Store_001,1010,Potato,Vegetable,57,0.57,32.49,0,lb
05-04-2025,Giant_Store_001,1010,Potato,Vegetable,86,0.57,49.02,0,lb
06-04-2025,Giant_Store_001,1010,Potato,Vegetable,80,0.57,45.6,0,lb
07-04-2025,Giant_Store_001,1010,Potato,Vegetable,61,0.57,34.77,0,lb
08-04-2025,Giant_Store_001,1010,Potato,Vegetable,72,0.57,41.04,0,lb
09-04-2025,Giant_Store_001,1010,Potato,Vegetable,66,0.57,37.62,0,lb
10-04-2025,Giant_Store_001,1010,Potato,Vegetable,73,0.57,41.61,0,lb
11-04-2025,Giant_Store_001,1010,Potato,Vegetable,75,0.57,42.75,0,lb
12-04-2025,Giant_Store_001,1010,Potato,Vegetable,98,0.57,55.86,0,lb
13-04-2025,Giant_Store_001,1010,Potato,Vegetable,96,0.57,54.72,0,lb
14-04-2025,Giant_Store_001,1010,Potato,Vegetable,89,0.57,50.73,0,lb
15-04-2025,Giant_Store_001,1010,Potato,Vegetable,62,0.57,35.34,0,lb
16-04-2025,Giant_Store_001,1010,Potato,Vegetable,72,0.57,41.04,0,lb
17-04-2025,Giant_Store_001,1010,Potato,Vegetable,68,0.57,38.76,0,lb
18-04-2025,Giant_Store_001,1010,Potato,Vegetable,61,0.57,34.77,0,lb
19-04-2025,Giant_Store_001,1010,Potato,Vegetable,123,0.5,61.7,1,lb
20-04-2025,Giant_Store_001,1010,Potato,Vegetable,102,0.57,58.14,0,lb
21-04-2025,Giant_Store_001,1010,Potato,Vegetable,72,0.57,41.04,0,lb
22-04-2025,Giant_Store_001,1010,Potato,Vegetable,71,0.57,40.47,0,lb
23-04-2025,Giant_Store_001,1010,Potato,Vegetable,64,0.57,36.48,0,lb
24-04-2025,Giant_Store_001,1010,Potato,Vegetable,66,0.57,37.62,0,lb
25-04-2025,Giant_Store_001,1010,Potato,Vegetable,63,0.57,35.91,0,lb
26-04-2025,Giant_Store_001,1010,Potato,Vegetable,79,0.57,45.03,0,lb
27-04-2025,Giant_Store_001,1010,Potato,Vegetable,104,0.57,59.28,0,lb
28-04-2025,Giant_Store_001,1010,Potato,Vegetable,66,0.57,37.62,0,lb
29-04-2025,Giant_Store_001,1010,Potato,Vegetable,70,0.57,39.9,0,lb
30-04-2025,Giant_Store_001,1010,Potato,Vegetable,66,0.57,37.62,0,lb
01-05-2025,Giant_Store_001,1010,Potato,Vegetable,60,0.57,34.2,0,lb
02-05-2025,Giant_Store_001,1010,Potato,Vegetable,52,0.57,29.64,0,lb
03-05-2025,Giant_Store_001,1010,Potato,Vegetable,109,0.57,62.13,0,lb
04-05-2025,Giant_Store_001,1010,Potato,Vegetable,40,0.5,20.06,1,lb
05-05-2025,Giant_Store_001,1010,Potato,Vegetable,71,0.57,40.47,0,lb
06-05-2025,Giant_Store_001,1010,Potato,Vegetable,43,0.57,24.51,0,lb
07-05-2025,Giant_Store_001,1010,Potato,Vegetable,69,0.57,39.33,0,lb
08-05-2025,Giant_Store_001,1010,Potato,Vegetable,60,0.57,34.2,0,lb
09-05-2025,Giant_Store_001,1010,Potato,Vegetable,83,0.57,47.31,0,lb
10-05-2025,Giant_Store_001,1010,Potato,Vegetable,95,0.57,54.15,0,lb
11-05-2025,Giant_Store_001,1010,Potato,Vegetable,73,0.57,41.61,0,lb
12-05-2025,Giant_Store_001,1010,Potato,Vegetable,72,0.57,41.04,0,lb
13-05-2025,Giant_Store_001,1010,Potato,Vegetable,65,0.57,37.05,0,lb
14-05-2025,Giant_Store_001,1010,Potato,Vegetable,61,0.57,34.77,0,lb
15-05-2025,Giant_Store_001,1010,Potato,Vegetable,84,0.57,47.88,0,lb
16-05-2025,Giant_Store_001,1010,Potato,Vegetable,52,0.57,29.64,0,lb
17-05-2025,Giant_Store_001,1010,Potato,Vegetable,103,0.57,58.71,0,lb
18-05-2025,Giant_Store_001,1010,Potato,Vegetable,84,0.57,47.88,0,lb
19-05-2025,Giant_Store_001,1010,Potato,Vegetable,57,0.57,32.49,0,lb
20-05-2025,Giant_Store_001,1010,Potato,Vegetable,74,0.57,42.18,0,lb
21-05-2025,Giant_Store_001,1010,Potato,Vegetable,115,0.5,57.68,1,lb
22-05-2025,Giant_Store_001,1010,Potato,Vegetable,55,0.57,31.35,0,lb
23-05-2025,Giant_Store_001,1010,Potato,Vegetable,84,0.57,47.88,0,lb
24-05-2025,Giant_Store_001,1010,Potato,Vegetable,78,0.57,44.46,0,lb
25-05-2025,Giant_Store_001,1010,Potato,Vegetable,107,0.57,60.99,0,lb
26-05-2025,Giant_Store_001,1010,Potato,Vegetable,68,0.57,38.76,0,lb
27-05-2025,Giant_Store_001,1010,Potato,Vegetable,68,0.57,38.76,0,lb
28-05-2025,Giant_Store_001,1010,Potato,Vegetable,64,0.57,36.48,0,lb
29-05-2025,Giant_Store_001,1010,Potato,Vegetable,73,0.57,41.61,0,lb
30-05-2025,Giant_Store_001,1010,Potato,Vegetable,72,0.57,41.04,0,lb
31-05-2025,Giant_Store_001,1010,Potato,Vegetable,88,0.57,50.16,0,lb
01-06-2025,Giant_Store_001,1010,Potato,Vegetable,86,0.57,49.02,0,lb
02-06-2025,Giant_Store_001,1010,Potato,Vegetable,58,0.57,33.06,0,lb
03-06-2025,Giant_Store_001,1010,Potato,Vegetable,78,0.57,44.46,0,lb
04-06-2025,Giant_Store_001,1010,Potato,Vegetable,77,0.57,43.89,0,lb
05-06-2025,Giant_Store_001,1010,Potato,Vegetable,68,0.57,38.76,0,lb
06-06-2025,Giant_Store_001,1010,Potato,Vegetable,53,0.57,30.21,0,lb
07-06-2025,Giant_Store_001,1010,Potato,Vegetable,73,0.57,41.61,0,lb
08-06-2025,Giant_Store_001,1010,Potato,Vegetable,100,0.57,57,0,lb
