retailaagetix_mvp-main/data/Historic Sales data giant_perishables_365_with_units.csv
date,store_id,sku_id,sku_name,category,units_sold,price_per_unit_usd,revenue_usd,promotion_flag,unit_of_measure
09-06-2025,Giant_Store_001,1010,Potato,Vegetable,56,0.57,31.92,0,lb
10-06-2025,Giant_Store_001,1010,Potato,Vegetable,73,0.57,41.61,0,lb
11-06-2025,Giant_Store_001,1010,Potato,Vegetable,76,0.57,43.32,0,lb
12-06-2025,Giant_Store_001,1010,Potato,Vegetable,65,0.57,37.05,0,lb
13-06-2025,Giant_Store_001,1010,Potato,Vegetable,72,0.57,41.04,0,lb
14-06-2025,Giant_Store_001,1010,Potato,Vegetable,102,0.57,58.14,0,lb
15-06-2025,Giant_Store_001,1010,Potato,Vegetable,117,0.5,58.69,1,lb
16-06-2025,Giant_Store_001,1010,Potato,Vegetable,62,0.57,35.34,0,lb
17-06-2025,Giant_Store_001,1010,Potato,Vegetable,55,0.57,31.35,0,lb
18-06-2025,Giant_Store_001,1010,Potato,Vegetable,66,0.57,37.62,0,lb
19-06-2025,Giant_Store_001,1010,Potato,Vegetable,71,0.57,40.47,0,lb
20-06-2025,Giant_Store_001,1010,Potato,Vegetable,139,0.5,69.72,1,lb
21-06-2025,Giant_Store_001,1010,Potato,Vegetable,56,0.57,31.92,0,lb
22-06-2025,Giant_Store_001,1010,Potato,Vegetable,93,0.57,53.01,0,lb
23-06-2025,Giant_Store_001,1010,Potato,Vegetable,70,0.57,39.9,0,lb
24-06-2025,Giant_Store_001,1010,Potato,Vegetable,69,0.57,39.33,0,lb
25-06-2025,Giant_Store_001,1010,Potato,Vegetable,62,0.57,35.34,0,lb
26-06-2025,Giant_Store_001,1010,Potato,Vegetable,75,0.57,42.75,0,lb
27-06-2025,Giant_Store_001,1010,Potato,Vegetable,67,0.57,38.19,0,lb
28-06-2025,Giant_Store_001,1010,Potato,Vegetable,92,0.57,52.44,0,lb
29-06-2025,Giant_Store_001,1010,Potato,Vegetable,80,0.57,45.6,0,lb
30-06-2025,Giant_Store_001,1010,Potato,Vegetable,75,0.57,42.75,0,lb
01-07-2025,Giant_Store_001,1010,Potato,Vegetable,71,0.57,40.47,0,lb
02-07-2025,Giant_Store_001,1010,Potato,Vegetable,98,0.57,55.86,0,lb
03-07-2025,Giant_Store_001,1010,Potato,Vegetable,115,0.5,57.68,1,lb
04-07-2025,Giant_Store_001,1010,Potato,Vegetable,74,0.57,42.18,0,lb
05-07-2025,Giant_Store_001,1010,Potato,Vegetable,114,0.57,64.98,0,lb
06-07-2025,Giant_Store_001,1010,Potato,Vegetable,79,0.57,45.03,0,lb
07-07-2025,Giant_Store_001,1010,Potato,Vegetable,75,0.57,42.75,0,lb
08-07-2025,Giant_Store_001,1010,Potato,Vegetable,88,0.5,44.14,1,lb
09-07-2025,Giant_Store_001,1010,Potato,Vegetable,87,0.57,49.59,0,lb
10-07-2025,Giant_Store_001,1010,Potato,Vegetable,62,0.57,35.34,0,lb
11-07-2025,Giant_Store_001,1010,Potato,Vegetable,83,0.57,47.31,0,lb
12-07-2025,Giant_Store_001,1010,Potato,Vegetable,79,0.57,45.03,0,lb
13-07-2025,Giant_Store_001,1010,Potato,Vegetable,61,0.57,34.77,0,lb
14-07-2025,Giant_Store_001,1010,Potato,Vegetable,76,0.57,43.32,0,lb
15-07-2025,Giant_Store_001,1010,Potato,Vegetable,80,0.57,45.6,0,lb
16-07-2025,Giant_Store_001,1010,Potato,Vegetable,80,0.57,45.6,0,lb
17-07-2025,Giant_Store_001,1010,Potato,Vegetable,71,0.5,35.61,1,lb
18-07-2025,Giant_Store_001,1010,Potato,Vegetable,74,0.57,42.18,0,lb
19-07-2025,Giant_Store_001,1010,Potato,Vegetable,96,0.57,54.72,0,lb
20-07-2025,Giant_Store_001,1010,Potato,Vegetable,70,0.57,39.9,0,lb
21-07-2025,Giant_Store_001,1010,Potato,Vegetable,79,0.57,45.03,0,lb
22-07-2025,Giant_Store_001,1010,Potato,Vegetable,78,0.57,44.46,0,lb
23-07-2025,Giant_Store_001,1010,Potato,Vegetable,89,0.57,50.73,0,lb
24-07-2025,Giant_Store_001,1010,Potato,Vegetable,43,0.57,24.51,0,lb
25-07-2025,Giant_Store_001,1010,Potato,Vegetable,52,0.57,29.64,0,lb
26-07-2025,Giant_Store_001,1010,Potato,Vegetable,78,0.57,44.46,0,lb
27-07-2025,Giant_Store_001,1010,Potato,Vegetable,110,0.57,62.7,0,lb
28-07-2025,Giant_Store_001,1010,Potato,Vegetable,84,0.57,47.88,0,lb
29-07-2025,Giant_Store_001,1010,Potato,Vegetable,80,0.57,45.6,0,lb
30-07-2025,Giant_Store_001,1010,Potato,Vegetable,80,0.57,45.6,0,lb
31-07-2025,Giant_Store_001,1010,Potato,Vegetable,89,0.57,50.73,0,lb
01-08-2025,Giant_Store_001,1010,Potato,Vegetable,59,0.57,33.63,0,lb
02-08-2025,Giant_Store_001,1010,Potato,Vegetable,40,0.57,22.8,0,lb
03-08-2025,Giant_Store_001,1010,Potato,Vegetable,103,0.57,58.71,0,lb
04-08-2025,Giant_Store_001,1010,Potato,Vegetable,97,0.57,55.29,0,lb
05-08-2025,Giant_Store_001,1010,Potato,Vegetable,83,0.57,47.31,0,lb
06-08-2025,Giant_Store_001,1010,Potato,Vegetable,64,0.57,36.48,0,lb
07-08-2025,Giant_Store_001,1010,Potato,Vegetable,86,0.57,49.02,0,lb
08-08-2025,Giant_Store_001,1010,Potato,Vegetable,110,0.5,55.18,1,lb
09-08-2025,Giant_Store_001,1010,Potato,Vegetable,95,0.57,54.15,0,lb
10-08-2025,Giant_Store_001,1010,Potato,Vegetable,70,0.57,39.9,0,lb
11-08-2025,Giant_Store_001,1010,Potato,Vegetable,66,0.57,37.62,0,lb
12-08-2025,Giant_Store_001,1010,Potato,Vegetable,70,0.57,39.9,0,lb
13-08-2025,Giant_Store_001,1010,Potato,Vegetable,80,0.57,45.6,0,lb
14-08-2025,Giant_Store_001,1010,Potato,Vegetable,72,0.57,41.04,0,lb
15-08-2025,Giant_Store_001,1010,Potato,Vegetable,68,0.57,38.76,0,lb
16-08-2025,Giant_Store_001,1010,Potato,Vegetable,105,0.57,59.85,0,lb
17-08-2025,Giant_Store_001,1010,Potato,Vegetable,70,0.57,39.9,0,lb
18-08-2025,Giant_Store_001,1010,Potato,Vegetable,58,0.57,33.06,0,lb
19-08-2025,Giant_Store_001,1010,Potato,Vegetable,72,0.57,41.04,0,lb
20-08-2025,Giant_Store_001,1010,Potato,Vegetable,64,0.57,36.48,0,lb
21-08-2025,Giant_Store_001,1010,Potato,Vegetable,85,0.57,48.45,0,lb
22-08-2025,Giant_Store_001,1010,Potato,Vegetable,79,0.5,39.63,1,lb
23-08-2025,Giant_Store_001,1010,Potato,Vegetable,75,0.57,42.75,0,lb
24-08-2025,Giant_Store_001,1010,Potato,Vegetable,67,0.5,33.61,1,lb
25-08-2025,Giant_Store_001,1010,Potato,Vegetable,76,0.57,43.32,0,lb
26-08-2025,Giant_Store_001,1010,Potato,Vegetable,68,0.57,38.76,0,lb
27-08-2025,Giant_Store_001,1010,Potato,Vegetable,57,0.57,32.49,0,lb
28-08-2025,Giant_Store_001,1010,Potato,Vegetable,69,0.57,39.33,0,lb
29-08-2025,Giant_Store_001,1010,Potato,Vegetable,97,0.57,55.29,0,lb
30-08-2025,Giant_Store_001,1010,Potato,Vegetable,77,0.57,43.89,0,lb
31-08-2025,Giant_Store_001,1010,Potato,Vegetable,83,0.57,47.31,0,lb
01-09-2025,Giant_Store_001,1010,Potato,Vegetable,59,0.57,33.63,0,lb
02-09-2025,Giant_Store_001,1010,Potato,Vegetable,53,0.57,30.21,0,lb
03-09-2025,Giant_Store_001,1010,Potato,Vegetable,79,0.57,45.03,0,lb
04-09-2025,Giant_Store_001,1010,Potato,Vegetable,49,0.57,27.93,0,lb
05-09-2025,Giant_Store_001,1010,Potato,Vegetable,82,0.57,46.74,0,lb
06-09-2025,Giant_Store_001,1010,Potato,Vegetable,102,0.57,58.14,0,lb
07-09-2025,Giant_Store_001,1010,Potato,Vegetable,93,0.57,53.01,0,lb
08-09-2025,Giant_Store_001,1010,Potato,Vegetable,68,0.57,38.76,0,lb
09-09-2025,Giant_Store_001,1010,Potato,Vegetable,72,0.57,41.04,0,lb
10-09-2025,Giant_Store_001,1010,Potato,Vegetable,48,0.57,27.36,0,lb
11-09-2025,Giant_Store_001,1010,Potato,Vegetable,77,0.57,43.89,0,lb
12-09-2025,Giant_Store_001,1010,Potato,Vegetable,81,0.57,46.17,0,lb
13-09-2025,Giant_Store_001,1010,Potato,Vegetable,123,0.5,61.7,1,lb
14-09-2025,Giant_Store_001,1010,Potato,Vegetable,94,0.57,53.58,0,lb
15-09-2025,Giant_Store_001,1010,Potato,Vegetable,66,0.57,37.62,0,lb
16-09-2025,Giant_Store_001,1010,Potato,Vegetable,91,0.57,51.87,0,lb
17-09-2025,Giant_Store_001,1010,Potato,Vegetable,75,0.57,42.75,0,lb
18-09-2025,Giant_Store_001,1010,Potato,Vegetable,102,0.5,51.16,1,lb
19-09-2025,Giant_Store_001,1010,Potato,Vegetable,83,0.57,47.31,0,lb
20-09-2025,Giant_Store_001,1010,Potato,Vegetable,92,0.57,52.44,0,lb
21-09-2025,Giant_Store_001,1010,Potato,Vegetable,113,0.57,64.41,0,lb
22-09-2025,Giant_Store_001,1010,Potato,Vegetable,72,0.57,41.04,0,lb
23-09-2025,Giant_Store_001,1010,Potato,Vegetable,68,0.57,38.76,0,lb
24-09-2025,Giant_Store_001,1010,Potato,Vegetable,67,0.57,38.19,0,lb
25-09-2025,Giant_Store_001,1010,Potato,Vegetable,67,0.57,38.19,0,lb
26-09-2025,Giant_Store_001,1010,Potato,Vegetable,88,0.57,50.16,0,lb
27-09-2025,Giant_Store_001,1010,Potato,Vegetable,103,0.57,58.71,0,lb
28-09-2025,Giant_Store_001,1010,Potato,Vegetable,98,0.57,55.86,0,lb
29-09-2025,Giant_Store_001,1010,Potato,Vegetable,113,0.5,56.68,1,lb
30-09-2025,Giant_Store_001,1010,Potato,Vegetable,96,0.57,54.72,0,lb
01-10-2025,Giant_Store_001,1010,Potato,Vegetable,50,0.57,28.5,0,lb
02-10-2025,Giant_Store_001,1010,Potato,Vegetable,75,0.57,42.75,0,lb
03-10-2025,Giant_Store_001,1010,Potato,Vegetable,75,0.57,42.75,0,lb
04-10-2025,Giant_Store_001,1010,Potato,Vegetable,97,0.57,55.29,0,lb
05-10-2025,Giant_Store_001,1010,Potato,Vegetable,119,0.57,67.83,0,lb
06-10-2025,Giant_Store_001,1010,Potato,Vegetable,75,0.57,42.75,0,lb
07-10-2025,Giant_Store_001,1010,Potato,Vegetable,88,0.57,50.16,0,lb
08-10-2025,Giant_Store_001,1010,Potato,Vegetable,75,0.57,42.75,0,lb
09-10-2025,Giant_Store_001,1010,Potato,Vegetable,77,0.57,43.89,0,lb
10-10-2025,Giant_Store_001,1010,Potato,Vegetable,68,0.57,38.76,0,lb
11-10-2025,Giant_Store_001,1010,Potato,Vegetable,70,0.57,39.9,0,lb
12-10-2025,Giant_Store_001,1010,Potato,Vegetable,118,0.57,67.26,0,lb
13-10-2025,Giant_Store_001,1010,Potato,Vegetable,103,0.5,51.66,1,lb
14-10-2024,Giant_Store_001,1011,Tomato,Vegetable,97,1.05,101.85,0,lb
15-10-2024,Giant_Store_001,1011,Tomato,Vegetable,96,1.05,100.8,0,lb
16-10-2024,Giant_Store_001,1011,Tomato,Vegetable,106,1.05,111.3,0,lb
17-10-2024,Giant_Store_001,1011,Tomato,Vegetable,78,1.05,81.9,0,lb
18-10-2024,Giant_Store_001,1011,Tomato,Vegetable,72,1.05,75.6,0,lb
19-10-2024,Giant_Store_001,1011,Tomato,Vegetable,88,1.05,92.4,0,lb
20-10-2024,Giant_Store_001,1011,Tomato,Vegetable,97,1.05,101.85,0,lb
21-10-2024,Giant_Store_001,1011,Tomato,Vegetable,55,1.05,57.75,0,lb
22-10-2024,Giant_Store_001,1011,Tomato,Vegetable,96,1.05,100.8,0,lb
23-10-2024,Giant_Store_001,1011,Tomato,Vegetable,81,1.05,85.05,0,lb
24-10-2024,Giant_Store_001,1011,Tomato,Vegetable,88,1.05,92.4,0,lb
25-10-2024,Giant_Store_001,1011,Tomato,Vegetable,105,1.05,110.25,0,lb
26-10-2024,Giant_Store_001,1011,Tomato,Vegetable,155,1.05,162.75,0,lb
27-10-2024,Giant_Store_001,1011,Tomato,Vegetable,102,1.05,107.1,0,lb
28-10-2024,Giant_Store_001,1011,Tomato,Vegetable,82,1.05,86.1,0,lb
29-10-2024,Giant_Store_001,1011,Tomato,Vegetable,92,1.05,96.6,0,lb
30-10-2024,Giant_Store_001,1011,Tomato,Vegetable,88,1.05,92.4,0,lb
31-10-2024,Giant_Store_001,1011,Tomato,Vegetable,129,1.05,135.45,0,lb
01-11-2024,Giant_Store_001,1011,Tomato,Vegetable,66,1.05,69.3,0,lb
02-11-2024,Giant_Store_001,1011,Tomato,Vegetable,121,1.05,127.05,0,lb
03-11-2024,Giant_Store_001,1011,Tomato,Vegetable,101,1.05,106.05,0,lb
04-11-2024,Giant_Store_001,1011,Tomato,Vegetable,46,1.05,48.3,0,lb
05-11-2024,Giant_Store_001,1011,Tomato,Vegetable,91,1.05,95.55,0,lb
06-11-2024,Giant_Store_001,1011,Tomato,Vegetable,89,1.05,93.45,0,lb
07-11-2024,Giant_Store_001,1011,Tomato,Vegetable,106,1.05,111.3,0,lb
08-11-2024,Giant_Store_001,1011,Tomato,Vegetable,95,1.05,99.75,0,lb
09-11-2024,Giant_Store_001,1011,Tomato,Vegetable,115,1.05,120.75,0,lb
10-11-2024,Giant_Store_001,1011,Tomato,Vegetable,139,1.05,145.95,0,lb
11-11-2024,Giant_Store_001,1011,Tomato,Vegetable,125,0.92,115.5,1,lb
12-11-2024,Giant_Store_001,1011,Tomato,Vegetable,62,1.05,65.1,0,lb
13-11-2024,Giant_Store_001,1011,Tomato,Vegetable,103,1.05,108.15,0,lb
14-11-2024,Giant_Store_001,1011,Tomato,Vegetable,98,1.05,102.9,0,lb
15-11-2024,Giant_Store_001,1011,Tomato,Vegetable,108,1.05,113.4,0,lb
16-11-2024,Giant_Store_001,1011,Tomato,Vegetable,128,1.05,134.4,0,lb
17-11-2024,Giant_Store_001,1011,Tomato,Vegetable,100,1.05,105,0,lb
18-11-2024,Giant_Store_001,1011,Tomato,Vegetable,44,1.05,46.2,0,lb
19-11-2024,Giant_Store_001,1011,Tomato,Vegetable,106,1.05,111.3,0,lb
20-11-2024,Giant_Store_001,1011,Tomato,Vegetable,92,1.05,96.6,0,lb
21-11-2024,Giant_Store_001,1011,Tomato,Vegetable,83,1.05,87.15,0,lb
22-11-2024,Giant_Store_001,1011,Tomato,Vegetable,110,0.92,101.64,1,lb
23-11-2024,Giant_Store_001,1011,Tomato,Vegetable,119,1.05,124.95,0,lb
24-11-2024,Giant_Store_001,1011,Tomato,Vegetable,106,1.05,111.3,0,lb
25-11-2024,Giant_Store_001,1011,Tomato,Vegetable,98,0.92,90.55,1,lb
26-11-2024,Giant_Store_001,1011,Tomato,Vegetable,70,1.05,73.5,0,lb
27-11-2024,Giant_Store_001,1011,Tomato,Vegetable,89,1.05,93.45,0,lb
28-11-2024,Giant_Store_001,1011,Tomato,Vegetable,79,1.05,82.95,0,lb
29-11-2024,Giant_Store_001,1011,Tomato,Vegetable,76,1.05,79.8,0,lb
30-11-2024,Giant_Store_001,1011,Tomato,Vegetable,142,1.05,149.1,0,lb
01-12-2024,Giant_Store_001,1011,Tomato,Vegetable,97,1.05,101.85,0,lb
02-12-2024,Giant_Store_001,1011,Tomato,Vegetable,98,1.05,102.9,0,lb
03-12-2024,Giant_Store_001,1011,Tomato,Vegetable,100,1.05,105,0,lb
04-12-2024,Giant_Store_001,1011,Tomato,Vegetable,74,1.05,77.7,0,lb
05-12-2024,Giant_Store_001,1011,Tomato,Vegetable,75,1.05,78.75,0,lb
06-12-2024,Giant_Store_001,1011,Tomato,Vegetable,72,1.05,75.6,0,lb
07-12-2024,Giant_Store_001,1011,Tomato,Vegetable,100,1.05,105,0,lb
08-12-2024,Giant_Store_001,1011,Tomato,Vegetable,122,1.05,128.1,0,lb
09-12-2024,Giant_Store_001,1011,Tomato,Vegetable,90,1.05,94.5,0,lb
10-12-2024,Giant_Store_001,1011,Tomato,Vegetable,107,1.05,112.35,0,lb
11-12-2024,Giant_Store_001,1011,Tomato,Vegetable,101,1.05,106.05,0,lb
12-12-2024,Giant_Store_001,1011,Tomato,Vegetable,91,0.92,84.08,1,lb
13-12-2024,Giant_Store_001,1011,Tomato,Vegetable,102,1.05,107.1,0,lb
14-12-2024,Giant_Store_001,1011,Tomato,Vegetable,137,1.05,143.85,0,lb
15-12-2024,Giant_Store_001,1011,Tomato,Vegetable,112,1.05,117.6,0,lb
16-12-2024,Giant_Store_001,1011,Tomato,Vegetable,95,1.05,99.75,0,lb
17-12-2024,Giant_Store_001,1011,Tomato,Vegetable,105,1.05,110.25,0,lb
18-12-2024,Giant_Store_001,1011,Tomato,Vegetable,108,1.05,113.4,0,lb
19-12-2024,Giant_Store_001,1011,Tomato,Vegetable,97,1.05,101.85,0,lb
20-12-2024,Giant_Store_001,1011,Tomato,Vegetable,64,1.05,67.2,0,lb
21-12-2024,Giant_Store_001,1011,Tomato,Vegetable,152,1.05,159.6,0,lb
22-12-2024,Giant_Store_001,1011,Tomato,Vegetable,111,1.05,116.55,0,lb
23-12-2024,Giant_Store_001,1011,Tomato,Vegetable,83,1.05,87.15,0,lb
24-12-2024,Giant_Store_001,1011,Tomato,Vegetable,105,0.92,97.02,1,lb
25-12-2024,Giant_Store_001,1011,Tomato,Vegetable,102,1.05,107.1,0,lb
26-12-2024,Giant_Store_001,1011,Tomato,Vegetable,131,0.92,121.04,1,lb
27-12-2024,Giant_Store_001,1011,Tomato,Vegetable,78,1.05,81.9,0,lb
28-12-2024,Giant_Store_001,1011,Tomato,Vegetable,81,1.05,85.05,0,lb
29-12-2024,Giant_Store_001,1011,Tomato,Vegetable,97,1.05,101.85,0,lb
30-12-2024,Giant_Store_001,1011,Tomato,Vegetable,103,1.05,108.15,0,lb
31-12-2024,Giant_Store_001,1011,Tomato,Vegetable,90,1.05,94.5,0,lb
01-01-2025,Giant_Store_001,1011,Tomato,Vegetable,68,1.05,71.4,0,lb
02-01-2025,Giant_Store_001,1011,Tomato,Vegetable,77,1.05,80.85,0,lb
03-01-2025,Giant_Store_001,1011,Tomato,Vegetable,88,1.05,92.4,0,lb
04-01-2025,Giant_Store_001,1011,Tomato,Vegetable,157,0.92,145.07,1,lb
05-01-2025,Giant_Store_001,1011,Tomato,Vegetable,104,1.05,109.2,0,lb
06-01-2025,Giant_Store_001,1011,Tomato,Vegetable,94,1.05,98.7,0,lb
07-01-2025,Giant_Store_001,1011,Tomato,Vegetable,101,1.05,106.05,0,lb
08-01-2025,Giant_Store_001,1011,Tomato,Vegetable,85,1.05,89.25,0,lb
09-01-2025,Giant_Store_001,1011,Tomato,Vegetable,111,1.05,116.55,0,lb
10-01-2025,Giant_Store_001,1011,Tomato,Vegetable,75,1.05,78.75,0,lb
11-01-2025,Giant_Store_001,1011,Tomato,Vegetable,90,1.05,94.5,0,lb
12-01-2025,Giant_Store_001,1011,Tomato,Vegetable,137,1.05,143.85,0,lb
13-01-2025,Giant_Store_001,1011,Tomato,Vegetable,51,1.05,53.55,0,lb
14-01-2025,Giant_Store_001,1011,Tomato,Vegetable,80,1.05,84,0,lb
15-01-2025,Giant_Store_001,1011,Tomato,Vegetable,83,1.05,87.15,0,lb
16-01-2025,Giant_Store_001,1011,Tomato,Vegetable,101,1.05,106.05,0,lb
17-01-2025,Giant_Store_001,1011,Tomato,Vegetable,65,1.05,68.25,0,lb
18-01-2025,Giant_Store_001,1011,Tomato,Vegetable,117,1.05,122.85,0,lb
19-01-2025,Giant_Store_001,1011,Tomato,Vegetable,113,1.05,118.65,0,lb
20-01-2025,Giant_Store_001,1011,Tomato,Vegetable,119,1.05,124.95,0,lb
21-01-2025,Giant_Store_001,1011,Tomato,Vegetable,76,1.05,79.8,0,lb
22-01-2025,Giant_Store_001,1011,Tomato,Vegetable,98,1.05,102.9,0,lb
23-01-2025,Giant_Store_001,1011,Tomato,Vegetable,86,1.05,90.3,0,lb
24-01-2025,Giant_Store_001,1011,Tomato,Vegetable,121,0.92,111.8,1,lb
25-01-2025,Giant_Store_001,1011,Tomato,Vegetable,99,1.05,103.95,0,lb
26-01-2025,Giant_Store_001,1011,Tomato,Vegetable,125,1.05,131.25,0,lb
27-01-2025,Giant_Store_001,1011,Tomato,Vegetable,104,1.05,109.2,0,lb
28-01-2025,Giant_Store_001,1011,Tomato,Vegetable,127,0.92,117.35,1,lb
29-01-2025,Giant_Store_001,1011,Tomato,Vegetable,134,1.05,140.7,0,lb
30-01-2025,Giant_Store_001,1011,Tomato,Vegetable,84,1.05,88.2,0,lb
31-01-2025,Giant_Store_001,1011,Tomato,Vegetable,101,1.05,106.05,0,lb
01-02-2025,Giant_Store_001,1011,Tomato,Vegetable,190,0.92,175.56,1,lb
02-02-2025,Giant_Store_001,1011,Tomato,Vegetable,122,1.05,128.1,0,lb
03-02-2025,Giant_Store_001,1011,Tomato,Vegetable,105,1.05,110.25,0,lb
04-02-2025,Giant_Store_001,1011,Tomato,Vegetable,155,0.92,143.22,1,lb
05-02-2025,Giant_Store_001,1011,Tomato,Vegetable,98,1.05,102.9,0,lb
06-02-2025,Giant_Store_001,1011,Tomato,Vegetable,104,1.05,109.2,0,lb
07-02-2025,Giant_Store_001,1011,Tomato,Vegetable,76,1.05,79.8,0,lb
08-02-2025,Giant_Store_001,1011,Tomato,Vegetable,63,1.05,66.15,0,lb
09-02-2025,Giant_Store_001,1011,Tomato,Vegetable,123,1.05,129.15,0,lb
10-02-2025,Giant_Store_001,1011,Tomato,Vegetable,84,1.05,88.2,0,lb
11-02-2025,Giant_Store_001,1011,Tomato,Vegetable,87,1.05,91.35,0,lb
12-02-2025,Giant_Store_001,1011,Tomato,Vegetable,85,1.05,89.25,0,lb
13-02-2025,Giant_Store_001,1011,Tomato,Vegetable,122,0.92,112.73,1,lb
14-02-2025,Giant_Store_001,1011,Tomato,Vegetable,93,1.05,97.65,0,lb
15-02-2025,Giant_Store_001,1011,Tomato,Vegetable,126,1.05,132.3,0,lb
16-02-2025,Giant_Store_001,1011,Tomato,Vegetable,121,1.05,127.05,0,lb
17-02-2025,Giant_Store_001,1011,Tomato,Vegetable,68,1.05,71.4,0,lb
18-02-2025,Giant_Store_001,1011,Tomato,Vegetable,104,1.05,109.2,0,lb
19-02-2025,Giant_Store_001,1011,Tomato,Vegetable,164,0.92,151.54,1,lb
20-02-2025,Giant_Store_001,1011,Tomato,Vegetable,85,1.05,89.25,0,lb
21-02-2025,Giant_Store_001,1011,Tomato,Vegetable,98,1.05,102.9,0,lb
22-02-2025,Giant_Store_001,1011,Tomato,Vegetable,121,1.05,127.05,0,lb
23-02-2025,Giant_Store_001,1011,Tomato,Vegetable,79,1.05,82.95,0,lb
24-02-2025,Giant_Store_001,1011,Tomato,Vegetable,86,1.05,90.3,0,lb
