retailaagetix_mvp-main/data/Historic Sales data giant_perishables_365_with_units.csv
date,store_id,sku_id,sku_name,category,units_sold,price_per_unit_usd,revenue_usd,promotion_flag,unit_of_measure
25-02-2025,Giant_Store_001,1011,Tomato,Vegetable,70,1.05,73.5,0,lb
26-02-2025,Giant_Store_001,1011,Tomato,Vegetable,89,1.05,93.45,0,lb
27-02-2025,Giant_Store_001,1011,Tomato,Vegetable,86,1.05,90.3,0,lb
28-02-2025,Giant_Store_001,1011,Tomato,Vegetable,95,1.05,99.75,0,lb
01-03-2025,Giant_Store_001,1011,Tomato,Vegetable,101,1.05,106.05,0,lb
02-03-2025,Giant_Store_001,1011,Tomato,Vegetable,71,1.05,74.55,0,lb
03-03-2025,Giant_Store_001,1011,Tomato,Vegetable,101,0.92,93.32,1,lb
04-03-2025,Giant_Store_001,1011,Tomato,Vegetable,80,1.05,84,0,lb
05-03-2025,Giant_Store_001,1011,Tomato,Vegetable,103,1.05,108.15,0,lb
06-03-2025,Giant_Store_001,1011,Tomato,Vegetable,106,0.92,97.94,1,lb
07-03-2025,Giant_Store_001,1011,Tomato,Vegetable,120,1.05,126,0,lb
08-03-2025,Giant_Store_001,1011,Tomato,Vegetable,128,1.05,134.4,0,lb
09-03-2025,Giant_Store_001,1011,Tomato,Vegetable,91,1.05,95.55,0,lb
10-03-2025,Giant_Store_001,1011,Tomato,Vegetable,81,1.05,85.05,0,lb
11-03-2025,Giant_Store_001,1011,Tomato,Vegetable,103,1.05,108.15,0,lb
12-03-2025,Giant_Store_001,1011,Tomato,Vegetable,80,1.05,84,0,lb
13-03-2025,Giant_Store_001,1011,Tomato,Vegetable,74,1.05,77.7,0,lb
14-03-2025,Giant_Store_001,1011,Tomato,Vegetable,77,1.05,80.85,0,lb
15-03-2025,Giant_Store_001,1011,Tomato,Vegetable,107,1.05,112.35,0,lb
16-03-2025,Giant_Store_001,1011,Tomato,Vegetable,92,1.05,96.6,0,lb
17-03-2025,Giant_Store_001,1011,Tomato,Vegetable,130,0.92,120.12,1,lb
18-03-2025,Giant_Store_001,1011,Tomato,Vegetable,125,1.05,131.25,0,lb
19-03-2025,Giant_Store_001,1011,Tomato,Vegetable,89,1.05,93.45,0,lb
20-03-2025,Giant_Store_001,1011,Tomato,Vegetable,94,1.05,98.7,0,lb
21-03-2025,Giant_Store_001,1011,Tomato,Vegetable,83,1.05,87.15,0,lb
22-03-2025,Giant_Store_001,1011,Tomato,Vegetable,156,1.05,163.8,0,lb
23-03-2025,Giant_Store_001,1011,Tomato,Vegetable,97,1.05,101.85,0,lb
24-03-2025,Giant_Store_001,1011,Tomato,Vegetable,89,1.05,93.45,0,lb
25-03-2025,Giant_Store_001,1011,Tomato,Vegetable,95,1.05,99.75,0,lb
26-03-2025,Giant_Store_001,1011,Tomato,Vegetable,78,1.05,81.9,0,lb
27-03-2025,Giant_Store_001,1011,Tomato,Vegetable,91,1.05,95.55,0,lb
28-03-2025,Giant_Store_001,1011,Tomato,Vegetable,103,1.05,108.15,0,lb
29-03-2025,Giant_Store_001,1011,Tomato,Vegetable,100,1.05,105,0,lb
30-03-2025,Giant_Store_001,1011,Tomato,Vegetable,84,1.05,88.2,0,lb
31-03-2025,Giant_Store_001,1011,Tomato,Vegetable,102,1.05,107.1,0,lb
01-04-2025,Giant_Store_001,1011,Tomato,Vegetable,97,1.05,101.85,0,lb
02-04-2025,Giant_Store_001,1011,Tomato,Vegetable,88,1.05,92.4,0,lb
03-04-2025,Giant_Store_001,1011,Tomato,Vegetable,79,1.05,82.95,0,lb
04-04-2025,Giant_Store_001,1011,Tomato,Vegetable,54,1.05,56.7,0,lb
05-04-2025,Giant_Store_001,1011,Tomato,Vegetable,137,1.05,143.85,0,lb
06-04-2025,Giant_Store_001,1011,Tomato,Vegetable,94,1.05,98.7,0,lb
07-04-2025,Giant_Store_001,1011,Tomato,Vegetable,77,1.05,80.85,0,lb
08-04-2025,Giant_Store_001,1011,Tomato,Vegetable,104,0.92,96.1,1,lb
09-04-2025,Giant_Store_001,1011,Tomato,Vegetable,104,1.05,109.2,0,lb
10-04-2025,Giant_Store_001,1011,Tomato,Vegetable,155,0.92,143.22,1,lb
11-04-2025,Giant_Store_001,1011,Tomato,Vegetable,105,0.92,97.02,1,lb
12-04-2025,Giant_Store_001,1011,Tomato,Vegetable,92,1.05,96.6,0,lb
13-04-2025,Giant_Store_001,1011,Tomato,Vegetable,108,1.05,113.4,0,lb
14-04-2025,Giant_Store_001,1011,Tomato,Vegetable,80,1.05,84,0,lb
15-04-2025,Giant_Store_001,1011,Tomato,Vegetable,72,1.05,75.6,0,lb
16-04-2025,Giant_Store_001,1011,Tomato,Vegetable,109,1.05,114.45,0,lb
17-04-2025,Giant_Store_001,1011,Tomato,Vegetable,100,1.05,105,0,lb
18-04-2025,Giant_Store_001,1011,Tomato,Vegetable,68,1.05,71.4,0,lb
19-04-2025,Giant_Store_001,1011,Tomato,Vegetable,118,1.05,123.9,0,lb
20-04-2025,Giant_Store_001,1011,Tomato,Vegetable,116,1.05,121.8,0,lb
21-04-2025,Giant_Store_001,1011,Tomato,Vegetable,101,1.05,106.05,0,lb
22-04-2025,Giant_Store_001,1011,Tomato,Vegetable,69,1.05,72.45,0,lb
23-04-2025,Giant_Store_001,1011,Tomato,Vegetable,145,0.92,133.98,1,lb
24-04-2025,Giant_Store_001,1011,Tomato,Vegetable,85,1.05,89.25,0,lb
25-04-2025,Giant_Store_001,1011,Tomato,Vegetable,99,1.05,103.95,0,lb
26-04-2025,Giant_Store_001,1011,Tomato,Vegetable,90,1.05,94.5,0,lb
27-04-2025,Giant_Store_001,1011,Tomato,Vegetable,101,1.05,106.05,0,lb
28-04-2025,Giant_Store_001,1011,Tomato,Vegetable,78,1.05,81.9,0,lb
29-04-2025,Giant_Store_001,1011,Tomato,Vegetable,61,1.05,64.05,0,lb
30-04-2025,Giant_Store_001,1011,Tomato,Vegetable,98,0.92,90.55,1,lb
01-05-2025,Giant_Store_001,1011,Tomato,Vegetable,77,1.05,80.85,0,lb
02-05-2025,Giant_Store_001,1011,Tomato,Vegetable,86,1.05,90.3,0,lb
03-05-2025,Giant_Store_001,1011,Tomato,Vegetable,125,1.05,131.25,0,lb
04-05-2025,Giant_Store_001,1011,Tomato,Vegetable,134,1.05,140.7,0,lb
05-05-2025,Giant_Store_001,1011,Tomato,Vegetable,104,1.05,109.2,0,lb
06-05-2025,Giant_Store_001,1011,Tomato,Vegetable,105,1.05,110.25,0,lb
07-05-2025,Giant_Store_001,1011,Tomato,Vegetable,112,1.05,117.6,0,lb
08-05-2025,Giant_Store_001,1011,Tomato,Vegetable,90,1.05,94.5,0,lb
09-05-2025,Giant_Store_001,1011,Tomato,Vegetable,106,1.05,111.3,0,lb
10-05-2025,Giant_Store_001,1011,Tomato,Vegetable,137,0.92,126.59,1,lb
11-05-2025,Giant_Store_001,1011,Tomato,Vegetable,111,1.05,116.55,0,lb
12-05-2025,Giant_Store_001,1011,Tomato,Vegetable,88,1.05,92.4,0,lb
13-05-2025,Giant_Store_001,1011,Tomato,Vegetable,96,1.05,100.8,0,lb
14-05-2025,Giant_Store_001,1011,Tomato,Vegetable,88,1.05,92.4,0,lb
15-05-2025,Giant_Store_001,1011,Tomato,Vegetable,75,1.05,78.75,0,lb
16-05-2025,Giant_Store_001,1011,Tomato,Vegetable,80,1.05,84,0,lb
17-05-2025,Giant_Store_001,1011,Tomato,Vegetable,106,1.05,111.3,0,lb
18-05-2025,Giant_Store_001,1011,Tomato,Vegetable,75,1.05,78.75,0,lb
19-05-2025,Giant_Store_001,1011,Tomato,Vegetable,110,1.05,115.5,0,lb
20-05-2025,Giant_Store_001,1011,Tomato,Vegetable,93,1.05,97.65,0,lb
21-05-2025,Giant_Store_001,1011,Tomato,Vegetable,96,1.05,100.8,0,lb
22-05-2025,Giant_Store_001,1011,Tomato,Vegetable,102,1.05,107.1,0,lb
23-05-2025,Giant_Store_001,1011,Tomato,Vegetable,102,1.05,107.1,0,lb
24-05-2025,Giant_Store_001,1011,Tomato,Vegetable,98,1.05,102.9,0,lb
25-05-2025,Giant_Store_001,1011,Tomato,Vegetable,122,1.05,128.1,0,lb
26-05-2025,Giant_Store_001,1011,Tomato,Vegetable,98,1.05,102.9,0,lb
27-05-2025,Giant_Store_001,1011,Tomato,Vegetable,89,1.05,93.45,0,lb
28-05-2025,Giant_Store_001,1011,Tomato,Vegetable,74,1.05,77.7,0,lb
29-05-2025,Giant_Store_001,1011,Tomato,Vegetable,94,1.05,98.7,0,lb
30-05-2025,Giant_Store_001,1011,Tomato,Vegetable,57,1.05,59.85,0,lb
31-05-2025,Giant_Store_001,1011,Tomato,Vegetable,149,1.05,156.45,0,lb
01-06-2025,Giant_Store_001,1011,Tomato,Vegetable,128,1.05,134.4,0,lb
02-06-2025,Giant_Store_001,1011,Tomato,Vegetable,103,1.05,108.15,0,lb
03-06-2025,Giant_Store_001,1011,Tomato,Vegetable,112,1.05,117.6,0,lb
04-06-2025,Giant_Store_001,1011,Tomato,Vegetable,129,1.05,135.45,0,lb
05-06-2025,Giant_Store_001,1011,Tomato,Vegetable,74,1.05,77.7,0,lb
06-06-2025,Giant_Store_001,1011,Tomato,Vegetable,185,0.92,170.94,1,lb
07-06-2025,Giant_Store_001,1011,Tomato,Vegetable,90,1.05,94.5,0,lb
08-06-2025,Giant_Store_001,1011,Tomato,Vegetable,181,1.05,190.05,0,lb
09-06-2025,Giant_Store_001,1011,Tomato,Vegetable,109,1.05,114.45,0,lb
10-06-2025,Giant_Store_001,1011,Tomato,Vegetable,85,1.05,89.25,0,lb
11-06-2025,Giant_Store_001,1011,Tomato,Vegetable,102,1.05,107.1,0,lb
12-06-2025,Giant_Store_001,1011,Tomato,Vegetable,67,1.05,70.35,0,lb
13-06-2025,Giant_Store_001,1011,Tomato,Vegetable,101,1.05,106.05,0,lb
14-06-2025,Giant_Store_001,1011,Tomato,Vegetable,178,0.92,164.47,1,lb
15-06-2025,Giant_Store_001,1011,Tomato,Vegetable,146,1.05,153.3,0,lb
16-06-2025,Giant_Store_001,1011,Tomato,Vegetable,112,1.05,117.6,0,lb
17-06-2025,Giant_Store_001,1011,Tomato,Vegetable,92,1.05,96.6,0,lb
18-06-2025,Giant_Store_001,1011,Tomato,Vegetable,109,1.05,114.45,0,lb
19-06-2025,Giant_Store_001,1011,Tomato,Vegetable,104,1.05,109.2,0,lb
20-06-2025,Giant_Store_001,1011,Tomato,Vegetable,81,1.05,85.05,0,lb
21-06-2025,Giant_Store_001,1011,Tomato,Vegetable,122,1.05,128.1,0,lb
22-06-2025,Giant_Store_001,1011,Tomato,Vegetable,148,1.05,155.4,0,lb
23-06-2025,Giant_Store_001,1011,Tomato,Vegetable,111,1.05,116.55,0,lb
24-06-2025,Giant_Store_001,1011,Tomato,Vegetable,84,1.05,88.2,0,lb
25-06-2025,Giant_Store_001,1011,Tomato,Vegetable,106,1.05,111.3,0,lb
26-06-2025,Giant_Store_001,1011,Tomato,Vegetable,85,1.05,89.25,0,lb
27-06-2025,Giant_Store_001,1011,Tomato,Vegetable,102,1.05,107.1,0,lb
28-06-2025,Giant_Store_001,1011,Tomato,Vegetable,170,0.92,157.08,1,lb
29-06-2025,Giant_Store_001,1011,Tomato,Vegetable,137,1.05,143.85,0,lb
30-06-2025,Giant_Store_001,1011,Tomato,Vegetable,107,1.05,112.35,0,lb
01-07-2025,Giant_Store_001,1011,Tomato,Vegetable,85,1.05,89.25,0,lb
02-07-2025,Giant_Store_001,1011,Tomato,Vegetable,97,1.05,101.85,0,lb
03-07-2025,Giant_Store_001,1011,Tomato,Vegetable,88,1.05,92.4,0,lb
04-07-2025,Giant_Store_001,1011,Tomato,Vegetable,104,1.05,109.2,0,lb
05-07-2025,Giant_Store_001,1011,Tomato,Vegetable,107,1.05,112.35,0,lb
06-07-2025,Giant_Store_001,1011,Tomato,Vegetable,154,1.05,161.7,0,lb
07-07-2025,Giant_Store_001,1011,Tomato,Vegetable,97,1.05,101.85,0,lb
08-07-2025,Giant_Store_001,1011,Tomato,Vegetable,152,1.05,159.6,0,lb
09-07-2025,Giant_Store_001,1011,Tomato,Vegetable,110,1.05,115.5,0,lb
10-07-2025,Giant_Store_001,1011,Tomato,Vegetable,81,1.05,85.05,0,lb
11-07-2025,Giant_Store_001,1011,Tomato,Vegetable,62,1.05,65.1,0,lb
12-07-2025,Giant_Store_001,1011,Tomato,Vegetable,103,1.05,108.15,0,lb
13-07-2025,Giant_Store_001,1011,Tomato,Vegetable,165,1.05,173.25,0,lb
14-07-2025,Giant_Store_001,1011,Tomato,Vegetable,81,1.05,85.05,0,lb
15-07-2025,Giant_Store_001,1011,Tomato,Vegetable,130,1.05,136.5,0,lb
16-07-2025,Giant_Store_001,1011,Tomato,Vegetable,117,1.05,122.85,0,lb
17-07-2025,Giant_Store_001,1011,Tomato,Vegetable,148,0.92,136.75,1,lb
18-07-2025,Giant_Store_001,1011,Tomato,Vegetable,131,1.05,137.55,0,lb
19-07-2025,Giant_Store_001,1011,Tomato,Vegetable,153,1.05,160.65,0,lb
20-07-2025,Giant_Store_001,1011,Tomato,Vegetable,129,1.05,135.45,0,lb
21-07-2025,Giant_Store_001,1011,Tomato,Vegetable,73,1.05,76.65,0,lb
22-07-2025,Giant_Store_001,1011,Tomato,Vegetable,117,1.05,122.85,0,lb
23-07-2025,Giant_Store_001,1011,Tomato,Vegetable,87,1.05,91.35,0,lb
24-07-2025,Giant_Store_001,1011,Tomato,Vegetable,89,1.05,93.45,0,lb
25-07-2025,Giant_Store_001,1011,Tomato,Vegetable,102,1.05,107.1,0,lb
26-07-2025,Giant_Store_001,1011,Tomato,Vegetable,160,0.92,147.84,1,lb
27-07-2025,Giant_Store_001,1011,Tomato,Vegetable,131,1.05,137.55,0,lb
28-07-2025,Giant_Store_001,1011,Tomato,Vegetable,101,1.05,106.05,0,lb
29-07-2025,Giant_Store_001,1011,Tomato,Vegetable,146,0.92,134.9,1,lb
30-07-2025,Giant_Store_001,1011,Tomato,Vegetable,156,0.92,144.14,1,lb
31-07-2025,Giant_Store_001,1011,Tomato,Vegetable,182,0.92,168.17,1,lb
01-08-2025,Giant_Store_001,1011,Tomato,Vegetable,120,1.05,126,0,lb
02-08-2025,Giant_Store_001,1011,Tomato,Vegetable,143,1.05,150.15,0,lb
03-08-2025,Giant_Store_001,1011,Tomato,Vegetable,124,1.05,130.2,0,lb
04-08-2025,Giant_Store_001,1011,Tomato,Vegetable,96,1.05,100.8,0,lb
05-08-2025,Giant_Store_001,1011,Tomato,Vegetable,70,1.05,73.5,0,lb
06-08-2025,Giant_Store_001,1011,Tomato,Vegetable,100,1.05,105,0,lb
07-08-2025,Giant_Store_001,1011,Tomato,Vegetable,117,1.05,122.85,0,lb
08-08-2025,Giant_Store_001,1011,Tomato,Vegetable,105,0.92,97.02,1,lb
09-08-2025,Giant_Store_001,1011,Tomato,Vegetable,128,1.05,134.4,0,lb
10-08-2025,Giant_Store_001,1011,Tomato,Vegetable,135,1.05,141.75,0,lb
11-08-2025,Giant_Store_001,1011,Tomato,Vegetable,113,1.05,118.65,0,lb
12-08-2025,Giant_Store_001,1011,Tomato,Vegetable,156,0.92,144.14,1,lb
13-08-2025,Giant_Store_001,1011,Tomato,Vegetable,123,1.05,129.15,0,lb
14-08-2025,Giant_Store_001,1011,Tomato,Vegetable,81,1.05,85.05,0,lb
15-08-2025,Giant_Store_001,1011,Tomato,Vegetable,110,1.05,115.5,0,lb
16-08-2025,Giant_Store_001,1011,Tomato,Vegetable,133,1.05,139.65,0,lb
17-08-2025,Giant_Store_001,1011,Tomato,Vegetable,88,1.05,92.4,0,lb
18-08-2025,Giant_Store_001,1011,Tomato,Vegetable,133,1.05,139.65,0,lb
19-08-2025,Giant_Store_001,1011,Tomato,Vegetable,165,0.92,152.46,1,lb
20-08-2025,Giant_Store_001,1011,Tomato,Vegetable,88,1.05,92.4,0,lb
21-08-2025,Giant_Store_001,1011,Tomato,Vegetable,95,1.05,99.75,0,lb
22-08-2025,Giant_Store_001,1011,Tomato,Vegetable,129,1.05,135.45,0,lb
23-08-2025,Giant_Store_001,1011,Tomato,Vegetable,123,1.05,129.15,0,lb
24-08-2025,Giant_Store_001,1011,Tomato,Vegetable,166,1.05,174.3,0,lb
25-08-2025,Giant_Store_001,1011,Tomato,Vegetable,117,1.05,122.85,0,lb
26-08-2025,Giant_Store_001,1011,Tomato,Vegetable,117,1.05,122.85,0,lb
27-08-2025,Giant_Store_001,1011,Tomato,Vegetable,108,1.05,113.4,0,lb
28-08-2025,Giant_Store_001,1011,Tomato,Vegetable,124,1.05,130.2,0,lb
29-08-2025,Giant_Store_001,1011,Tomato,Vegetable,66,1.05,69.3,0,lb
30-08-2025,Giant_Store_001,1011,Tomato,Vegetable,128,1.05,134.4,0,lb
31-08-2025,Giant_Store_001,1011,Tomato,Vegetable,155,1.05,162.75,0,lb
01-09-2025,Giant_Store_001,1011,Tomato,Vegetable,56,1.05,58.8,0,lb
02-09-2025,Giant_Store_001,1011,Tomato,Vegetable,102,1.05,107.1,0,lb
03-09-2025,Giant_Store_001,1011,Tomato,Vegetable,110,1.05,115.5,0,lb
04-09-2025,Giant_Store_001,1011,Tomato,Vegetable,141,0.92,130.28,1,lb
05-09-2025,Giant_Store_001,1011,Tomato,Vegetable,76,1.05,79.8,0,lb
06-09-2025,Giant_Store_001,1011,Tomato,Vegetable,86,1.05,90.3,0,lb
07-09-2025,Giant_Store_001,1011,Tomato,Vegetable,117,1.05,122.85,0,lb
08-09-2025,Giant_Store_001,1011,Tomato,Vegetable,111,1.05,116.55,0,lb
09-09-2025,Giant_Store_001,1011,Tomato,Vegetable,82,1.05,86.1,0,lb
10-09-2025,Giant_Store_001,1011,Tomato,Vegetable,92,1.05,96.6,0,lb
11-09-2025,Giant_Store_001,1011,Tomato,Vegetable,109,1.05,114.45,0,lb
12-09-2025,Giant_Store_001,1011,Tomato,Vegetable,75,1.05,78.75,0,lb
13-09-2025,Giant_Store_001,1011,Tomato,Vegetable,139,1.05,145.95,0,lb
14-09-2025,Giant_Store_001,1011,Tomato,Vegetable,82,1.05,86.1,0,lb
15-09-2025,Giant_Store_001,1011,Tomato,Vegetable,93,1.05,97.65,0,lb
16-09-2025,Giant_Store_001,1011,Tomato,Vegetable,99,1.05,103.95,0,lb
17-09-2025,Giant_Store_001,1011,Tomato,Vegetable,101,1.05,106.05,0,lb
18-09-2025,Giant_Store_001,1011,Tomato,Vegetable,66,1.05,69.3,0,lb
19-09-2025,Giant_Store_001,1011,Tomato,Vegetable,95,1.05,99.75,0,lb
20-09-2025,Giant_Store_001,1011,Tomato,Vegetable,95,1.05,99.75,0,lb
21-09-2025,Giant_Store_001,1011,Tomato,Vegetable,61,1.05,64.05,0,lb
22-09-2025,Giant_Store_001,1011,Tomato,Vegetable,93,1.05,97.65,0,lb
23-09-2025,Giant_Store_001,1011,Tomato,Vegetable,87,1.05,91.35,0,lb
24-09-2025,Giant_Store_001,1011,Tomato,Vegetable,59,1.05,61.95,0,lb
25-09-2025,Giant_Store_001,1011,Tomato,Vegetable,144,0.92,133.06,1,lb
26-09-2025,Giant_Store_001,1011,Tomato,Vegetable,86,1.05,90.3,0,lb
27-09-2025,Giant_Store_001,1011,Tomato,Vegetable,143,1.05,150.15,0,lb
28-09-2025,Giant_Store_001,1011,Tomato,Vegetable,108,1.05,113.4,0,lb
29-09-2025,Giant_Store_001,1011,Tomato,Vegetable,97,1.05,101.85,0,lb
30-09-2025,Giant_Store_001,1011,Tomato,Vegetable,82,1.05,86.1,0,lb
01-10-2025,Giant_Store_001,1011,Tomato,Vegetable,89,1.05,93.45,0,lb
02-10-2025,Giant_Store_001,1011,Tomato,Vegetable,96,1.05,100.8,0,lb
03-10-2025,Giant_Store_001,1011,Tomato,Vegetable,65,1.05,68.25,0,lb
04-10-2025,Giant_Store_001,1011,Tomato,Vegetable,96,1.05,100.8,0,lb
05-10-2025,Giant_Store_001,1011,Tomato,Vegetable,132,1.05,138.6,0,lb
06-10-2025,Giant_Store_001,1011,Tomato,Vegetable,109,1.05,114.45,0,lb
07-10-2025,Giant_Store_001,1011,Tomato,Vegetable,80,1.05,84,0,lb
08-10-2025,Giant_Store_001,1011,Tomato,Vegetable,97,1.05,101.85,0,lb
09-10-2025,Giant_Store_001,1011,Tomato,Vegetable,104,1.05,109.2,0,lb
10-10-2025,Giant_Store_001,1011,Tomato,Vegetable,116,0.92,107.18,1,lb
11-10-2025,Giant_Store_001,1011,Tomato,Vegetable,94,1.05,98.7,0,lb
12-10-2025,Giant_Store_001,1011,Tomato,Vegetable,161,1.05,169.05,0,lb
13-10-2025,Giant_Store_001,1011,Tomato,Vegetable,71,1.05,74.55,0,lb
14-10-2024,Giant_Store_001,1012,Onion,Vegetable,91,1.43,130.13,0,lb
15-10-2024,Giant_Store_001,1012,Onion,Vegetable,68,1.43,97.24,0,lb
16-10-2024,Giant_Store_001,1012,Onion,Vegetable,87,1.43,124.41,0,lb
17-10-2024,Giant_Store_001,1012,Onion,Vegetable,84,1.43,120.12,0,lb
18-10-2024,Giant_Store_001,1012,Onion,Vegetable,85,1.43,121.55,0,lb
19-10-2024,Giant_Store_001,1012,Onion,Vegetable,107,1.43,153.01,0,lb
20-10-2024,Giant_Store_001,1012,Onion,Vegetable,159,1.26,200.09,1,lb
21-10-2024,Giant_Store_001,1012,Onion,Vegetable,65,1.43,92.95,0,lb
22-10-2024,Giant_Store_001,1012,Onion,Vegetable,61,1.43,87.23,0,lb
23-10-2024,Giant_Store_001,1012,Onion,Vegetable,58,1.43,82.94,0,lb
24-10-2024,Giant_Store_001,1012,Onion,Vegetable,76,1.43,108.68,0,lb
25-10-2024,Giant_Store_001,1012,Onion,Vegetable,76,1.43,108.68,0,lb
26-10-2024,Giant_Store_001,1012,Onion,Vegetable,69,1.43,98.67,0,lb
27-10-2024,Giant_Store_001,1012,Onion,Vegetable,68,1.43,97.24,0,lb
28-10-2024,Giant_Store_001,1012,Onion,Vegetable,100,1.43,143,0,lb
29-10-2024,Giant_Store_001,1012,Onion,Vegetable,87,1.43,124.41,0,lb
30-10-2024,Giant_Store_001,1012,Onion,Vegetable,57,1.43,81.51,0,lb
31-10-2024,Giant_Store_001,1012,Onion,Vegetable,83,1.43,118.69,0,lb
01-11-2024,Giant_Store_001,1012,Onion,Vegetable,68,1.43,97.24,0,lb
02-11-2024,Giant_Store_001,1012,Onion,Vegetable,90,1.43,128.7,0,lb
03-11-2024,Giant_Store_001,1012,Onion,Vegetable,110,1.43,157.3,0,lb
04-11-2024,Giant_Store_001,1012,Onion,Vegetable,75,1.43,107.25,0,lb
05-11-2024,Giant_Store_001,1012,Onion,Vegetable,68,1.43,97.24,0,lb
06-11-2024,Giant_Store_001,1012,Onion,Vegetable,99,1.43,141.57,0,lb
07-11-2024,Giant_Store_001,1012,Onion,Vegetable,65,1.43,92.95,0,lb
08-11-2024,Giant_Store_001,1012,Onion,Vegetable,83,1.43,118.69,0,lb
09-11-2024,Giant_Store_001,1012,Onion,Vegetable,91,1.43,130.13,0,lb
10-11-2024,Giant_Store_001,1012,Onion,Vegetable,102,1.43,145.86,0,lb
