retailaagetix_mvp-main/data/Historic Sales data giant_perishables_365_with_units.csv
date,store_id,sku_id,sku_name,category,units_sold,price_per_unit_usd,revenue_usd,promotion_flag,unit_of_measure
11-11-2024,Giant_Store_001,1012,Onion,Vegetable,86,1.43,122.98,0,lb
12-11-2024,Giant_Store_001,1012,Onion,Vegetable,97,1.43,138.71,0,lb
13-11-2024,Giant_Store_001,1012,Onion,Vegetable,80,1.26,100.67,1,lb
14-11-2024,Giant_Store_001,1012,Onion,Vegetable,100,1.43,143,0,lb
15-11-2024,Giant_Store_001,1012,Onion,Vegetable,77,1.43,110.11,0,lb
16-11-2024,Giant_Store_001,1012,Onion,Vegetable,102,1.43,145.86,0,lb
17-11-2024,Giant_Store_001,1012,Onion,Vegetable,92,1.43,131.56,0,lb
18-11-2024,Giant_Store_001,1012,Onion,Vegetable,103,1.26,129.62,1,lb
19-11-2024,Giant_Store_001,1012,Onion,Vegetable,84,1.43,120.12,0,lb
20-11-2024,Giant_Store_001,1012,Onion,Vegetable,53,1.43,75.79,0,lb
21-11-2024,Giant_Store_001,1012,Onion,Vegetable,82,1.43,117.26,0,lb
22-11-2024,Giant_Store_001,1012,Onion,Vegetable,76,1.43,108.68,0,lb
23-11-2024,Giant_Store_001,1012,Onion,Vegetable,113,1.43,161.59,0,lb
24-11-2024,Giant_Store_001,1012,Onion,Vegetable,82,1.43,117.26,0,lb
25-11-2024,Giant_Store_001,1012,Onion,Vegetable,88,1.43,125.84,0,lb
26-11-2024,Giant_Store_001,1012,Onion,Vegetable,55,1.43,78.65,0,lb
27-11-2024,Giant_Store_001,1012,Onion,Vegetable,72,1.43,102.96,0,lb
28-11-2024,Giant_Store_001,1012,Onion,Vegetable,75,1.43,107.25,0,lb
29-11-2024,Giant_Store_001,1012,Onion,Vegetable,80,1.43,114.4,0,lb
30-11-2024,Giant_Store_001,1012,Onion,Vegetable,106,1.43,151.58,0,lb
01-12-2024,Giant_Store_001,1012,Onion,Vegetable,88,1.43,125.84,0,lb
02-12-2024,Giant_Store_001,1012,Onion,Vegetable,63,1.43,90.09,0,lb
03-12-2024,Giant_Store_001,1012,Onion,Vegetable,77,1.43,110.11,0,lb
04-12-2024,Giant_Store_001,1012,Onion,Vegetable,87,1.43,124.41,0,lb
05-12-2024,Giant_Store_001,1012,Onion,Vegetable,97,1.43,138.71,0,lb
06-12-2024,Giant_Store_001,1012,Onion,Vegetable,87,1.43,124.41,0,lb
07-12-2024,Giant_Store_001,1012,Onion,Vegetable,101,1.43,144.43,0,lb
08-12-2024,Giant_Store_001,1012,Onion,Vegetable,104,1.43,148.72,0,lb
09-12-2024,Giant_Store_001,1012,Onion,Vegetable,72,1.43,102.96,0,lb
10-12-2024,Giant_Store_001,1012,Onion,Vegetable,67,1.43,95.81,0,lb
11-12-2024,Giant_Store_001,1012,Onion,Vegetable,91,1.43,130.13,0,lb
12-12-2024,Giant_Store_001,1012,Onion,Vegetable,101,1.43,144.43,0,lb
13-12-2024,Giant_Store_001,1012,Onion,Vegetable,88,1.43,125.84,0,lb
14-12-2024,Giant_Store_001,1012,Onion,Vegetable,108,1.43,154.44,0,lb
15-12-2024,Giant_Store_001,1012,Onion,Vegetable,114,1.26,143.46,1,lb
16-12-2024,Giant_Store_001,1012,Onion,Vegetable,78,1.43,111.54,0,lb
17-12-2024,Giant_Store_001,1012,Onion,Vegetable,61,1.43,87.23,0,lb
18-12-2024,Giant_Store_001,1012,Onion,Vegetable,57,1.43,81.51,0,lb
19-12-2024,Giant_Store_001,1012,Onion,Vegetable,74,1.43,105.82,0,lb
20-12-2024,Giant_Store_001,1012,Onion,Vegetable,82,1.43,117.26,0,lb
21-12-2024,Giant_Store_001,1012,Onion,Vegetable,99,1.43,141.57,0,lb
22-12-2024,Giant_Store_001,1012,Onion,Vegetable,65,1.43,92.95,0,lb
23-12-2024,Giant_Store_001,1012,Onion,Vegetable,57,1.43,81.51,0,lb
24-12-2024,Giant_Store_001,1012,Onion,Vegetable,70,1.43,100.1,0,lb
25-12-2024,Giant_Store_001,1012,Onion,Vegetable,102,1.43,145.86,0,lb
26-12-2024,Giant_Store_001,1012,Onion,Vegetable,82,1.43,117.26,0,lb
27-12-2024,Giant_Store_001,1012,Onion,Vegetable,52,1.43,74.36,0,lb
28-12-2024,Giant_Store_001,1012,Onion,Vegetable,138,1.26,173.66,1,lb
29-12-2024,Giant_Store_001,1012,Onion,Vegetable,108,1.43,154.44,0,lb
30-12-2024,Giant_Store_001,1012,Onion,Vegetable,59,1.43,84.37,0,lb
31-12-2024,Giant_Store_001,1012,Onion,Vegetable,64,1.43,91.52,0,lb
01-01-2025,Giant_Store_001,1012,Onion,Vegetable,102,1.43,145.86,0,lb
02-01-2025,Giant_Store_001,1012,Onion,Vegetable,61,1.43,87.23,0,lb
03-01-2025,Giant_Store_001,1012,Onion,Vegetable,73,1.43,104.39,0,lb
04-01-2025,Giant_Store_001,1012,Onion,Vegetable,103,1.43,147.29,0,lb
05-01-2025,Giant_Store_001,1012,Onion,Vegetable,150,1.26,188.76,1,lb
06-01-2025,Giant_Store_001,1012,Onion,Vegetable,82,1.43,117.26,0,lb
07-01-2025,Giant_Store_001,1012,Onion,Vegetable,72,1.43,102.96,0,lb
08-01-2025,Giant_Store_001,1012,Onion,Vegetable,75,1.43,107.25,0,lb
09-01-2025,Giant_Store_001,1012,Onion,Vegetable,92,1.43,131.56,0,lb
10-01-2025,Giant_Store_001,1012,Onion,Vegetable,29,1.43,41.47,0,lb
11-01-2025,Giant_Store_001,1012,Onion,Vegetable,63,1.43,90.09,0,lb
12-01-2025,Giant_Store_001,1012,Onion,Vegetable,78,1.43,111.54,0,lb
13-01-2025,Giant_Store_001,1012,Onion,Vegetable,48,1.43,68.64,0,lb
14-01-2025,Giant_Store_001,1012,Onion,Vegetable,82,1.43,117.26,0,lb
15-01-2025,Giant_Store_001,1012,Onion,Vegetable,81,1.43,115.83,0,lb
16-01-2025,Giant_Store_001,1012,Onion,Vegetable,76,1.43,108.68,0,lb
17-01-2025,Giant_Store_001,1012,Onion,Vegetable,74,1.43,105.82,0,lb
18-01-2025,Giant_Store_001,1012,Onion,Vegetable,93,1.43,132.99,0,lb
19-01-2025,Giant_Store_001,1012,Onion,Vegetable,152,1.26,191.28,1,lb
20-01-2025,Giant_Store_001,1012,Onion,Vegetable,40,1.43,57.2,0,lb
21-01-2025,Giant_Store_001,1012,Onion,Vegetable,64,1.43,91.52,0,lb
22-01-2025,Giant_Store_001,1012,Onion,Vegetable,71,1.43,101.53,0,lb
23-01-2025,Giant_Store_001,1012,Onion,Vegetable,102,1.43,145.86,0,lb
24-01-2025,Giant_Store_001,1012,Onion,Vegetable,89,1.43,127.27,0,lb
25-01-2025,Giant_Store_001,1012,Onion,Vegetable,54,1.43,77.22,0,lb
26-01-2025,Giant_Store_001,1012,Onion,Vegetable,79,1.43,112.97,0,lb
27-01-2025,Giant_Store_001,1012,Onion,Vegetable,70,1.43,100.1,0,lb
28-01-2025,Giant_Store_001,1012,Onion,Vegetable,78,1.26,98.16,1,lb
29-01-2025,Giant_Store_001,1012,Onion,Vegetable,96,1.26,120.81,1,lb
30-01-2025,Giant_Store_001,1012,Onion,Vegetable,67,1.43,95.81,0,lb
31-01-2025,Giant_Store_001,1012,Onion,Vegetable,79,1.43,112.97,0,lb
01-02-2025,Giant_Store_001,1012,Onion,Vegetable,109,1.43,155.87,0,lb
02-02-2025,Giant_Store_001,1012,Onion,Vegetable,78,1.43,111.54,0,lb
03-02-2025,Giant_Store_001,1012,Onion,Vegetable,72,1.43,102.96,0,lb
04-02-2025,Giant_Store_001,1012,Onion,Vegetable,91,1.43,130.13,0,lb
05-02-2025,Giant_Store_001,1012,Onion,Vegetable,94,1.43,134.42,0,lb
06-02-2025,Giant_Store_001,1012,Onion,Vegetable,87,1.43,124.41,0,lb
07-02-2025,Giant_Store_001,1012,Onion,Vegetable,82,1.43,117.26,0,lb
08-02-2025,Giant_Store_001,1012,Onion,Vegetable,109,1.43,155.87,0,lb
09-02-2025,Giant_Store_001,1012,Onion,Vegetable,73,1.43,104.39,0,lb
10-02-2025,Giant_Store_001,1012,Onion,Vegetable,76,1.43,108.68,0,lb
11-02-2025,Giant_Store_001,1012,Onion,Vegetable,62,1.43,88.66,0,lb
12-02-2025,Giant_Store_001,1012,Onion,Vegetable,65,1.43,92.95,0,lb
13-02-2025,Giant_Store_001,1012,Onion,Vegetable,69,1.43,98.67,0,lb
14-02-2025,Giant_Store_001,1012,Onion,Vegetable,106,1.43,151.58,0,lb
15-02-2025,Giant_Store_001,1012,Onion,Vegetable,63,1.43,90.09,0,lb
16-02-2025,Giant_Store_001,1012,Onion,Vegetable,73,1.43,104.39,0,lb
17-02-2025,Giant_Store_001,1012,Onion,Vegetable,66,1.43,94.38,0,lb
18-02-2025,Giant_Store_001,1012,Onion,Vegetable,104,1.43,148.72,0,lb
19-02-2025,Giant_Store_001,1012,Onion,Vegetable,62,1.43,88.66,0,lb
20-02-2025,Giant_Store_001,1012,Onion,Vegetable,68,1.26,85.57,1,lb
21-02-2025,Giant_Store_001,1012,Onion,Vegetable,76,1.43,108.68,0,lb
22-02-2025,Giant_Store_001,1012,Onion,Vegetable,64,1.43,91.52,0,lb
23-02-2025,Giant_Store_001,1012,Onion,Vegetable,76,1.43,108.68,0,lb
24-02-2025,Giant_Store_001,1012,Onion,Vegetable,76,1.43,108.68,0,lb
25-02-2025,Giant_Store_001,1012,Onion,Vegetable,83,1.43,118.69,0,lb
26-02-2025,Giant_Store_001,1012,Onion,Vegetable,73,1.43,104.39,0,lb
27-02-2025,Giant_Store_001,1012,Onion,Vegetable,60,1.43,85.8,0,lb
28-02-2025,Giant_Store_001,1012,Onion,Vegetable,85,1.43,121.55,0,lb
01-03-2025,Giant_Store_001,1012,Onion,Vegetable,83,1.43,118.69,0,lb
02-03-2025,Giant_Store_001,1012,Onion,Vegetable,80,1.43,114.4,0,lb
03-03-2025,Giant_Store_001,1012,Onion,Vegetable,81,1.43,115.83,0,lb
04-03-2025,Giant_Store_001,1012,Onion,Vegetable,78,1.43,111.54,0,lb
05-03-2025,Giant_Store_001,1012,Onion,Vegetable,91,1.43,130.13,0,lb
06-03-2025,Giant_Store_001,1012,Onion,Vegetable,69,1.43,98.67,0,lb
07-03-2025,Giant_Store_001,1012,Onion,Vegetable,75,1.43,107.25,0,lb
08-03-2025,Giant_Store_001,1012,Onion,Vegetable,170,1.26,213.93,1,lb
09-03-2025,Giant_Store_001,1012,Onion,Vegetable,97,1.43,138.71,0,lb
10-03-2025,Giant_Store_001,1012,Onion,Vegetable,68,1.43,97.24,0,lb
11-03-2025,Giant_Store_001,1012,Onion,Vegetable,75,1.43,107.25,0,lb
12-03-2025,Giant_Store_001,1012,Onion,Vegetable,77,1.43,110.11,0,lb
13-03-2025,Giant_Store_001,1012,Onion,Vegetable,69,1.43,98.67,0,lb
14-03-2025,Giant_Store_001,1012,Onion,Vegetable,78,1.43,111.54,0,lb
15-03-2025,Giant_Store_001,1012,Onion,Vegetable,63,1.43,90.09,0,lb
16-03-2025,Giant_Store_001,1012,Onion,Vegetable,111,1.43,158.73,0,lb
17-03-2025,Giant_Store_001,1012,Onion,Vegetable,59,1.43,84.37,0,lb
18-03-2025,Giant_Store_001,1012,Onion,Vegetable,78,1.43,111.54,0,lb
19-03-2025,Giant_Store_001,1012,Onion,Vegetable,67,1.43,95.81,0,lb
20-03-2025,Giant_Store_001,1012,Onion,Vegetable,87,1.43,124.41,0,lb
21-03-2025,Giant_Store_001,1012,Onion,Vegetable,83,1.26,104.45,1,lb
22-03-2025,Giant_Store_001,1012,Onion,Vegetable,126,1.43,180.18,0,lb
23-03-2025,Giant_Store_001,1012,Onion,Vegetable,87,1.43,124.41,0,lb
24-03-2025,Giant_Store_001,1012,Onion,Vegetable,59,1.43,84.37,0,lb
25-03-2025,Giant_Store_001,1012,Onion,Vegetable,64,1.43,91.52,0,lb
26-03-2025,Giant_Store_001,1012,Onion,Vegetable,77,1.43,110.11,0,lb
27-03-2025,Giant_Store_001,1012,Onion,Vegetable,67,1.43,95.81,0,lb
28-03-2025,Giant_Store_001,1012,Onion,Vegetable,86,1.43,122.98,0,lb
29-03-2025,Giant_Store_001,1012,Onion,Vegetable,84,1.43,120.12,0,lb
30-03-2025,Giant_Store_001,1012,Onion,Vegetable,110,1.43,157.3,0,lb
31-03-2025,Giant_Store_001,1012,Onion,Vegetable,54,1.43,77.22,0,lb
01-04-2025,Giant_Store_001,1012,Onion,Vegetable,92,1.43,131.56,0,lb
02-04-2025,Giant_Store_001,1012,Onion,Vegetable,89,1.26,112,1,lb
03-04-2025,Giant_Store_001,1012,Onion,Vegetable,54,1.43,77.22,0,lb
04-04-2025,Giant_Store_001,1012,Onion,Vegetable,93,1.43,132.99,0,lb
05-04-2025,Giant_Store_001,1012,Onion,Vegetable,92,1.43,131.56,0,lb
06-04-2025,Giant_Store_001,1012,Onion,Vegetable,149,1.43,213.07,0,lb
07-04-2025,Giant_Store_001,1012,Onion,Vegetable,64,1.43,91.52,0,lb
08-04-2025,Giant_Store_001,1012,Onion,Vegetable,73,1.43,104.39,0,lb
09-04-2025,Giant_Store_001,1012,Onion,Vegetable,97,1.43,138.71,0,lb
10-04-2025,Giant_Store_001,1012,Onion,Vegetable,92,1.43,131.56,0,lb
11-04-2025,Giant_Store_001,1012,Onion,Vegetable,85,1.43,121.55,0,lb
12-04-2025,Giant_Store_001,1012,Onion,Vegetable,84,1.43,120.12,0,lb
13-04-2025,Giant_Store_001,1012,Onion,Vegetable,97,1.43,138.71,0,lb
14-04-2025,Giant_Store_001,1012,Onion,Vegetable,67,1.43,95.81,0,lb
15-04-2025,Giant_Store_001,1012,Onion,Vegetable,49,1.43,70.07,0,lb
16-04-2025,Giant_Store_001,1012,Onion,Vegetable,72,1.43,102.96,0,lb
17-04-2025,Giant_Store_001,1012,Onion,Vegetable,78,1.43,111.54,0,lb
18-04-2025,Giant_Store_001,1012,Onion,Vegetable,72,1.43,102.96,0,lb
19-04-2025,Giant_Store_001,1012,Onion,Vegetable,91,1.43,130.13,0,lb
20-04-2025,Giant_Store_001,1012,Onion,Vegetable,101,1.43,144.43,0,lb
21-04-2025,Giant_Store_001,1012,Onion,Vegetable,88,1.43,125.84,0,lb
22-04-2025,Giant_Store_001,1012,Onion,Vegetable,70,1.43,100.1,0,lb
23-04-2025,Giant_Store_001,1012,Onion,Vegetable,64,1.43,91.52,0,lb
24-04-2025,Giant_Store_001,1012,Onion,Vegetable,94,1.43,134.42,0,lb
25-04-2025,Giant_Store_001,1012,Onion,Vegetable,75,1.43,107.25,0,lb
26-04-2025,Giant_Store_001,1012,Onion,Vegetable,87,1.43,124.41,0,lb
27-04-2025,Giant_Store_001,1012,Onion,Vegetable,110,1.43,157.3,0,lb
28-04-2025,Giant_Store_001,1012,Onion,Vegetable,56,1.43,80.08,0,lb
29-04-2025,Giant_Store_001,1012,Onion,Vegetable,87,1.43,124.41,0,lb
30-04-2025,Giant_Store_001,1012,Onion,Vegetable,98,1.43,140.14,0,lb
01-05-2025,Giant_Store_001,1012,Onion,Vegetable,60,1.43,85.8,0,lb
02-05-2025,Giant_Store_001,1012,Onion,Vegetable,68,1.43,97.24,0,lb
03-05-2025,Giant_Store_001,1012,Onion,Vegetable,96,1.43,137.28,0,lb
04-05-2025,Giant_Store_001,1012,Onion,Vegetable,105,1.43,150.15,0,lb
05-05-2025,Giant_Store_001,1012,Onion,Vegetable,104,1.26,130.87,1,lb
06-05-2025,Giant_Store_001,1012,Onion,Vegetable,79,1.43,112.97,0,lb
07-05-2025,Giant_Store_001,1012,Onion,Vegetable,57,1.43,81.51,0,lb
08-05-2025,Giant_Store_001,1012,Onion,Vegetable,83,1.43,118.69,0,lb
09-05-2025,Giant_Store_001,1012,Onion,Vegetable,105,1.43,150.15,0,lb
10-05-2025,Giant_Store_001,1012,Onion,Vegetable,81,1.43,115.83,0,lb
11-05-2025,Giant_Store_001,1012,Onion,Vegetable,106,1.43,151.58,0,lb
12-05-2025,Giant_Store_001,1012,Onion,Vegetable,84,1.43,120.12,0,lb
13-05-2025,Giant_Store_001,1012,Onion,Vegetable,82,1.43,117.26,0,lb
14-05-2025,Giant_Store_001,1012,Onion,Vegetable,93,1.43,132.99,0,lb
15-05-2025,Giant_Store_001,1012,Onion,Vegetable,87,1.43,124.41,0,lb
16-05-2025,Giant_Store_001,1012,Onion,Vegetable,79,1.43,112.97,0,lb
17-05-2025,Giant_Store_001,1012,Onion,Vegetable,89,1.43,127.27,0,lb
18-05-2025,Giant_Store_001,1012,Onion,Vegetable,78,1.43,111.54,0,lb
19-05-2025,Giant_Store_001,1012,Onion,Vegetable,70,1.43,100.1,0,lb
20-05-2025,Giant_Store_001,1012,Onion,Vegetable,83,1.43,118.69,0,lb
21-05-2025,Giant_Store_001,1012,Onion,Vegetable,105,1.26,132.13,1,lb
22-05-2025,Giant_Store_001,1012,Onion,Vegetable,73,1.26,91.86,1,lb
23-05-2025,Giant_Store_001,1012,Onion,Vegetable,85,1.43,121.55,0,lb
24-05-2025,Giant_Store_001,1012,Onion,Vegetable,77,1.43,110.11,0,lb
25-05-2025,Giant_Store_001,1012,Onion,Vegetable,79,1.43,112.97,0,lb
26-05-2025,Giant_Store_001,1012,Onion,Vegetable,72,1.43,102.96,0,lb
27-05-2025,Giant_Store_001,1012,Onion,Vegetable,59,1.43,84.37,0,lb
28-05-2025,Giant_Store_001,1012,Onion,Vegetable,102,1.26,128.36,1,lb
29-05-2025,Giant_Store_001,1012,Onion,Vegetable,71,1.43,101.53,0,lb
30-05-2025,Giant_Store_001,1012,Onion,Vegetable,74,1.43,105.82,0,lb
31-05-2025,Giant_Store_001,1012,Onion,Vegetable,84,1.43,120.12,0,lb
01-06-2025,Giant_Store_001,1012,Onion,Vegetable,77,1.43,110.11,0,lb
02-06-2025,Giant_Store_001,1012,Onion,Vegetable,84,1.43,120.12,0,lb
03-06-2025,Giant_Store_001,1012,Onion,Vegetable,75,1.43,107.25,0,lb
04-06-2025,Giant_Store_001,1012,Onion,Vegetable,47,1.43,67.21,0,lb
05-06-2025,Giant_Store_001,1012,Onion,Vegetable,64,1.43,91.52,0,lb
06-06-2025,Giant_Store_001,1012,Onion,Vegetable,87,1.43,124.41,0,lb
07-06-2025,Giant_Store_001,1012,Onion,Vegetable,80,1.43,114.4,0,lb
08-06-2025,Giant_Store_001,1012,Onion,Vegetable,98,1.43,140.14,0,lb
09-06-2025,Giant_Store_001,1012,Onion,Vegetable,60,1.43,85.8,0,lb
10-06-2025,Giant_Store_001,1012,Onion,Vegetable,104,1.26,130.87,1,lb
11-06-2025,Giant_Store_001,1012,Onion,Vegetable,97,1.43,138.71,0,lb
12-06-2025,Giant_Store_001,1012,Onion,Vegetable,86,1.43,122.98,0,lb
13-06-2025,Giant_Store_001,1012,Onion,Vegetable,72,1.43,102.96,0,lb
14-06-2025,Giant_Store_001,1012,Onion,Vegetable,123,1.43,175.89,0,lb
15-06-2025,Giant_Store_001,1012,Onion,Vegetable,82,1.43,117.26,0,lb
16-06-2025,Giant_Store_001,1012,Onion,Vegetable,76,1.43,108.68,0,lb
17-06-2025,Giant_Store_001,1012,Onion,Vegetable,80,1.43,114.4,0,lb
18-06-2025,Giant_Store_001,1012,Onion,Vegetable,118,1.26,148.49,1,lb
19-06-2025,Giant_Store_001,1012,Onion,Vegetable,69,1.43,98.67,0,lb
20-06-2025,Giant_Store_001,1012,Onion,Vegetable,81,1.43,115.83,0,lb
21-06-2025,Giant_Store_001,1012,Onion,Vegetable,74,1.43,105.82,0,lb
22-06-2025,Giant_Store_001,1012,Onion,Vegetable,75,1.43,107.25,0,lb
23-06-2025,Giant_Store_001,1012,Onion,Vegetable,78,1.43,111.54,0,lb
24-06-2025,Giant_Store_001,1012,Onion,Vegetable,78,1.43,111.54,0,lb
25-06-2025,Giant_Store_001,1012,Onion,Vegetable,91,1.43,130.13,0,lb
26-06-2025,Giant_Store_001,1012,Onion,Vegetable,79,1.43,112.97,0,lb
27-06-2025,Giant_Store_001,1012,Onion,Vegetable,67,1.43,95.81,0,lb
28-06-2025,Giant_Store_001,1012,Onion,Vegetable,153,1.26,192.54,1,lb
29-06-2025,Giant_Store_001,1012,Onion,Vegetable,115,1.43,164.45,0,lb
30-06-2025,Giant_Store_001,1012,Onion,Vegetable,80,1.43,114.4,0,lb
01-07-2025,Giant_Store_001,1012,Onion,Vegetable,92,1.26,115.77,1,lb
02-07-2025,Giant_Store_001,1012,Onion,Vegetable,63,1.43,90.09,0,lb
03-07-2025,Giant_Store_001,1012,Onion,Vegetable,74,1.43,105.82,0,lb
04-07-2025,Giant_Store_001,1012,Onion,Vegetable,108,1.43,154.44,0,lb
05-07-2025,Giant_Store_001,1012,Onion,Vegetable,64,1.43,91.52,0,lb
06-07-2025,Giant_Store_001,1012,Onion,Vegetable,136,1.43,194.48,0,lb
07-07-2025,Giant_Store_001,1012,Onion,Vegetable,73,1.43,104.39,0,lb
08-07-2025,Giant_Store_001,1012,Onion,Vegetable,66,1.43,94.38,0,lb
09-07-2025,Giant_Store_001,1012,Onion,Vegetable,68,1.26,85.57,1,lb
10-07-2025,Giant_Store_001,1012,Onion,Vegetable,117,1.26,147.23,1,lb
11-07-2025,Giant_Store_001,1012,Onion,Vegetable,76,1.43,108.68,0,lb
12-07-2025,Giant_Store_001,1012,Onion,Vegetable,107,1.43,153.01,0,lb
13-07-2025,Giant_Store_001,1012,Onion,Vegetable,56,1.43,80.08,0,lb
14-07-2025,Giant_Store_001,1012,Onion,Vegetable,88,1.43,125.84,0,lb
15-07-2025,Giant_Store_001,1012,Onion,Vegetable,68,1.43,97.24,0,lb
16-07-2025,Giant_Store_001,1012,Onion,Vegetable,47,1.43,67.21,0,lb
17-07-2025,Giant_Store_001,1012,Onion,Vegetable,70,1.43,100.1,0,lb
18-07-2025,Giant_Store_001,1012,Onion,Vegetable,52,1.43,74.36,0,lb
19-07-2025,Giant_Store_001,1012,Onion,Vegetable,80,1.43,114.4,0,lb
20-07-2025,Giant_Store_001,1012,Onion,Vegetable,85,1.43,121.55,0,lb
21-07-2025,Giant_Store_001,1012,Onion,Vegetable,59,1.43,84.37,0,lb
22-07-2025,Giant_Store_001,1012,Onion,Vegetable,74,1.43,105.82,0,lb
23-07-2025,Giant_Store_001,1012,Onion,Vegetable,75,1.43,107.25,0,lb
24-07-2025,Giant_Store_001,1012,Onion,Vegetable,90,1.43,128.7,0,lb
25-07-2025,Giant_Store_001,1012,Onion,Vegetable,75,1.43,107.25,0,lb
26-07-2025,Giant_Store_001,1012,Onion,Vegetable,180,1.26,226.51,1,lb
27-07-2025,Giant_Store_001,1012,Onion,Vegetable,104,1.43,148.72,0,lb
28-07-2025,Giant_Store_001,1012,Onion,Vegetable,84,1.26,105.71,1,lb
29-07-2025,Giant_Store_001,1012,Onion,Vegetable,58,1.43,82.94,0,lb
30-07-2025,Giant_Store_001,1012,Onion,Vegetable,59,1.43,84.37,0,lb
