retailaagetix_mvp-main/data/Historic Sales data giant_perishables_365_with_units.csv
date,store_id,sku_id,sku_name,category,units_sold,price_per_unit_usd,revenue_usd,promotion_flag,unit_of_measure
31-07-2025,Giant_Store_001,1012,Onion,Vegetable,90,1.43,128.7,0,lb
01-08-2025,Giant_Store_001,1012,Onion,Vegetable,58,1.43,82.94,0,lb
02-08-2025,Giant_Store_001,1012,Onion,Vegetable,97,1.43,138.71,0,lb
03-08-2025,Giant_Store_001,1012,Onion,Vegetable,106,1.43,151.58,0,lb
04-08-2025,Giant_Store_001,1012,Onion,Vegetable,75,1.43,107.25,0,lb
05-08-2025,Giant_Store_001,1012,Onion,Vegetable,116,1.26,145.97,1,lb
06-08-2025,Giant_Store_001,1012,Onion,Vegetable,70,1.43,100.1,0,lb
07-08-2025,Giant_Store_001,1012,Onion,Vegetable,76,1.43,108.68,0,lb
08-08-2025,Giant_Store_001,1012,Onion,Vegetable,73,1.43,104.39,0,lb
09-08-2025,Giant_Store_001,1012,Onion,Vegetable,96,1.43,137.28,0,lb
10-08-2025,Giant_Store_001,1012,Onion,Vegetable,71,1.43,101.53,0,lb
11-08-2025,Giant_Store_001,1012,Onion,Vegetable,99,1.43,141.57,0,lb
12-08-2025,Giant_Store_001,1012,Onion,Vegetable,82,1.43,117.26,0,lb
13-08-2025,Giant_Store_001,1012,Onion,Vegetable,87,1.43,124.41,0,lb
14-08-2025,Giant_Store_001,1012,Onion,Vegetable,67,1.43,95.81,0,lb
15-08-2025,Giant_Store_001,1012,Onion,Vegetable,82,1.43,117.26,0,lb
16-08-2025,Giant_Store_001,1012,Onion,Vegetable,98,1.43,140.14,0,lb
17-08-2025,Giant_Store_001,1012,Onion,Vegetable,66,1.43,94.38,0,lb
18-08-2025,Giant_Store_001,1012,Onion,Vegetable,42,1.43,60.06,0,lb
19-08-2025,Giant_Store_001,1012,Onion,Vegetable,51,1.43,72.93,0,lb
20-08-2025,Giant_Store_001,1012,Onion,Vegetable,56,1.43,80.08,0,lb
21-08-2025,Giant_Store_001,1012,Onion,Vegetable,61,1.43,87.23,0,lb
22-08-2025,Giant_Store_001,1012,Onion,Vegetable,59,1.43,84.37,0,lb
23-08-2025,Giant_Store_001,1012,Onion,Vegetable,101,1.43,144.43,0,lb
24-08-2025,Giant_Store_001,1012,Onion,Vegetable,107,1.43,153.01,0,lb
25-08-2025,Giant_Store_001,1012,Onion,Vegetable,83,1.43,118.69,0,lb
26-08-2025,Giant_Store_001,1012,Onion,Vegetable,101,1.43,144.43,0,lb
27-08-2025,Giant_Store_001,1012,Onion,Vegetable,77,1.43,110.11,0,lb
28-08-2025,Giant_Store_001,1012,Onion,Vegetable,73,1.43,104.39,0,lb
29-08-2025,Giant_Store_001,1012,Onion,Vegetable,74,1.43,105.82,0,lb
30-08-2025,Giant_Store_001,1012,Onion,Vegetable,109,1.43,155.87,0,lb
31-08-2025,Giant_Store_001,1012,Onion,Vegetable,106,1.26,133.39,1,lb
01-09-2025,Giant_Store_001,1012,Onion,Vegetable,70,1.43,100.1,0,lb
02-09-2025,Giant_Store_001,1012,Onion,Vegetable,97,1.43,138.71,0,lb
03-09-2025,Giant_Store_001,1012,Onion,Vegetable,77,1.43,110.11,0,lb
04-09-2025,Giant_Store_001,1012,Onion,Vegetable,112,1.26,140.94,1,lb
05-09-2025,Giant_Store_001,1012,Onion,Vegetable,72,1.43,102.96,0,lb
06-09-2025,Giant_Store_001,1012,Onion,Vegetable,80,1.43,114.4,0,lb
07-09-2025,Giant_Store_001,1012,Onion,Vegetable,106,1.43,151.58,0,lb
08-09-2025,Giant_Store_001,1012,Onion,Vegetable,68,1.43,97.24,0,lb
09-09-2025,Giant_Store_001,1012,Onion,Vegetable,99,1.26,124.58,1,lb
10-09-2025,Giant_Store_001,1012,Onion,Vegetable,74,1.43,105.82,0,lb
11-09-2025,Giant_Store_001,1012,Onion,Vegetable,92,1.43,131.56,0,lb
12-09-2025,Giant_Store_001,1012,Onion,Vegetable,63,1.43,90.09,0,lb
13-09-2025,Giant_Store_001,1012,Onion,Vegetable,114,1.43,163.02,0,lb
14-09-2025,Giant_Store_001,1012,Onion,Vegetable,81,1.43,115.83,0,lb
15-09-2025,Giant_Store_001,1012,Onion,Vegetable,66,1.43,94.38,0,lb
16-09-2025,Giant_Store_001,1012,Onion,Vegetable,58,1.43,82.94,0,lb
17-09-2025,Giant_Store_001,1012,Onion,Vegetable,82,1.43,117.26,0,lb
18-09-2025,Giant_Store_001,1012,Onion,Vegetable,74,1.43,105.82,0,lb
19-09-2025,Giant_Store_001,1012,Onion,Vegetable,72,1.43,102.96,0,lb
20-09-2025,Giant_Store_001,1012,Onion,Vegetable,99,1.43,141.57,0,lb
21-09-2025,Giant_Store_001,1012,Onion,Vegetable,95,1.43,135.85,0,lb
22-09-2025,Giant_Store_001,1012,Onion,Vegetable,109,1.26,137.17,1,lb
23-09-2025,Giant_Store_001,1012,Onion,Vegetable,80,1.43,114.4,0,lb
24-09-2025,Giant_Store_001,1012,Onion,Vegetable,70,1.43,100.1,0,lb
25-09-2025,Giant_Store_001,1012,Onion,Vegetable,69,1.43,98.67,0,lb
26-09-2025,Giant_Store_001,1012,Onion,Vegetable,81,1.43,115.83,0,lb
27-09-2025,Giant_Store_001,1012,Onion,Vegetable,86,1.43,122.98,0,lb
28-09-2025,Giant_Store_001,1012,Onion,Vegetable,97,1.43,138.71,0,lb
29-09-2025,Giant_Store_001,1012,Onion,Vegetable,95,1.26,119.55,1,lb
30-09-2025,Giant_Store_001,1012,Onion,Vegetable,81,1.43,115.83,0,lb
01-10-2025,Giant_Store_001,1012,Onion,Vegetable,63,1.43,90.09,0,lb
02-10-2025,Giant_Store_001,1012,Onion,Vegetable,91,1.43,130.13,0,lb
03-10-2025,Giant_Store_001,1012,Onion,Vegetable,75,1.43,107.25,0,lb
04-10-2025,Giant_Store_001,1012,Onion,Vegetable,86,1.26,108.22,1,lb
05-10-2025,Giant_Store_001,1012,Onion,Vegetable,80,1.43,114.4,0,lb
06-10-2025,Giant_Store_001,1012,Onion,Vegetable,87,1.43,124.41,0,lb
07-10-2025,Giant_Store_001,1012,Onion,Vegetable,97,1.43,138.71,0,lb
08-10-2025,Giant_Store_001,1012,Onion,Vegetable,102,1.26,128.36,1,lb
09-10-2025,Giant_Store_001,1012,Onion,Vegetable,88,1.43,125.84,0,lb
10-10-2025,Giant_Store_001,1012,Onion,Vegetable,59,1.43,84.37,0,lb
11-10-2025,Giant_Store_001,1012,Onion,Vegetable,89,1.43,127.27,0,lb
12-10-2025,Giant_Store_001,1012,Onion,Vegetable,45,1.43,64.35,0,lb
13-10-2025,Giant_Store_001,1012,Onion,Vegetable,61,1.43,87.23,0,lb
14-10-2024,Giant_Store_001,1013,Carrot,Vegetable,54,1.27,68.58,0,lb
15-10-2024,Giant_Store_001,1013,Carrot,Vegetable,77,1.27,97.79,0,lb
16-10-2024,Giant_Store_001,1013,Carrot,Vegetable,69,1.27,87.63,0,lb
17-10-2024,Giant_Store_001,1013,Carrot,Vegetable,46,1.27,58.42,0,lb
18-10-2024,Giant_Store_001,1013,Carrot,Vegetable,58,1.27,73.66,0,lb
19-10-2024,Giant_Store_001,1013,Carrot,Vegetable,100,1.27,127,0,lb
20-10-2024,Giant_Store_001,1013,Carrot,Vegetable,74,1.27,93.98,0,lb
21-10-2024,Giant_Store_001,1013,Carrot,Vegetable,116,1.12,129.64,1,lb
22-10-2024,Giant_Store_001,1013,Carrot,Vegetable,90,1.27,114.3,0,lb
23-10-2024,Giant_Store_001,1013,Carrot,Vegetable,74,1.27,93.98,0,lb
24-10-2024,Giant_Store_001,1013,Carrot,Vegetable,80,1.27,101.6,0,lb
25-10-2024,Giant_Store_001,1013,Carrot,Vegetable,89,1.12,99.47,1,lb
26-10-2024,Giant_Store_001,1013,Carrot,Vegetable,77,1.27,97.79,0,lb
27-10-2024,Giant_Store_001,1013,Carrot,Vegetable,73,1.27,92.71,0,lb
28-10-2024,Giant_Store_001,1013,Carrot,Vegetable,54,1.27,68.58,0,lb
29-10-2024,Giant_Store_001,1013,Carrot,Vegetable,74,1.27,93.98,0,lb
30-10-2024,Giant_Store_001,1013,Carrot,Vegetable,79,1.27,100.33,0,lb
31-10-2024,Giant_Store_001,1013,Carrot,Vegetable,85,1.27,107.95,0,lb
01-11-2024,Giant_Store_001,1013,Carrot,Vegetable,89,1.27,113.03,0,lb
02-11-2024,Giant_Store_001,1013,Carrot,Vegetable,92,1.27,116.84,0,lb
03-11-2024,Giant_Store_001,1013,Carrot,Vegetable,126,1.27,160.02,0,lb
04-11-2024,Giant_Store_001,1013,Carrot,Vegetable,73,1.27,92.71,0,lb
05-11-2024,Giant_Store_001,1013,Carrot,Vegetable,80,1.27,101.6,0,lb
06-11-2024,Giant_Store_001,1013,Carrot,Vegetable,63,1.12,70.41,1,lb
07-11-2024,Giant_Store_001,1013,Carrot,Vegetable,90,1.27,114.3,0,lb
08-11-2024,Giant_Store_001,1013,Carrot,Vegetable,121,1.12,135.23,1,lb
09-11-2024,Giant_Store_001,1013,Carrot,Vegetable,84,1.27,106.68,0,lb
10-11-2024,Giant_Store_001,1013,Carrot,Vegetable,110,1.27,139.7,0,lb
11-11-2024,Giant_Store_001,1013,Carrot,Vegetable,88,1.27,111.76,0,lb
12-11-2024,Giant_Store_001,1013,Carrot,Vegetable,88,1.27,111.76,0,lb
13-11-2024,Giant_Store_001,1013,Carrot,Vegetable,72,1.27,91.44,0,lb
14-11-2024,Giant_Store_001,1013,Carrot,Vegetable,65,1.27,82.55,0,lb
15-11-2024,Giant_Store_001,1013,Carrot,Vegetable,68,1.27,86.36,0,lb
16-11-2024,Giant_Store_001,1013,Carrot,Vegetable,56,1.27,71.12,0,lb
17-11-2024,Giant_Store_001,1013,Carrot,Vegetable,113,1.27,143.51,0,lb
18-11-2024,Giant_Store_001,1013,Carrot,Vegetable,63,1.27,80.01,0,lb
19-11-2024,Giant_Store_001,1013,Carrot,Vegetable,97,1.27,123.19,0,lb
20-11-2024,Giant_Store_001,1013,Carrot,Vegetable,80,1.27,101.6,0,lb
21-11-2024,Giant_Store_001,1013,Carrot,Vegetable,57,1.27,72.39,0,lb
22-11-2024,Giant_Store_001,1013,Carrot,Vegetable,61,1.27,77.47,0,lb
23-11-2024,Giant_Store_001,1013,Carrot,Vegetable,104,1.27,132.08,0,lb
24-11-2024,Giant_Store_001,1013,Carrot,Vegetable,119,1.27,151.13,0,lb
25-11-2024,Giant_Store_001,1013,Carrot,Vegetable,46,1.27,58.42,0,lb
26-11-2024,Giant_Store_001,1013,Carrot,Vegetable,92,1.27,116.84,0,lb
27-11-2024,Giant_Store_001,1013,Carrot,Vegetable,79,1.27,100.33,0,lb
28-11-2024,Giant_Store_001,1013,Carrot,Vegetable,60,1.27,76.2,0,lb
29-11-2024,Giant_Store_001,1013,Carrot,Vegetable,84,1.27,106.68,0,lb
30-11-2024,Giant_Store_001,1013,Carrot,Vegetable,90,1.27,114.3,0,lb
01-12-2024,Giant_Store_001,1013,Carrot,Vegetable,111,1.27,140.97,0,lb
02-12-2024,Giant_Store_001,1013,Carrot,Vegetable,58,1.27,73.66,0,lb
03-12-2024,Giant_Store_001,1013,Carrot,Vegetable,72,1.27,91.44,0,lb
04-12-2024,Giant_Store_001,1013,Carrot,Vegetable,79,1.27,100.33,0,lb
05-12-2024,Giant_Store_001,1013,Carrot,Vegetable,99,1.27,125.73,0,lb
06-12-2024,Giant_Store_001,1013,Carrot,Vegetable,61,1.27,77.47,0,lb
07-12-2024,Giant_Store_001,1013,Carrot,Vegetable,83,1.27,105.41,0,lb
08-12-2024,Giant_Store_001,1013,Carrot,Vegetable,85,1.27,107.95,0,lb
09-12-2024,Giant_Store_001,1013,Carrot,Vegetable,68,1.27,86.36,0,lb
10-12-2024,Giant_Store_001,1013,Carrot,Vegetable,59,1.27,74.93,0,lb
11-12-2024,Giant_Store_001,1013,Carrot,Vegetable,61,1.27,77.47,0,lb
12-12-2024,Giant_Store_001,1013,Carrot,Vegetable,66,1.27,83.82,0,lb
13-12-2024,Giant_Store_001,1013,Carrot,Vegetable,101,1.27,128.27,0,lb
14-12-2024,Giant_Store_001,1013,Carrot,Vegetable,91,1.27,115.57,0,lb
15-12-2024,Giant_Store_001,1013,Carrot,Vegetable,86,1.27,109.22,0,lb
16-12-2024,Giant_Store_001,1013,Carrot,Vegetable,63,1.27,80.01,0,lb
17-12-2024,Giant_Store_001,1013,Carrot,Vegetable,83,1.12,92.76,1,lb
18-12-2024,Giant_Store_001,1013,Carrot,Vegetable,51,1.27,64.77,0,lb
19-12-2024,Giant_Store_001,1013,Carrot,Vegetable,96,1.27,121.92,0,lb
20-12-2024,Giant_Store_001,1013,Carrot,Vegetable,117,1.12,130.76,1,lb
21-12-2024,Giant_Store_001,1013,Carrot,Vegetable,95,1.27,120.65,0,lb
22-12-2024,Giant_Store_001,1013,Carrot,Vegetable,105,1.12,117.35,1,lb
23-12-2024,Giant_Store_001,1013,Carrot,Vegetable,58,1.27,73.66,0,lb
24-12-2024,Giant_Store_001,1013,Carrot,Vegetable,82,1.27,104.14,0,lb
25-12-2024,Giant_Store_001,1013,Carrot,Vegetable,69,1.27,87.63,0,lb
26-12-2024,Giant_Store_001,1013,Carrot,Vegetable,77,1.27,97.79,0,lb
27-12-2024,Giant_Store_001,1013,Carrot,Vegetable,51,1.27,64.77,0,lb
28-12-2024,Giant_Store_001,1013,Carrot,Vegetable,116,1.12,129.64,1,lb
29-12-2024,Giant_Store_001,1013,Carrot,Vegetable,72,1.27,91.44,0,lb
30-12-2024,Giant_Store_001,1013,Carrot,Vegetable,92,1.27,116.84,0,lb
31-12-2024,Giant_Store_001,1013,Carrot,Vegetable,64,1.27,81.28,0,lb
01-01-2025,Giant_Store_001,1013,Carrot,Vegetable,58,1.27,73.66,0,lb
02-01-2025,Giant_Store_001,1013,Carrot,Vegetable,67,1.27,85.09,0,lb
03-01-2025,Giant_Store_001,1013,Carrot,Vegetable,63,1.27,80.01,0,lb
04-01-2025,Giant_Store_001,1013,Carrot,Vegetable,98,1.27,124.46,0,lb
05-01-2025,Giant_Store_001,1013,Carrot,Vegetable,85,1.27,107.95,0,lb
06-01-2025,Giant_Store_001,1013,Carrot,Vegetable,82,1.27,104.14,0,lb
07-01-2025,Giant_Store_001,1013,Carrot,Vegetable,77,1.27,97.79,0,lb
08-01-2025,Giant_Store_001,1013,Carrot,Vegetable,93,1.27,118.11,0,lb
09-01-2025,Giant_Store_001,1013,Carrot,Vegetable,80,1.27,101.6,0,lb
10-01-2025,Giant_Store_001,1013,Carrot,Vegetable,76,1.27,96.52,0,lb
11-01-2025,Giant_Store_001,1013,Carrot,Vegetable,103,1.27,130.81,0,lb
12-01-2025,Giant_Store_001,1013,Carrot,Vegetable,109,1.12,121.82,1,lb
13-01-2025,Giant_Store_001,1013,Carrot,Vegetable,77,1.27,97.79,0,lb
14-01-2025,Giant_Store_001,1013,Carrot,Vegetable,57,1.27,72.39,0,lb
15-01-2025,Giant_Store_001,1013,Carrot,Vegetable,74,1.27,93.98,0,lb
16-01-2025,Giant_Store_001,1013,Carrot,Vegetable,94,1.27,119.38,0,lb
17-01-2025,Giant_Store_001,1013,Carrot,Vegetable,74,1.27,93.98,0,lb
18-01-2025,Giant_Store_001,1013,Carrot,Vegetable,104,1.27,132.08,0,lb
19-01-2025,Giant_Store_001,1013,Carrot,Vegetable,72,1.27,91.44,0,lb
20-01-2025,Giant_Store_001,1013,Carrot,Vegetable,74,1.27,93.98,0,lb
21-01-2025,Giant_Store_001,1013,Carrot,Vegetable,79,1.27,100.33,0,lb
22-01-2025,Giant_Store_001,1013,Carrot,Vegetable,68,1.27,86.36,0,lb
23-01-2025,Giant_Store_001,1013,Carrot,Vegetable,73,1.27,92.71,0,lb
24-01-2025,Giant_Store_001,1013,Carrot,Vegetable,87,1.27,110.49,0,lb
25-01-2025,Giant_Store_001,1013,Carrot,Vegetable,93,1.27,118.11,0,lb
26-01-2025,Giant_Store_001,1013,Carrot,Vegetable,114,1.12,127.41,1,lb
27-01-2025,Giant_Store_001,1013,Carrot,Vegetable,61,1.27,77.47,0,lb
28-01-2025,Giant_Store_001,1013,Carrot,Vegetable,72,1.27,91.44,0,lb
29-01-2025,Giant_Store_001,1013,Carrot,Vegetable,62,1.27,78.74,0,lb
30-01-2025,Giant_Store_001,1013,Carrot,Vegetable,70,1.27,88.9,0,lb
31-01-2025,Giant_Store_001,1013,Carrot,Vegetable,79,1.27,100.33,0,lb
01-02-2025,Giant_Store_001,1013,Carrot,Vegetable,172,1.12,192.23,1,lb
02-02-2025,Giant_Store_001,1013,Carrot,Vegetable,85,1.27,107.95,0,lb
03-02-2025,Giant_Store_001,1013,Carrot,Vegetable,79,1.27,100.33,0,lb
04-02-2025,Giant_Store_001,1013,Carrot,Vegetable,47,1.27,59.69,0,lb
05-02-2025,Giant_Store_001,1013,Carrot,Vegetable,67,1.27,85.09,0,lb
06-02-2025,Giant_Store_001,1013,Carrot,Vegetable,79,1.27,100.33,0,lb
07-02-2025,Giant_Store_001,1013,Carrot,Vegetable,64,1.27,81.28,0,lb
08-02-2025,Giant_Store_001,1013,Carrot,Vegetable,72,1.27,91.44,0,lb
09-02-2025,Giant_Store_001,1013,Carrot,Vegetable,127,1.27,161.29,0,lb
10-02-2025,Giant_Store_001,1013,Carrot,Vegetable,62,1.27,78.74,0,lb
11-02-2025,Giant_Store_001,1013,Carrot,Vegetable,69,1.27,87.63,0,lb
12-02-2025,Giant_Store_001,1013,Carrot,Vegetable,57,1.27,72.39,0,lb
13-02-2025,Giant_Store_001,1013,Carrot,Vegetable,81,1.27,102.87,0,lb
14-02-2025,Giant_Store_001,1013,Carrot,Vegetable,76,1.27,96.52,0,lb
15-02-2025,Giant_Store_001,1013,Carrot,Vegetable,66,1.27,83.82,0,lb
16-02-2025,Giant_Store_001,1013,Carrot,Vegetable,90,1.27,114.3,0,lb
17-02-2025,Giant_Store_001,1013,Carrot,Vegetable,79,1.27,100.33,0,lb
18-02-2025,Giant_Store_001,1013,Carrot,Vegetable,127,1.12,141.94,1,lb
19-02-2025,Giant_Store_001,1013,Carrot,Vegetable,77,1.27,97.79,0,lb
20-02-2025,Giant_Store_001,1013,Carrot,Vegetable,95,1.12,106.17,1,lb
21-02-2025,Giant_Store_001,1013,Carrot,Vegetable,57,1.27,72.39,0,lb
22-02-2025,Giant_Store_001,1013,Carrot,Vegetable,70,1.27,88.9,0,lb
23-02-2025,Giant_Store_001,1013,Carrot,Vegetable,49,1.27,62.23,0,lb
24-02-2025,Giant_Store_001,1013,Carrot,Vegetable,82,1.27,104.14,0,lb
25-02-2025,Giant_Store_001,1013,Carrot,Vegetable,86,1.27,109.22,0,lb
26-02-2025,Giant_Store_001,1013,Carrot,Vegetable,53,1.27,67.31,0,lb
27-02-2025,Giant_Store_001,1013,Carrot,Vegetable,71,1.27,90.17,0,lb
28-02-2025,Giant_Store_001,1013,Carrot,Vegetable,70,1.27,88.9,0,lb
01-03-2025,Giant_Store_001,1013,Carrot,Vegetable,123,1.12,137.46,1,lb
02-03-2025,Giant_Store_001,1013,Carrot,Vegetable,95,1.27,120.65,0,lb
03-03-2025,Giant_Store_001,1013,Carrot,Vegetable,71,1.27,90.17,0,lb
04-03-2025,Giant_Store_001,1013,Carrot,Vegetable,70,1.27,88.9,0,lb
05-03-2025,Giant_Store_001,1013,Carrot,Vegetable,73,1.27,92.71,0,lb
06-03-2025,Giant_Store_001,1013,Carrot,Vegetable,87,1.27,110.49,0,lb
07-03-2025,Giant_Store_001,1013,Carrot,Vegetable,71,1.27,90.17,0,lb
08-03-2025,Giant_Store_001,1013,Carrot,Vegetable,98,1.27,124.46,0,lb
09-03-2025,Giant_Store_001,1013,Carrot,Vegetable,83,1.27,105.41,0,lb
10-03-2025,Giant_Store_001,1013,Carrot,Vegetable,71,1.27,90.17,0,lb
11-03-2025,Giant_Store_001,1013,Carrot,Vegetable,78,1.27,99.06,0,lb
12-03-2025,Giant_Store_001,1013,Carrot,Vegetable,103,1.12,115.11,1,lb
13-03-2025,Giant_Store_001,1013,Carrot,Vegetable,83,1.27,105.41,0,lb
14-03-2025,Giant_Store_001,1013,Carrot,Vegetable,38,1.27,48.26,0,lb
15-03-2025,Giant_Store_001,1013,Carrot,Vegetable,95,1.27,120.65,0,lb
16-03-2025,Giant_Store_001,1013,Carrot,Vegetable,75,1.27,95.25,0,lb
17-03-2025,Giant_Store_001,1013,Carrot,Vegetable,45,1.27,57.15,0,lb
18-03-2025,Giant_Store_001,1013,Carrot,Vegetable,89,1.27,113.03,0,lb
19-03-2025,Giant_Store_001,1013,Carrot,Vegetable,65,1.27,82.55,0,lb
20-03-2025,Giant_Store_001,1013,Carrot,Vegetable,59,1.27,74.93,0,lb
21-03-2025,Giant_Store_001,1013,Carrot,Vegetable,77,1.27,97.79,0,lb
22-03-2025,Giant_Store_001,1013,Carrot,Vegetable,136,1.12,151.99,1,lb
23-03-2025,Giant_Store_001,1013,Carrot,Vegetable,100,1.27,127,0,lb
24-03-2025,Giant_Store_001,1013,Carrot,Vegetable,52,1.27,66.04,0,lb
25-03-2025,Giant_Store_001,1013,Carrot,Vegetable,67,1.27,85.09,0,lb
26-03-2025,Giant_Store_001,1013,Carrot,Vegetable,84,1.27,106.68,0,lb
27-03-2025,Giant_Store_001,1013,Carrot,Vegetable,101,1.12,112.88,1,lb
28-03-2025,Giant_Store_001,1013,Carrot,Vegetable,85,1.27,107.95,0,lb
29-03-2025,Giant_Store_001,1013,Carrot,Vegetable,61,1.27,77.47,0,lb
30-03-2025,Giant_Store_001,1013,Carrot,Vegetable,96,1.12,107.29,1,lb
31-03-2025,Giant_Store_001,1013,Carrot,Vegetable,97,1.27,123.19,0,lb
01-04-2025,Giant_Store_001,1013,Carrot,Vegetable,82,1.27,104.14,0,lb
02-04-2025,Giant_Store_001,1013,Carrot,Vegetable,47,1.27,59.69,0,lb
03-04-2025,Giant_Store_001,1013,Carrot,Vegetable,60,1.27,76.2,0,lb
04-04-2025,Giant_Store_001,1013,Carrot,Vegetable,60,1.27,76.2,0,lb
05-04-2025,Giant_Store_001,1013,Carrot,Vegetable,99,1.27,125.73,0,lb
06-04-2025,Giant_Store_001,1013,Carrot,Vegetable,71,1.27,90.17,0,lb
07-04-2025,Giant_Store_001,1013,Carrot,Vegetable,58,1.27,73.66,0,lb
08-04-2025,Giant_Store_001,1013,Carrot,Vegetable,63,1.27,80.01,0,lb
09-04-2025,Giant_Store_001,1013,Carrot,Vegetable,87,1.27,110.49,0,lb
10-04-2025,Giant_Store_001,1013,Carrot,Vegetable,84,1.27,106.68,0,lb
11-04-2025,Giant_Store_001,1013,Carrot,Vegetable,75,1.27,95.25,0,lb
12-04-2025,Giant_Store_001,1013,Carrot,Vegetable,81,1.27,102.87,0,lb
13-04-2025,Giant_Store_001,1013,Carrot,Vegetable,104,1.27,132.08,0,lb
14-04-2025,Giant_Store_001,1013,Carrot,Vegetable,82,1.27,104.14,0,lb
15-04-2025,Giant_Store_001,1013,Carrot,Vegetable,88,1.27,111.76,0,lb
16-04-2025,Giant_Store_001,1013,Carrot,Vegetable,78,1.27,99.06,0,lb
