retailaagetix_mvp-main/data/Historic Sales data giant_perishables_365_with_units.csv
date,store_id,sku_id,sku_name,category,units_sold,price_per_unit_usd,revenue_usd,promotion_flag,unit_of_measure
17-04-2025,Giant_Store_001,1013,Carrot,Vegetable,72,1.27,91.44,0,lb
18-04-2025,Giant_Store_001,1013,Carrot,Vegetable,70,1.27,88.9,0,lb
19-04-2025,Giant_Store_001,1013,Carrot,Vegetable,103,1.27,130.81,0,lb
20-04-2025,Giant_Store_001,1013,Carrot,Vegetable,82,1.27,104.14,0,lb
21-04-2025,Giant_Store_001,1013,Carrot,Vegetable,96,1.12,107.29,1,lb
22-04-2025,Giant_Store_001,1013,Carrot,Vegetable,64,1.27,81.28,0,lb
23-04-2025,Giant_Store_001,1013,Carrot,Vegetable,61,1.27,77.47,0,lb
24-04-2025,Giant_Store_001,1013,Carrot,Vegetable,70,1.27,88.9,0,lb
25-04-2025,Giant_Store_001,1013,Carrot,Vegetable,60,1.27,76.2,0,lb
26-04-2025,Giant_Store_001,1013,Carrot,Vegetable,74,1.27,93.98,0,lb
27-04-2025,Giant_Store_001,1013,Carrot,Vegetable,95,1.12,106.17,1,lb
28-04-2025,Giant_Store_001,1013,Carrot,Vegetable,94,1.27,119.38,0,lb
29-04-2025,Giant_Store_001,1013,Carrot,Vegetable,75,1.27,95.25,0,lb
30-04-2025,Giant_Store_001,1013,Carrot,Vegetable,120,1.12,134.11,1,lb
01-05-2025,Giant_Store_001,1013,Carrot,Vegetable,102,1.27,129.54,0,lb
02-05-2025,Giant_Store_001,1013,Carrot,Vegetable,47,1.27,59.69,0,lb
03-05-2025,Giant_Store_001,1013,Carrot,Vegetable,181,1.12,202.29,1,lb
04-05-2025,Giant_Store_001,1013,Carrot,Vegetable,92,1.27,116.84,0,lb
05-05-2025,Giant_Store_001,1013,Carrot,Vegetable,63,1.27,80.01,0,lb
06-05-2025,Giant_Store_001,1013,Carrot,Vegetable,58,1.27,73.66,0,lb
07-05-2025,Giant_Store_001,1013,Carrot,Vegetable,87,1.27,110.49,0,lb
08-05-2025,Giant_Store_001,1013,Carrot,Vegetable,50,1.27,63.5,0,lb
09-05-2025,Giant_Store_001,1013,Carrot,Vegetable,75,1.27,95.25,0,lb
10-05-2025,Giant_Store_001,1013,Carrot,Vegetable,105,1.27,133.35,0,lb
11-05-2025,Giant_Store_001,1013,Carrot,Vegetable,84,1.27,106.68,0,lb
12-05-2025,Giant_Store_001,1013,Carrot,Vegetable,71,1.27,90.17,0,lb
13-05-2025,Giant_Store_001,1013,Carrot,Vegetable,57,1.27,72.39,0,lb
14-05-2025,Giant_Store_001,1013,Carrot,Vegetable,62,1.27,78.74,0,lb
15-05-2025,Giant_Store_001,1013,Carrot,Vegetable,87,1.27,110.49,0,lb
16-05-2025,Giant_Store_001,1013,Carrot,Vegetable,54,1.27,68.58,0,lb
17-05-2025,Giant_Store_001,1013,Carrot,Vegetable,104,1.27,132.08,0,lb
18-05-2025,Giant_Store_001,1013,Carrot,Vegetable,103,1.27,130.81,0,lb
19-05-2025,Giant_Store_001,1013,Carrot,Vegetable,70,1.27,88.9,0,lb
20-05-2025,Giant_Store_001,1013,Carrot,Vegetable,117,1.12,130.76,1,lb
21-05-2025,Giant_Store_001,1013,Carrot,Vegetable,78,1.27,99.06,0,lb
22-05-2025,Giant_Store_001,1013,Carrot,Vegetable,62,1.27,78.74,0,lb
23-05-2025,Giant_Store_001,1013,Carrot,Vegetable,66,1.27,83.82,0,lb
24-05-2025,Giant_Store_001,1013,Carrot,Vegetable,93,1.27,118.11,0,lb
25-05-2025,Giant_Store_001,1013,Carrot,Vegetable,90,1.27,114.3,0,lb
26-05-2025,Giant_Store_001,1013,Carrot,Vegetable,85,1.27,107.95,0,lb
27-05-2025,Giant_Store_001,1013,Carrot,Vegetable,61,1.27,77.47,0,lb
28-05-2025,Giant_Store_001,1013,Carrot,Vegetable,58,1.27,73.66,0,lb
29-05-2025,Giant_Store_001,1013,Carrot,Vegetable,49,1.27,62.23,0,lb
30-05-2025,Giant_Store_001,1013,Carrot,Vegetable,59,1.27,74.93,0,lb
31-05-2025,Giant_Store_001,1013,Carrot,Vegetable,142,1.12,158.7,1,lb
01-06-2025,Giant_Store_001,1013,Carrot,Vegetable,113,1.27,143.51,0,lb
02-06-2025,Giant_Store_001,1013,Carrot,Vegetable,91,1.27,115.57,0,lb
03-06-2025,Giant_Store_001,1013,Carrot,Vegetable,71,1.27,90.17,0,lb
04-06-2025,Giant_Store_001,1013,Carrot,Vegetable,79,1.27,100.33,0,lb
05-06-2025,Giant_Store_001,1013,Carrot,Vegetable,82,1.27,104.14,0,lb
06-06-2025,Giant_Store_001,1013,Carrot,Vegetable,89,1.27,113.03,0,lb
07-06-2025,Giant_Store_001,1013,Carrot,Vegetable,101,1.27,128.27,0,lb
08-06-2025,Giant_Store_001,1013,Carrot,Vegetable,143,1.12,159.82,1,lb
09-06-2025,Giant_Store_001,1013,Carrot,Vegetable,91,1.27,115.57,0,lb
10-06-2025,Giant_Store_001,1013,Carrot,Vegetable,84,1.27,106.68,0,lb
11-06-2025,Giant_Store_001,1013,Carrot,Vegetable,58,1.27,73.66,0,lb
12-06-2025,Giant_Store_001,1013,Carrot,Vegetable,30,1.27,38.1,0,lb
13-06-2025,Giant_Store_001,1013,Carrot,Vegetable,76,1.27,96.52,0,lb
14-06-2025,Giant_Store_001,1013,Carrot,Vegetable,96,1.27,121.92,0,lb
15-06-2025,Giant_Store_001,1013,Carrot,Vegetable,94,1.27,119.38,0,lb
16-06-2025,Giant_Store_001,1013,Carrot,Vegetable,84,1.27,106.68,0,lb
17-06-2025,Giant_Store_001,1013,Carrot,Vegetable,81,1.27,102.87,0,lb
18-06-2025,Giant_Store_001,1013,Carrot,Vegetable,88,1.27,111.76,0,lb
19-06-2025,Giant_Store_001,1013,Carrot,Vegetable,70,1.27,88.9,0,lb
20-06-2025,Giant_Store_001,1013,Carrot,Vegetable,95,1.27,120.65,0,lb
21-06-2025,Giant_Store_001,1013,Carrot,Vegetable,99,1.12,110.64,1,lb
22-06-2025,Giant_Store_001,1013,Carrot,Vegetable,88,1.27,111.76,0,lb
23-06-2025,Giant_Store_001,1013,Carrot,Vegetable,72,1.27,91.44,0,lb
24-06-2025,Giant_Store_001,1013,Carrot,Vegetable,109,1.12,121.82,1,lb
25-06-2025,Giant_Store_001,1013,Carrot,Vegetable,63,1.27,80.01,0,lb
26-06-2025,Giant_Store_001,1013,Carrot,Vegetable,51,1.27,64.77,0,lb
27-06-2025,Giant_Store_001,1013,Carrot,Vegetable,77,1.27,97.79,0,lb
28-06-2025,Giant_Store_001,1013,Carrot,Vegetable,79,1.27,100.33,0,lb
29-06-2025,Giant_Store_001,1013,Carrot,Vegetable,93,1.27,118.11,0,lb
30-06-2025,Giant_Store_001,1013,Carrot,Vegetable,62,1.27,78.74,0,lb
01-07-2025,Giant_Store_001,1013,Carrot,Vegetable,64,1.27,81.28,0,lb
02-07-2025,Giant_Store_001,1013,Carrot,Vegetable,68,1.27,86.36,0,lb
03-07-2025,Giant_Store_001,1013,Carrot,Vegetable,85,1.27,107.95,0,lb
04-07-2025,Giant_Store_001,1013,Carrot,Vegetable,55,1.27,69.85,0,lb
05-07-2025,Giant_Store_001,1013,Carrot,Vegetable,73,1.27,92.71,0,lb
06-07-2025,Giant_Store_001,1013,Carrot,Vegetable,65,1.27,82.55,0,lb
07-07-2025,Giant_Store_001,1013,Carrot,Vegetable,85,1.27,107.95,0,lb
08-07-2025,Giant_Store_001,1013,Carrot,Vegetable,61,1.27,77.47,0,lb
09-07-2025,Giant_Store_001,1013,Carrot,Vegetable,77,1.27,97.79,0,lb
10-07-2025,Giant_Store_001,1013,Carrot,Vegetable,86,1.27,109.22,0,lb
11-07-2025,Giant_Store_001,1013,Carrot,Vegetable,71,1.27,90.17,0,lb
12-07-2025,Giant_Store_001,1013,Carrot,Vegetable,97,1.27,123.19,0,lb
13-07-2025,Giant_Store_001,1013,Carrot,Vegetable,108,1.27,137.16,0,lb
14-07-2025,Giant_Store_001,1013,Carrot,Vegetable,66,1.27,83.82,0,lb
15-07-2025,Giant_Store_001,1013,Carrot,Vegetable,83,1.27,105.41,0,lb
16-07-2025,Giant_Store_001,1013,Carrot,Vegetable,79,1.27,100.33,0,lb
17-07-2025,Giant_Store_001,1013,Carrot,Vegetable,85,1.27,107.95,0,lb
18-07-2025,Giant_Store_001,1013,Carrot,Vegetable,96,1.27,121.92,0,lb
19-07-2025,Giant_Store_001,1013,Carrot,Vegetable,116,1.27,147.32,0,lb
20-07-2025,Giant_Store_001,1013,Carrot,Vegetable,78,1.27,99.06,0,lb
21-07-2025,Giant_Store_001,1013,Carrot,Vegetable,84,1.27,106.68,0,lb
22-07-2025,Giant_Store_001,1013,Carrot,Vegetable,75,1.27,95.25,0,lb
23-07-2025,Giant_Store_001,1013,Carrot,Vegetable,63,1.27,80.01,0,lb
24-07-2025,Giant_Store_001,1013,Carrot,Vegetable,62,1.27,78.74,0,lb
25-07-2025,Giant_Store_001,1013,Carrot,Vegetable,45,1.27,57.15,0,lb
26-07-2025,Giant_Store_001,1013,Carrot,Vegetable,105,1.27,133.35,0,lb
27-07-2025,Giant_Store_001,1013,Carrot,Vegetable,96,1.27,121.92,0,lb
28-07-2025,Giant_Store_001,1013,Carrot,Vegetable,68,1.27,86.36,0,lb
29-07-2025,Giant_Store_001,1013,Carrot,Vegetable,64,1.27,81.28,0,lb
30-07-2025,Giant_Store_001,1013,Carrot,Vegetable,96,1.27,121.92,0,lb
31-07-2025,Giant_Store_001,1013,Carrot,Vegetable,79,1.27,100.33,0,lb
01-08-2025,Giant_Store_001,1013,Carrot,Vegetable,88,1.27,111.76,0,lb
02-08-2025,Giant_Store_001,1013,Carrot,Vegetable,84,1.27,106.68,0,lb
03-08-2025,Giant_Store_001,1013,Carrot,Vegetable,47,1.27,59.69,0,lb
04-08-2025,Giant_Store_001,1013,Carrot,Vegetable,84,1.27,106.68,0,lb
05-08-2025,Giant_Store_001,1013,Carrot,Vegetable,70,1.27,88.9,0,lb
06-08-2025,Giant_Store_001,1013,Carrot,Vegetable,52,1.27,66.04,0,lb
07-08-2025,Giant_Store_001,1013,Carrot,Vegetable,48,1.27,60.96,0,lb
08-08-2025,Giant_Store_001,1013,Carrot,Vegetable,80,1.27,101.6,0,lb
09-08-2025,Giant_Store_001,1013,Carrot,Vegetable,94,1.27,119.38,0,lb
10-08-2025,Giant_Store_001,1013,Carrot,Vegetable,98,1.27,124.46,0,lb
11-08-2025,Giant_Store_001,1013,Carrot,Vegetable,68,1.27,86.36,0,lb
12-08-2025,Giant_Store_001,1013,Carrot,Vegetable,87,1.27,110.49,0,lb
13-08-2025,Giant_Store_001,1013,Carrot,Vegetable,75,1.27,95.25,0,lb
14-08-2025,Giant_Store_001,1013,Carrot,Vegetable,90,1.27,114.3,0,lb
15-08-2025,Giant_Store_001,1013,Carrot,Vegetable,60,1.27,76.2,0,lb
16-08-2025,Giant_Store_001,1013,Carrot,Vegetable,94,1.27,119.38,0,lb
17-08-2025,Giant_Store_001,1013,Carrot,Vegetable,92,1.27,116.84,0,lb
18-08-2025,Giant_Store_001,1013,Carrot,Vegetable,62,1.27,78.74,0,lb
19-08-2025,Giant_Store_001,1013,Carrot,Vegetable,78,1.27,99.06,0,lb
20-08-2025,Giant_Store_001,1013,Carrot,Vegetable,52,1.27,66.04,0,lb
21-08-2025,Giant_Store_001,1013,Carrot,Vegetable,67,1.27,85.09,0,lb
22-08-2025,Giant_Store_001,1013,Carrot,Vegetable,77,1.27,97.79,0,lb
23-08-2025,Giant_Store_001,1013,Carrot,Vegetable,74,1.27,93.98,0,lb
24-08-2025,Giant_Store_001,1013,Carrot,Vegetable,90,1.27,114.3,0,lb
25-08-2025,Giant_Store_001,1013,Carrot,Vegetable,86,1.27,109.22,0,lb
26-08-2025,Giant_Store_001,1013,Carrot,Vegetable,73,1.27,92.71,0,lb
27-08-2025,Giant_Store_001,1013,Carrot,Vegetable,72,1.27,91.44,0,lb
28-08-2025,Giant_Store_001,1013,Carrot,Vegetable,81,1.27,102.87,0,lb
29-08-2025,Giant_Store_001,1013,Carrot,Vegetable,56,1.27,71.12,0,lb
30-08-2025,Giant_Store_001,1013,Carrot,Vegetable,64,1.27,81.28,0,lb
31-08-2025,Giant_Store_001,1013,Carrot,Vegetable,100,1.27,127,0,lb
01-09-2025,Giant_Store_001,1013,Carrot,Vegetable,80,1.27,101.6,0,lb
02-09-2025,Giant_Store_001,1013,Carrot,Vegetable,73,1.27,92.71,0,lb
03-09-2025,Giant_Store_001,1013,Carrot,Vegetable,97,1.27,123.19,0,lb
04-09-2025,Giant_Store_001,1013,Carrot,Vegetable,53,1.27,67.31,0,lb
05-09-2025,Giant_Store_001,1013,Carrot,Vegetable,57,1.27,72.39,0,lb
06-09-2025,Giant_Store_001,1013,Carrot,Vegetable,80,1.27,101.6,0,lb
07-09-2025,Giant_Store_001,1013,Carrot,Vegetable,110,1.27,139.7,0,lb
08-09-2025,Giant_Store_001,1013,Carrot,Vegetable,81,1.27,102.87,0,lb
09-09-2025,Giant_Store_001,1013,Carrot,Vegetable,100,1.27,127,0,lb
10-09-2025,Giant_Store_001,1013,Carrot,Vegetable,60,1.27,76.2,0,lb
11-09-2025,Giant_Store_001,1013,Carrot,Vegetable,96,1.12,107.29,1,lb
12-09-2025,Giant_Store_001,1013,Carrot,Vegetable,84,1.27,106.68,0,lb
13-09-2025,Giant_Store_001,1013,Carrot,Vegetable,89,1.12,99.47,1,lb
14-09-2025,Giant_Store_001,1013,Carrot,Vegetable,94,1.27,119.38,0,lb
15-09-2025,Giant_Store_001,1013,Carrot,Vegetable,87,1.27,110.49,0,lb
16-09-2025,Giant_Store_001,1013,Carrot,Vegetable,93,1.27,118.11,0,lb
17-09-2025,Giant_Store_001,1013,Carrot,Vegetable,70,1.27,88.9,0,lb
18-09-2025,Giant_Store_001,1013,Carrot,Vegetable,71,1.27,90.17,0,lb
19-09-2025,Giant_Store_001,1013,Carrot,Vegetable,45,1.27,57.15,0,lb
20-09-2025,Giant_Store_001,1013,Carrot,Vegetable,77,1.27,97.79,0,lb
21-09-2025,Giant_Store_001,1013,Carrot,Vegetable,85,1.27,107.95,0,lb
22-09-2025,Giant_Store_001,1013,Carrot,Vegetable,92,1.12,102.82,1,lb
23-09-2025,Giant_Store_001,1013,Carrot,Vegetable,62,1.27,78.74,0,lb
24-09-2025,Giant_Store_001,1013,Carrot,Vegetable,74,1.27,93.98,0,lb
25-09-2025,Giant_Store_001,1013,Carrot,Vegetable,74,1.27,93.98,0,lb
26-09-2025,Giant_Store_001,1013,Carrot,Vegetable,68,1.27,86.36,0,lb
27-09-2025,Giant_Store_001,1013,Carrot,Vegetable,89,1.27,113.03,0,lb
28-09-2025,Giant_Store_001,1013,Carrot,Vegetable,92,1.27,116.84,0,lb
29-09-2025,Giant_Store_001,1013,Carrot,Vegetable,81,1.27,102.87,0,lb
30-09-2025,Giant_Store_001,1013,Carrot,Vegetable,67,1.27,85.09,0,lb
01-10-2025,Giant_Store_001,1013,Carrot,Vegetable,73,1.27,92.71,0,lb
02-10-2025,Giant_Store_001,1013,Carrot,Vegetable,51,1.27,64.77,0,lb
03-10-2025,Giant_Store_001,1013,Carrot,Vegetable,73,1.27,92.71,0,lb
04-10-2025,Giant_Store_001,1013,Carrot,Vegetable,130,1.27,165.1,0,lb
05-10-2025,Giant_Store_001,1013,Carrot,Vegetable,126,1.27,160.02,0,lb
06-10-2025,Giant_Store_001,1013,Carrot,Vegetable,90,1.27,114.3,0,lb
07-10-2025,Giant_Store_001,1013,Carrot,Vegetable,71,1.27,90.17,0,lb
08-10-2025,Giant_Store_001,1013,Carrot,Vegetable,79,1.27,100.33,0,lb
09-10-2025,Giant_Store_001,1013,Carrot,Vegetable,62,1.27,78.74,0,lb
10-10-2025,Giant_Store_001,1013,Carrot,Vegetable,67,1.27,85.09,0,lb
11-10-2025,Giant_Store_001,1013,Carrot,Vegetable,105,1.12,117.35,1,lb
12-10-2025,Giant_Store_001,1013,Carrot,Vegetable,95,1.27,120.65,0,lb
13-10-2025,Giant_Store_001,1013,Carrot,Vegetable,83,1.27,105.41,0,lb
14-10-2024,Giant_Store_001,1014,Lettuce_Romaine,Vegetable,89,0.57,50.73,0,each
15-10-2024,Giant_Store_001,1014,Lettuce_Romaine,Vegetable,89,0.57,50.73,0,each
16-10-2024,Giant_Store_001,1014,Lettuce_Romaine,Vegetable,72,0.57,41.04,0,each
17-10-2024,Giant_Store_001,1014,Lettuce_Romaine,Vegetable,61,0.57,34.77,0,each
18-10-2024,Giant_Store_001,1014,Lettuce_Romaine,Vegetable,93,0.57,53.01,0,each
19-10-2024,Giant_Store_001,1014,Lettuce_Romaine,Vegetable,132,0.57,75.24,0,each
20-10-2024,Giant_Store_001,1014,Lettuce_Romaine,Vegetable,102,0.57,58.14,0,each
21-10-2024,Giant_Store_001,1014,Lettuce_Romaine,Vegetable,58,0.57,33.06,0,each
22-10-2024,Giant_Store_001,1014,Lettuce_Romaine,Vegetable,79,0.57,45.03,0,each
23-10-2024,Giant_Store_001,1014,Lettuce_Romaine,Vegetable,82,0.57,46.74,0,each
24-10-2024,Giant_Store_001,1014,Lettuce_Romaine,Vegetable,102,0.57,58.14,0,each
25-10-2024,Giant_Store_001,1014,Lettuce_Romaine,Vegetable,97,0.57,55.29,0,each
26-10-2024,Giant_Store_001,1014,Lettuce_Romaine,Vegetable,107,0.57,60.99,0,each
27-10-2024,Giant_Store_001,1014,Lettuce_Romaine,Vegetable,133,0.57,75.81,0,each
28-10-2024,Giant_Store_001,1014,Lettuce_Romaine,Vegetable,84,0.57,47.88,0,each
29-10-2024,Giant_Store_001,1014,Lettuce_Romaine,Vegetable,81,0.57,46.17,0,each
30-10-2024,Giant_Store_001,1014,Lettuce_Romaine,Vegetable,70,0.57,39.9,0,each
31-10-2024,Giant_Store_001,1014,Lettuce_Romaine,Vegetable,72,0.57,41.04,0,each
01-11-2024,Giant_Store_001,1014,Lettuce_Romaine,Vegetable,76,0.57,43.32,0,each
02-11-2024,Giant_Store_001,1014,Lettuce_Romaine,Vegetable,105,0.57,59.85,0,each
03-11-2024,Giant_Store_001,1014,Lettuce_Romaine,Vegetable,98,0.57,55.86,0,each
04-11-2024,Giant_Store_001,1014,Lettuce_Romaine,Vegetable,104,0.57,59.28,0,each
05-11-2024,Giant_Store_001,1014,Lettuce_Romaine,Vegetable,84,0.57,47.88,0,each
06-11-2024,Giant_Store_001,1014,Lettuce_Romaine,Vegetable,83,0.57,47.31,0,each
07-11-2024,Giant_Store_001,1014,Lettuce_Romaine,Vegetable,91,0.57,51.87,0,each
08-11-2024,Giant_Store_001,1014,Lettuce_Romaine,Vegetable,93,0.57,53.01,0,each
09-11-2024,Giant_Store_001,1014,Lettuce_Romaine,Vegetable,84,0.57,47.88,0,each
10-11-2024,Giant_Store_001,1014,Lettuce_Romaine,Vegetable,101,0.57,57.57,0,each
11-11-2024,Giant_Store_001,1014,Lettuce_Romaine,Vegetable,75,0.57,42.75,0,each
12-11-2024,Giant_Store_001,1014,Lettuce_Romaine,Vegetable,82,0.57,46.74,0,each
13-11-2024,Giant_Store_001,1014,Lettuce_Romaine,Vegetable,72,0.57,41.04,0,each
14-11-2024,Giant_Store_001,1014,Lettuce_Romaine,Vegetable,100,0.57,57,0,each
15-11-2024,Giant_Store_001,1014,Lettuce_Romaine,Vegetable,80,0.57,45.6,0,each
16-11-2024,Giant_Store_001,1014,Lettuce_Romaine,Vegetable,112,0.57,63.84,0,each
17-11-2024,Giant_Store_001,1014,Lettuce_Romaine,Vegetable,96,0.57,54.72,0,each
18-11-2024,Giant_Store_001,1014,Lettuce_Romaine,Vegetable,73,0.57,41.61,0,each
19-11-2024,Giant_Store_001,1014,Lettuce_Romaine,Vegetable,85,0.57,48.45,0,each
20-11-2024,Giant_Store_001,1014,Lettuce_Romaine,Vegetable,84,0.57,47.88,0,each
21-11-2024,Giant_Store_001,1014,Lettuce_Romaine,Vegetable,91,0.57,51.87,0,each
22-11-2024,Giant_Store_001,1014,Lettuce_Romaine,Vegetable,85,0.57,48.45,0,each
23-11-2024,Giant_Store_001,1014,Lettuce_Romaine,Vegetable,86,0.57,49.02,0,each
24-11-2024,Giant_Store_001,1014,Lettuce_Romaine,Vegetable,77,0.57,43.89,0,each
25-11-2024,Giant_Store_001,1014,Lettuce_Romaine,Vegetable,99,0.5,49.66,1,each
26-11-2024,Giant_Store_001,1014,Lettuce_Romaine,Vegetable,102,0.5,51.16,1,each
27-11-2024,Giant_Store_001,1014,Lettuce_Romaine,Vegetable,54,0.57,30.78,0,each
28-11-2024,Giant_Store_001,1014,Lettuce_Romaine,Vegetable,102,0.57,58.14,0,each
29-11-2024,Giant_Store_001,1014,Lettuce_Romaine,Vegetable,86,0.57,49.02,0,each
30-11-2024,Giant_Store_001,1014,Lettuce_Romaine,Vegetable,85,0.57,48.45,0,each
01-12-2024,Giant_Store_001,1014,Lettuce_Romaine,Vegetable,123,0.57,70.11,0,each
02-12-2024,Giant_Store_001,1014,Lettuce_Romaine,Vegetable,132,0.5,66.21,1,each
03-12-2024,Giant_Store_001,1014,Lettuce_Romaine,Vegetable,121,0.5,60.69,1,each
04-12-2024,Giant_Store_001,1014,Lettuce_Romaine,Vegetable,105,0.57,59.85,0,each
05-12-2024,Giant_Store_001,1014,Lettuce_Romaine,Vegetable,45,0.57,25.65,0,each
06-12-2024,Giant_Store_001,1014,Lettuce_Romaine,Vegetable,84,0.57,47.88,0,each
07-12-2024,Giant_Store_001,1014,Lettuce_Romaine,Vegetable,95,0.57,54.15,0,each
08-12-2024,Giant_Store_001,1014,Lettuce_Romaine,Vegetable,123,0.57,70.11,0,each
09-12-2024,Giant_Store_001,1014,Lettuce_Romaine,Vegetable,84,0.57,47.88,0,each
10-12-2024,Giant_Store_001,1014,Lettuce_Romaine,Vegetable,97,0.57,55.29,0,each
11-12-2024,Giant_Store_001,1014,Lettuce_Romaine,Vegetable,91,0.57,51.87,0,each
12-12-2024,Giant_Store_001,1014,Lettuce_Romaine,Vegetable,128,0.5,64.2,1,each
13-12-2024,Giant_Store_001,1014,Lettuce_Romaine,Vegetable,93,0.57,53.01,0,each
14-12-2024,Giant_Store_001,1014,Lettuce_Romaine,Vegetable,136,0.57,77.52,0,each
15-12-2024,Giant_Store_001,1014,Lettuce_Romaine,Vegetable,95,0.57,54.15,0,each
16-12-2024,Giant_Store_001,1014,Lettuce_Romaine,Vegetable,82,0.57,46.74,0,each
17-12-2024,Giant_Store_001,1014,Lettuce_Romaine,Vegetable,91,0.57,51.87,0,each
18-12-2024,Giant_Store_001,1014,Lettuce_Romaine,Vegetable,100,0.57,57,0,each
19-12-2024,Giant_Store_001,1014,Lettuce_Romaine,Vegetable,95,0.57,54.15,0,each
20-12-2024,Giant_Store_001,1014,Lettuce_Romaine,Vegetable,90,0.57,51.3,0,each
21-12-2024,Giant_Store_001,1014,Lettuce_Romaine,Vegetable,102,0.57,58.14,0,each
