retailaagetix_mvp-main/data/Historic Sales data giant_perishables_365_with_units.csv
date,store_id,sku_id,sku_name,category,units_sold,price_per_unit_usd,revenue_usd,promotion_flag,unit_of_measure
22-12-2024,Giant_Store_001,1014,Lettuce_Romaine,Vegetable,153,0.5,76.74,1,each
23-12-2024,Giant_Store_001,1014,Lettuce_Romaine,Vegetable,65,0.57,37.05,0,each
24-12-2024,Giant_Store_001,1014,Lettuce_Romaine,Vegetable,77,0.57,43.89,0,each
25-12-2024,Giant_Store_001,1014,Lettuce_Romaine,Vegetable,102,0.57,58.14,0,each
26-12-2024,Giant_Store_001,1014,Lettuce_Romaine,Vegetable,101,0.57,57.57,0,each
27-12-2024,Giant_Store_001,1014,Lettuce_Romaine,Vegetable,98,0.57,55.86,0,each
28-12-2024,Giant_Store_001,1014,Lettuce_Romaine,Vegetable,131,0.57,74.67,0,each
29-12-2024,Giant_Store_001,1014,Lettuce_Romaine,Vegetable,116,0.57,66.12,0,each
30-12-2024,Giant_Store_001,1014,Lettuce_Romaine,Vegetable,100,0.57,57,0,each
31-12-2024,Giant_Store_001,1014,Lettuce_Romaine,Vegetable,110,0.57,62.7,0,each
01-01-2025,Giant_Store_001,1014,Lettuce_Romaine,Vegetable,109,0.5,54.67,1,each
02-01-2025,Giant_Store_001,1014,Lettuce_Romaine,Vegetable,70,0.57,39.9,0,each
03-01-2025,Giant_Store_001,1014,Lettuce_Romaine,Vegetable,71,0.57,40.47,0,each
04-01-2025,Giant_Store_001,1014,Lettuce_Romaine,Vegetable,124,0.57,70.68,0,each
05-01-2025,Giant_Store_001,1014,Lettuce_Romaine,Vegetable,156,0.57,88.92,0,each
06-01-2025,Giant_Store_001,1014,Lettuce_Romaine,Vegetable,102,0.57,58.14,0,each
07-01-2025,Giant_Store_001,1014,Lettuce_Romaine,Vegetable,73,0.57,41.61,0,each
08-01-2025,Giant_Store_001,1014,Lettuce_Romaine,Vegetable,77,0.57,43.89,0,each
09-01-2025,Giant_Store_001,1014,Lettuce_Romaine,Vegetable,95,0.57,54.15,0,each
10-01-2025,Giant_Store_001,1014,Lettuce_Romaine,Vegetable,72,0.57,41.04,0,each
11-01-2025,Giant_Store_001,1014,Lettuce_Romaine,Vegetable,110,0.57,62.7,0,each
12-01-2025,Giant_Store_001,1014,Lettuce_Romaine,Vegetable,101,0.57,57.57,0,each
13-01-2025,Giant_Store_001,1014,Lettuce_Romaine,Vegetable,90,0.57,51.3,0,each
14-01-2025,Giant_Store_001,1014,Lettuce_Romaine,Vegetable,82,0.57,46.74,0,each
15-01-2025,Giant_Store_001,1014,Lettuce_Romaine,Vegetable,90,0.57,51.3,0,each
16-01-2025,Giant_Store_001,1014,Lettuce_Romaine,Vegetable,95,0.57,54.15,0,each
17-01-2025,Giant_Store_001,1014,Lettuce_Romaine,Vegetable,91,0.57,51.87,0,each
18-01-2025,Giant_Store_001,1014,Lettuce_Romaine,Vegetable,98,0.57,55.86,0,each
19-01-2025,Giant_Store_001,1014,Lettuce_Romaine,Vegetable,102,0.57,58.14,0,each
20-01-2025,Giant_Store_001,1014,Lettuce_Romaine,Vegetable,100,0.57,57,0,each
21-01-2025,Giant_Store_001,1014,Lettuce_Romaine,Vegetable,46,0.57,26.22,0,each
22-01-2025,Giant_Store_001,1014,Lettuce_Romaine,Vegetable,94,0.57,53.58,0,each
23-01-2025,Giant_Store_001,1014,Lettuce_Romaine,Vegetable,51,0.57,29.07,0,each
24-01-2025,Giant_Store_001,1014,Lettuce_Romaine,Vegetable,79,0.57,45.03,0,each
25-01-2025,Giant_Store_001,1014,Lettuce_Romaine,Vegetable,133,0.57,75.81,0,each
26-01-2025,Giant_Store_001,1014,Lettuce_Romaine,Vegetable,122,0.57,69.54,0,each
27-01-2025,Giant_Store_001,1014,Lettuce_Romaine,Vegetable,64,0.57,36.48,0,each
28-01-2025,Giant_Store_001,1014,Lettuce_Romaine,Vegetable,125,0.57,71.25,0,each
29-01-2025,Giant_Store_001,1014,Lettuce_Romaine,Vegetable,76,0.57,43.32,0,each
30-01-2025,Giant_Store_001,1014,Lettuce_Romaine,Vegetable,96,0.57,54.72,0,each
31-01-2025,Giant_Store_001,1014,Lettuce_Romaine,Vegetable,99,0.57,56.43,0,each
01-02-2025,Giant_Store_001,1014,Lettuce_Romaine,Vegetable,78,0.57,44.46,0,each
02-02-2025,Giant_Store_001,1014,Lettuce_Romaine,Vegetable,56,0.57,31.92,0,each
03-02-2025,Giant_Store_001,1014,Lettuce_Romaine,Vegetable,103,0.5,51.66,1,each
04-02-2025,Giant_Store_001,1014,Lettuce_Romaine,Vegetable,78,0.57,44.46,0,each
05-02-2025,Giant_Store_001,1014,Lettuce_Romaine,Vegetable,69,0.57,39.33,0,each
06-02-2025,Giant_Store_001,1014,Lettuce_Romaine,Vegetable,84,0.57,47.88,0,each
07-02-2025,Giant_Store_001,1014,Lettuce_Romaine,Vegetable,84,0.57,47.88,0,each
08-02-2025,Giant_Store_001,1014,Lettuce_Romaine,Vegetable,118,0.57,67.26,0,each
09-02-2025,Giant_Store_001,1014,Lettuce_Romaine,Vegetable,93,0.57,53.01,0,each
10-02-2025,Giant_Store_001,1014,Lettuce_Romaine,Vegetable,74,0.5,37.12,1,each
11-02-2025,Giant_Store_001,1014,Lettuce_Romaine,Vegetable,82,0.57,46.74,0,each
12-02-2025,Giant_Store_001,1014,Lettuce_Romaine,Vegetable,61,0.57,34.77,0,each
13-02-2025,Giant_Store_001,1014,Lettuce_Romaine,Vegetable,94,0.57,53.58,0,each
14-02-2025,Giant_Store_001,1014,Lettuce_Romaine,Vegetable,100,0.57,57,0,each
15-02-2025,Giant_Store_001,1014,Lettuce_Romaine,Vegetable,103,0.57,58.71,0,each
16-02-2025,Giant_Store_001,1014,Lettuce_Romaine,Vegetable,91,0.57,51.87,0,each
17-02-2025,Giant_Store_001,1014,Lettuce_Romaine,Vegetable,72,0.57,41.04,0,each
18-02-2025,Giant_Store_001,1014,Lettuce_Romaine,Vegetable,97,0.57,55.29,0,each
19-02-2025,Giant_Store_001,1014,Lettuce_Romaine,Vegetable,92,0.57,52.44,0,each
20-02-2025,Giant_Store_001,1014,Lettuce_Romaine,Vegetable,96,0.57,54.72,0,each
21-02-2025,Giant_Store_001,1014,Lettuce_Romaine,Vegetable,87,0.57,49.59,0,each
22-02-2025,Giant_Store_001,1014,Lettuce_Romaine,Vegetable,96,0.57,54.72,0,each
23-02-2025,Giant_Store_001,1014,Lettuce_Romaine,Vegetable,85,0.57,48.45,0,each
24-02-2025,Giant_Store_001,1014,Lettuce_Romaine,Vegetable,103,0.57,58.71,0,each
25-02-2025,Giant_Store_001,1014,Lettuce_Romaine,Vegetable,80,0.57,45.6,0,each
26-02-2025,Giant_Store_001,1014,Lettuce_Romaine,Vegetable,111,0.57,63.27,0,each
27-02-2025,Giant_Store_001,1014,Lettuce_Romaine,Vegetable,93,0.57,53.01,0,each
28-02-2025,Giant_Store_001,1014,Lettuce_Romaine,Vegetable,125,0.57,71.25,0,each
01-03-2025,Giant_Store_001,1014,Lettuce_Romaine,Vegetable,95,0.57,54.15,0,each
02-03-2025,Giant_Store_001,1014,Lettuce_Romaine,Vegetable,143,0.57,81.51,0,each
03-03-2025,Giant_Store_001,1014,Lettuce_Romaine,Vegetable,115,0.57,65.55,0,each
04-03-2025,Giant_Store_001,1014,Lettuce_Romaine,Vegetable,88,0.57,50.16,0,each
05-03-2025,Giant_Store_001,1014,Lettuce_Romaine,Vegetable,72,0.57,41.04,0,each
06-03-2025,Giant_Store_001,1014,Lettuce_Romaine,Vegetable,76,0.57,43.32,0,each
07-03-2025,Giant_Store_001,1014,Lettuce_Romaine,Vegetable,68,0.57,38.76,0,each
08-03-2025,Giant_Store_001,1014,Lettuce_Romaine,Vegetable,99,0.57,56.43,0,each
09-03-2025,Giant_Store_001,1014,Lettuce_Romaine,Vegetable,98,0.57,55.86,0,each
10-03-2025,Giant_Store_001,1014,Lettuce_Romaine,Vegetable,100,0.57,57,0,each
11-03-2025,Giant_Store_001,1014,Lettuce_Romaine,Vegetable,79,0.57,45.03,0,each
12-03-2025,Giant_Store_001,1014,Lettuce_Romaine,Vegetable,83,0.57,47.31,0,each
13-03-2025,Giant_Store_001,1014,Lettuce_Romaine,Vegetable,99,0.57,56.43,0,each
14-03-2025,Giant_Store_001,1014,Lettuce_Romaine,Vegetable,89,0.57,50.73,0,each
15-03-2025,Giant_Store_001,1014,Lettuce_Romaine,Vegetable,143,0.57,81.51,0,each
16-03-2025,Giant_Store_001,1014,Lettuce_Romaine,Vegetable,83,0.57,47.31,0,each
17-03-2025,Giant_Store_001,1014,Lettuce_Romaine,Vegetable,98,0.57,55.86,0,each
18-03-2025,Giant_Store_001,1014,Lettuce_Romaine,Vegetable,91,0.57,51.87,0,each
19-03-2025,Giant_Store_001,1014,Lettuce_Romaine,Vegetable,55,0.57,31.35,0,each
20-03-2025,Giant_Store_001,1014,Lettuce_Romaine,Vegetable,87,0.5,43.64,1,each
21-03-2025,Giant_Store_001,1014,Lettuce_Romaine,Vegetable,94,0.57,53.58,0,each
22-03-2025,Giant_Store_001,1014,Lettuce_Romaine,Vegetable,128,0.57,72.96,0,each
23-03-2025,Giant_Store_001,1014,Lettuce_Romaine,Vegetable,70,0.57,39.9,0,each
24-03-2025,Giant_Store_001,1014,Lettuce_Romaine,Vegetable,107,0.57,60.99,0,each
25-03-2025,Giant_Store_001,1014,Lettuce_Romaine,Vegetable,76,0.57,43.32,0,each
26-03-2025,Giant_Store_001,1014,Lettuce_Romaine,Vegetable,149,0.5,74.74,1,each
27-03-2025,Giant_Store_001,1014,Lettuce_Romaine,Vegetable,134,0.5,67.21,1,each
28-03-2025,Giant_Store_001,1014,Lettuce_Romaine,Vegetable,93,0.57,53.01,0,each
29-03-2025,Giant_Store_001,1014,Lettuce_Romaine,Vegetable,108,0.57,61.56,0,each
30-03-2025,Giant_Store_001,1014,Lettuce_Romaine,Vegetable,152,0.5,76.24,1,each
31-03-2025,Giant_Store_001,1014,Lettuce_Romaine,Vegetable,90,0.57,51.3,0,each
01-04-2025,Giant_Store_001,1014,Lettuce_Romaine,Vegetable,96,0.57,54.72,0,each
02-04-2025,Giant_Store_001,1014,Lettuce_Romaine,Vegetable,86,0.57,49.02,0,each
03-04-2025,Giant_Store_001,1014,Lettuce_Romaine,Vegetable,100,0.57,57,0,each
04-04-2025,Giant_Store_001,1014,Lettuce_Romaine,Vegetable,92,0.57,52.44,0,each
05-04-2025,Giant_Store_001,1014,Lettuce_Romaine,Vegetable,101,0.57,57.57,0,each
06-04-2025,Giant_Store_001,1014,Lettuce_Romaine,Vegetable,115,0.57,65.55,0,each
07-04-2025,Giant_Store_001,1014,Lettuce_Romaine,Vegetable,82,0.57,46.74,0,each
08-04-2025,Giant_Store_001,1014,Lettuce_Romaine,Vegetable,101,0.57,57.57,0,each
09-04-2025,Giant_Store_001,1014,Lettuce_Romaine,Vegetable,104,0.57,59.28,0,each
10-04-2025,Giant_Store_001,1014,Lettuce_Romaine,Vegetable,118,0.57,67.26,0,each
11-04-2025,Giant_Store_001,1014,Lettuce_Romaine,Vegetable,118,0.5,59.19,1,each
12-04-2025,Giant_Store_001,1014,Lettuce_Romaine,Vegetable,86,0.57,49.02,0,each
13-04-2025,Giant_Store_001,1014,Lettuce_Romaine,Vegetable,123,0.57,70.11,0,each
14-04-2025,Giant_Store_001,1014,Lettuce_Romaine,Vegetable,114,0.5,57.18,1,each
15-04-2025,Giant_Store_001,1014,Lettuce_Romaine,Vegetable,83,0.57,47.31,0,each
16-04-2025,Giant_Store_001,1014,Lettuce_Romaine,Vegetable,76,0.57,43.32,0,each
17-04-2025,Giant_Store_001,1014,Lettuce_Romaine,Vegetable,77,0.57,43.89,0,each
18-04-2025,Giant_Store_001,1014,Lettuce_Romaine,Vegetable,108,0.57,61.56,0,each
19-04-2025,Giant_Store_001,1014,Lettuce_Romaine,Vegetable,121,0.57,68.97,0,each
20-04-2025,Giant_Store_001,1014,Lettuce_Romaine,Vegetable,100,0.57,57,0,each
21-04-2025,Giant_Store_001,1014,Lettuce_Romaine,Vegetable,82,0.57,46.74,0,each
22-04-2025,Giant_Store_001,1014,Lettuce_Romaine,Vegetable,90,0.57,51.3,0,each
23-04-2025,Giant_Store_001,1014,Lettuce_Romaine,Vegetable,93,0.57,53.01,0,each
24-04-2025,Giant_Store_001,1014,Lettuce_Romaine,Vegetable,64,0.57,36.48,0,each
25-04-2025,Giant_Store_001,1014,Lettuce_Romaine,Vegetable,105,0.5,52.67,1,each
26-04-2025,Giant_Store_001,1014,Lettuce_Romaine,Vegetable,95,0.57,54.15,0,each
27-04-2025,Giant_Store_001,1014,Lettuce_Romaine,Vegetable,95,0.57,54.15,0,each
28-04-2025,Giant_Store_001,1014,Lettuce_Romaine,Vegetable,86,0.57,49.02,0,each
29-04-2025,Giant_Store_001,1014,Lettuce_Romaine,Vegetable,85,0.57,48.45,0,each
30-04-2025,Giant_Store_001,1014,Lettuce_Romaine,Vegetable,89,0.57,50.73,0,each
01-05-2025,Giant_Store_001,1014,Lettuce_Romaine,Vegetable,117,0.5,58.69,1,each
02-05-2025,Giant_Store_001,1014,Lettuce_Romaine,Vegetable,83,0.57,47.31,0,each
03-05-2025,Giant_Store_001,1014,Lettuce_Romaine,Vegetable,75,0.57,42.75,0,each
04-05-2025,Giant_Store_001,1014,Lettuce_Romaine,Vegetable,93,0.57,53.01,0,each
05-05-2025,Giant_Store_001,1014,Lettuce_Romaine,Vegetable,116,0.57,66.12,0,each
06-05-2025,Giant_Store_001,1014,Lettuce_Romaine,Vegetable,144,0.5,72.23,1,each
07-05-2025,Giant_Store_001,1014,Lettuce_Romaine,Vegetable,119,0.57,67.83,0,each
08-05-2025,Giant_Store_001,1014,Lettuce_Romaine,Vegetable,84,0.57,47.88,0,each
09-05-2025,Giant_Store_001,1014,Lettuce_Romaine,Vegetable,74,0.57,42.18,0,each
10-05-2025,Giant_Store_001,1014,Lettuce_Romaine,Vegetable,132,0.57,75.24,0,each
11-05-2025,Giant_Store_001,1014,Lettuce_Romaine,Vegetable,119,0.57,67.83,0,each
12-05-2025,Giant_Store_001,1014,Lettuce_Romaine,Vegetable,80,0.57,45.6,0,each
13-05-2025,Giant_Store_001,1014,Lettuce_Romaine,Vegetable,99,0.57,56.43,0,each
14-05-2025,Giant_Store_001,1014,Lettuce_Romaine,Vegetable,83,0.57,47.31,0,each
15-05-2025,Giant_Store_001,1014,Lettuce_Romaine,Vegetable,79,0.57,45.03,0,each
16-05-2025,Giant_Store_001,1014,Lettuce_Romaine,Vegetable,112,0.5,56.18,1,each
17-05-2025,Giant_Store_001,1014,Lettuce_Romaine,Vegetable,88,0.57,50.16,0,each
18-05-2025,Giant_Store_001,1014,Lettuce_Romaine,Vegetable,103,0.57,58.71,0,each
19-05-2025,Giant_Store_001,1014,Lettuce_Romaine,Vegetable,103,0.57,58.71,0,each
20-05-2025,Giant_Store_001,1014,Lettuce_Romaine,Vegetable,95,0.57,54.15,0,each
21-05-2025,Giant_Store_001,1014,Lettuce_Romaine,Vegetable,90,0.57,51.3,0,each
22-05-2025,Giant_Store_001,1014,Lettuce_Romaine,Vegetable,78,0.57,44.46,0,each
23-05-2025,Giant_Store_001,1014,Lettuce_Romaine,Vegetable,109,0.57,62.13,0,each
24-05-2025,Giant_Store_001,1014,Lettuce_Romaine,Vegetable,124,0.57,70.68,0,each
25-05-2025,Giant_Store_001,1014,Lettuce_Romaine,Vegetable,96,0.57,54.72,0,each
26-05-2025,Giant_Store_001,1014,Lettuce_Romaine,Vegetable,62,0.57,35.34,0,each
27-05-2025,Giant_Store_001,1014,Lettuce_Romaine,Vegetable,87,0.57,49.59,0,each
28-05-2025,Giant_Store_001,1014,Lettuce_Romaine,Vegetable,95,0.57,54.15,0,each
29-05-2025,Giant_Store_001,1014,Lettuce_Romaine,Vegetable,76,0.57,43.32,0,each
30-05-2025,Giant_Store_001,1014,Lettuce_Romaine,Vegetable,92,0.57,52.44,0,each
31-05-2025,Giant_Store_001,1014,Lettuce_Romaine,Vegetable,101,0.57,57.57,0,each
01-06-2025,Giant_Store_001,1014,Lettuce_Romaine,Vegetable,91,0.57,51.87,0,each
02-06-2025,Giant_Store_001,1014,Lettuce_Romaine,Vegetable,89,0.57,50.73,0,each
03-06-2025,Giant_Store_001,1014,Lettuce_Romaine,Vegetable,75,0.57,42.75,0,each
04-06-2025,Giant_Store_001,1014,Lettuce_Romaine,Vegetable,96,0.57,54.72,0,each
05-06-2025,Giant_Store_001,1014,Lettuce_Romaine,Vegetable,99,0.57,56.43,0,each
06-06-2025,Giant_Store_001,1014,Lettuce_Romaine,Vegetable,103,0.57,58.71,0,each
07-06-2025,Giant_Store_001,1014,Lettuce_Romaine,Vegetable,94,0.57,53.58,0,each
08-06-2025,Giant_Store_001,1014,Lettuce_Romaine,Vegetable,86,0.57,49.02,0,each
09-06-2025,Giant_Store_001,1014,Lettuce_Romaine,Vegetable,90,0.57,51.3,0,each
10-06-2025,Giant_Store_001,1014,Lettuce_Romaine,Vegetable,104,0.57,59.28,0,each
11-06-2025,Giant_Store_001,1014,Lettuce_Romaine,Vegetable,97,0.57,55.29,0,each
12-06-2025,Giant_Store_001,1014,Lettuce_Romaine,Vegetable,76,0.57,43.32,0,each
13-06-2025,Giant_Store_001,1014,Lettuce_Romaine,Vegetable,77,0.57,43.89,0,each
14-06-2025,Giant_Store_001,1014,Lettuce_Romaine,Vegetable,137,0.5,68.72,1,each
15-06-2025,Giant_Store_001,1014,Lettuce_Romaine,Vegetable,128,0.57,72.96,0,each
16-06-2025,Giant_Store_001,1014,Lettuce_Romaine,Vegetable,91,0.57,51.87,0,each
17-06-2025,Giant_Store_001,1014,Lettuce_Romaine,Vegetable,90,0.57,51.3,0,each
18-06-2025,Giant_Store_001,1014,Lettuce_Romaine,Vegetable,48,0.57,27.36,0,each
19-06-2025,Giant_Store_001,1014,Lettuce_Romaine,Vegetable,86,0.57,49.02,0,each
20-06-2025,Giant_Store_001,1014,Lettuce_Romaine,Vegetable,104,0.57,59.28,0,each
21-06-2025,Giant_Store_001,1014,Lettuce_Romaine,Vegetable,128,0.57,72.96,0,each
22-06-2025,Giant_Store_001,1014,Lettuce_Romaine,Vegetable,157,0.5,78.75,1,each
23-06-2025,Giant_Store_001,1014,Lettuce_Romaine,Vegetable,76,0.57,43.32,0,each
24-06-2025,Giant_Store_001,1014,Lettuce_Romaine,Vegetable,100,0.5,50.16,1,each
25-06-2025,Giant_Store_001,1014,Lettuce_Romaine,Vegetable,84,0.57,47.88,0,each
26-06-2025,Giant_Store_001,1014,Lettuce_Romaine,Vegetable,104,0.57,59.28,0,each
27-06-2025,Giant_Store_001,1014,Lettuce_Romaine,Vegetable,65,0.57,37.05,0,each
28-06-2025,Giant_Store_001,1014,Lettuce_Romaine,Vegetable,107,0.57,60.99,0,each
29-06-2025,Giant_Store_001,1014,Lettuce_Romaine,Vegetable,121,0.57,68.97,0,each
30-06-2025,Giant_Store_001,1014,Lettuce_Romaine,Vegetable,100,0.57,57,0,each
01-07-2025,Giant_Store_001,1014,Lettuce_Romaine,Vegetable,103,0.57,58.71,0,each
02-07-2025,Giant_Store_001,1014,Lettuce_Romaine,Vegetable,87,0.57,49.59,0,each
03-07-2025,Giant_Store_001,1014,Lettuce_Romaine,Vegetable,55,0.57,31.35,0,each
04-07-2025,Giant_Store_001,1014,Lettuce_Romaine,Vegetable,94,0.57,53.58,0,each
05-07-2025,Giant_Store_001,1014,Lettuce_Romaine,Vegetable,101,0.57,57.57,0,each
06-07-2025,Giant_Store_001,1014,Lettuce_Romaine,Vegetable,93,0.57,53.01,0,each
07-07-2025,Giant_Store_001,1014,Lettuce_Romaine,Vegetable,60,0.57,34.2,0,each
08-07-2025,Giant_Store_001,1014,Lettuce_Romaine,Vegetable,82,0.57,46.74,0,each
09-07-2025,Giant_Store_001,1014,Lettuce_Romaine,Vegetable,76,0.57,43.32,0,each
10-07-2025,Giant_Store_001,1014,Lettuce_Romaine,Vegetable,77,0.57,43.89,0,each
11-07-2025,Giant_Store_001,1014,Lettuce_Romaine,Vegetable,118,0.5,59.19,1,each
12-07-2025,Giant_Store_001,1014,Lettuce_Romaine,Vegetable,99,0.57,56.43,0,each
13-07-2025,Giant_Store_001,1014,Lettuce_Romaine,Vegetable,91,0.57,51.87,0,each
14-07-2025,Giant_Store_001,1014,Lettuce_Romaine,Vegetable,92,0.57,52.44,0,each
15-07-2025,Giant_Store_001,1014,Lettuce_Romaine,Vegetable,89,0.57,50.73,0,each
16-07-2025,Giant_Store_001,1014,Lettuce_Romaine,Vegetable,100,0.5,50.16,1,each
17-07-2025,Giant_Store_001,1014,Lettuce_Romaine,Vegetable,67,0.57,38.19,0,each
18-07-2025,Giant_Store_001,1014,Lettuce_Romaine,Vegetable,95,0.57,54.15,0,each
19-07-2025,Giant_Store_001,1014,Lettuce_Romaine,Vegetable,116,0.5,58.19,1,each
20-07-2025,Giant_Store_001,1014,Lettuce_Romaine,Vegetable,130,0.57,74.1,0,each
21-07-2025,Giant_Store_001,1014,Lettuce_Romaine,Vegetable,65,0.57,37.05,0,each
22-07-2025,Giant_Store_001,1014,Lettuce_Romaine,Vegetable,96,0.57,54.72,0,each
23-07-2025,Giant_Store_001,1014,Lettuce_Romaine,Vegetable,74,0.57,42.18,0,each
24-07-2025,Giant_Store_001,1014,Lettuce_Romaine,Vegetable,84,0.57,47.88,0,each
25-07-2025,Giant_Store_001,1014,Lettuce_Romaine,Vegetable,99,0.57,56.43,0,each
26-07-2025,Giant_Store_001,1014,Lettuce_Romaine,Vegetable,144,0.57,82.08,0,each
27-07-2025,Giant_Store_001,1014,Lettuce_Romaine,Vegetable,116,0.57,66.12,0,each
28-07-2025,Giant_Store_001,1014,Lettuce_Romaine,Vegetable,104,0.57,59.28,0,each
29-07-2025,Giant_Store_001,1014,Lettuce_Romaine,Vegetable,96,0.57,54.72,0,each
30-07-2025,Giant_Store_001,1014,Lettuce_Romaine,Vegetable,72,0.57,41.04,0,each
31-07-2025,Giant_Store_001,1014,Lettuce_Romaine,Vegetable,93,0.57,53.01,0,each
01-08-2025,Giant_Store_001,1014,Lettuce_Romaine,Vegetable,65,0.57,37.05,0,each
02-08-2025,Giant_Store_001,1014,Lettuce_Romaine,Vegetable,124,0.57,70.68,0,each
03-08-2025,Giant_Store_001,1014,Lettuce_Romaine,Vegetable,102,0.57,58.14,0,each
