retailaagetix_mvp-main/data/Historic Sales data giant_perishables_365_with_units.csv
date,store_id,sku_id,sku_name,category,units_sold,price_per_unit_usd,revenue_usd,promotion_flag,unit_of_measure
04-08-2025,Giant_Store_001,1014,Lettuce_Romaine,Vegetable,82,0.57,46.74,0,each
05-08-2025,Giant_Store_001,1014,Lettuce_Romaine,Vegetable,90,0.57,51.3,0,each
06-08-2025,Giant_Store_001,1014,Lettuce_Romaine,Vegetable,42,0.57,23.94,0,each
07-08-2025,Giant_Store_001,1014,Lettuce_Romaine,Vegetable,83,0.57,47.31,0,each
08-08-2025,Giant_Store_001,1014,Lettuce_Romaine,Vegetable,68,0.57,38.76,0,each
09-08-2025,Giant_Store_001,1014,Lettuce_Romaine,Vegetable,86,0.57,49.02,0,each
10-08-2025,Giant_Store_001,1014,Lettuce_Romaine,Vegetable,91,0.57,51.87,0,each
11-08-2025,Giant_Store_001,1014,Lettuce_Romaine,Vegetable,58,0.57,33.06,0,each
12-08-2025,Giant_Store_001,1014,Lettuce_Romaine,Vegetable,118,0.5,59.19,1,each
13-08-2025,Giant_Store_001,1014,Lettuce_Romaine,Vegetable,87,0.57,49.59,0,each
14-08-2025,Giant_Store_001,1014,Lettuce_Romaine,Vegetable,81,0.57,46.17,0,each
15-08-2025,Giant_Store_001,1014,Lettuce_Romaine,Vegetable,85,0.57,48.45,0,each
16-08-2025,Giant_Store_001,1014,Lettuce_Romaine,Vegetable,104,0.57,59.28,0,each
17-08-2025,Giant_Store_001,1014,Lettuce_Romaine,Vegetable,102,0.57,58.14,0,each
18-08-2025,Giant_Store_001,1014,Lettuce_Romaine,Vegetable,79,0.57,45.03,0,each
19-08-2025,Giant_Store_001,1014,Lettuce_Romaine,Vegetable,88,0.57,50.16,0,each
20-08-2025,Giant_Store_001,1014,Lettuce_Romaine,Vegetable,100,0.57,57,0,each
21-08-2025,Giant_Store_001,1014,Lettuce_Romaine,Vegetable,93,0.57,53.01,0,each
22-08-2025,Giant_Store_001,1014,Lettuce_Romaine,Vegetable,101,0.57,57.57,0,each
23-08-2025,Giant_Store_001,1014,Lettuce_Romaine,Vegetable,99,0.57,56.43,0,each
24-08-2025,Giant_Store_001,1014,Lettuce_Romaine,Vegetable,111,0.57,63.27,0,each
25-08-2025,Giant_Store_001,1014,Lettuce_Romaine,Vegetable,77,0.57,43.89,0,each
26-08-2025,Giant_Store_001,1014,Lettuce_Romaine,Vegetable,113,0.5,56.68,1,each
27-08-2025,Giant_Store_001,1014,Lettuce_Romaine,Vegetable,89,0.57,50.73,0,each
28-08-2025,Giant_Store_001,1014,Lettuce_Romaine,Vegetable,47,0.57,26.79,0,each
29-08-2025,Giant_Store_001,1014,Lettuce_Romaine,Vegetable,84,0.57,47.88,0,each
30-08-2025,Giant_Store_001,1014,Lettuce_Romaine,Vegetable,136,0.57,77.52,0,each
31-08-2025,Giant_Store_001,1014,Lettuce_Romaine,Vegetable,105,0.57,59.85,0,each
01-09-2025,Giant_Store_001,1014,Lettuce_Romaine,Vegetable,77,0.57,43.89,0,each
02-09-2025,Giant_Store_001,1014,Lettuce_Romaine,Vegetable,82,0.57,46.74,0,each
03-09-2025,Giant_Store_001,1014,Lettuce_Romaine,Vegetable,80,0.57,45.6,0,each
04-09-2025,Giant_Store_001,1014,Lettuce_Romaine,Vegetable,105,0.57,59.85,0,each
05-09-2025,Giant_Store_001,1014,Lettuce_Romaine,Vegetable,67,0.57,38.19,0,each
06-09-2025,Giant_Store_001,1014,Lettuce_Romaine,Vegetable,112,0.57,63.84,0,each
07-09-2025,Giant_Store_001,1014,Lettuce_Romaine,Vegetable,115,0.57,65.55,0,each
08-09-2025,Giant_Store_001,1014,Lettuce_Romaine,Vegetable,97,0.57,55.29,0,each
09-09-2025,Giant_Store_001,1014,Lettuce_Romaine,Vegetable,108,0.5,54.17,1,each
10-09-2025,Giant_Store_001,1014,Lettuce_Romaine,Vegetable,89,0.57,50.73,0,each
11-09-2025,Giant_Store_001,1014,Lettuce_Romaine,Vegetable,80,0.57,45.6,0,each
12-09-2025,Giant_Store_001,1014,Lettuce_Romaine,Vegetable,85,0.57,48.45,0,each
13-09-2025,Giant_Store_001,1014,Lettuce_Romaine,Vegetable,115,0.57,65.55,0,each
14-09-2025,Giant_Store_001,1014,Lettuce_Romaine,Vegetable,144,0.57,82.08,0,each
15-09-2025,Giant_Store_001,1014,Lettuce_Romaine,Vegetable,76,0.57,43.32,0,each
16-09-2025,Giant_Store_001,1014,Lettuce_Romaine,Vegetable,91,0.57,51.87,0,each
17-09-2025,Giant_Store_001,1014,Lettuce_Romaine,Vegetable,90,0.57,51.3,0,each
18-09-2025,Giant_Store_001,1014,Lettuce_Romaine,Vegetable,59,0.57,33.63,0,each
19-09-2025,Giant_Store_001,1014,Lettuce_Romaine,Vegetable,91,0.57,51.87,0,each
20-09-2025,Giant_Store_001,1014,Lettuce_Romaine,Vegetable,71,0.57,40.47,0,each
21-09-2025,Giant_Store_001,1014,Lettuce_Romaine,Vegetable,141,0.57,80.37,0,each
22-09-2025,Giant_Store_001,1014,Lettuce_Romaine,Vegetable,97,0.57,55.29,0,each
23-09-2025,Giant_Store_001,1014,Lettuce_Romaine,Vegetable,60,0.57,34.2,0,each
24-09-2025,Giant_Store_001,1014,Lettuce_Romaine,Vegetable,93,0.57,53.01,0,each
25-09-2025,Giant_Store_001,1014,Lettuce_Romaine,Vegetable,93,0.57,53.01,0,each
26-09-2025,Giant_Store_001,1014,Lettuce_Romaine,Vegetable,97,0.57,55.29,0,each
27-09-2025,Giant_Store_001,1014,Lettuce_Romaine,Vegetable,114,0.57,64.98,0,each
28-09-2025,Giant_Store_001,1014,Lettuce_Romaine,Vegetable,110,0.57,62.7,0,each
29-09-2025,Giant_Store_001,1014,Lettuce_Romaine,Vegetable,60,0.57,34.2,0,each
30-09-2025,Giant_Store_001,1014,Lettuce_Romaine,Vegetable,117,0.57,66.69,0,each
01-10-2025,Giant_Store_001,1014,Lettuce_Romaine,Vegetable,92,0.57,52.44,0,each
02-10-2025,Giant_Store_001,1014,Lettuce_Romaine,Vegetable,100,0.57,57,0,each
03-10-2025,Giant_Store_001,1014,Lettuce_Romaine,Vegetable,110,0.5,55.18,1,each
04-10-2025,Giant_Store_001,1014,Lettuce_Romaine,Vegetable,106,0.57,60.42,0,each
05-10-2025,Giant_Store_001,1014,Lettuce_Romaine,Vegetable,111,0.57,63.27,0,each
06-10-2025,Giant_Store_001,1014,Lettuce_Romaine,Vegetable,85,0.57,48.45,0,each
07-10-2025,Giant_Store_001,1014,Lettuce_Romaine,Vegetable,86,0.57,49.02,0,each
08-10-2025,Giant_Store_001,1014,Lettuce_Romaine,Vegetable,69,0.57,39.33,0,each
09-10-2025,Giant_Store_001,1014,Lettuce_Romaine,Vegetable,89,0.57,50.73,0,each
10-10-2025,Giant_Store_001,1014,Lettuce_Romaine,Vegetable,68,0.57,38.76,0,each
11-10-2025,Giant_Store_001,1014,Lettuce_Romaine,Vegetable,115,0.5,57.68,1,each
12-10-2025,Giant_Store_001,1014,Lettuce_Romaine,Vegetable,61,0.57,34.77,0,each
13-10-2025,Giant_Store_001,1014,Lettuce_Romaine,Vegetable,107,0.57,60.99,0,each
14-10-2024,Giant_Store_001,1015,Cucumber,Vegetable,84,1.52,127.68,0,lb
15-10-2024,Giant_Store_001,1015,Cucumber,Vegetable,83,1.52,126.16,0,lb
16-10-2024,Giant_Store_001,1015,Cucumber,Vegetable,74,1.52,112.48,0,lb
17-10-2024,Giant_Store_001,1015,Cucumber,Vegetable,97,1.52,147.44,0,lb
18-10-2024,Giant_Store_001,1015,Cucumber,Vegetable,88,1.52,133.76,0,lb
19-10-2024,Giant_Store_001,1015,Cucumber,Vegetable,76,1.52,115.52,0,lb
20-10-2024,Giant_Store_001,1015,Cucumber,Vegetable,79,1.52,120.08,0,lb
21-10-2024,Giant_Store_001,1015,Cucumber,Vegetable,71,1.52,107.92,0,lb
22-10-2024,Giant_Store_001,1015,Cucumber,Vegetable,71,1.52,107.92,0,lb
23-10-2024,Giant_Store_001,1015,Cucumber,Vegetable,47,1.52,71.44,0,lb
24-10-2024,Giant_Store_001,1015,Cucumber,Vegetable,94,1.52,142.88,0,lb
25-10-2024,Giant_Store_001,1015,Cucumber,Vegetable,135,1.34,180.58,1,lb
26-10-2024,Giant_Store_001,1015,Cucumber,Vegetable,96,1.52,145.92,0,lb
27-10-2024,Giant_Store_001,1015,Cucumber,Vegetable,99,1.52,150.48,0,lb
28-10-2024,Giant_Store_001,1015,Cucumber,Vegetable,101,1.34,135.1,1,lb
29-10-2024,Giant_Store_001,1015,Cucumber,Vegetable,97,1.52,147.44,0,lb
30-10-2024,Giant_Store_001,1015,Cucumber,Vegetable,80,1.52,121.6,0,lb
31-10-2024,Giant_Store_001,1015,Cucumber,Vegetable,107,1.52,162.64,0,lb
01-11-2024,Giant_Store_001,1015,Cucumber,Vegetable,82,1.52,124.64,0,lb
02-11-2024,Giant_Store_001,1015,Cucumber,Vegetable,95,1.52,144.4,0,lb
03-11-2024,Giant_Store_001,1015,Cucumber,Vegetable,109,1.52,165.68,0,lb
04-11-2024,Giant_Store_001,1015,Cucumber,Vegetable,106,1.52,161.12,0,lb
05-11-2024,Giant_Store_001,1015,Cucumber,Vegetable,81,1.52,123.12,0,lb
06-11-2024,Giant_Store_001,1015,Cucumber,Vegetable,97,1.52,147.44,0,lb
07-11-2024,Giant_Store_001,1015,Cucumber,Vegetable,94,1.52,142.88,0,lb
08-11-2024,Giant_Store_001,1015,Cucumber,Vegetable,56,1.52,85.12,0,lb
09-11-2024,Giant_Store_001,1015,Cucumber,Vegetable,96,1.52,145.92,0,lb
10-11-2024,Giant_Store_001,1015,Cucumber,Vegetable,74,1.52,112.48,0,lb
11-11-2024,Giant_Store_001,1015,Cucumber,Vegetable,68,1.52,103.36,0,lb
12-11-2024,Giant_Store_001,1015,Cucumber,Vegetable,91,1.52,138.32,0,lb
13-11-2024,Giant_Store_001,1015,Cucumber,Vegetable,84,1.52,127.68,0,lb
14-11-2024,Giant_Store_001,1015,Cucumber,Vegetable,75,1.52,114,0,lb
15-11-2024,Giant_Store_001,1015,Cucumber,Vegetable,87,1.52,132.24,0,lb
16-11-2024,Giant_Store_001,1015,Cucumber,Vegetable,86,1.52,130.72,0,lb
17-11-2024,Giant_Store_001,1015,Cucumber,Vegetable,79,1.52,120.08,0,lb
18-11-2024,Giant_Store_001,1015,Cucumber,Vegetable,51,1.52,77.52,0,lb
19-11-2024,Giant_Store_001,1015,Cucumber,Vegetable,99,1.52,150.48,0,lb
20-11-2024,Giant_Store_001,1015,Cucumber,Vegetable,97,1.52,147.44,0,lb
21-11-2024,Giant_Store_001,1015,Cucumber,Vegetable,110,1.34,147.14,1,lb
22-11-2024,Giant_Store_001,1015,Cucumber,Vegetable,95,1.52,144.4,0,lb
23-11-2024,Giant_Store_001,1015,Cucumber,Vegetable,127,1.52,193.04,0,lb
24-11-2024,Giant_Store_001,1015,Cucumber,Vegetable,123,1.52,186.96,0,lb
25-11-2024,Giant_Store_001,1015,Cucumber,Vegetable,74,1.52,112.48,0,lb
26-11-2024,Giant_Store_001,1015,Cucumber,Vegetable,91,1.52,138.32,0,lb
27-11-2024,Giant_Store_001,1015,Cucumber,Vegetable,43,1.52,65.36,0,lb
28-11-2024,Giant_Store_001,1015,Cucumber,Vegetable,93,1.52,141.36,0,lb
29-11-2024,Giant_Store_001,1015,Cucumber,Vegetable,59,1.52,89.68,0,lb
30-11-2024,Giant_Store_001,1015,Cucumber,Vegetable,118,1.52,179.36,0,lb
01-12-2024,Giant_Store_001,1015,Cucumber,Vegetable,85,1.52,129.2,0,lb
02-12-2024,Giant_Store_001,1015,Cucumber,Vegetable,95,1.52,144.4,0,lb
03-12-2024,Giant_Store_001,1015,Cucumber,Vegetable,89,1.52,135.28,0,lb
04-12-2024,Giant_Store_001,1015,Cucumber,Vegetable,87,1.52,132.24,0,lb
05-12-2024,Giant_Store_001,1015,Cucumber,Vegetable,75,1.52,114,0,lb
06-12-2024,Giant_Store_001,1015,Cucumber,Vegetable,75,1.52,114,0,lb
07-12-2024,Giant_Store_001,1015,Cucumber,Vegetable,154,1.52,234.08,0,lb
08-12-2024,Giant_Store_001,1015,Cucumber,Vegetable,92,1.52,139.84,0,lb
09-12-2024,Giant_Store_001,1015,Cucumber,Vegetable,64,1.52,97.28,0,lb
10-12-2024,Giant_Store_001,1015,Cucumber,Vegetable,76,1.52,115.52,0,lb
11-12-2024,Giant_Store_001,1015,Cucumber,Vegetable,69,1.52,104.88,0,lb
12-12-2024,Giant_Store_001,1015,Cucumber,Vegetable,82,1.52,124.64,0,lb
13-12-2024,Giant_Store_001,1015,Cucumber,Vegetable,70,1.52,106.4,0,lb
14-12-2024,Giant_Store_001,1015,Cucumber,Vegetable,79,1.52,120.08,0,lb
15-12-2024,Giant_Store_001,1015,Cucumber,Vegetable,113,1.52,171.76,0,lb
16-12-2024,Giant_Store_001,1015,Cucumber,Vegetable,83,1.52,126.16,0,lb
17-12-2024,Giant_Store_001,1015,Cucumber,Vegetable,69,1.52,104.88,0,lb
18-12-2024,Giant_Store_001,1015,Cucumber,Vegetable,102,1.52,155.04,0,lb
19-12-2024,Giant_Store_001,1015,Cucumber,Vegetable,77,1.52,117.04,0,lb
20-12-2024,Giant_Store_001,1015,Cucumber,Vegetable,115,1.52,174.8,0,lb
21-12-2024,Giant_Store_001,1015,Cucumber,Vegetable,81,1.52,123.12,0,lb
22-12-2024,Giant_Store_001,1015,Cucumber,Vegetable,111,1.52,168.72,0,lb
23-12-2024,Giant_Store_001,1015,Cucumber,Vegetable,46,1.52,69.92,0,lb
24-12-2024,Giant_Store_001,1015,Cucumber,Vegetable,72,1.52,109.44,0,lb
25-12-2024,Giant_Store_001,1015,Cucumber,Vegetable,86,1.52,130.72,0,lb
26-12-2024,Giant_Store_001,1015,Cucumber,Vegetable,92,1.52,139.84,0,lb
27-12-2024,Giant_Store_001,1015,Cucumber,Vegetable,94,1.52,142.88,0,lb
28-12-2024,Giant_Store_001,1015,Cucumber,Vegetable,105,1.52,159.6,0,lb
29-12-2024,Giant_Store_001,1015,Cucumber,Vegetable,122,1.52,185.44,0,lb
30-12-2024,Giant_Store_001,1015,Cucumber,Vegetable,92,1.52,139.84,0,lb
31-12-2024,Giant_Store_001,1015,Cucumber,Vegetable,108,1.52,164.16,0,lb
01-01-2025,Giant_Store_001,1015,Cucumber,Vegetable,115,1.52,174.8,0,lb
02-01-2025,Giant_Store_001,1015,Cucumber,Vegetable,97,1.34,129.75,1,lb
03-01-2025,Giant_Store_001,1015,Cucumber,Vegetable,89,1.52,135.28,0,lb
04-01-2025,Giant_Store_001,1015,Cucumber,Vegetable,66,1.52,100.32,0,lb
05-01-2025,Giant_Store_001,1015,Cucumber,Vegetable,93,1.52,141.36,0,lb
06-01-2025,Giant_Store_001,1015,Cucumber,Vegetable,74,1.52,112.48,0,lb
07-01-2025,Giant_Store_001,1015,Cucumber,Vegetable,87,1.52,132.24,0,lb
08-01-2025,Giant_Store_001,1015,Cucumber,Vegetable,104,1.52,158.08,0,lb
09-01-2025,Giant_Store_001,1015,Cucumber,Vegetable,91,1.52,138.32,0,lb
10-01-2025,Giant_Store_001,1015,Cucumber,Vegetable,64,1.52,97.28,0,lb
11-01-2025,Giant_Store_001,1015,Cucumber,Vegetable,104,1.52,158.08,0,lb
12-01-2025,Giant_Store_001,1015,Cucumber,Vegetable,161,1.34,215.35,1,lb
13-01-2025,Giant_Store_001,1015,Cucumber,Vegetable,111,1.34,148.47,1,lb
14-01-2025,Giant_Store_001,1015,Cucumber,Vegetable,82,1.52,124.64,0,lb
15-01-2025,Giant_Store_001,1015,Cucumber,Vegetable,71,1.52,107.92,0,lb
16-01-2025,Giant_Store_001,1015,Cucumber,Vegetable,59,1.52,89.68,0,lb
17-01-2025,Giant_Store_001,1015,Cucumber,Vegetable,99,1.52,150.48,0,lb
18-01-2025,Giant_Store_001,1015,Cucumber,Vegetable,56,1.52,85.12,0,lb
19-01-2025,Giant_Store_001,1015,Cucumber,Vegetable,98,1.52,148.96,0,lb
20-01-2025,Giant_Store_001,1015,Cucumber,Vegetable,81,1.52,123.12,0,lb
21-01-2025,Giant_Store_001,1015,Cucumber,Vegetable,97,1.52,147.44,0,lb
22-01-2025,Giant_Store_001,1015,Cucumber,Vegetable,110,1.52,167.2,0,lb
23-01-2025,Giant_Store_001,1015,Cucumber,Vegetable,98,1.52,148.96,0,lb
24-01-2025,Giant_Store_001,1015,Cucumber,Vegetable,93,1.52,141.36,0,lb
25-01-2025,Giant_Store_001,1015,Cucumber,Vegetable,91,1.52,138.32,0,lb
26-01-2025,Giant_Store_001,1015,Cucumber,Vegetable,89,1.52,135.28,0,lb
27-01-2025,Giant_Store_001,1015,Cucumber,Vegetable,75,1.52,114,0,lb
28-01-2025,Giant_Store_001,1015,Cucumber,Vegetable,87,1.52,132.24,0,lb
29-01-2025,Giant_Store_001,1015,Cucumber,Vegetable,99,1.52,150.48,0,lb
30-01-2025,Giant_Store_001,1015,Cucumber,Vegetable,89,1.52,135.28,0,lb
31-01-2025,Giant_Store_001,1015,Cucumber,Vegetable,106,1.52,161.12,0,lb
01-02-2025,Giant_Store_001,1015,Cucumber,Vegetable,109,1.52,165.68,0,lb
02-02-2025,Giant_Store_001,1015,Cucumber,Vegetable,94,1.52,142.88,0,lb
03-02-2025,Giant_Store_001,1015,Cucumber,Vegetable,65,1.52,98.8,0,lb
04-02-2025,Giant_Store_001,1015,Cucumber,Vegetable,84,1.52,127.68,0,lb
05-02-2025,Giant_Store_001,1015,Cucumber,Vegetable,99,1.34,132.42,1,lb
06-02-2025,Giant_Store_001,1015,Cucumber,Vegetable,89,1.52,135.28,0,lb
07-02-2025,Giant_Store_001,1015,Cucumber,Vegetable,91,1.52,138.32,0,lb
08-02-2025,Giant_Store_001,1015,Cucumber,Vegetable,99,1.34,132.42,1,lb
09-02-2025,Giant_Store_001,1015,Cucumber,Vegetable,130,1.52,197.6,0,lb
10-02-2025,Giant_Store_001,1015,Cucumber,Vegetable,67,1.52,101.84,0,lb
11-02-2025,Giant_Store_001,1015,Cucumber,Vegetable,78,1.52,118.56,0,lb
12-02-2025,Giant_Store_001,1015,Cucumber,Vegetable,80,1.52,121.6,0,lb
13-02-2025,Giant_Store_001,1015,Cucumber,Vegetable,70,1.52,106.4,0,lb
14-02-2025,Giant_Store_001,1015,Cucumber,Vegetable,63,1.52,95.76,0,lb
15-02-2025,Giant_Store_001,1015,Cucumber,Vegetable,144,1.34,192.61,1,lb
16-02-2025,Giant_Store_001,1015,Cucumber,Vegetable,177,1.34,236.76,1,lb
17-02-2025,Giant_Store_001,1015,Cucumber,Vegetable,80,1.52,121.6,0,lb
18-02-2025,Giant_Store_001,1015,Cucumber,Vegetable,64,1.52,97.28,0,lb
19-02-2025,Giant_Store_001,1015,Cucumber,Vegetable,70,1.52,106.4,0,lb
20-02-2025,Giant_Store_001,1015,Cucumber,Vegetable,81,1.52,123.12,0,lb
21-02-2025,Giant_Store_001,1015,Cucumber,Vegetable,80,1.52,121.6,0,lb
22-02-2025,Giant_Store_001,1015,Cucumber,Vegetable,101,1.52,153.52,0,lb
23-02-2025,Giant_Store_001,1015,Cucumber,Vegetable,91,1.52,138.32,0,lb
24-02-2025,Giant_Store_001,1015,Cucumber,Vegetable,94,1.52,142.88,0,lb
25-02-2025,Giant_Store_001,1015,Cucumber,Vegetable,121,1.52,183.92,0,lb
26-02-2025,Giant_Store_001,1015,Cucumber,Vegetable,86,1.52,130.72,0,lb
27-02-2025,Giant_Store_001,1015,Cucumber,Vegetable,86,1.52,130.72,0,lb
28-02-2025,Giant_Store_001,1015,Cucumber,Vegetable,89,1.52,135.28,0,lb
01-03-2025,Giant_Store_001,1015,Cucumber,Vegetable,119,1.52,180.88,0,lb
02-03-2025,Giant_Store_001,1015,Cucumber,Vegetable,59,1.52,89.68,0,lb
03-03-2025,Giant_Store_001,1015,Cucumber,Vegetable,83,1.52,126.16,0,lb
04-03-2025,Giant_Store_001,1015,Cucumber,Vegetable,47,1.52,71.44,0,lb
05-03-2025,Giant_Store_001,1015,Cucumber,Vegetable,101,1.52,153.52,0,lb
06-03-2025,Giant_Store_001,1015,Cucumber,Vegetable,67,1.52,101.84,0,lb
07-03-2025,Giant_Store_001,1015,Cucumber,Vegetable,64,1.52,97.28,0,lb
08-03-2025,Giant_Store_001,1015,Cucumber,Vegetable,132,1.52,200.64,0,lb
09-03-2025,Giant_Store_001,1015,Cucumber,Vegetable,124,1.52,188.48,0,lb
10-03-2025,Giant_Store_001,1015,Cucumber,Vegetable,72,1.52,109.44,0,lb
11-03-2025,Giant_Store_001,1015,Cucumber,Vegetable,72,1.52,109.44,0,lb
12-03-2025,Giant_Store_001,1015,Cucumber,Vegetable,73,1.52,110.96,0,lb
13-03-2025,Giant_Store_001,1015,Cucumber,Vegetable,74,1.52,112.48,0,lb
14-03-2025,Giant_Store_001,1015,Cucumber,Vegetable,102,1.52,155.04,0,lb
15-03-2025,Giant_Store_001,1015,Cucumber,Vegetable,83,1.52,126.16,0,lb
16-03-2025,Giant_Store_001,1015,Cucumber,Vegetable,103,1.52,156.56,0,lb
17-03-2025,Giant_Store_001,1015,Cucumber,Vegetable,107,1.52,162.64,0,lb
18-03-2025,Giant_Store_001,1015,Cucumber,Vegetable,76,1.52,115.52,0,lb
19-03-2025,Giant_Store_001,1015,Cucumber,Vegetable,116,1.52,176.32,0,lb
20-03-2025,Giant_Store_001,1015,Cucumber,Vegetable,68,1.52,103.36,0,lb
21-03-2025,Giant_Store_001,1015,Cucumber,Vegetable,59,1.52,89.68,0,lb
22-03-2025,Giant_Store_001,1015,Cucumber,Vegetable,82,1.52,124.64,0,lb
23-03-2025,Giant_Store_001,1015,Cucumber,Vegetable,53,1.52,80.56,0,lb
24-03-2025,Giant_Store_001,1015,Cucumber,Vegetable,84,1.52,127.68,0,lb
25-03-2025,Giant_Store_001,1015,Cucumber,Vegetable,63,1.52,95.76,0,lb
26-03-2025,Giant_Store_001,1015,Cucumber,Vegetable,103,1.52,156.56,0,lb
27-03-2025,Giant_Store_001,1015,Cucumber,Vegetable,77,1.52,117.04,0,lb
28-03-2025,Giant_Store_001,1015,Cucumber,Vegetable,82,1.52,124.64,0,lb
29-03-2025,Giant_Store_001,1015,Cucumber,Vegetable,54,1.52,82.08,0,lb
30-03-2025,Giant_Store_001,1015,Cucumber,Vegetable,99,1.52,150.48,0,lb
31-03-2025,Giant_Store_001,1015,Cucumber,Vegetable,81,1.52,123.12,0,lb
01-04-2025,Giant_Store_001,1015,Cucumber,Vegetable,61,1.52,92.72,0,lb
02-04-2025,Giant_Store_001,1015,Cucumber,Vegetable,87,1.52,132.24,0,lb
