retailaagetix_mvp-main/data/Historic Sales data giant_perishables_365_with_units.csv
date,store_id,sku_id,sku_name,category,units_sold,price_per_unit_usd,revenue_usd,promotion_flag,unit_of_measure
03-04-2025,Giant_Store_001,1015,Cucumber,Vegetable,85,1.52,129.2,0,lb
04-04-2025,Giant_Store_001,1015,Cucumber,Vegetable,73,1.52,110.96,0,lb
05-04-2025,Giant_Store_001,1015,Cucumber,Vegetable,79,1.52,120.08,0,lb
06-04-2025,Giant_Store_001,1015,Cucumber,Vegetable,134,1.52,203.68,0,lb
07-04-2025,Giant_Store_001,1015,Cucumber,Vegetable,82,1.52,124.64,0,lb
08-04-2025,Giant_Store_001,1015,Cucumber,Vegetable,80,1.52,121.6,0,lb
09-04-2025,Giant_Store_001,1015,Cucumber,Vegetable,85,1.52,129.2,0,lb
10-04-2025,Giant_Store_001,1015,Cucumber,Vegetable,76,1.52,115.52,0,lb
11-04-2025,Giant_Store_001,1015,Cucumber,Vegetable,88,1.52,133.76,0,lb
12-04-2025,Giant_Store_001,1015,Cucumber,Vegetable,100,1.52,152,0,lb
13-04-2025,Giant_Store_001,1015,Cucumber,Vegetable,87,1.52,132.24,0,lb
14-04-2025,Giant_Store_001,1015,Cucumber,Vegetable,125,1.52,190,0,lb
15-04-2025,Giant_Store_001,1015,Cucumber,Vegetable,74,1.52,112.48,0,lb
16-04-2025,Giant_Store_001,1015,Cucumber,Vegetable,67,1.52,101.84,0,lb
17-04-2025,Giant_Store_001,1015,Cucumber,Vegetable,70,1.52,106.4,0,lb
18-04-2025,Giant_Store_001,1015,Cucumber,Vegetable,74,1.52,112.48,0,lb
19-04-2025,Giant_Store_001,1015,Cucumber,Vegetable,91,1.52,138.32,0,lb
20-04-2025,Giant_Store_001,1015,Cucumber,Vegetable,106,1.52,161.12,0,lb
21-04-2025,Giant_Store_001,1015,Cucumber,Vegetable,83,1.52,126.16,0,lb
22-04-2025,Giant_Store_001,1015,Cucumber,Vegetable,105,1.52,159.6,0,lb
23-04-2025,Giant_Store_001,1015,Cucumber,Vegetable,81,1.52,123.12,0,lb
24-04-2025,Giant_Store_001,1015,Cucumber,Vegetable,69,1.52,104.88,0,lb
25-04-2025,Giant_Store_001,1015,Cucumber,Vegetable,117,1.52,177.84,0,lb
26-04-2025,Giant_Store_001,1015,Cucumber,Vegetable,123,1.52,186.96,0,lb
27-04-2025,Giant_Store_001,1015,Cucumber,Vegetable,80,1.52,121.6,0,lb
28-04-2025,Giant_Store_001,1015,Cucumber,Vegetable,64,1.52,97.28,0,lb
29-04-2025,Giant_Store_001,1015,Cucumber,Vegetable,77,1.52,117.04,0,lb
30-04-2025,Giant_Store_001,1015,Cucumber,Vegetable,75,1.52,114,0,lb
01-05-2025,Giant_Store_001,1015,Cucumber,Vegetable,50,1.52,76,0,lb
02-05-2025,Giant_Store_001,1015,Cucumber,Vegetable,100,1.52,152,0,lb
03-05-2025,Giant_Store_001,1015,Cucumber,Vegetable,68,1.52,103.36,0,lb
04-05-2025,Giant_Store_001,1015,Cucumber,Vegetable,68,1.52,103.36,0,lb
05-05-2025,Giant_Store_001,1015,Cucumber,Vegetable,62,1.52,94.24,0,lb
06-05-2025,Giant_Store_001,1015,Cucumber,Vegetable,61,1.52,92.72,0,lb
07-05-2025,Giant_Store_001,1015,Cucumber,Vegetable,87,1.52,132.24,0,lb
08-05-2025,Giant_Store_001,1015,Cucumber,Vegetable,75,1.52,114,0,lb
09-05-2025,Giant_Store_001,1015,Cucumber,Vegetable,62,1.52,94.24,0,lb
10-05-2025,Giant_Store_001,1015,Cucumber,Vegetable,121,1.52,183.92,0,lb
11-05-2025,Giant_Store_001,1015,Cucumber,Vegetable,125,1.52,190,0,lb
12-05-2025,Giant_Store_001,1015,Cucumber,Vegetable,72,1.52,109.44,0,lb
13-05-2025,Giant_Store_001,1015,Cucumber,Vegetable,88,1.52,133.76,0,lb
14-05-2025,Giant_Store_001,1015,Cucumber,Vegetable,47,1.52,71.44,0,lb
15-05-2025,Giant_Store_001,1015,Cucumber,Vegetable,99,1.52,150.48,0,lb
16-05-2025,Giant_Store_001,1015,Cucumber,Vegetable,93,1.52,141.36,0,lb
17-05-2025,Giant_Store_001,1015,Cucumber,Vegetable,73,1.52,110.96,0,lb
18-05-2025,Giant_Store_001,1015,Cucumber,Vegetable,174,1.34,232.74,1,lb
19-05-2025,Giant_Store_001,1015,Cucumber,Vegetable,89,1.52,135.28,0,lb
20-05-2025,Giant_Store_001,1015,Cucumber,Vegetable,53,1.52,80.56,0,lb
21-05-2025,Giant_Store_001,1015,Cucumber,Vegetable,68,1.52,103.36,0,lb
22-05-2025,Giant_Store_001,1015,Cucumber,Vegetable,81,1.52,123.12,0,lb
23-05-2025,Giant_Store_001,1015,Cucumber,Vegetable,71,1.52,107.92,0,lb
24-05-2025,Giant_Store_001,1015,Cucumber,Vegetable,103,1.52,156.56,0,lb
25-05-2025,Giant_Store_001,1015,Cucumber,Vegetable,116,1.52,176.32,0,lb
26-05-2025,Giant_Store_001,1015,Cucumber,Vegetable,89,1.52,135.28,0,lb
27-05-2025,Giant_Store_001,1015,Cucumber,Vegetable,89,1.52,135.28,0,lb
28-05-2025,Giant_Store_001,1015,Cucumber,Vegetable,105,1.52,159.6,0,lb
29-05-2025,Giant_Store_001,1015,Cucumber,Vegetable,72,1.52,109.44,0,lb
30-05-2025,Giant_Store_001,1015,Cucumber,Vegetable,53,1.52,80.56,0,lb
31-05-2025,Giant_Store_001,1015,Cucumber,Vegetable,109,1.52,165.68,0,lb
01-06-2025,Giant_Store_001,1015,Cucumber,Vegetable,155,1.52,235.6,0,lb
02-06-2025,Giant_Store_001,1015,Cucumber,Vegetable,104,1.52,158.08,0,lb
03-06-2025,Giant_Store_001,1015,Cucumber,Vegetable,77,1.52,117.04,0,lb
04-06-2025,Giant_Store_001,1015,Cucumber,Vegetable,103,1.52,156.56,0,lb
05-06-2025,Giant_Store_001,1015,Cucumber,Vegetable,97,1.52,147.44,0,lb
06-06-2025,Giant_Store_001,1015,Cucumber,Vegetable,101,1.52,153.52,0,lb
07-06-2025,Giant_Store_001,1015,Cucumber,Vegetable,100,1.52,152,0,lb
08-06-2025,Giant_Store_001,1015,Cucumber,Vegetable,109,1.52,165.68,0,lb
09-06-2025,Giant_Store_001,1015,Cucumber,Vegetable,98,1.52,148.96,0,lb
10-06-2025,Giant_Store_001,1015,Cucumber,Vegetable,115,1.52,174.8,0,lb
11-06-2025,Giant_Store_001,1015,Cucumber,Vegetable,125,1.34,167.2,1,lb
12-06-2025,Giant_Store_001,1015,Cucumber,Vegetable,113,1.52,171.76,0,lb
13-06-2025,Giant_Store_001,1015,Cucumber,Vegetable,83,1.52,126.16,0,lb
14-06-2025,Giant_Store_001,1015,Cucumber,Vegetable,177,1.52,269.04,0,lb
15-06-2025,Giant_Store_001,1015,Cucumber,Vegetable,105,1.52,159.6,0,lb
16-06-2025,Giant_Store_001,1015,Cucumber,Vegetable,87,1.52,132.24,0,lb
17-06-2025,Giant_Store_001,1015,Cucumber,Vegetable,105,1.52,159.6,0,lb
18-06-2025,Giant_Store_001,1015,Cucumber,Vegetable,103,1.52,156.56,0,lb
19-06-2025,Giant_Store_001,1015,Cucumber,Vegetable,116,1.52,176.32,0,lb
20-06-2025,Giant_Store_001,1015,Cucumber,Vegetable,104,1.52,158.08,0,lb
21-06-2025,Giant_Store_001,1015,Cucumber,Vegetable,110,1.52,167.2,0,lb
22-06-2025,Giant_Store_001,1015,Cucumber,Vegetable,194,1.34,259.49,1,lb
23-06-2025,Giant_Store_001,1015,Cucumber,Vegetable,82,1.52,124.64,0,lb
24-06-2025,Giant_Store_001,1015,Cucumber,Vegetable,102,1.52,155.04,0,lb
25-06-2025,Giant_Store_001,1015,Cucumber,Vegetable,69,1.52,104.88,0,lb
26-06-2025,Giant_Store_001,1015,Cucumber,Vegetable,131,1.52,199.12,0,lb
27-06-2025,Giant_Store_001,1015,Cucumber,Vegetable,111,1.52,168.72,0,lb
28-06-2025,Giant_Store_001,1015,Cucumber,Vegetable,131,1.52,199.12,0,lb
29-06-2025,Giant_Store_001,1015,Cucumber,Vegetable,112,1.52,170.24,0,lb
30-06-2025,Giant_Store_001,1015,Cucumber,Vegetable,93,1.52,141.36,0,lb
01-07-2025,Giant_Store_001,1015,Cucumber,Vegetable,66,1.52,100.32,0,lb
02-07-2025,Giant_Store_001,1015,Cucumber,Vegetable,111,1.52,168.72,0,lb
03-07-2025,Giant_Store_001,1015,Cucumber,Vegetable,81,1.52,123.12,0,lb
04-07-2025,Giant_Store_001,1015,Cucumber,Vegetable,132,1.52,200.64,0,lb
05-07-2025,Giant_Store_001,1015,Cucumber,Vegetable,77,1.52,117.04,0,lb
06-07-2025,Giant_Store_001,1015,Cucumber,Vegetable,93,1.52,141.36,0,lb
07-07-2025,Giant_Store_001,1015,Cucumber,Vegetable,86,1.52,130.72,0,lb
08-07-2025,Giant_Store_001,1015,Cucumber,Vegetable,91,1.52,138.32,0,lb
09-07-2025,Giant_Store_001,1015,Cucumber,Vegetable,100,1.52,152,0,lb
10-07-2025,Giant_Store_001,1015,Cucumber,Vegetable,98,1.52,148.96,0,lb
11-07-2025,Giant_Store_001,1015,Cucumber,Vegetable,109,1.52,165.68,0,lb
12-07-2025,Giant_Store_001,1015,Cucumber,Vegetable,151,1.52,229.52,0,lb
13-07-2025,Giant_Store_001,1015,Cucumber,Vegetable,100,1.52,152,0,lb
14-07-2025,Giant_Store_001,1015,Cucumber,Vegetable,65,1.52,98.8,0,lb
15-07-2025,Giant_Store_001,1015,Cucumber,Vegetable,124,1.52,188.48,0,lb
16-07-2025,Giant_Store_001,1015,Cucumber,Vegetable,108,1.52,164.16,0,lb
17-07-2025,Giant_Store_001,1015,Cucumber,Vegetable,83,1.52,126.16,0,lb
18-07-2025,Giant_Store_001,1015,Cucumber,Vegetable,65,1.52,98.8,0,lb
19-07-2025,Giant_Store_001,1015,Cucumber,Vegetable,121,1.52,183.92,0,lb
20-07-2025,Giant_Store_001,1015,Cucumber,Vegetable,139,1.52,211.28,0,lb
21-07-2025,Giant_Store_001,1015,Cucumber,Vegetable,77,1.52,117.04,0,lb
22-07-2025,Giant_Store_001,1015,Cucumber,Vegetable,102,1.52,155.04,0,lb
23-07-2025,Giant_Store_001,1015,Cucumber,Vegetable,90,1.52,136.8,0,lb
24-07-2025,Giant_Store_001,1015,Cucumber,Vegetable,87,1.52,132.24,0,lb
25-07-2025,Giant_Store_001,1015,Cucumber,Vegetable,114,1.52,173.28,0,lb
26-07-2025,Giant_Store_001,1015,Cucumber,Vegetable,86,1.52,130.72,0,lb
27-07-2025,Giant_Store_001,1015,Cucumber,Vegetable,134,1.52,203.68,0,lb
28-07-2025,Giant_Store_001,1015,Cucumber,Vegetable,100,1.52,152,0,lb
29-07-2025,Giant_Store_001,1015,Cucumber,Vegetable,101,1.52,153.52,0,lb
30-07-2025,Giant_Store_001,1015,Cucumber,Vegetable,93,1.52,141.36,0,lb
31-07-2025,Giant_Store_001,1015,Cucumber,Vegetable,88,1.52,133.76,0,lb
01-08-2025,Giant_Store_001,1015,Cucumber,Vegetable,85,1.52,129.2,0,lb
02-08-2025,Giant_Store_001,1015,Cucumber,Vegetable,148,1.52,224.96,0,lb
03-08-2025,Giant_Store_001,1015,Cucumber,Vegetable,117,1.52,177.84,0,lb
04-08-2025,Giant_Store_001,1015,Cucumber,Vegetable,89,1.52,135.28,0,lb
05-08-2025,Giant_Store_001,1015,Cucumber,Vegetable,104,1.52,158.08,0,lb
06-08-2025,Giant_Store_001,1015,Cucumber,Vegetable,124,1.52,188.48,0,lb
